Archive member included to satisfy reference by file (symbol)

/usr/local/mips64-elf/lib/libdragon.a(entrypoint.o)
                              (_start)
/usr/local/mips64-elf/lib/libdragon.a(debug.o)
                              /usr/local/mips64-elf/lib/libdragon.a(entrypoint.o) (debug_assert_func)
/usr/local/mips64-elf/lib/libdragon.a(usb.o)
                              /usr/local/mips64-elf/lib/libdragon.a(debug.o) (usb_initialize)
/usr/local/mips64-elf/lib/libdragon.a(ff.o)
                              /usr/local/mips64-elf/lib/libdragon.a(debug.o) (f_mount)
/usr/local/mips64-elf/lib/libdragon.a(ffunicode.o)
                              /usr/local/mips64-elf/lib/libdragon.a(ff.o) (ff_uni2oem)
/usr/local/mips64-elf/lib/libdragon.a(console.o)
                              /usr/local/mips64-elf/lib/libdragon.a(debug.o) (console_set_render_mode)
/usr/local/mips64-elf/lib/libdragon.a(graphics.o)
                              /usr/local/mips64-elf/lib/libdragon.a(console.o) (graphics_set_color)
/usr/local/mips64-elf/lib/libdragon.a(dma.o)
                              /usr/local/mips64-elf/lib/libdragon.a(debug.o) (dma_write_raw_async)
/usr/local/mips64-elf/lib/libdragon.a(do_ctors.o)
                              /usr/local/mips64-elf/lib/libdragon.a(entrypoint.o) (__wrap___do_global_ctors)
/usr/local/mips64-elf/lib/libdragon.a(n64sys.o)
                              /usr/local/mips64-elf/lib/libdragon.a(debug.o) (sys_bbplayer)
/usr/local/mips64-elf/lib/libdragon.a(interrupt.o)
                              /usr/local/mips64-elf/lib/libdragon.a(usb.o) (disable_interrupts)
/usr/local/mips64-elf/lib/libdragon.a(inthandler.o)
                              /usr/local/mips64-elf/lib/libdragon.a(entrypoint.o) (inthandler)
/usr/local/mips64-elf/lib/libdragon.a(display.o)
                              /usr/local/mips64-elf/lib/libdragon.a(graphics.o) (__safe_buffer)
/usr/local/mips64-elf/lib/libdragon.a(exception.o)
                              /usr/local/mips64-elf/lib/libdragon.a(inthandler.o) (__onCriticalException)
/usr/local/mips64-elf/lib/libdragonsys.a(system.o)
                              /usr/local/mips64-elf/lib/libdragon.a(debug.o) (attach_filesystem)
/usr/local/lib/gcc/mips64-elf/11.2.0/../../../../mips64-elf/lib/libdragon.a(dragonfs.o)
                              build/LibN64.o (dfs_open)
/usr/local/lib/gcc/mips64-elf/11.2.0/../../../../mips64-elf/lib/libdragon.a(controller.o)
                              build/LibN64.o (controller_init)
/usr/local/lib/gcc/mips64-elf/11.2.0/../../../../mips64-elf/lib/libdragon.a(timer.o)
                              build/LibN64.o (timer_init)
/usr/local/lib/gcc/mips64-elf/11.2.0/../../../../mips64-elf/lib/libdragon.a(joybus.o)
                              /usr/local/lib/gcc/mips64-elf/11.2.0/../../../../mips64-elf/lib/libdragon.a(controller.o) (joybus_exec)
/usr/local/lib/gcc/mips64-elf/11.2.0/../../../../mips64-elf/lib/libm.a(lib_a-sf_cos.o)
                              build/LibN64.o (cosf)
/usr/local/lib/gcc/mips64-elf/11.2.0/../../../../mips64-elf/lib/libm.a(lib_a-sf_sin.o)
                              build/LibN64.o (sinf)
/usr/local/lib/gcc/mips64-elf/11.2.0/../../../../mips64-elf/lib/libm.a(lib_a-ef_rem_pio2.o)
                              /usr/local/lib/gcc/mips64-elf/11.2.0/../../../../mips64-elf/lib/libm.a(lib_a-sf_cos.o) (__ieee754_rem_pio2f)
/usr/local/lib/gcc/mips64-elf/11.2.0/../../../../mips64-elf/lib/libm.a(lib_a-kf_cos.o)
                              /usr/local/lib/gcc/mips64-elf/11.2.0/../../../../mips64-elf/lib/libm.a(lib_a-sf_cos.o) (__kernel_cosf)
/usr/local/lib/gcc/mips64-elf/11.2.0/../../../../mips64-elf/lib/libm.a(lib_a-kf_rem_pio2.o)
                              /usr/local/lib/gcc/mips64-elf/11.2.0/../../../../mips64-elf/lib/libm.a(lib_a-ef_rem_pio2.o) (__kernel_rem_pio2f)
/usr/local/lib/gcc/mips64-elf/11.2.0/../../../../mips64-elf/lib/libm.a(lib_a-kf_sin.o)
                              /usr/local/lib/gcc/mips64-elf/11.2.0/../../../../mips64-elf/lib/libm.a(lib_a-sf_cos.o) (__kernel_sinf)
/usr/local/lib/gcc/mips64-elf/11.2.0/../../../../mips64-elf/lib/libm.a(lib_a-sf_fabs.o)
                              /usr/local/lib/gcc/mips64-elf/11.2.0/../../../../mips64-elf/lib/libm.a(lib_a-ef_rem_pio2.o) (fabsf)
/usr/local/lib/gcc/mips64-elf/11.2.0/../../../../mips64-elf/lib/libm.a(lib_a-sf_floor.o)
                              /usr/local/lib/gcc/mips64-elf/11.2.0/../../../../mips64-elf/lib/libm.a(lib_a-kf_rem_pio2.o) (floorf)
/usr/local/lib/gcc/mips64-elf/11.2.0/../../../../mips64-elf/lib/libm.a(lib_a-sf_scalbn.o)
                              /usr/local/lib/gcc/mips64-elf/11.2.0/../../../../mips64-elf/lib/libm.a(lib_a-kf_rem_pio2.o) (scalbnf)
/usr/local/lib/gcc/mips64-elf/11.2.0/../../../../mips64-elf/lib/libstdc++.a(class_type_info.o)
                              build/LibN64.o (_ZTVN10__cxxabiv117__class_type_infoE)
/usr/local/lib/gcc/mips64-elf/11.2.0/../../../../mips64-elf/lib/libstdc++.a(del_ops.o)
[...]
Memory Configuration

Name             Origin             Length             Attributes
mem              0x0000000080000000 0x0000000000400000
*default*        0x0000000000000000 0xffffffffffffffff

Linker script and memory map

LOAD /usr/local/lib/gcc/mips64-elf/11.2.0/crti.o
LOAD /usr/local/lib/gcc/mips64-elf/11.2.0/crtbegin.o
LOAD /usr/local/mips64-elf/lib/libdragon.a
LOAD /usr/local/mips64-elf/lib/libdragonsys.a
LOAD build/CPPLibDragonN64.o
LOAD build/LibN64.o
LOAD /usr/local/lib/gcc/mips64-elf/11.2.0/../../../../mips64-elf/lib/libdragon.a
LOAD /usr/local/lib/gcc/mips64-elf/11.2.0/../../../../mips64-elf/lib/libm.a
LOAD /usr/local/lib/gcc/mips64-elf/11.2.0/../../../../mips64-elf/lib/libdragonsys.a
                0x0000000080000000                __kseg0_start = 0x80000000
                0x0000000080000400                __libdragon_text_start = (__kseg0_start + 0x400)

.text           0x0000000080000400    0x25c10
 *(.boot)
 .boot          0x0000000080000400      0x198 /usr/local/mips64-elf/lib/libdragon.a(entrypoint.o)
                0x0000000080000400                _start
                0x00000000800005a0                . = ALIGN (0x10)
 *fill*         0x0000000080000598        0x8 
                0x00000000800005a0                __text_start = .
 *(.text)
 .text          0x00000000800005a0      0x2f4 /usr/local/mips64-elf/lib/libdragon.a(inthandler.o)
                0x00000000800005a0                inthandler
 *fill*         0x0000000080000894        0x4 
 .text          0x0000000080000898       0xf8 /usr/local/lib/gcc/mips64-elf/11.2.0/../../../../mips64-elf/lib/libm.a(lib_a-sf_cos.o)
                0x0000000080000898                cosf
 .text          0x0000000080000990      0x100 /usr/local/lib/gcc/mips64-elf/11.2.0/../../../../mips64-elf/lib/libm.a(lib_a-sf_sin.o)
                0x0000000080000990                sinf
 .text          0x0000000080000a90      0x358 /usr/local/lib/gcc/mips64-elf/11.2.0/../../../../mips64-elf/lib/libm.a(lib_a-ef_rem_pio2.o)
                0x0000000080000a90                __ieee754_rem_pio2f
 .text          0x0000000080000de8      0x190 /usr/local/lib/gcc/mips64-elf/11.2.0/../../../../mips64-elf/lib/libm.a(lib_a-kf_cos.o)
                0x0000000080000de8                __kernel_cosf
 .text          0x0000000080000f78      0x988 /usr/local/lib/gcc/mips64-elf/11.2.0/../../../../mips64-elf/lib/libm.a(lib_a-kf_rem_pio2.o)
                0x0000000080000f78                __kernel_rem_pio2f
 .text          0x0000000080001900       0xd8 /usr/local/lib/gcc/mips64-elf/11.2.0/../../../../mips64-elf/lib/libm.a(lib_a-kf_sin.o)
                0x0000000080001900                __kernel_sinf
 .text          0x00000000800019d8       0x20 /usr/local/lib/gcc/mips64-elf/11.2.0/../../../../mips64-elf/lib/libm.a(lib_a-sf_fabs.o)
                0x00000000800019d8                fabsf
 .text          0x00000000800019f8      0x108 /usr/local/lib/gcc/mips64-elf/11.2.0/../../../../mips64-elf/lib/libm.a(lib_a-sf_floor.o)
                0x00000000800019f8                floorf
 .text          0x0000000080001b00      0x178 /usr/local/lib/gcc/mips64-elf/11.2.0/../../../../mips64-elf/lib/libm.a(lib_a-sf_scalbn.o)
                0x0000000080001b00                scalbnf
 .text          0x0000000080001c78     0xa350 /usr/local/lib/gcc/mips64-elf/11.2.0/../../../../mips64-elf/lib/libstdc++.a(cp-demangle.o)
                0x000000008000be00                __cxa_demangle
                0x000000008000bf80                __gcclibcxx_demangle_callback
 .text          0x000000008000bfc8       0x18 /usr/local/lib/gcc/mips64-elf/11.2.0/../../../../mips64-elf/lib/libc.a(lib_a-abort.o)
                0x000000008000bfc8                abort
 .text          0x000000008000bfe0      0x358 /usr/local/lib/gcc/mips64-elf/11.2.0/../../../../mips64-elf/lib/libc.a(lib_a-fflush.o)
                0x000000008000bfe0                __sflush_r
                0x000000008000c248                _fflush_r
                0x000000008000c2b0                fflush
 .text          0x000000008000c338      0x3c8 /usr/local/lib/gcc/mips64-elf/11.2.0/../../../../mips64-elf/lib/libc.a(lib_a-findfp.o)
                0x000000008000c340                _cleanup_r
                0x000000008000c4d8                __sfmoreglue
                0x000000008000c550                __sfp
                0x000000008000c690                _cleanup
                0x000000008000c6a0                __sinit
                0x000000008000c6c0                __sfp_lock_acquire
                0x000000008000c6c8                __sfp_lock_release
                0x000000008000c6d0                __sinit_lock_acquire
                0x000000008000c6d8                __sinit_lock_release
                0x000000008000c6e0                __fp_lock_all
                0x000000008000c6f0                __fp_unlock_all
 .text          0x000000008000c700       0x68 /usr/local/lib/gcc/mips64-elf/11.2.0/../../../../mips64-elf/lib/libc.a(lib_a-fprintf.o)
                0x000000008000c700                _fprintf_r
                0x000000008000c728                fprintf
 .text          0x000000008000c768       0xd0 /usr/local/lib/gcc/mips64-elf/11.2.0/../../../../mips64-elf/lib/libc.a(lib_a-fputc.o)
                0x000000008000c768                _fputc_r
                0x000000008000c7c8                fputc
 .text          0x000000008000c838       0xc0 /usr/local/lib/gcc/mips64-elf/11.2.0/../../../../mips64-elf/lib/libc.a(lib_a-fputs.o)
                0x000000008000c838                _fputs_r
                0x000000008000c8e0                fputs
 .text          0x000000008000c8f8      0x480 /usr/local/lib/gcc/mips64-elf/11.2.0/../../../../mips64-elf/lib/libc.a(lib_a-freer.o)
                0x000000008000c8f8                _malloc_trim_r
                0x000000008000ca28                _free_r
 .text          0x000000008000cd78       0x58 /usr/local/lib/gcc/mips64-elf/11.2.0/../../../../mips64-elf/lib/libc.a(lib_a-fstatr.o)
                0x000000008000cd78                _fstat_r
 .text          0x000000008000cdd0      0x570 /usr/local/lib/gcc/mips64-elf/11.2.0/../../../../mips64-elf/lib/libc.a(lib_a-fvwrite.o)
                0x000000008000cdd0                __sfvwrite_r
 .text          0x000000008000d340      0x170 /usr/local/lib/gcc/mips64-elf/11.2.0/../../../../mips64-elf/lib/libc.a(lib_a-fwalk.o)
                0x000000008000d340                _fwalk
                0x000000008000d3f0                _fwalk_reent
 .text          0x000000008000d4b0      0x1f8 /usr/local/lib/gcc/mips64-elf/11.2.0/../../../../mips64-elf/lib/libc.a(lib_a-fwrite.o)
                0x000000008000d4b0                _fwrite_r
                0x000000008000d5b8                fwrite
 .text          0x000000008000d6a8      0x288 /usr/local/lib/gcc/mips64-elf/11.2.0/../../../../mips64-elf/lib/libc.a(lib_a-makebuf.o)
                0x000000008000d6a8                __smakebuf_r
                0x000000008000d860                __swhatbuf_r
 .text          0x000000008000d930       0x18 /usr/local/lib/gcc/mips64-elf/11.2.0/../../../../mips64-elf/lib/libc.a(lib_a-malign.o)
                0x000000008000d930                memalign
 .text          0x000000008000d948      0x200 /usr/local/lib/gcc/mips64-elf/11.2.0/../../../../mips64-elf/lib/libc.a(lib_a-malignr.o)
                0x000000008000d948                _memalign_r
 .text          0x000000008000db48       0x20 /usr/local/lib/gcc/mips64-elf/11.2.0/../../../../mips64-elf/lib/libc.a(lib_a-malloc.o)
                0x000000008000db48                malloc
                0x000000008000db58                free
 .text          0x000000008000db68      0x898 /usr/local/lib/gcc/mips64-elf/11.2.0/../../../../mips64-elf/lib/libc.a(lib_a-mallocr.o)
                0x000000008000db68                _malloc_r
 .text          0x000000008000e400       0xf0 /usr/local/lib/gcc/mips64-elf/11.2.0/../../../../mips64-elf/lib/libc.a(lib_a-memchr.o)
                0x000000008000e400                memchr
 .text          0x000000008000e4f0       0x80 /usr/local/lib/gcc/mips64-elf/11.2.0/../../../../mips64-elf/lib/libc.a(lib_a-memcmp.o)
                0x000000008000e4f0                memcmp
 .text          0x000000008000e570      0x370 /usr/local/lib/gcc/mips64-elf/11.2.0/../../../../mips64-elf/lib/libc.a(lib_a-memcpy.o)
                0x000000008000e570                memcpy
 .text          0x000000008000e8e0      0x150 /usr/local/lib/gcc/mips64-elf/11.2.0/../../../../mips64-elf/lib/libc.a(lib_a-memmove.o)
                0x000000008000e8e0                memmove
 .text          0x000000008000ea30      0x11c /usr/local/lib/gcc/mips64-elf/11.2.0/../../../../mips64-elf/lib/libc.a(lib_a-memset.o)
                0x000000008000ea30                memset
 *fill*         0x000000008000eb4c        0x4 
 .text          0x000000008000eb50       0x10 /usr/local/lib/gcc/mips64-elf/11.2.0/../../../../mips64-elf/lib/libc.a(lib_a-mlock.o)
                0x000000008000eb50                __malloc_lock
                0x000000008000eb58                __malloc_unlock
 .text          0x000000008000eb60      0x160 /usr/local/lib/gcc/mips64-elf/11.2.0/../../../../mips64-elf/lib/libc.a(lib_a-putc.o)
                0x000000008000eb60                _putc_r
                0x000000008000ec08                putc
 .text          0x000000008000ecc0       0x18 /usr/local/lib/gcc/mips64-elf/11.2.0/../../../../mips64-elf/lib/libc.a(lib_a-realloc.o)
                0x000000008000ecc0                realloc
 .text          0x000000008000ecd8      0x5f8 /usr/local/lib/gcc/mips64-elf/11.2.0/../../../../mips64-elf/lib/libc.a(lib_a-reallocr.o)
                0x000000008000ecd8                _realloc_r
 .text          0x000000008000f2d0       0x50 /usr/local/lib/gcc/mips64-elf/11.2.0/../../../../mips64-elf/lib/libc.a(lib_a-sbrkr.o)
                0x000000008000f2d0                _sbrk_r
 .text          0x000000008000f320      0x5d8 /usr/local/lib/gcc/mips64-elf/11.2.0/../../../../mips64-elf/lib/libc.a(lib_a-signal.o)
                0x000000008000f320                _init_signal_r
                0x000000008000f388                _signal_r
                0x000000008000f440                _raise_r
                0x000000008000f510                __sigtramp_r
                0x000000008000f600                raise
                0x000000008000f6e0                signal
                0x000000008000f7a0                _init_signal
                0x000000008000f810                __sigtramp
 .text          0x000000008000f8f8       0x60 /usr/local/lib/gcc/mips64-elf/11.2.0/../../../../mips64-elf/lib/libc.a(lib_a-signalr.o)
                0x000000008000f8f8                _kill_r
                0x000000008000f950                _getpid_r
 .text          0x000000008000f958       0xd8 /usr/local/lib/gcc/mips64-elf/11.2.0/../../../../mips64-elf/lib/libc.a(lib_a-sprintf.o)
                0x000000008000f958                _sprintf_r
                0x000000008000f9c0                sprintf
 .text          0x000000008000fa30      0x188 /usr/local/lib/gcc/mips64-elf/11.2.0/../../../../mips64-elf/lib/libc.a(lib_a-stdio.o)
                0x000000008000fa30                __sread
                0x000000008000fa88                __seofread
                0x000000008000fa90                __swrite
                0x000000008000fb50                __sseek
                0x000000008000fbb0                __sclose
 .text          0x000000008000fbb8      0x240 /usr/local/lib/gcc/mips64-elf/11.2.0/../../../../mips64-elf/lib/libc.a(lib_a-strcmp.o)
                0x000000008000fbb8                strcmp
 .text          0x000000008000fdf8       0xa8 /usr/local/lib/gcc/mips64-elf/11.2.0/../../../../mips64-elf/lib/libc.a(lib_a-strcpy.o)
                0x000000008000fdf8                strcpy
 .text          0x000000008000fea0       0x18 /usr/local/lib/gcc/mips64-elf/11.2.0/../../../../mips64-elf/lib/libc.a(lib_a-strlen.o)
                0x000000008000fea0                strlen
 .text          0x000000008000feb8       0xf8 /usr/local/lib/gcc/mips64-elf/11.2.0/../../../../mips64-elf/lib/libc.a(lib_a-strncmp.o)
                0x000000008000feb8                strncmp
 .text          0x000000008000ffb0     0x1f30 /usr/local/lib/gcc/mips64-elf/11.2.0/../../../../mips64-elf/lib/libc.a(lib_a-svfprintf.o)
                0x000000008000ffb0                _svfprintf_r
 .text          0x0000000080011ee0     0x20b0 /usr/local/lib/gcc/mips64-elf/11.2.0/../../../../mips64-elf/lib/libc.a(lib_a-vfprintf.o)
                0x0000000080011ee0                _vfprintf_r
                0x0000000080013ea8                vfprintf
 .text          0x0000000080013f90      0x1b8 /usr/local/lib/gcc/mips64-elf/11.2.0/../../../../mips64-elf/lib/libc.a(lib_a-wbuf.o)
                0x0000000080013f90                __swbuf_r
                0x0000000080014130                __swbuf
 .text          0x0000000080014148       0x60 /usr/local/lib/gcc/mips64-elf/11.2.0/../../../../mips64-elf/lib/libc.a(lib_a-writer.o)
                0x0000000080014148                _write_r
 .text          0x00000000800141a8      0x178 /usr/local/lib/gcc/mips64-elf/11.2.0/../../../../mips64-elf/lib/libc.a(lib_a-wsetup.o)
                0x00000000800141a8                __swsetup_r
 .text          0x0000000080014320       0x50 /usr/local/lib/gcc/mips64-elf/11.2.0/../../../../mips64-elf/lib/libc.a(lib_a-closer.o)
                0x0000000080014320                _close_r
 .text          0x0000000080014370     0x1678 /usr/local/lib/gcc/mips64-elf/11.2.0/../../../../mips64-elf/lib/libc.a(lib_a-dtoa.o)
                0x00000000800145c0                _dtoa_r
 .text          0x00000000800159e8      0x150 /usr/local/lib/gcc/mips64-elf/11.2.0/../../../../mips64-elf/lib/libc.a(lib_a-fclose.o)
                0x00000000800159e8                _fclose_r
                0x0000000080015b28                fclose
 .text          0x0000000080015b38       0x50 /usr/local/lib/gcc/mips64-elf/11.2.0/../../../../mips64-elf/lib/libc.a(lib_a-isattyr.o)
                0x0000000080015b38                _isatty_r
 .text          0x0000000080015b88       0x28 /usr/local/lib/gcc/mips64-elf/11.2.0/../../../../mips64-elf/lib/libc.a(lib_a-localeconv.o)
                0x0000000080015b88                __localeconv_l
                0x0000000080015b90                _localeconv_r
                0x0000000080015ba0                localeconv
 .text          0x0000000080015bb0      0x120 /usr/local/lib/gcc/mips64-elf/11.2.0/../../../../mips64-elf/lib/libc.a(lib_a-locale.o)
                0x0000000080015bb0                _setlocale_r
                0x0000000080015c38                __locale_mb_cur_max
                0x0000000080015c48                setlocale
 .text          0x0000000080015cd0       0x60 /usr/local/lib/gcc/mips64-elf/11.2.0/../../../../mips64-elf/lib/libc.a(lib_a-lseekr.o)
                0x0000000080015cd0                _lseek_r
 .text          0x0000000080015d30       0x70 /usr/local/lib/gcc/mips64-elf/11.2.0/../../../../mips64-elf/lib/libc.a(lib_a-mbtowc_r.o)
                0x0000000080015d30                _mbtowc_r
                0x0000000080015d40                __ascii_mbtowc
 .text          0x0000000080015da0     0x1410 /usr/local/lib/gcc/mips64-elf/11.2.0/../../../../mips64-elf/lib/libc.a(lib_a-mprec.o)
                0x0000000080015da0                _Balloc
                0x0000000080015e50                _Bfree
                0x0000000080015e80                __multadd
                0x0000000080015fe0                __s2b
                0x0000000080016160                __hi0bits
                0x00000000800161e0                __lo0bits
                0x00000000800162a8                __i2b
                0x0000000080016380                __multiply
                0x0000000080016610                __pow5mult
                0x0000000080016780                __lshift
                0x0000000080016938                __mcmp
                0x00000000800169a0                __mdiff
                0x0000000080016c08                __ulp
                0x0000000080016cb8                __b2d
                0x0000000080016e40                __d2b
                0x0000000080016fa8                __ratio
                0x0000000080017068                _mprec_log10
                0x00000000800170a8                __copybits
                0x0000000080017130                __any_on
 .text          0x00000000800171b0       0x60 /usr/local/lib/gcc/mips64-elf/11.2.0/../../../../mips64-elf/lib/libc.a(lib_a-readr.o)
                0x00000000800171b0                _read_r
 .text          0x0000000080017210     0x1100 /usr/local/lib/gcc/mips64-elf/11.2.0/../../../../mips64-elf/lib/libc.a(lib_a-svfiprintf.o)
                0x0000000080017210                __ssprint_r
                0x0000000080017450                _svfiprintf_r
 .text          0x0000000080018310     0x1370 /usr/local/lib/gcc/mips64-elf/11.2.0/../../../../mips64-elf/lib/libc.a(lib_a-vfiprintf.o)
                0x0000000080018448                __sprint_r
                0x0000000080018468                _vfiprintf_r
                0x0000000080019598                vfiprintf
 .text          0x0000000080019680       0x48 /usr/local/lib/gcc/mips64-elf/11.2.0/../../../../mips64-elf/lib/libc.a(lib_a-wctomb_r.o)
                0x0000000080019680                _wctomb_r
                0x0000000080019690                __ascii_wctomb
 .text          0x00000000800196c8      0x118 /usr/local/lib/gcc/mips64-elf/11.2.0/../../../../mips64-elf/lib/libc.a(lib_a-callocr.o)
                0x00000000800196c8                _calloc_r
 .text          0x00000000800197e0        0x8 /usr/local/lib/gcc/mips64-elf/11.2.0/../../../../mips64-elf/lib/libc.a(lib_a-errno.o)
                0x00000000800197e0                __errno
 .text          0x00000000800197e8      0x248 /usr/local/lib/gcc/mips64-elf/11.2.0/../../../../mips64-elf/lib/libc.a(lib_a-fputwc.o)
                0x00000000800197e8                __fputwc
                0x0000000080019990                _fputwc_r
                0x00000000800199b8                fputwc
 .text          0x0000000080019a30      0x110 /usr/local/lib/gcc/mips64-elf/11.2.0/../../../../mips64-elf/lib/libc.a(lib_a-wcrtomb.o)
                0x0000000080019a30                _wcrtomb_r
                0x0000000080019ab0                wcrtomb
 .text          0x0000000080019b40     0x3a00 /usr/local/lib/gcc/mips64-elf/11.2.0/libgcc.a(unwind-dw2.o)
                0x000000008001c8f0                _Unwind_GetGR
                0x000000008001c970                _Unwind_GetCFA
                0x000000008001c978                _Unwind_SetGR
                0x000000008001ca00                _Unwind_GetIP
                0x000000008001ca08                _Unwind_GetIPInfo
                0x000000008001ca20                _Unwind_SetIP
                0x000000008001ca28                _Unwind_GetLanguageSpecificData
                0x000000008001ca30                _Unwind_GetRegionStart
                0x000000008001ca38                _Unwind_FindEnclosingFunction
                0x000000008001ca60                _Unwind_GetDataRelBase
                0x000000008001ca68                _Unwind_GetTextRelBase
                0x000000008001ca70                __frame_state_for
                0x000000008001cb98                _Unwind_RaiseException
                0x000000008001ce90                _Unwind_ForcedUnwind
                0x000000008001d028                _Unwind_Resume
                0x000000008001d1b8                _Unwind_Resume_or_Rethrow
                0x000000008001d348                _Unwind_DeleteException
                0x000000008001d368                _Unwind_Backtrace
 .text          0x000000008001d540     0x1d80 /usr/local/lib/gcc/mips64-elf/11.2.0/libgcc.a(unwind-dw2-fde.o)
                0x000000008001edd0                __register_frame_info_bases
                0x000000008001ee18                __register_frame_info
                0x000000008001ee60                __register_frame
                0x000000008001eed0                __register_frame_info_table_bases
                0x000000008001ef00                __register_frame_info_table
                0x000000008001ef30                __register_frame_table
                0x000000008001ef88                __deregister_frame_info_bases
                0x000000008001f070                __deregister_frame_info
                0x000000008001f078                __deregister_frame
                0x000000008001f0b0                _Unwind_Find_FDE
 *(.text.*)
 .text.debug_assert_func_f
                0x000000008001f2c0       0xe0 /usr/local/mips64-elf/lib/libdragon.a(debug.o)
                0x000000008001f2c0                debug_assert_func_f
 .text.debug_assert_func
                0x000000008001f3a0       0x20 /usr/local/mips64-elf/lib/libdragon.a(debug.o)
                0x000000008001f3a0                debug_assert_func
 .text.__console_render.part.0
                0x000000008001f3c0      0x100 /usr/local/mips64-elf/lib/libdragon.a(console.o)
 .text.__console_write
                0x000000008001f4c0      0x280 /usr/local/mips64-elf/lib/libdragon.a(console.o)
 .text.console_set_render_mode
                0x000000008001f740       0x20 /usr/local/mips64-elf/lib/libdragon.a(console.o)
                0x000000008001f740                console_set_render_mode
 .text.console_init
                0x000000008001f760       0xc0 /usr/local/mips64-elf/lib/libdragon.a(console.o)
                0x000000008001f760                console_init
 .text.console_close
                0x000000008001f820       0x60 /usr/local/mips64-elf/lib/libdragon.a(console.o)
                0x000000008001f820                console_close
 .text.console_render
                0x000000008001f880       0x40 /usr/local/mips64-elf/lib/libdragon.a(console.o)
                0x000000008001f880                console_render
 .text.console_set_debug
                0x000000008001f8c0       0x20 /usr/local/mips64-elf/lib/libdragon.a(console.o)
                0x000000008001f8c0                console_set_debug
 .text.graphics_draw_character.part.0
                0x000000008001f8e0      0x1a0 /usr/local/mips64-elf/lib/libdragon.a(graphics.o)
 .text.graphics_make_color
                0x000000008001fa80       0x80 /usr/local/mips64-elf/lib/libdragon.a(graphics.o)
                0x000000008001fa80                graphics_make_color
 .text.graphics_set_color
                0x000000008001fb00       0x20 /usr/local/mips64-elf/lib/libdragon.a(graphics.o)
                0x000000008001fb00                graphics_set_color
 .text.graphics_draw_box
                0x000000008001fb20      0x100 /usr/local/mips64-elf/lib/libdragon.a(graphics.o)
                0x000000008001fb20                graphics_draw_box
 .text.graphics_fill_screen
                0x000000008001fc20       0x80 /usr/local/mips64-elf/lib/libdragon.a(graphics.o)
                0x000000008001fc20                graphics_fill_screen
 .text.graphics_draw_character
                0x000000008001fca0       0x20 /usr/local/mips64-elf/lib/libdragon.a(graphics.o)
                0x000000008001fca0                graphics_draw_character
 .text.graphics_draw_text
                0x000000008001fcc0      0x120 /usr/local/mips64-elf/lib/libdragon.a(graphics.o)
                0x000000008001fcc0                graphics_draw_text
 .text.dma_read_raw_async
                0x000000008001fde0       0xa0 /usr/local/mips64-elf/lib/libdragon.a(dma.o)
                0x000000008001fde0                dma_read_raw_async
 .text.dma_read_async
                0x000000008001fe80      0x320 /usr/local/mips64-elf/lib/libdragon.a(dma.o)
                0x000000008001fe80                dma_read_async
 .text.dma_read
                0x00000000800201a0       0x40 /usr/local/mips64-elf/lib/libdragon.a(dma.o)
                0x00000000800201a0                dma_read
 .text.__wrap___do_global_ctors
                0x00000000800201e0       0xc0 /usr/local/mips64-elf/lib/libdragon.a(do_ctors.o)
                0x00000000800201e0                __wrap___do_global_ctors
 .text.sys_bbplayer
                0x00000000800202a0       0x20 /usr/local/mips64-elf/lib/libdragon.a(n64sys.o)
                0x00000000800202a0                sys_bbplayer
 .text.__data_cache_hit_invalidate
                0x00000000800202c0       0x60 /usr/local/mips64-elf/lib/libdragon.a(n64sys.o)
                0x00000000800202c0                __data_cache_hit_invalidate
 .text.data_cache_hit_writeback_invalidate
                0x0000000080020320       0x60 /usr/local/mips64-elf/lib/libdragon.a(n64sys.o)
                0x0000000080020320                data_cache_hit_writeback_invalidate
 .text.get_memory_size
                0x0000000080020380       0x60 /usr/local/mips64-elf/lib/libdragon.a(n64sys.o)
                0x0000000080020380                get_memory_size
 .text.get_tv_type
                0x00000000800203e0       0x20 /usr/local/mips64-elf/lib/libdragon.a(n64sys.o)
                0x00000000800203e0                get_tv_type
 .text.startup.__init_cop1
                0x0000000080020400       0x20 /usr/local/mips64-elf/lib/libdragon.a(n64sys.o)
                0x0000000080020400                __init_cop1
 .text.__MI_handler
                0x0000000080020420      0x220 /usr/local/mips64-elf/lib/libdragon.a(interrupt.o)
                0x0000000080020420                __MI_handler
 .text.__TI_handler
                0x0000000080020640       0x60 /usr/local/mips64-elf/lib/libdragon.a(interrupt.o)
                0x0000000080020640                __TI_handler
 .text.register_VI_handler
                0x00000000800206a0       0x60 /usr/local/mips64-elf/lib/libdragon.a(interrupt.o)
                0x00000000800206a0                register_VI_handler
 .text.unregister_VI_handler
                0x0000000080020700       0x60 /usr/local/mips64-elf/lib/libdragon.a(interrupt.o)
                0x0000000080020700                unregister_VI_handler
 .text.register_TI_handler
                0x0000000080020760       0x60 /usr/local/mips64-elf/lib/libdragon.a(interrupt.o)
                0x0000000080020760                register_TI_handler
 .text.unregister_TI_handler
                0x00000000800207c0       0x60 /usr/local/mips64-elf/lib/libdragon.a(interrupt.o)
                0x00000000800207c0                unregister_TI_handler
 .text.set_VI_interrupt
                0x0000000080020820       0x40 /usr/local/mips64-elf/lib/libdragon.a(interrupt.o)
                0x0000000080020820                set_VI_interrupt
 .text.startup.__init_interrupts
                0x0000000080020860       0x40 /usr/local/mips64-elf/lib/libdragon.a(interrupt.o)
                0x0000000080020860                __init_interrupts
 .text.disable_interrupts
                0x00000000800208a0       0x40 /usr/local/mips64-elf/lib/libdragon.a(interrupt.o)
                0x00000000800208a0                disable_interrupts
 .text.enable_interrupts
                0x00000000800208e0       0x80 /usr/local/mips64-elf/lib/libdragon.a(interrupt.o)
                0x00000000800208e0                enable_interrupts
 .text.__display_callback
                0x0000000080020960       0x80 /usr/local/mips64-elf/lib/libdragon.a(display.o)
 .text.display_show.part.0
                0x00000000800209e0       0x40 /usr/local/mips64-elf/lib/libdragon.a(display.o)
 .text.display_init
                0x0000000080020a20      0x4a0 /usr/local/mips64-elf/lib/libdragon.a(display.o)
                0x0000000080020a20                display_init
 .text.display_close
                0x0000000080020ec0       0xc0 /usr/local/mips64-elf/lib/libdragon.a(display.o)
                0x0000000080020ec0                display_close
 .text.display_lock
                0x0000000080020f80       0xa0 /usr/local/mips64-elf/lib/libdragon.a(display.o)
                0x0000000080020f80                display_lock
 .text.display_show
                0x0000000080021020       0x60 /usr/local/mips64-elf/lib/libdragon.a(display.o)
                0x0000000080021020                display_show
 .text.display_show_force
                0x0000000080021080       0x80 /usr/local/mips64-elf/lib/libdragon.a(display.o)
                0x0000000080021080                display_show_force
 .text.exception_default_handler
                0x0000000080021100      0x7c0 /usr/local/mips64-elf/lib/libdragon.a(exception.o)
                0x0000000080021100                exception_default_handler
 .text.__onCriticalException
                0x00000000800218c0       0x60 /usr/local/mips64-elf/lib/libdragon.a(exception.o)
                0x00000000800218c0                __onCriticalException
 .text.__onResetException
                0x0000000080021920       0x60 /usr/local/mips64-elf/lib/libdragon.a(exception.o)
                0x0000000080021920                __onResetException
 .text.attach_filesystem
                0x0000000080021980      0x220 /usr/local/mips64-elf/lib/libdragonsys.a(system.o)
                0x0000000080021980                attach_filesystem
 .text.close    0x0000000080021ba0      0x140 /usr/local/mips64-elf/lib/libdragonsys.a(system.o)
                0x0000000080021ba0                close
 .text._exit    0x0000000080021ce0       0x20 /usr/local/mips64-elf/lib/libdragonsys.a(system.o)
                0x0000000080021ce0                _exit
 .text.fstat    0x0000000080021d00      0x100 /usr/local/mips64-elf/lib/libdragonsys.a(system.o)
                0x0000000080021d00                fstat
 .text.getpid   0x0000000080021e00       0x20 /usr/local/mips64-elf/lib/libdragonsys.a(system.o)
                0x0000000080021e00                getpid
 .text.isatty   0x0000000080021e20       0x40 /usr/local/mips64-elf/lib/libdragonsys.a(system.o)
                0x0000000080021e20                isatty
 .text.kill     0x0000000080021e60       0x20 /usr/local/mips64-elf/lib/libdragonsys.a(system.o)
                0x0000000080021e60                kill
 .text.lseek    0x0000000080021e80      0x100 /usr/local/mips64-elf/lib/libdragonsys.a(system.o)
                0x0000000080021e80                lseek
 .text.read     0x0000000080021f80      0x140 /usr/local/mips64-elf/lib/libdragonsys.a(system.o)
                0x0000000080021f80                read
 .text.sbrk     0x00000000800220c0       0xc0 /usr/local/mips64-elf/lib/libdragonsys.a(system.o)
                0x00000000800220c0                sbrk
 .text.write    0x0000000080022180      0x140 /usr/local/mips64-elf/lib/libdragonsys.a(system.o)
                0x0000000080022180                write
 .text.hook_stdio_calls
                0x00000000800222c0       0x60 /usr/local/mips64-elf/lib/libdragonsys.a(system.o)
                0x00000000800222c0                hook_stdio_calls
 .text.unhook_stdio_calls
                0x0000000080022320       0x80 /usr/local/mips64-elf/lib/libdragonsys.a(system.o)
                0x0000000080022320                unhook_stdio_calls
 .text.__assert_func
                0x00000000800223a0       0x20 /usr/local/mips64-elf/lib/libdragonsys.a(system.o)
                0x00000000800223a0                __assert_func
 .text._ZN8Instance8OnCreateEv
                0x00000000800223c0       0x20 build/CPPLibDragonN64.o
                0x00000000800223c0                _ZN8Instance8OnCreateEv
 .text._ZN8Instance11KeyBPressedEv
                0x00000000800223e0       0x20 build/CPPLibDragonN64.o
                0x00000000800223e0                _ZN8Instance11KeyBPressedEv
 .text._ZN8Instance11KeyAPressedEv
                0x0000000080022400       0x60 build/CPPLibDragonN64.o
                0x0000000080022400                _ZN8Instance11KeyAPressedEv
 .text._ZN8Instance11FrameUpdateEv
                0x0000000080022460      0x100 build/CPPLibDragonN64.o
                0x0000000080022460                _ZN8Instance11FrameUpdateEv
 .text._ZN8Instance11KeyZPressedEv
                0x0000000080022560       0x40 build/CPPLibDragonN64.o
                0x0000000080022560                _ZN8Instance11KeyZPressedEv
 .text.startup.main
                0x00000000800225a0       0x40 build/CPPLibDragonN64.o
                0x00000000800225a0                main
 .text._ZN6LibN645Frame11FrameUpdateEv
                0x00000000800225e0       0x20 build/LibN64.o
                0x00000000800225e0                _ZN6LibN645Frame11KeyZPressedEv
                0x00000000800225e0                _ZN6LibN645Frame11KeyAPressedEv
                0x00000000800225e0                _ZN6LibN645Frame12KeyDDPressedEv
                0x00000000800225e0                _ZN6LibN645Frame15KeyStartPressedEv
                0x00000000800225e0                _ZN6LibN645Frame11KeyBPressedEv
                0x00000000800225e0                _ZN6LibN645Frame12KeyDRPressedEv
                0x00000000800225e0                _ZN6LibN645Frame8OnCreateEv
                0x00000000800225e0                _ZN6LibN645Frame12KeyDUPressedEv
                0x00000000800225e0                _ZN6LibN645Frame12KeyDLPressedEv
                0x00000000800225e0                _ZN6LibN645Frame11FrameUpdateEv
 .text._ZN6LibN643DFS9QuickReadEPKc
                0x0000000080022600       0xa0 build/LibN64.o
                0x0000000080022600                _ZN6LibN643DFS9QuickReadEPKc
 .text._ZN6LibN645FrameC2E12resolution_t10bitdepth_t
                0x00000000800226a0      0x120 build/LibN64.o
                0x00000000800226a0                _ZN6LibN645FrameC1E12resolution_t10bitdepth_t
                0x00000000800226a0                _ZN6LibN645FrameC2E12resolution_t10bitdepth_t
 .text._ZN6LibN645Frame11ClearScreenEv
                0x00000000800227c0       0x20 build/LibN64.o
                0x00000000800227c0                _ZN6LibN645Frame11ClearScreenEv
 .text._ZN6LibN645Frame9SetScreenE12resolution_t10bitdepth_t
                0x00000000800227e0       0xc0 build/LibN64.o
                0x00000000800227e0                _ZN6LibN645Frame9SetScreenE12resolution_t10bitdepth_t
 .text._ZN6LibN645Frame5BeginEv
                0x00000000800228a0      0x2a0 build/LibN64.o
                0x00000000800228a0                _ZN6LibN645Frame5BeginEv
 .text._ZN6LibN645Frame10DrawCircleEiiij
                0x0000000080022b40      0x120 build/LibN64.o
                0x0000000080022b40                _ZN6LibN645Frame10DrawCircleEiiij
 .text._ZN6LibN645Frame8DrawTextEiiPKcj
                0x0000000080022c60       0x80 build/LibN64.o
                0x0000000080022c60                _ZN6LibN645Frame8DrawTextEiiPKcj
 .text._ZN6LibN645Frame13Ticks2SecondsEf
                0x0000000080022ce0       0x20 build/LibN64.o
                0x0000000080022ce0                _ZN6LibN645Frame13Ticks2SecondsEf
 .text.get_next_token.part.0
                0x0000000080022d00       0x80 /usr/local/lib/gcc/mips64-elf/11.2.0/../../../../mips64-elf/lib/libdragon.a(dragonfs.o)
 .text.recurse_path
                0x0000000080022d80      0x560 /usr/local/lib/gcc/mips64-elf/11.2.0/../../../../mips64-elf/lib/libdragon.a(dragonfs.o)
 .text.__close  0x00000000800232e0       0x80 /usr/local/lib/gcc/mips64-elf/11.2.0/../../../../mips64-elf/lib/libdragon.a(dragonfs.o)
 .text.__fstat  0x0000000080023360       0xa0 /usr/local/lib/gcc/mips64-elf/11.2.0/../../../../mips64-elf/lib/libdragon.a(dragonfs.o)
 .text.dfs_dir_findfirst
                0x0000000080023400       0xc0 /usr/local/lib/gcc/mips64-elf/11.2.0/../../../../mips64-elf/lib/libdragon.a(dragonfs.o)
                0x0000000080023400                dfs_dir_findfirst
 .text.__findfirst
                0x00000000800234c0       0x80 /usr/local/lib/gcc/mips64-elf/11.2.0/../../../../mips64-elf/lib/libdragon.a(dragonfs.o)
 .text.dfs_dir_findnext
                0x0000000080023540       0xc0 /usr/local/lib/gcc/mips64-elf/11.2.0/../../../../mips64-elf/lib/libdragon.a(dragonfs.o)
                0x0000000080023540                dfs_dir_findnext
 .text.__findnext
                0x0000000080023600       0x80 /usr/local/lib/gcc/mips64-elf/11.2.0/../../../../mips64-elf/lib/libdragon.a(dragonfs.o)
 .text.dfs_open
                0x0000000080023680      0x140 /usr/local/lib/gcc/mips64-elf/11.2.0/../../../../mips64-elf/lib/libdragon.a(dragonfs.o)
                0x0000000080023680                dfs_open
 .text.__open   0x00000000800237c0       0x60 /usr/local/lib/gcc/mips64-elf/11.2.0/../../../../mips64-elf/lib/libdragon.a(dragonfs.o)
 .text.dfs_close
                0x0000000080023820       0x80 /usr/local/lib/gcc/mips64-elf/11.2.0/../../../../mips64-elf/lib/libdragon.a(dragonfs.o)
                0x0000000080023820                dfs_close
 .text.dfs_seek
                0x00000000800238a0      0x100 /usr/local/lib/gcc/mips64-elf/11.2.0/../../../../mips64-elf/lib/libdragon.a(dragonfs.o)
                0x00000000800238a0                dfs_seek
 .text.__lseek  0x00000000800239a0       0x80 /usr/local/lib/gcc/mips64-elf/11.2.0/../../../../mips64-elf/lib/libdragon.a(dragonfs.o)
 .text.dfs_read
                0x0000000080023a20      0x240 /usr/local/lib/gcc/mips64-elf/11.2.0/../../../../mips64-elf/lib/libdragon.a(dragonfs.o)
                0x0000000080023a20                dfs_read
 .text.__read   0x0000000080023c60       0x20 /usr/local/lib/gcc/mips64-elf/11.2.0/../../../../mips64-elf/lib/libdragon.a(dragonfs.o)
 .text.dfs_size
                0x0000000080023c80       0x60 /usr/local/lib/gcc/mips64-elf/11.2.0/../../../../mips64-elf/lib/libdragon.a(dragonfs.o)
                0x0000000080023c80                dfs_size
 .text.dfs_init
                0x0000000080023ce0      0x100 /usr/local/lib/gcc/mips64-elf/11.2.0/../../../../mips64-elf/lib/libdragon.a(dragonfs.o)
                0x0000000080023ce0                dfs_init
 .text.controller_init
                0x0000000080023de0       0x60 /usr/local/lib/gcc/mips64-elf/11.2.0/../../../../mips64-elf/lib/libdragon.a(controller.o)
                0x0000000080023de0                controller_init
 .text.controller_scan
                0x0000000080023e40       0x80 /usr/local/lib/gcc/mips64-elf/11.2.0/../../../../mips64-elf/lib/libdragon.a(controller.o)
                0x0000000080023e40                controller_scan
 .text.get_keys_down
                0x0000000080023ec0       0xa0 /usr/local/lib/gcc/mips64-elf/11.2.0/../../../../mips64-elf/lib/libdragon.a(controller.o)
                0x0000000080023ec0                get_keys_down
 .text.timer_callback_overflow
                0x0000000080023f60       0x20 /usr/local/lib/gcc/mips64-elf/11.2.0/../../../../mips64-elf/lib/libdragon.a(timer.o)
 .text.timer_callback
                0x0000000080023f80      0x160 /usr/local/lib/gcc/mips64-elf/11.2.0/../../../../mips64-elf/lib/libdragon.a(timer.o)
 .text.timer_init
                0x00000000800240e0       0xc0 /usr/local/lib/gcc/mips64-elf/11.2.0/../../../../mips64-elf/lib/libdragon.a(timer.o)
                0x00000000800240e0                timer_init
 .text.timer_close
                0x00000000800241a0       0xc0 /usr/local/lib/gcc/mips64-elf/11.2.0/../../../../mips64-elf/lib/libdragon.a(timer.o)
                0x00000000800241a0                timer_close
 .text.timer_ticks
                0x0000000080024260       0xc0 /usr/local/lib/gcc/mips64-elf/11.2.0/../../../../mips64-elf/lib/libdragon.a(timer.o)
                0x0000000080024260                timer_ticks
 .text.joybus_exec
                0x0000000080024320      0x1c0 /usr/local/lib/gcc/mips64-elf/11.2.0/../../../../mips64-elf/lib/libdragon.a(joybus.o)
                0x0000000080024320                joybus_exec
 .text._ZNK10__cxxabiv117__class_type_info11__do_upcastEPKS0_PPv
                0x00000000800244e0       0x68 /usr/local/lib/gcc/mips64-elf/11.2.0/../../../../mips64-elf/lib/libstdc++.a(class_type_info.o)
                0x00000000800244e0                _ZNK10__cxxabiv117__class_type_info11__do_upcastEPKS0_PPv
 .text._ZNK10__cxxabiv117__class_type_info20__do_find_public_srcEiPKvPKS0_S2_
                0x0000000080024548       0x20 /usr/local/lib/gcc/mips64-elf/11.2.0/../../../../mips64-elf/lib/libstdc++.a(class_type_info.o)
                0x0000000080024548                _ZNK10__cxxabiv117__class_type_info20__do_find_public_srcEiPKvPKS0_S2_
 .text._ZN10__cxxabiv117__class_type_infoD2Ev
                0x0000000080024568       0x10 /usr/local/lib/gcc/mips64-elf/11.2.0/../../../../mips64-elf/lib/libstdc++.a(class_type_info.o)
                0x0000000080024568                _ZN10__cxxabiv117__class_type_infoD1Ev
                0x0000000080024568                _ZN10__cxxabiv117__class_type_infoD2Ev
 .text._ZN10__cxxabiv117__class_type_infoD0Ev
                0x0000000080024578       0x38 /usr/local/lib/gcc/mips64-elf/11.2.0/../../../../mips64-elf/lib/libstdc++.a(class_type_info.o)
                0x0000000080024578                _ZN10__cxxabiv117__class_type_infoD0Ev
 .text._ZNK10__cxxabiv117__class_type_info11__do_upcastEPKS0_PKvRNS0_15__upcast_resultE
                0x00000000800245b0       0x90 /usr/local/lib/gcc/mips64-elf/11.2.0/../../../../mips64-elf/lib/libstdc++.a(class_type_info.o)
                0x00000000800245b0                _ZNK10__cxxabiv117__class_type_info11__do_upcastEPKS0_PKvRNS0_15__upcast_resultE
 .text._ZNK10__cxxabiv117__class_type_info10__do_catchEPKSt9type_infoPPvj
                0x0000000080024640       0xb0 /usr/local/lib/gcc/mips64-elf/11.2.0/../../../../mips64-elf/lib/libstdc++.a(class_type_info.o)
                0x0000000080024640                _ZNK10__cxxabiv117__class_type_info10__do_catchEPKSt9type_infoPPvj
 .text._ZNK10__cxxabiv117__class_type_info12__do_dyncastEiNS0_10__sub_kindEPKS0_PKvS3_S5_RNS0_16__dyncast_resultE
                0x00000000800246f0       0xf8 /usr/local/lib/gcc/mips64-elf/11.2.0/../../../../mips64-elf/lib/libstdc++.a(class_type_info.o)
                0x00000000800246f0                _ZNK10__cxxabiv117__class_type_info12__do_dyncastEiNS0_10__sub_kindEPKS0_PKvS3_S5_RNS0_16__dyncast_resultE
 .text._ZdlPvj  0x00000000800247e8        0x8 /usr/local/lib/gcc/mips64-elf/11.2.0/../../../../mips64-elf/lib/libstdc++.a(del_ops.o)
                0x00000000800247e8                _ZdlPvj
 .text._Znaj    0x00000000800247f0        0x8 /usr/local/lib/gcc/mips64-elf/11.2.0/../../../../mips64-elf/lib/libstdc++.a(new_opv.o)
                0x00000000800247f0                _Znaj
 .text._ZN10__cxxabiv120__si_class_type_infoD2Ev
                0x00000000800247f8       0x10 /usr/local/lib/gcc/mips64-elf/11.2.0/../../../../mips64-elf/lib/libstdc++.a(si_class_type_info.o)
                0x00000000800247f8                _ZN10__cxxabiv120__si_class_type_infoD2Ev
                0x00000000800247f8                _ZN10__cxxabiv120__si_class_type_infoD1Ev
 .text._ZN10__cxxabiv120__si_class_type_infoD0Ev
                0x0000000080024808       0x38 /usr/local/lib/gcc/mips64-elf/11.2.0/../../../../mips64-elf/lib/libstdc++.a(si_class_type_info.o)
                0x0000000080024808                _ZN10__cxxabiv120__si_class_type_infoD0Ev
 .text._ZNK10__cxxabiv120__si_class_type_info12__do_dyncastEiNS_17__class_type_info10__sub_kindEPKS1_PKvS4_S6_RNS1_16__dyncast_resultE
                0x0000000080024840      0x170 /usr/local/lib/gcc/mips64-elf/11.2.0/../../../../mips64-elf/lib/libstdc++.a(si_class_type_info.o)
                0x0000000080024840                _ZNK10__cxxabiv120__si_class_type_info12__do_dyncastEiNS_17__class_type_info10__sub_kindEPKS1_PKvS4_S6_RNS1_16__dyncast_resultE
 .text._ZNK10__cxxabiv120__si_class_type_info20__do_find_public_srcEiPKvPKNS_17__class_type_infoES2_
                0x00000000800249b0       0xa0 /usr/local/lib/gcc/mips64-elf/11.2.0/../../../../mips64-elf/lib/libstdc++.a(si_class_type_info.o)
                0x00000000800249b0                _ZNK10__cxxabiv120__si_class_type_info20__do_find_public_srcEiPKvPKNS_17__class_type_infoES2_
 .text._ZNK10__cxxabiv120__si_class_type_info11__do_upcastEPKNS_17__class_type_infoEPKvRNS1_15__upcast_resultE
                0x0000000080024a50       0x80 /usr/local/lib/gcc/mips64-elf/11.2.0/../../../../mips64-elf/lib/libstdc++.a(si_class_type_info.o)
                0x0000000080024a50                _ZNK10__cxxabiv120__si_class_type_info11__do_upcastEPKNS_17__class_type_infoEPKvRNS1_15__upcast_resultE
 .text._ZNSt9type_infoD2Ev
                0x0000000080024ad0        0x8 /usr/local/lib/gcc/mips64-elf/11.2.0/../../../../mips64-elf/lib/libstdc++.a(tinfo.o)
                0x0000000080024ad0                _ZNSt9type_infoD1Ev
                0x0000000080024ad0                _ZNSt9type_infoD2Ev
 .text._ZNKSt9type_info14__is_pointer_pEv
                0x0000000080024ad8        0x8 /usr/local/lib/gcc/mips64-elf/11.2.0/../../../../mips64-elf/lib/libstdc++.a(tinfo.o)
                0x0000000080024ad8                _ZNKSt9type_info15__is_function_pEv
                0x0000000080024ad8                _ZNKSt9type_info14__is_pointer_pEv
 .text._ZdlPv   0x0000000080024ae0        0x8 /usr/local/lib/gcc/mips64-elf/11.2.0/../../../../mips64-elf/lib/libstdc++.a(del_op.o)
                0x0000000080024ae0                _ZdlPv
 .text._Znwj    0x0000000080024ae8       0x80 /usr/local/lib/gcc/mips64-elf/11.2.0/../../../../mips64-elf/lib/libstdc++.a(new_op.o)
                0x0000000080024ae8                _Znwj
 .text._ZNKSt9bad_alloc4whatEv
                0x0000000080024b68       0x10 /usr/local/lib/gcc/mips64-elf/11.2.0/../../../../mips64-elf/lib/libstdc++.a(bad_alloc.o)
                0x0000000080024b68                _ZNKSt9bad_alloc4whatEv
 .text._ZNSt9bad_allocD2Ev
                0x0000000080024b78       0x10 /usr/local/lib/gcc/mips64-elf/11.2.0/../../../../mips64-elf/lib/libstdc++.a(bad_alloc.o)
                0x0000000080024b78                _ZNSt9bad_allocD2Ev
                0x0000000080024b78                _ZNSt9bad_allocD1Ev
 .text._ZNSt9bad_allocD0Ev
                0x0000000080024b88       0x38 /usr/local/lib/gcc/mips64-elf/11.2.0/../../../../mips64-elf/lib/libstdc++.a(bad_alloc.o)
                0x0000000080024b88                _ZNSt9bad_allocD0Ev
 .text._ZN12_GLOBAL__N_14pool4freeEPv.constprop.0
                0x0000000080024bc0       0xf8 /usr/local/lib/gcc/mips64-elf/11.2.0/../../../../mips64-elf/lib/libstdc++.a(eh_alloc.o)
 .text._ZN12_GLOBAL__N_14pool8allocateEj.constprop.0
                0x0000000080024cb8       0xa0 /usr/local/lib/gcc/mips64-elf/11.2.0/../../../../mips64-elf/lib/libstdc++.a(eh_alloc.o)
 .text.__cxa_allocate_exception
                0x0000000080024d58       0x60 /usr/local/lib/gcc/mips64-elf/11.2.0/../../../../mips64-elf/lib/libstdc++.a(eh_alloc.o)
                0x0000000080024d58                __cxa_allocate_exception
 .text.__cxa_free_exception
                0x0000000080024db8       0x40 /usr/local/lib/gcc/mips64-elf/11.2.0/../../../../mips64-elf/lib/libstdc++.a(eh_alloc.o)
                0x0000000080024db8                __cxa_free_exception
 .text.startup._GLOBAL__sub_I__ZN9__gnu_cxx9__freeresEv
                0x0000000080024df8       0x58 /usr/local/lib/gcc/mips64-elf/11.2.0/../../../../mips64-elf/lib/libstdc++.a(eh_alloc.o)
 .text._ZNSt9exceptionD2Ev
                0x0000000080024e50        0x8 /usr/local/lib/gcc/mips64-elf/11.2.0/../../../../mips64-elf/lib/libstdc++.a(eh_exception.o)
                0x0000000080024e50                _ZNSt9exceptionD2Ev
                0x0000000080024e50                _ZNSt9exceptionD1Ev
 .text._ZN10__cxxabiv111__terminateEPFvvE
                0x0000000080024e58       0x28 /usr/local/lib/gcc/mips64-elf/11.2.0/../../../../mips64-elf/lib/libstdc++.a(eh_terminate.o)
                0x0000000080024e58                _ZN10__cxxabiv111__terminateEPFvvE
 .text._ZSt9terminatev
                0x0000000080024e80       0x18 /usr/local/lib/gcc/mips64-elf/11.2.0/../../../../mips64-elf/lib/libstdc++.a(eh_terminate.o)
                0x0000000080024e80                _ZSt9terminatev
 .text._ZN10__cxxabiv112__unexpectedEPFvvE
                0x0000000080024e98       0x18 /usr/local/lib/gcc/mips64-elf/11.2.0/../../../../mips64-elf/lib/libstdc++.a(eh_terminate.o)
                0x0000000080024e98                _ZN10__cxxabiv112__unexpectedEPFvvE
 .text._ZSt10unexpectedv
                0x0000000080024eb0       0x18 /usr/local/lib/gcc/mips64-elf/11.2.0/../../../../mips64-elf/lib/libstdc++.a(eh_terminate.o)
                0x0000000080024eb0                _ZSt10unexpectedv
 .text._ZSt13get_terminatev
                0x0000000080024ec8       0x10 /usr/local/lib/gcc/mips64-elf/11.2.0/../../../../mips64-elf/lib/libstdc++.a(eh_terminate.o)
                0x0000000080024ec8                _ZSt13get_terminatev
 .text._ZSt14get_unexpectedv
                0x0000000080024ed8       0x10 /usr/local/lib/gcc/mips64-elf/11.2.0/../../../../mips64-elf/lib/libstdc++.a(eh_terminate.o)
                0x0000000080024ed8                _ZSt14get_unexpectedv
 .text._ZL23__gxx_exception_cleanup19_Unwind_Reason_CodeP17_Unwind_Exception
                0x0000000080024ee8       0x68 /usr/local/lib/gcc/mips64-elf/11.2.0/../../../../mips64-elf/lib/libstdc++.a(eh_throw.o)
 .text.__cxa_init_primary_exception
                0x0000000080024f50       0x68 /usr/local/lib/gcc/mips64-elf/11.2.0/../../../../mips64-elf/lib/libstdc++.a(eh_throw.o)
                0x0000000080024f50                __cxa_init_primary_exception
 .text.__cxa_throw
                0x0000000080024fb8       0x58 /usr/local/lib/gcc/mips64-elf/11.2.0/../../../../mips64-elf/lib/libstdc++.a(eh_throw.o)
                0x0000000080024fb8                __cxa_throw
 .text.__cxa_rethrow
                0x0000000080025010       0x80 /usr/local/lib/gcc/mips64-elf/11.2.0/../../../../mips64-elf/lib/libstdc++.a(eh_throw.o)
                0x0000000080025010                __cxa_rethrow
 .text._ZSt15get_new_handlerv
                0x0000000080025090       0x10 /usr/local/lib/gcc/mips64-elf/11.2.0/../../../../mips64-elf/lib/libstdc++.a(new_handler.o)
                0x0000000080025090                _ZSt15get_new_handlerv
 .text._ZN9__gnu_cxx27__verbose_terminate_handlerEv
                0x00000000800250a0      0x1c8 /usr/local/lib/gcc/mips64-elf/11.2.0/../../../../mips64-elf/lib/libstdc++.a(vterminate.o)
                0x00000000800250a0                _ZN9__gnu_cxx27__verbose_terminate_handlerEv
 .text.__cxa_begin_catch
                0x0000000080025268       0xb0 /usr/local/lib/gcc/mips64-elf/11.2.0/../../../../mips64-elf/lib/libstdc++.a(eh_catch.o)
                0x0000000080025268                __cxa_begin_catch
 .text.__cxa_end_catch
                0x0000000080025318       0xc0 /usr/local/lib/gcc/mips64-elf/11.2.0/../../../../mips64-elf/lib/libstdc++.a(eh_catch.o)
                0x0000000080025318                __cxa_end_catch
 .text.__cxa_get_globals_fast
                0x00000000800253d8        0x8 /usr/local/lib/gcc/mips64-elf/11.2.0/../../../../mips64-elf/lib/libstdc++.a(eh_globals.o)
                0x00000000800253d8                __cxa_get_globals_fast
 .text.__cxa_get_globals
                0x00000000800253e0        0x8 /usr/local/lib/gcc/mips64-elf/11.2.0/../../../../mips64-elf/lib/libstdc++.a(eh_globals.o)
                0x00000000800253e0                __cxa_get_globals
 .text._ZL16get_adjusted_ptrPKSt9type_infoS1_PPv
                0x00000000800253e8       0x90 /usr/local/lib/gcc/mips64-elf/11.2.0/../../../../mips64-elf/lib/libstdc++.a(eh_personality.o)
 .text._ZL28read_encoded_value_with_basehjPKhPj
                0x0000000080025478      0x198 /usr/local/lib/gcc/mips64-elf/11.2.0/../../../../mips64-elf/lib/libstdc++.a(eh_personality.o)
 .text._ZL21base_of_encoded_valuehP15_Unwind_Context
                0x0000000080025610       0x90 /usr/local/lib/gcc/mips64-elf/11.2.0/../../../../mips64-elf/lib/libstdc++.a(eh_personality.o)
 .text._ZL17parse_lsda_headerP15_Unwind_ContextPKhP16lsda_header_info
                0x00000000800256a0      0x118 /usr/local/lib/gcc/mips64-elf/11.2.0/../../../../mips64-elf/lib/libstdc++.a(eh_personality.o)
 .text._ZL20check_exception_specP16lsda_header_infoPKSt9type_infoPvl
                0x00000000800257b8      0x148 /usr/local/lib/gcc/mips64-elf/11.2.0/../../../../mips64-elf/lib/libstdc++.a(eh_personality.o)
 .text.__gxx_personality_v0
                0x0000000080025900      0x660 /usr/local/lib/gcc/mips64-elf/11.2.0/../../../../mips64-elf/lib/libstdc++.a(eh_personality.o)
                0x0000000080025900                __gxx_personality_v0
 .text.__cxa_current_exception_type
                0x0000000080025f60       0x48 /usr/local/lib/gcc/mips64-elf/11.2.0/../../../../mips64-elf/lib/libstdc++.a(eh_type.o)
                0x0000000080025f60                __cxa_current_exception_type
 .text.__cxa_call_terminate
                0x0000000080025fa8       0x58 /usr/local/lib/gcc/mips64-elf/11.2.0/../../../../mips64-elf/lib/libstdc++.a(eh_call.o)
                0x0000000080025fa8                __cxa_call_terminate
 *(.init)
 .init          0x0000000080026000        0x8 /usr/local/lib/gcc/mips64-elf/11.2.0/crti.o
                0x0000000080026000                _init
 *(.fini)
 .fini          0x0000000080026008        0x8 /usr/local/lib/gcc/mips64-elf/11.2.0/crti.o
                0x0000000080026008                _fini
 *(.gnu.linkonce.t.*)
                0x0000000080026010                . = ALIGN (0x10)
                0x0000000080026010                __text_end = .

.eh_frame_hdr
 *(.eh_frame_hdr)

.eh_frame       0x0000000080026010     0x1220
 *(.eh_frame)
 .eh_frame      0x0000000080026010        0x0 /usr/local/lib/gcc/mips64-elf/11.2.0/crtbegin.o
 .eh_frame      0x0000000080026010       0xb0 build/CPPLibDragonN64.o
                                        0x114 (size before relaxing)
 .eh_frame      0x00000000800260c0      0x15c build/LibN64.o
                                        0x274 (size before relaxing)
 .eh_frame      0x000000008002621c      0x104 /usr/local/lib/gcc/mips64-elf/11.2.0/../../../../mips64-elf/lib/libstdc++.a(class_type_info.o)
                                        0x118 (size before relaxing)
 .eh_frame      0x0000000080026320       0x14 /usr/local/lib/gcc/mips64-elf/11.2.0/../../../../mips64-elf/lib/libstdc++.a(del_ops.o)
                                         0x28 (size before relaxing)
 .eh_frame      0x0000000080026334       0x14 /usr/local/lib/gcc/mips64-elf/11.2.0/../../../../mips64-elf/lib/libstdc++.a(new_opv.o)
                                         0x28 (size before relaxing)
 .eh_frame      0x0000000080026348       0xe8 /usr/local/lib/gcc/mips64-elf/11.2.0/../../../../mips64-elf/lib/libstdc++.a(si_class_type_info.o)
                                         0xfc (size before relaxing)
 .eh_frame      0x0000000080026430       0x28 /usr/local/lib/gcc/mips64-elf/11.2.0/../../../../mips64-elf/lib/libstdc++.a(tinfo.o)
                                         0x80 (size before relaxing)
 .eh_frame      0x0000000080026458       0x14 /usr/local/lib/gcc/mips64-elf/11.2.0/../../../../mips64-elf/lib/libstdc++.a(del_op.o)
                                         0x28 (size before relaxing)
 .eh_frame      0x000000008002646c       0x20 /usr/local/lib/gcc/mips64-elf/11.2.0/../../../../mips64-elf/lib/libstdc++.a(new_op.o)
                                         0x34 (size before relaxing)
 .eh_frame      0x000000008002648c       0x48 /usr/local/lib/gcc/mips64-elf/11.2.0/../../../../mips64-elf/lib/libstdc++.a(bad_alloc.o)
                                         0x5c (size before relaxing)
 .eh_frame      0x00000000800264d4       0x84 /usr/local/lib/gcc/mips64-elf/11.2.0/../../../../mips64-elf/lib/libstdc++.a(eh_alloc.o)
                                         0xec (size before relaxing)
 .eh_frame      0x0000000080026558       0x14 /usr/local/lib/gcc/mips64-elf/11.2.0/../../../../mips64-elf/lib/libstdc++.a(eh_exception.o)
                                        0x104 (size before relaxing)
 .eh_frame      0x000000008002656c       0xa8 /usr/local/lib/gcc/mips64-elf/11.2.0/../../../../mips64-elf/lib/libstdc++.a(eh_terminate.o)
                                         0xe4 (size before relaxing)
 .eh_frame      0x0000000080026614       0x78 /usr/local/lib/gcc/mips64-elf/11.2.0/../../../../mips64-elf/lib/libstdc++.a(eh_throw.o)
                                         0x8c (size before relaxing)
 .eh_frame      0x000000008002668c       0x14 /usr/local/lib/gcc/mips64-elf/11.2.0/../../../../mips64-elf/lib/libstdc++.a(new_handler.o)
                                         0x3c (size before relaxing)
 .eh_frame      0x00000000800266a0       0x20 /usr/local/lib/gcc/mips64-elf/11.2.0/../../../../mips64-elf/lib/libstdc++.a(vterminate.o)
                                         0x3c (size before relaxing)
 .eh_frame      0x00000000800266c0       0x58 /usr/local/lib/gcc/mips64-elf/11.2.0/../../../../mips64-elf/lib/libstdc++.a(eh_catch.o)
                                         0xb8 (size before relaxing)
 .eh_frame      0x0000000080026718       0x28 /usr/local/lib/gcc/mips64-elf/11.2.0/../../../../mips64-elf/lib/libstdc++.a(eh_globals.o)
                                         0x3c (size before relaxing)
 .eh_frame      0x0000000080026740      0x128 /usr/local/lib/gcc/mips64-elf/11.2.0/../../../../mips64-elf/lib/libstdc++.a(eh_personality.o)
                                        0x17c (size before relaxing)
 .eh_frame      0x0000000080026868       0x20 /usr/local/lib/gcc/mips64-elf/11.2.0/../../../../mips64-elf/lib/libstdc++.a(eh_type.o)
                                         0x34 (size before relaxing)
 .eh_frame      0x0000000080026888       0x1c /usr/local/lib/gcc/mips64-elf/11.2.0/../../../../mips64-elf/lib/libstdc++.a(eh_call.o)
                                         0x30 (size before relaxing)
 .eh_frame      0x00000000800268a4      0x5e8 /usr/local/lib/gcc/mips64-elf/11.2.0/libgcc.a(unwind-dw2.o)
                                        0x5fc (size before relaxing)
 .eh_frame      0x0000000080026e8c      0x3a0 /usr/local/lib/gcc/mips64-elf/11.2.0/libgcc.a(unwind-dw2-fde.o)
                                        0x3b4 (size before relaxing)
 .eh_frame      0x000000008002722c        0x4 /usr/local/lib/gcc/mips64-elf/11.2.0/crtend.o

.gcc_except_table
                0x0000000080027230       0x58
 *(.gcc_except_table*)
 .gcc_except_table._ZN10__cxxabiv111__terminateEPFvvE
                0x0000000080027230       0x10 /usr/local/lib/gcc/mips64-elf/11.2.0/../../../../mips64-elf/lib/libstdc++.a(eh_terminate.o)
 .gcc_except_table._ZN9__gnu_cxx27__verbose_terminate_handlerEv
                0x0000000080027240       0x2c /usr/local/lib/gcc/mips64-elf/11.2.0/../../../../mips64-elf/lib/libstdc++.a(vterminate.o)
 .gcc_except_table.__gxx_personality_v0
                0x000000008002726c       0x1c /usr/local/lib/gcc/mips64-elf/11.2.0/../../../../mips64-elf/lib/libstdc++.a(eh_personality.o)

.jcr
 *(.jcr)

.rodata         0x0000000080027288     0x4780
 *(.rdata)
 *(.rodata)
 .rodata        0x0000000080027288      0x398 /usr/local/lib/gcc/mips64-elf/11.2.0/../../../../mips64-elf/lib/libm.a(lib_a-ef_rem_pio2.o)
 .rodata        0x0000000080027620       0x3c /usr/local/lib/gcc/mips64-elf/11.2.0/../../../../mips64-elf/lib/libm.a(lib_a-kf_rem_pio2.o)
 *fill*         0x000000008002765c        0x4 
 .rodata        0x0000000080027660      0xf98 /usr/local/lib/gcc/mips64-elf/11.2.0/../../../../mips64-elf/lib/libstdc++.a(cp-demangle.o)
 .rodata        0x00000000800285f8      0x188 /usr/local/lib/gcc/mips64-elf/11.2.0/../../../../mips64-elf/lib/libc.a(lib_a-svfprintf.o)
 .rodata        0x0000000080028780      0x188 /usr/local/lib/gcc/mips64-elf/11.2.0/../../../../mips64-elf/lib/libc.a(lib_a-vfprintf.o)
 .rodata        0x0000000080028908      0x128 /usr/local/lib/gcc/mips64-elf/11.2.0/../../../../mips64-elf/lib/libc.a(lib_a-mprec.o)
                0x0000000080028918                __mprec_tinytens
                0x0000000080028940                __mprec_bigtens
                0x0000000080028968                __mprec_tens
 .rodata        0x0000000080028a30      0x188 /usr/local/lib/gcc/mips64-elf/11.2.0/../../../../mips64-elf/lib/libc.a(lib_a-svfiprintf.o)
 .rodata        0x0000000080028bb8      0x188 /usr/local/lib/gcc/mips64-elf/11.2.0/../../../../mips64-elf/lib/libc.a(lib_a-vfiprintf.o)
 .rodata        0x0000000080028d40      0x288 /usr/local/lib/gcc/mips64-elf/11.2.0/../../../../mips64-elf/lib/libc.a(lib_a-ctype_.o)
                0x0000000080028d40                _ctype_
                0x0000000080028e48                _ctype_b
 .rodata        0x0000000080028fc8      0x310 /usr/local/lib/gcc/mips64-elf/11.2.0/libgcc.a(unwind-dw2.o)
 .rodata        0x00000000800292d8       0x40 /usr/local/lib/gcc/mips64-elf/11.2.0/libgcc.a(unwind-dw2-fde.o)
 *(.rodata.*)
 .rodata.debug_assert_func_f.str1.8
                0x0000000080029318       0x3d /usr/local/mips64-elf/lib/libdragon.a(debug.o)
                                         0x45 (size before relaxing)
 *fill*         0x0000000080029355        0x3 
 .rodata.__font_data
                0x0000000080029358      0x800 /usr/local/mips64-elf/lib/libdragon.a(graphics.o)
 .rodata.dma_read_raw_async.str1.8
                0x0000000080029b58       0x12 /usr/local/mips64-elf/lib/libdragon.a(dma.o)
 *fill*         0x0000000080029b6a        0x6 
 .rodata.dma_read_async.str1.8
                0x0000000080029b70       0x17 /usr/local/mips64-elf/lib/libdragon.a(dma.o)
 *fill*         0x0000000080029b87        0x1 
 .rodata.__func__.1
                0x0000000080029b88        0xf /usr/local/mips64-elf/lib/libdragon.a(dma.o)
 *fill*         0x0000000080029b97        0x1 
 .rodata.__func__.3
                0x0000000080029b98       0x13 /usr/local/mips64-elf/lib/libdragon.a(dma.o)
 *fill*         0x0000000080029bab        0x5 
 .rodata.__do_global_ctors.str1.8
                0x0000000080029bb0       0x99 /usr/local/mips64-elf/lib/libdragon.a(do_ctors.o)
 *fill*         0x0000000080029c49        0x7 
 .rodata.__wrap___do_global_ctors.str1.8
                0x0000000080029c50       0x93 /usr/local/mips64-elf/lib/libdragon.a(do_ctors.o)
 *fill*         0x0000000080029ce3        0x5 
 .rodata.__func__.0
                0x0000000080029ce8       0x19 /usr/local/mips64-elf/lib/libdragon.a(do_ctors.o)
 *fill*         0x0000000080029d01        0x7 
 .rodata.enable_interrupts.str1.8
                0x0000000080029d08       0x4c /usr/local/mips64-elf/lib/libdragon.a(interrupt.o)
 *fill*         0x0000000080029d54        0x4 
 .rodata.__func__.0
                0x0000000080029d58       0x12 /usr/local/mips64-elf/lib/libdragon.a(interrupt.o)
 *fill*         0x0000000080029d6a        0x6 
 .rodata.display_show.part.0.str1.8
                0x0000000080029d70       0x59 /usr/local/mips64-elf/lib/libdragon.a(display.o)
 *fill*         0x0000000080029dc9        0x7 
 .rodata.display_init.str1.8
                0x0000000080029dd0       0xac /usr/local/mips64-elf/lib/libdragon.a(display.o)
 .rodata.display_init
                0x0000000080029e7c       0x30 /usr/local/mips64-elf/lib/libdragon.a(display.o)
 *fill*         0x0000000080029eac        0x4 
 .rodata.__func__.0
                0x0000000080029eb0        0xd /usr/local/mips64-elf/lib/libdragon.a(display.o)
 *fill*         0x0000000080029ebd        0x3 
 .rodata.__func__.1
                0x0000000080029ec0        0xd /usr/local/mips64-elf/lib/libdragon.a(display.o)
 *fill*         0x0000000080029ecd        0x3 
 .rodata.reg_values
                0x0000000080029ed0       0x48 /usr/local/mips64-elf/lib/libdragon.a(display.o)
 .rodata.mpal_640p
                0x0000000080029f18       0x38 /usr/local/mips64-elf/lib/libdragon.a(display.o)
 .rodata.pal_640p
                0x0000000080029f50       0x38 /usr/local/mips64-elf/lib/libdragon.a(display.o)
 .rodata.ntsc_640p
                0x0000000080029f88       0x38 /usr/local/mips64-elf/lib/libdragon.a(display.o)
 .rodata.mpal_512p
                0x0000000080029fc0       0x38 /usr/local/mips64-elf/lib/libdragon.a(display.o)
 .rodata.pal_512p
                0x0000000080029ff8       0x38 /usr/local/mips64-elf/lib/libdragon.a(display.o)
 .rodata.ntsc_512p
                0x000000008002a030       0x38 /usr/local/mips64-elf/lib/libdragon.a(display.o)
 .rodata.mpal_512
                0x000000008002a068       0x38 /usr/local/mips64-elf/lib/libdragon.a(display.o)
 .rodata.pal_512
                0x000000008002a0a0       0x38 /usr/local/mips64-elf/lib/libdragon.a(display.o)
 .rodata.ntsc_512
                0x000000008002a0d8       0x38 /usr/local/mips64-elf/lib/libdragon.a(display.o)
 .rodata.mpal_256
                0x000000008002a110       0x38 /usr/local/mips64-elf/lib/libdragon.a(display.o)
 .rodata.pal_256
                0x000000008002a148       0x38 /usr/local/mips64-elf/lib/libdragon.a(display.o)
 .rodata.ntsc_256
                0x000000008002a180       0x38 /usr/local/mips64-elf/lib/libdragon.a(display.o)
 .rodata.mpal_640
                0x000000008002a1b8       0x38 /usr/local/mips64-elf/lib/libdragon.a(display.o)
 .rodata.pal_640
                0x000000008002a1f0       0x38 /usr/local/mips64-elf/lib/libdragon.a(display.o)
 .rodata.ntsc_640
                0x000000008002a228       0x38 /usr/local/mips64-elf/lib/libdragon.a(display.o)
 .rodata.mpal_320
                0x000000008002a260       0x38 /usr/local/mips64-elf/lib/libdragon.a(display.o)
 .rodata.pal_320
                0x000000008002a298       0x38 /usr/local/mips64-elf/lib/libdragon.a(display.o)
 .rodata.ntsc_320
                0x000000008002a2d0       0x38 /usr/local/mips64-elf/lib/libdragon.a(display.o)
 .rodata.exception_default_handler.str1.8
                0x000000008002a308      0x447 /usr/local/mips64-elf/lib/libdragon.a(exception.o)
 *fill*         0x000000008002a74f        0x1 
 .rodata.str1.8
                0x000000008002a750      0x17e /usr/local/mips64-elf/lib/libdragon.a(exception.o)
 *fill*         0x000000008002a8ce        0x2 
 .rodata.exceptionMap.0
                0x000000008002a8d0       0x80 /usr/local/mips64-elf/lib/libdragon.a(exception.o)
 .rodata._ZN8Instance8OnCreateEv.str1.8
                0x000000008002a950        0xc build/CPPLibDragonN64.o
 *fill*         0x000000008002a95c        0x4 
 .rodata._ZN8Instance11KeyAPressedEv.str1.8
                0x000000008002a960        0xf build/CPPLibDragonN64.o
 *fill*         0x000000008002a96f        0x1 
 .rodata._ZN8Instance11FrameUpdateEv.str1.8
                0x000000008002a970       0x2a build/CPPLibDragonN64.o
 *fill*         0x000000008002a99a        0x6 
 .rodata._ZTS8Instance
                0x000000008002a9a0        0xa build/CPPLibDragonN64.o
                0x000000008002a9a0                _ZTS8Instance
 *fill*         0x000000008002a9aa        0x6 
 .rodata._ZTI8Instance
                0x000000008002a9b0        0xc build/CPPLibDragonN64.o
                0x000000008002a9b0                _ZTI8Instance
 .rodata._ZTV8Instance
                0x000000008002a9bc       0x30 build/CPPLibDragonN64.o
                0x000000008002a9bc                _ZTV8Instance
 *fill*         0x000000008002a9ec        0x4 
 .rodata._ZN6LibN645FrameC2E12resolution_t10bitdepth_t.str1.8
                0x000000008002a9f0        0x8 build/LibN64.o
 .rodata._ZTSN6LibN645FrameE
                0x000000008002a9f8       0x10 build/LibN64.o
                0x000000008002a9f8                _ZTSN6LibN645FrameE
 .rodata._ZTVN6LibN645FrameE
                0x000000008002aa08       0x30 build/LibN64.o
                0x000000008002aa08                _ZTVN6LibN645FrameE
 .rodata.__open.str1.8
                0x000000008002aa38        0x2 /usr/local/lib/gcc/mips64-elf/11.2.0/../../../../mips64-elf/lib/libdragon.a(dragonfs.o)
 *fill*         0x000000008002aa3a        0x6 
 .rodata.dfs_init.str1.8
                0x000000008002aa40       0x16 /usr/local/lib/gcc/mips64-elf/11.2.0/../../../../mips64-elf/lib/libdragon.a(dragonfs.o)
 *fill*         0x000000008002aa56        0x2 
 .rodata.SI_read_con_block.7
                0x000000008002aa58       0x40 /usr/local/lib/gcc/mips64-elf/11.2.0/../../../../mips64-elf/lib/libdragon.a(controller.o)
 .rodata.timer_init.str1.8
                0x000000008002aa98       0x41 /usr/local/lib/gcc/mips64-elf/11.2.0/../../../../mips64-elf/lib/libdragon.a(timer.o)
 *fill*         0x000000008002aad9        0x7 
 .rodata.new_timer.str1.8
                0x000000008002aae0       0x2d /usr/local/lib/gcc/mips64-elf/11.2.0/../../../../mips64-elf/lib/libdragon.a(timer.o)
 *fill*         0x000000008002ab0d        0x3 
 .rodata.__func__.0
                0x000000008002ab10        0xc /usr/local/lib/gcc/mips64-elf/11.2.0/../../../../mips64-elf/lib/libdragon.a(timer.o)
 *fill*         0x000000008002ab1c        0x4 
 .rodata.__func__.1
                0x000000008002ab20        0xc /usr/local/lib/gcc/mips64-elf/11.2.0/../../../../mips64-elf/lib/libdragon.a(timer.o)
 *fill*         0x000000008002ab2c        0x4 
 .rodata.__func__.6
                0x000000008002ab30        0xb /usr/local/lib/gcc/mips64-elf/11.2.0/../../../../mips64-elf/lib/libdragon.a(timer.o)
 *fill*         0x000000008002ab3b        0x5 
 .rodata._ZTSN10__cxxabiv117__class_type_infoE
                0x000000008002ab40       0x22 /usr/local/lib/gcc/mips64-elf/11.2.0/../../../../mips64-elf/lib/libstdc++.a(class_type_info.o)
                0x000000008002ab40                _ZTSN10__cxxabiv117__class_type_infoE
 *fill*         0x000000008002ab62        0x6 
 .rodata._ZTIN10__cxxabiv117__class_type_infoE
                0x000000008002ab68        0xc /usr/local/lib/gcc/mips64-elf/11.2.0/../../../../mips64-elf/lib/libstdc++.a(class_type_info.o)
                0x000000008002ab68                _ZTIN10__cxxabiv117__class_type_infoE
 .rodata._ZTVN10__cxxabiv117__class_type_infoE
                0x000000008002ab74       0x2c /usr/local/lib/gcc/mips64-elf/11.2.0/../../../../mips64-elf/lib/libstdc++.a(class_type_info.o)
                0x000000008002ab74                _ZTVN10__cxxabiv117__class_type_infoE
 .rodata._ZTSN10__cxxabiv120__si_class_type_infoE
                0x000000008002aba0       0x25 /usr/local/lib/gcc/mips64-elf/11.2.0/../../../../mips64-elf/lib/libstdc++.a(si_class_type_info.o)
                0x000000008002aba0                _ZTSN10__cxxabiv120__si_class_type_infoE
 *fill*         0x000000008002abc5        0x3 
 .rodata._ZTIN10__cxxabiv120__si_class_type_infoE
                0x000000008002abc8        0xc /usr/local/lib/gcc/mips64-elf/11.2.0/../../../../mips64-elf/lib/libstdc++.a(si_class_type_info.o)
                0x000000008002abc8                _ZTIN10__cxxabiv120__si_class_type_infoE
 .rodata._ZTVN10__cxxabiv120__si_class_type_infoE
                0x000000008002abd4       0x2c /usr/local/lib/gcc/mips64-elf/11.2.0/../../../../mips64-elf/lib/libstdc++.a(si_class_type_info.o)
                0x000000008002abd4                _ZTVN10__cxxabiv120__si_class_type_infoE
 .rodata._ZTSSt9type_info
                0x000000008002ac00        0xd /usr/local/lib/gcc/mips64-elf/11.2.0/../../../../mips64-elf/lib/libstdc++.a(tinfo.o)
                0x000000008002ac00                _ZTSSt9type_info
 *fill*         0x000000008002ac0d        0x3 
 .rodata._ZNKSt9bad_alloc4whatEv.str1.8
                0x000000008002ac10        0xf /usr/local/lib/gcc/mips64-elf/11.2.0/../../../../mips64-elf/lib/libstdc++.a(bad_alloc.o)
 *fill*         0x000000008002ac1f        0x1 
 .rodata._ZTSSt9bad_alloc
                0x000000008002ac20        0xd /usr/local/lib/gcc/mips64-elf/11.2.0/../../../../mips64-elf/lib/libstdc++.a(bad_alloc.o)
                0x000000008002ac20                _ZTSSt9bad_alloc
 *fill*         0x000000008002ac2d        0x3 
 .rodata._ZTISt9bad_alloc
                0x000000008002ac30        0xc /usr/local/lib/gcc/mips64-elf/11.2.0/../../../../mips64-elf/lib/libstdc++.a(bad_alloc.o)
                0x000000008002ac30                _ZTISt9bad_alloc
 .rodata._ZTVSt9bad_alloc
                0x000000008002ac3c       0x14 /usr/local/lib/gcc/mips64-elf/11.2.0/../../../../mips64-elf/lib/libstdc++.a(bad_alloc.o)
                0x000000008002ac3c                _ZTVSt9bad_alloc
 .rodata._ZTSSt9exception
                0x000000008002ac50        0xd /usr/local/lib/gcc/mips64-elf/11.2.0/../../../../mips64-elf/lib/libstdc++.a(eh_exception.o)
                0x000000008002ac50                _ZTSSt9exception
 *fill*         0x000000008002ac5d        0x3 
 .rodata._ZTSN10__cxxabiv115__forced_unwindE
                0x000000008002ac60       0x20 /usr/local/lib/gcc/mips64-elf/11.2.0/../../../../mips64-elf/lib/libstdc++.a(eh_exception.o)
                0x000000008002ac60                _ZTSN10__cxxabiv115__forced_unwindE
 .rodata._ZTSN10__cxxabiv119__foreign_exceptionE
                0x000000008002ac80       0x24 /usr/local/lib/gcc/mips64-elf/11.2.0/../../../../mips64-elf/lib/libstdc++.a(eh_exception.o)
                0x000000008002ac80                _ZTSN10__cxxabiv119__foreign_exceptionE
 *fill*         0x000000008002aca4        0x4 
 .rodata._ZN9__gnu_cxx27__verbose_terminate_handlerEv.str1.8
                0x000000008002aca8       0x9c /usr/local/lib/gcc/mips64-elf/11.2.0/../../../../mips64-elf/lib/libstdc++.a(vterminate.o)
 *fill*         0x000000008002ad44        0x4 
 .rodata.str1.8
                0x000000008002ad48      0xb91 /usr/local/lib/gcc/mips64-elf/11.2.0/../../../../mips64-elf/lib/libstdc++.a(cp-demangle.o)
                                        0xbe1 (size before relaxing)
 *fill*         0x000000008002b8d9        0x3 
 .rodata._ZL28read_encoded_value_with_basehjPKhPj
                0x000000008002b8dc       0x34 /usr/local/lib/gcc/mips64-elf/11.2.0/../../../../mips64-elf/lib/libstdc++.a(eh_personality.o)
 .rodata.str1.8
                0x000000008002b910       0x5a /usr/local/lib/gcc/mips64-elf/11.2.0/../../../../mips64-elf/lib/libc.a(lib_a-svfprintf.o)
 .rodata.str1.8
                0x000000008002b96a       0x5a /usr/local/lib/gcc/mips64-elf/11.2.0/../../../../mips64-elf/lib/libc.a(lib_a-vfprintf.o)
 *fill*         0x000000008002b96a        0x6 
 .rodata.str1.8
                0x000000008002b970       0x58 /usr/local/lib/gcc/mips64-elf/11.2.0/../../../../mips64-elf/lib/libc.a(lib_a-dtoa.o)
                                         0x60 (size before relaxing)
 .rodata.str1.8
                0x000000008002b9c8        0xe /usr/local/lib/gcc/mips64-elf/11.2.0/../../../../mips64-elf/lib/libc.a(lib_a-locale.o)
                                         0x1a (size before relaxing)
 *fill*         0x000000008002b9d6        0x2 
 .rodata.str1.8
                0x000000008002b9d8       0x29 /usr/local/lib/gcc/mips64-elf/11.2.0/../../../../mips64-elf/lib/libc.a(lib_a-mprec.o)
                                         0x41 (size before relaxing)
 .rodata.str1.8
                0x000000008002ba01       0x37 /usr/local/lib/gcc/mips64-elf/11.2.0/../../../../mips64-elf/lib/libc.a(lib_a-svfiprintf.o)
 .rodata.str1.8
                0x000000008002ba01       0x37 /usr/local/lib/gcc/mips64-elf/11.2.0/../../../../mips64-elf/lib/libc.a(lib_a-vfiprintf.o)
 *(.gnu.linkonce.r.*)
                0x000000008002ba38                . = ALIGN (0x8)
 *fill*         0x000000008002ba01        0x7 

.MIPS.abiflags  0x000000008002ba08       0x18
 .MIPS.abiflags
                0x000000008002ba08       0x18 /usr/local/lib/gcc/mips64-elf/11.2.0/crti.o

.rel.dyn        0x000000008002ba20       0x10
 .rel.dyn       0x000000008002ba20       0x10 /usr/local/mips64-elf/lib/libdragon.a(n64sys.o)
                0x000000008002ba30                . = ALIGN (0x4)

.ctors          0x000000008002ba30       0x14
                0x000000008002ba30                __CTOR_LIST__ = .
 *(.ctors)
 .ctors         0x000000008002ba30        0x4 /usr/local/lib/gcc/mips64-elf/11.2.0/crtbegin.o
 .ctors         0x000000008002ba34        0x4 /usr/local/mips64-elf/lib/libdragon.a(n64sys.o)
 .ctors         0x000000008002ba38        0x4 /usr/local/mips64-elf/lib/libdragon.a(interrupt.o)
 .ctors         0x000000008002ba3c        0x4 /usr/local/lib/gcc/mips64-elf/11.2.0/../../../../mips64-elf/lib/libstdc++.a(eh_alloc.o)
 .ctors         0x000000008002ba40        0x4 /usr/local/lib/gcc/mips64-elf/11.2.0/crtend.o
                0x000000008002ba44                __CTOR_END__ = .
                0x000000008002ba48                . = ALIGN (0x8)

.data           0x000000008002ba48      0x9c8
                0x000000008002ba48                __data_start = .
 *(.data)
 .data          0x000000008002ba48      0x428 /usr/local/lib/gcc/mips64-elf/11.2.0/../../../../mips64-elf/lib/libc.a(lib_a-impure.o)
 .data          0x000000008002be70      0x408 /usr/local/lib/gcc/mips64-elf/11.2.0/../../../../mips64-elf/lib/libc.a(lib_a-mallocr.o)
                0x000000008002be70                __malloc_av_
 .data          0x000000008002c278      0x16c /usr/local/lib/gcc/mips64-elf/11.2.0/../../../../mips64-elf/lib/libc.a(lib_a-locale.o)
                0x000000008002c278                __global_locale
 *(.data.*)
 *fill*         0x000000008002c3e4        0x4 
 .data.dragon_fs
                0x000000008002c3e8       0x24 /usr/local/lib/gcc/mips64-elf/11.2.0/../../../../mips64-elf/lib/libdragon.a(dragonfs.o)
 *(.gnu.linkonce.d.*)
                0x000000008002c410                . = ALIGN (0x8)
 *fill*         0x000000008002c40c        0x4 

.sdata          0x000000008002c410      0x1b0
                0x0000000080034410                _gp = (. + 0x8000)
 *(.sdata)
 .sdata         0x000000008002c410       0x10 build/CPPLibDragonN64.o
 .sdata         0x000000008002c420       0x18 build/LibN64.o
 .sdata         0x000000008002c438       0x24 /usr/local/lib/gcc/mips64-elf/11.2.0/../../../../mips64-elf/lib/libm.a(lib_a-ef_rem_pio2.o)
 .sdata         0x000000008002c45c       0x28 /usr/local/lib/gcc/mips64-elf/11.2.0/../../../../mips64-elf/lib/libm.a(lib_a-kf_cos.o)
 .sdata         0x000000008002c484       0x1c /usr/local/lib/gcc/mips64-elf/11.2.0/../../../../mips64-elf/lib/libm.a(lib_a-kf_rem_pio2.o)
 .sdata         0x000000008002c4a0       0x1c /usr/local/lib/gcc/mips64-elf/11.2.0/../../../../mips64-elf/lib/libm.a(lib_a-kf_sin.o)
 .sdata         0x000000008002c4bc        0x8 /usr/local/lib/gcc/mips64-elf/11.2.0/../../../../mips64-elf/lib/libm.a(lib_a-sf_floor.o)
 .sdata         0x000000008002c4c4       0x18 /usr/local/lib/gcc/mips64-elf/11.2.0/../../../../mips64-elf/lib/libm.a(lib_a-sf_scalbn.o)
 .sdata         0x000000008002c4dc        0x8 /usr/local/lib/gcc/mips64-elf/11.2.0/../../../../mips64-elf/lib/libc.a(lib_a-impure.o)
                0x000000008002c4dc                _global_impure_ptr
                0x000000008002c4e0                _impure_ptr
 .sdata         0x000000008002c4e4        0x8 /usr/local/lib/gcc/mips64-elf/11.2.0/../../../../mips64-elf/lib/libc.a(lib_a-mallocr.o)
                0x000000008002c4e4                __malloc_sbrk_base
                0x000000008002c4e8                __malloc_trim_threshold
 *fill*         0x000000008002c4ec        0x4 
 .sdata         0x000000008002c4f0        0x8 /usr/local/lib/gcc/mips64-elf/11.2.0/../../../../mips64-elf/lib/libc.a(lib_a-svfprintf.o)
 .sdata         0x000000008002c4f8        0x8 /usr/local/lib/gcc/mips64-elf/11.2.0/../../../../mips64-elf/lib/libc.a(lib_a-vfprintf.o)
 .sdata         0x000000008002c500       0x48 /usr/local/lib/gcc/mips64-elf/11.2.0/../../../../mips64-elf/lib/libc.a(lib_a-dtoa.o)
 .sdata         0x000000008002c548       0x10 /usr/local/lib/gcc/mips64-elf/11.2.0/../../../../mips64-elf/lib/libc.a(lib_a-mprec.o)
 *(.sdata.*)
 .sdata.console_redirect_debug
                0x000000008002c558        0x1 /usr/local/mips64-elf/lib/libdragon.a(console.o)
 *fill*         0x000000008002c559        0x3 
 .sdata.f_color
                0x000000008002c55c        0x4 /usr/local/mips64-elf/lib/libdragon.a(graphics.o)
 .sdata.__bootcic
                0x000000008002c560        0x4 /usr/local/mips64-elf/lib/libdragon.a(n64sys.o)
                0x000000008002c560                __bootcic
 .sdata.__interrupt_depth
                0x000000008002c564        0x4 /usr/local/mips64-elf/lib/libdragon.a(interrupt.o)
 .sdata.now_drawing
                0x000000008002c568        0x4 /usr/local/mips64-elf/lib/libdragon.a(display.o)
 .sdata.show_next
                0x000000008002c56c        0x4 /usr/local/mips64-elf/lib/libdragon.a(display.o)
 .sdata.now_showing
                0x000000008002c570        0x4 /usr/local/mips64-elf/lib/libdragon.a(display.o)
 .sdata.__buffers
                0x000000008002c574        0x4 /usr/local/mips64-elf/lib/libdragon.a(display.o)
                0x000000008002c574                __buffers
 .sdata.__exception_handler
                0x000000008002c578        0x4 /usr/local/mips64-elf/lib/libdragon.a(exception.o)
 *fill*         0x000000008002c57c        0x4 
 .sdata._ZTIN6LibN645FrameE
                0x000000008002c580        0x8 build/LibN64.o
                0x000000008002c580                _ZTIN6LibN645FrameE
 .sdata.next_handle.1
                0x000000008002c588        0x4 /usr/local/lib/gcc/mips64-elf/11.2.0/../../../../mips64-elf/lib/libdragon.a(dragonfs.o)
 *fill*         0x000000008002c58c        0x4 
 .sdata._ZTISt9type_info
                0x000000008002c590        0x8 /usr/local/lib/gcc/mips64-elf/11.2.0/../../../../mips64-elf/lib/libstdc++.a(tinfo.o)
                0x000000008002c590                _ZTISt9type_info
 .sdata._ZTISt9exception
                0x000000008002c598        0x8 /usr/local/lib/gcc/mips64-elf/11.2.0/../../../../mips64-elf/lib/libstdc++.a(eh_exception.o)
                0x000000008002c598                _ZTISt9exception
 .sdata._ZTIN10__cxxabiv115__forced_unwindE
                0x000000008002c5a0        0x8 /usr/local/lib/gcc/mips64-elf/11.2.0/../../../../mips64-elf/lib/libstdc++.a(eh_exception.o)
                0x000000008002c5a0                _ZTIN10__cxxabiv115__forced_unwindE
 .sdata._ZTIN10__cxxabiv119__foreign_exceptionE
                0x000000008002c5a8        0x8 /usr/local/lib/gcc/mips64-elf/11.2.0/../../../../mips64-elf/lib/libstdc++.a(eh_exception.o)
                0x000000008002c5a8                _ZTIN10__cxxabiv119__foreign_exceptionE
 .sdata.DW.ref.__gxx_personality_v0
                0x000000008002c5b0        0x4 /usr/local/lib/gcc/mips64-elf/11.2.0/../../../../mips64-elf/lib/libstdc++.a(eh_terminate.o)
                0x000000008002c5b0                DW.ref.__gxx_personality_v0
 .sdata._ZN10__cxxabiv120__unexpected_handlerE
                0x000000008002c5b4        0x4 /usr/local/lib/gcc/mips64-elf/11.2.0/../../../../mips64-elf/lib/libstdc++.a(eh_unex_handler.o)
                0x000000008002c5b4                _ZN10__cxxabiv120__unexpected_handlerE
 .sdata.DW.ref._ZTISt9exception
                0x000000008002c5b8        0x4 /usr/local/lib/gcc/mips64-elf/11.2.0/../../../../mips64-elf/lib/libstdc++.a(vterminate.o)
                0x000000008002c5b8                DW.ref._ZTISt9exception
 .sdata._ZN10__cxxabiv119__terminate_handlerE
                0x000000008002c5bc        0x4 /usr/local/lib/gcc/mips64-elf/11.2.0/../../../../mips64-elf/lib/libstdc++.a(eh_term_handler.o)
                0x000000008002c5bc                _ZN10__cxxabiv119__terminate_handlerE
 *(.gnu.linkonce.s.*)
                0x000000008002c5c0                . = ALIGN (0x8)

.lit8           0x000000008002c5c0        0x0
 *(.lit8)
                0x000000008002c5c0                . = ALIGN (0x8)

.lit4           0x000000008002c5c0        0x0
 *(.lit4)
                0x000000008002c5c0                . = ALIGN (0x8)
                0x000000008002c5c0                __data_end = .

.sbss           0x000000008002c5c0      0x2b0
                0x000000008002c5c0                __bss_start = .
 *(.sbss)
 .sbss          0x000000008002c5c0      0x228 /usr/local/mips64-elf/lib/libdragon.a(inthandler.o)
                0x000000008002c5c0                __baseRegAddr
 .sbss          0x000000008002c7e8        0xc /usr/local/lib/gcc/mips64-elf/11.2.0/../../../../mips64-elf/lib/libc.a(lib_a-mallocr.o)
                0x000000008002c7e8                __malloc_max_total_mem
                0x000000008002c7ec                __malloc_max_sbrked_mem
                0x000000008002c7f0                __malloc_top_pad
 *(.sbss.*)
 .sbss.dc.0     0x000000008002c7f4        0x4 /usr/local/mips64-elf/lib/libdragon.a(console.o)
 .sbss.render_now
                0x000000008002c7f8        0x4 /usr/local/mips64-elf/lib/libdragon.a(console.o)
 .sbss.render_buffer
                0x000000008002c7fc        0x4 /usr/local/mips64-elf/lib/libdragon.a(console.o)
 .sbss.b_color  0x000000008002c800        0x4 /usr/local/mips64-elf/lib/libdragon.a(graphics.o)
 .sbss.__bbplayer
                0x000000008002c804        0x4 /usr/local/mips64-elf/lib/libdragon.a(n64sys.o)
                0x000000008002c804                __bbplayer
 .sbss.SP_callback
                0x000000008002c808        0x4 /usr/local/mips64-elf/lib/libdragon.a(interrupt.o)
                0x000000008002c808                SP_callback
 .sbss.SI_callback
                0x000000008002c80c        0x4 /usr/local/mips64-elf/lib/libdragon.a(interrupt.o)
                0x000000008002c80c                SI_callback
 .sbss.TI_callback
                0x000000008002c810        0x4 /usr/local/mips64-elf/lib/libdragon.a(interrupt.o)
                0x000000008002c810                TI_callback
 .sbss.DP_callback
                0x000000008002c814        0x4 /usr/local/mips64-elf/lib/libdragon.a(interrupt.o)
                0x000000008002c814                DP_callback
 .sbss.PI_callback
                0x000000008002c818        0x4 /usr/local/mips64-elf/lib/libdragon.a(interrupt.o)
                0x000000008002c818                PI_callback
 .sbss.VI_callback
                0x000000008002c81c        0x4 /usr/local/mips64-elf/lib/libdragon.a(interrupt.o)
                0x000000008002c81c                VI_callback
 .sbss.AI_callback
                0x000000008002c820        0x4 /usr/local/mips64-elf/lib/libdragon.a(interrupt.o)
                0x000000008002c820                AI_callback
 .sbss.interrupt_disabled_tick
                0x000000008002c824        0x4 /usr/local/mips64-elf/lib/libdragon.a(interrupt.o)
                0x000000008002c824                interrupt_disabled_tick
 .sbss.__height
                0x000000008002c828        0x4 /usr/local/mips64-elf/lib/libdragon.a(display.o)
                0x000000008002c828                __height
 .sbss.__width  0x000000008002c82c        0x4 /usr/local/mips64-elf/lib/libdragon.a(display.o)
                0x000000008002c82c                __width
 .sbss.__bitdepth
                0x000000008002c830        0x4 /usr/local/mips64-elf/lib/libdragon.a(display.o)
                0x000000008002c830                __bitdepth
 .sbss.heap_top.0
                0x000000008002c834        0x4 /usr/local/mips64-elf/lib/libdragonsys.a(system.o)
 .sbss.heap_end.1
                0x000000008002c838        0x4 /usr/local/mips64-elf/lib/libdragonsys.a(system.o)
 .sbss.__assert_func_ptr
                0x000000008002c83c        0x4 /usr/local/mips64-elf/lib/libdragonsys.a(system.o)
                0x000000008002c83c                __assert_func_ptr
 .sbss.errno    0x000000008002c840        0x4 /usr/local/mips64-elf/lib/libdragonsys.a(system.o)
                0x000000008002c840                errno
 .sbss._ZN6LibN643DFS6handleE
                0x000000008002c844        0x4 build/LibN64.o
                0x000000008002c844                _ZN6LibN643DFS6handleE
 .sbss.next_entry
                0x000000008002c848        0x4 /usr/local/lib/gcc/mips64-elf/11.2.0/../../../../mips64-elf/lib/libdragon.a(dragonfs.o)
 .sbss.directory_top
                0x000000008002c84c        0x4 /usr/local/lib/gcc/mips64-elf/11.2.0/../../../../mips64-elf/lib/libdragon.a(dragonfs.o)
 .sbss.base_ptr
                0x000000008002c850        0x4 /usr/local/lib/gcc/mips64-elf/11.2.0/../../../../mips64-elf/lib/libdragon.a(dragonfs.o)
 .sbss.ticks64_high
                0x000000008002c854        0x4 /usr/local/lib/gcc/mips64-elf/11.2.0/../../../../mips64-elf/lib/libdragon.a(timer.o)
                0x000000008002c854                ticks64_high
 .sbss.TI_timers
                0x000000008002c858        0x4 /usr/local/lib/gcc/mips64-elf/11.2.0/../../../../mips64-elf/lib/libdragon.a(timer.o)
 .sbss._ZN12_GLOBAL__N_113__new_handlerE
                0x000000008002c85c        0x4 /usr/local/lib/gcc/mips64-elf/11.2.0/../../../../mips64-elf/lib/libstdc++.a(new_handler.o)
 .sbss._ZZN9__gnu_cxx27__verbose_terminate_handlerEvE11terminating
                0x000000008002c860        0x1 /usr/local/lib/gcc/mips64-elf/11.2.0/../../../../mips64-elf/lib/libstdc++.a(vterminate.o)
 *fill*         0x000000008002c861        0x7 
 .sbss._ZL10eh_globals
                0x000000008002c868        0x8 /usr/local/lib/gcc/mips64-elf/11.2.0/../../../../mips64-elf/lib/libstdc++.a(eh_globals.o)
 *(.gnu.linkonce.sb.*)
 *(.scommon)
 *(.scommon.*)
                0x000000008002c870                . = ALIGN (0x8)

.bss            0x000000008002c900    0x114d0
 *(.bss)
 .bss           0x000000008002c900    0x10400 /usr/local/mips64-elf/lib/libdragon.a(inthandler.o)
 .bss           0x000000008003cd00       0x28 /usr/local/lib/gcc/mips64-elf/11.2.0/../../../../mips64-elf/lib/libc.a(lib_a-mallocr.o)
                0x000000008003cd00                __malloc_current_mallinfo
 .bss           0x000000008003cd28       0xbd /usr/local/lib/gcc/mips64-elf/11.2.0/libgcc.a(unwind-dw2.o)
 *fill*         0x000000008003cde5        0x3 
 .bss           0x000000008003cde8        0xc /usr/local/lib/gcc/mips64-elf/11.2.0/libgcc.a(unwind-dw2-fde.o)
 *(.bss*)
 *fill*         0x000000008003cdf4        0x4 
 .bss.__safe_buffer
                0x000000008003cdf8        0xc /usr/local/mips64-elf/lib/libdragon.a(display.o)
                0x000000008003cdf8                __safe_buffer
 *fill*         0x000000008003ce04        0x4 
 .bss.buffer    0x000000008003ce08        0xc /usr/local/mips64-elf/lib/libdragon.a(display.o)
 *fill*         0x000000008003ce14        0x4 
 .bss.stdio_hooks
                0x000000008003ce18        0xc /usr/local/mips64-elf/lib/libdragonsys.a(system.o)
 *fill*         0x000000008003ce24        0x4 
 .bss.handles   0x000000008003ce28      0x4b0 /usr/local/mips64-elf/lib/libdragonsys.a(system.o)
 .bss.filesystems
                0x000000008003d2d8       0x50 /usr/local/mips64-elf/lib/libdragonsys.a(system.o)
 .bss.directories
                0x000000008003d328      0x190 /usr/local/lib/gcc/mips64-elf/11.2.0/../../../../mips64-elf/lib/libdragon.a(dragonfs.o)
 *fill*         0x000000008003d4b8        0x8 
 .bss.open_files
                0x000000008003d4c0      0x880 /usr/local/lib/gcc/mips64-elf/11.2.0/../../../../mips64-elf/lib/libdragon.a(dragonfs.o)
 .bss.last      0x000000008003dd40       0x40 /usr/local/lib/gcc/mips64-elf/11.2.0/../../../../mips64-elf/lib/libdragon.a(controller.o)
 .bss.current   0x000000008003dd80       0x40 /usr/local/lib/gcc/mips64-elf/11.2.0/../../../../mips64-elf/lib/libdragon.a(controller.o)
 .bss._ZN12_GLOBAL__N_114emergency_poolE
                0x000000008003ddc0       0x10 /usr/local/lib/gcc/mips64-elf/11.2.0/../../../../mips64-elf/lib/libstdc++.a(eh_alloc.o)
 *(.gnu.linkonce.b.*)
 *(COMMON)
                0x000000008003ddd0                . = ALIGN (0x8)
                0x000000008003ddd0                __bss_end = .
                0x000000008003ddd0                . = ALIGN (0x8)
                0x000000008003ddd0                end = .
LOAD /usr/local/lib/gcc/mips64-elf/11.2.0/../../../../mips64-elf/lib/libstdc++.a
LOAD /usr/local/lib/gcc/mips64-elf/11.2.0/../../../../mips64-elf/lib/libm.a
LOAD /usr/local/lib/gcc/mips64-elf/11.2.0/../../../../mips64-elf/lib/libc.a
LOAD /usr/local/lib/gcc/mips64-elf/11.2.0/libgcc.a
LOAD /usr/local/lib/gcc/mips64-elf/11.2.0/libgcc.a
LOAD /usr/local/lib/gcc/mips64-elf/11.2.0/crtend.o
LOAD /usr/local/lib/gcc/mips64-elf/11.2.0/crtn.o
OUTPUT(build/CPPLibDragonN64.elf elf32-bigmips)

.reginfo        0x0000000000000000       0x18
 .reginfo       0x0000000000000000       0x18 /usr/local/lib/gcc/mips64-elf/11.2.0/crti.o

.pdr            0x0000000000000000        0x0
 .pdr           0x0000000000000000        0x0 /usr/local/lib/gcc/mips64-elf/11.2.0/crti.o
 .pdr           0x0000000000000000        0x0 /usr/local/lib/gcc/mips64-elf/11.2.0/crtbegin.o
 .pdr           0x0000000000000000        0x0 /usr/local/mips64-elf/lib/libdragon.a(inthandler.o)
 .pdr           0x0000000000000000        0x0 /usr/local/lib/gcc/mips64-elf/11.2.0/../../../../mips64-elf/lib/libstdc++.a(eh_unex_handler.o)
 .pdr           0x0000000000000000        0x0 /usr/local/lib/gcc/mips64-elf/11.2.0/../../../../mips64-elf/lib/libstdc++.a(eh_term_handler.o)
 .pdr           0x0000000000000000        0x0 /usr/local/lib/gcc/mips64-elf/11.2.0/../../../../mips64-elf/lib/libc.a(lib_a-impure.o)
 .pdr           0x0000000000000000        0x0 /usr/local/lib/gcc/mips64-elf/11.2.0/../../../../mips64-elf/lib/libc.a(lib_a-ctype_.o)
 .pdr           0x0000000000000000        0x0 /usr/local/lib/gcc/mips64-elf/11.2.0/crtend.o

.gnu.attributes
                0x0000000000000000       0x10
 .gnu.attributes
                0x0000000000000000       0x10 /usr/local/lib/gcc/mips64-elf/11.2.0/crti.o
 .gnu.attributes
                0x0000000000000010       0x10 /usr/local/lib/gcc/mips64-elf/11.2.0/crtbegin.o
 .gnu.attributes
                0x0000000000000020       0x10 /usr/local/mips64-elf/lib/libdragon.a(debug.o)
 .gnu.attributes
                0x0000000000000030       0x10 /usr/local/mips64-elf/lib/libdragon.a(console.o)
 .gnu.attributes
                0x0000000000000040       0x10 /usr/local/mips64-elf/lib/libdragon.a(graphics.o)
 .gnu.attributes
                0x0000000000000050       0x10 /usr/local/mips64-elf/lib/libdragon.a(dma.o)
 .gnu.attributes
                0x0000000000000060       0x10 /usr/local/mips64-elf/lib/libdragon.a(do_ctors.o)
 .gnu.attributes
                0x0000000000000070       0x10 /usr/local/mips64-elf/lib/libdragon.a(n64sys.o)
 .gnu.attributes
                0x0000000000000080       0x10 /usr/local/mips64-elf/lib/libdragon.a(interrupt.o)
 .gnu.attributes
                0x0000000000000090       0x10 /usr/local/mips64-elf/lib/libdragon.a(inthandler.o)
 .gnu.attributes
                0x00000000000000a0       0x10 /usr/local/mips64-elf/lib/libdragon.a(display.o)
 .gnu.attributes
                0x00000000000000b0       0x10 /usr/local/mips64-elf/lib/libdragon.a(exception.o)
 .gnu.attributes
                0x00000000000000c0       0x10 /usr/local/mips64-elf/lib/libdragonsys.a(system.o)
 .gnu.attributes
                0x00000000000000d0       0x10 build/CPPLibDragonN64.o
 .gnu.attributes