Archive member included to satisfy reference by file (symbol)

/usr/local/mips64-elf/lib/libdragon.a(entrypoint.o)
                              (_start)
/usr/local/mips64-elf/lib/libdragon.a(debug.o)
                              /usr/local/mips64-elf/lib/libdragon.a(entrypoint.o) (debug_assert_func)
/usr/local/mips64-elf/lib/libdragon.a(usb.o)
                              /usr/local/mips64-elf/lib/libdragon.a(debug.o) (usb_initialize)
/usr/local/mips64-elf/lib/libdragon.a(ff.o)
                              /usr/local/mips64-elf/lib/libdragon.a(debug.o) (f_mount)
/usr/local/mips64-elf/lib/libdragon.a(ffunicode.o)
                              /usr/local/mips64-elf/lib/libdragon.a(ff.o) (ff_uni2oem)
/usr/local/mips64-elf/lib/libdragon.a(console.o)
                              /usr/local/mips64-elf/lib/libdragon.a(debug.o) (console_set_render_mode)
/usr/local/mips64-elf/lib/libdragon.a(graphics.o)
                              /usr/local/mips64-elf/lib/libdragon.a(console.o) (graphics_set_color)
/usr/local/mips64-elf/lib/libdragon.a(dma.o)
                              /usr/local/mips64-elf/lib/libdragon.a(debug.o) (dma_write_raw_async)
/usr/local/mips64-elf/lib/libdragon.a(do_ctors.o)
                              /usr/local/mips64-elf/lib/libdragon.a(entrypoint.o) (__wrap___do_global_ctors)
/usr/local/mips64-elf/lib/libdragon.a(n64sys.o)
                              /usr/local/mips64-elf/lib/libdragon.a(debug.o) (sys_bbplayer)
/usr/local/mips64-elf/lib/libdragon.a(interrupt.o)
                              /usr/local/mips64-elf/lib/libdragon.a(usb.o) (disable_interrupts)
/usr/local/mips64-elf/lib/libdragon.a(inthandler.o)
                              /usr/local/mips64-elf/lib/libdragon.a(entrypoint.o) (inthandler)
/usr/local/mips64-elf/lib/libdragon.a(display.o)
                              /usr/local/mips64-elf/lib/libdragon.a(graphics.o) (__safe_buffer)
/usr/local/mips64-elf/lib/libdragon.a(exception.o)
                              /usr/local/mips64-elf/lib/libdragon.a(inthandler.o) (__onCriticalException)
/usr/local/mips64-elf/lib/libdragonsys.a(system.o)
                              /usr/local/mips64-elf/lib/libdragon.a(debug.o) (attach_filesystem)
/usr/local/lib/gcc/mips64-elf/11.2.0/../../../../mips64-elf/lib/libdragon.a(dragonfs.o)
                              build/LibN64.o (dfs_open)
/usr/local/lib/gcc/mips64-elf/11.2.0/../../../../mips64-elf/lib/libdragon.a(controller.o)
                              build/LibN64.o (controller_init)
/usr/local/lib/gcc/mips64-elf/11.2.0/../../../../mips64-elf/lib/libdragon.a(timer.o)
                              build/LibN64.o (timer_init)
/usr/local/lib/gcc/mips64-elf/11.2.0/../../../../mips64-elf/lib/libdragon.a(joybus.o)
                              /usr/local/lib/gcc/mips64-elf/11.2.0/../../../../mips64-elf/lib/libdragon.a(controller.o) (joybus_exec)
/usr/local/lib/gcc/mips64-elf/11.2.0/../../../../mips64-elf/lib/libm.a(lib_a-sf_cos.o)
                              build/LibN64.o (cosf)
/usr/local/lib/gcc/mips64-elf/11.2.0/../../../../mips64-elf/lib/libm.a(lib_a-sf_sin.o)
                              build/LibN64.o (sinf)
/usr/local/lib/gcc/mips64-elf/11.2.0/../../../../mips64-elf/lib/libm.a(lib_a-ef_rem_pio2.o)
                              /usr/local/lib/gcc/mips64-elf/11.2.0/../../../../mips64-elf/lib/libm.a(lib_a-sf_cos.o) (__ieee754_rem_pio2f)
/usr/local/lib/gcc/mips64-elf/11.2.0/../../../../mips64-elf/lib/libm.a(lib_a-kf_cos.o)
                              /usr/local/lib/gcc/mips64-elf/11.2.0/../../../../mips64-elf/lib/libm.a(lib_a-sf_cos.o) (__kernel_cosf)
/usr/local/lib/gcc/mips64-elf/11.2.0/../../../../mips64-elf/lib/libm.a(lib_a-kf_rem_pio2.o)
                              /usr/local/lib/gcc/mips64-elf/11.2.0/../../../../mips64-elf/lib/libm.a(lib_a-ef_rem_pio2.o) (__kernel_rem_pio2f)
/usr/local/lib/gcc/mips64-elf/11.2.0/../../../../mips64-elf/lib/libm.a(lib_a-kf_sin.o)
                              /usr/local/lib/gcc/mips64-elf/11.2.0/../../../../mips64-elf/lib/libm.a(lib_a-sf_cos.o) (__kernel_sinf)
/usr/local/lib/gcc/mips64-elf/11.2.0/../../../../mips64-elf/lib/libm.a(lib_a-sf_fabs.o)
                              /usr/local/lib/gcc/mips64-elf/11.2.0/../../../../mips64-elf/lib/libm.a(lib_a-ef_rem_pio2.o) (fabsf)
/usr/local/lib/gcc/mips64-elf/11.2.0/../../../../mips64-elf/lib/libm.a(lib_a-sf_floor.o)
                              /usr/local/lib/gcc/mips64-elf/11.2.0/../../../../mips64-elf/lib/libm.a(lib_a-kf_rem_pio2.o) (floorf)
/usr/local/lib/gcc/mips64-elf/11.2.0/../../../../mips64-elf/lib/libm.a(lib_a-sf_scalbn.o)
                              /usr/local/lib/gcc/mips64-elf/11.2.0/../../../../mips64-elf/lib/libm.a(lib_a-kf_rem_pio2.o) (scalbnf)
/usr/local/lib/gcc/mips64-elf/11.2.0/../../../../mips64-elf/lib/libstdc++.a(class_type_info.o)
                              build/LibN64.o (_ZTVN10__cxxabiv117__class_type_infoE)
/usr/local/lib/gcc/mips64-elf/11.2.0/../../../../mips64-elf/lib/libstdc++.a(del_ops.o)
[...]
Memory Configuration

Name             Origin             Length             Attributes
mem              0x0000000080000000 0x0000000000400000
*default*        0x0000000000000000 0xffffffffffffffff

Linker script and memory map

LOAD /usr/local/lib/gcc/mips64-elf/11.2.0/crti.o
LOAD /usr/local/lib/gcc/mips64-elf/11.2.0/crtbegin.o
LOAD /usr/local/mips64-elf/lib/libdragon.a
LOAD /usr/local/mips64-elf/lib/libdragonsys.a
LOAD build/LibVector.o
LOAD build/CPPLibDragonN64.o
LOAD build/LibString.o
LOAD build/LibN64.o
LOAD /home/spencer/libdragon/NEW/libdragon/libN64.a
LOAD /usr/local/lib/gcc/mips64-elf/11.2.0/../../../../mips64-elf/lib/libdragon.a
LOAD /usr/local/lib/gcc/mips64-elf/11.2.0/../../../../mips64-elf/lib/libm.a
LOAD /usr/local/lib/gcc/mips64-elf/11.2.0/../../../../mips64-elf/lib/libdragonsys.a
                0x0000000080000000                __kseg0_start = 0x80000000
                0x0000000080000400                __libdragon_text_start = (__kseg0_start + 0x400)

.text           0x0000000080000400    0x25f90
 *(.boot)
 .boot          0x0000000080000400      0x198 /usr/local/mips64-elf/lib/libdragon.a(entrypoint.o)
                0x0000000080000400                _start
                0x00000000800005a0                . = ALIGN (0x10)
 *fill*         0x0000000080000598        0x8 
                0x00000000800005a0                __text_start = .
 *(.text)
 .text          0x00000000800005a0      0x2f4 /usr/local/mips64-elf/lib/libdragon.a(inthandler.o)
                0x00000000800005a0                inthandler
 *fill*         0x0000000080000894        0x4 
 .text          0x0000000080000898       0xf8 /usr/local/lib/gcc/mips64-elf/11.2.0/../../../../mips64-elf/lib/libm.a(lib_a-sf_cos.o)
                0x0000000080000898                cosf
 .text          0x0000000080000990      0x100 /usr/local/lib/gcc/mips64-elf/11.2.0/../../../../mips64-elf/lib/libm.a(lib_a-sf_sin.o)
                0x0000000080000990                sinf
 .text          0x0000000080000a90      0x358 /usr/local/lib/gcc/mips64-elf/11.2.0/../../../../mips64-elf/lib/libm.a(lib_a-ef_rem_pio2.o)
                0x0000000080000a90                __ieee754_rem_pio2f
 .text          0x0000000080000de8      0x190 /usr/local/lib/gcc/mips64-elf/11.2.0/../../../../mips64-elf/lib/libm.a(lib_a-kf_cos.o)
                0x0000000080000de8                __kernel_cosf
 .text          0x0000000080000f78      0x988 /usr/local/lib/gcc/mips64-elf/11.2.0/../../../../mips64-elf/lib/libm.a(lib_a-kf_rem_pio2.o)
                0x0000000080000f78                __kernel_rem_pio2f
 .text          0x0000000080001900       0xd8 /usr/local/lib/gcc/mips64-elf/11.2.0/../../../../mips64-elf/lib/libm.a(lib_a-kf_sin.o)
                0x0000000080001900                __kernel_sinf
 .text          0x00000000800019d8       0x20 /usr/local/lib/gcc/mips64-elf/11.2.0/../../../../mips64-elf/lib/libm.a(lib_a-sf_fabs.o)
                0x00000000800019d8                fabsf
 .text          0x00000000800019f8      0x108 /usr/local/lib/gcc/mips64-elf/11.2.0/../../../../mips64-elf/lib/libm.a(lib_a-sf_floor.o)
                0x00000000800019f8                floorf
 .text          0x0000000080001b00      0x178 /usr/local/lib/gcc/mips64-elf/11.2.0/../../../../mips64-elf/lib/libm.a(lib_a-sf_scalbn.o)
                0x0000000080001b00                scalbnf
 .text          0x0000000080001c78     0xa350 /usr/local/lib/gcc/mips64-elf/11.2.0/../../../../mips64-elf/lib/libstdc++.a(cp-demangle.o)
                0x000000008000be00                __cxa_demangle
                0x000000008000bf80                __gcclibcxx_demangle_callback
 .text          0x000000008000bfc8       0x18 /usr/local/lib/gcc/mips64-elf/11.2.0/../../../../mips64-elf/lib/libc.a(lib_a-abort.o)
                0x000000008000bfc8                abort
 .text          0x000000008000bfe0       0x18 /usr/local/lib/gcc/mips64-elf/11.2.0/../../../../mips64-elf/lib/libc.a(lib_a-assert.o)
                0x000000008000bfe0                __assert
 .text          0x000000008000bff8      0x358 /usr/local/lib/gcc/mips64-elf/11.2.0/../../../../mips64-elf/lib/libc.a(lib_a-fflush.o)
                0x000000008000bff8                __sflush_r
                0x000000008000c260                _fflush_r
                0x000000008000c2c8                fflush
 .text          0x000000008000c350      0x3c8 /usr/local/lib/gcc/mips64-elf/11.2.0/../../../../mips64-elf/lib/libc.a(lib_a-findfp.o)
                0x000000008000c358                _cleanup_r
                0x000000008000c4f0                __sfmoreglue
                0x000000008000c568                __sfp
                0x000000008000c6a8                _cleanup
                0x000000008000c6b8                __sinit
                0x000000008000c6d8                __sfp_lock_acquire
                0x000000008000c6e0                __sfp_lock_release
                0x000000008000c6e8                __sinit_lock_acquire
                0x000000008000c6f0                __sinit_lock_release
                0x000000008000c6f8                __fp_lock_all
                0x000000008000c708                __fp_unlock_all
 .text          0x000000008000c718       0x68 /usr/local/lib/gcc/mips64-elf/11.2.0/../../../../mips64-elf/lib/libc.a(lib_a-fprintf.o)
                0x000000008000c718                _fprintf_r
                0x000000008000c740                fprintf
 .text          0x000000008000c780       0xd0 /usr/local/lib/gcc/mips64-elf/11.2.0/../../../../mips64-elf/lib/libc.a(lib_a-fputc.o)
                0x000000008000c780                _fputc_r
                0x000000008000c7e0                fputc
 .text          0x000000008000c850       0xc0 /usr/local/lib/gcc/mips64-elf/11.2.0/../../../../mips64-elf/lib/libc.a(lib_a-fputs.o)
                0x000000008000c850                _fputs_r
                0x000000008000c8f8                fputs
 .text          0x000000008000c910      0x480 /usr/local/lib/gcc/mips64-elf/11.2.0/../../../../mips64-elf/lib/libc.a(lib_a-freer.o)
                0x000000008000c910                _malloc_trim_r
                0x000000008000ca40                _free_r
 .text          0x000000008000cd90       0x58 /usr/local/lib/gcc/mips64-elf/11.2.0/../../../../mips64-elf/lib/libc.a(lib_a-fstatr.o)
                0x000000008000cd90                _fstat_r
 .text          0x000000008000cde8      0x570 /usr/local/lib/gcc/mips64-elf/11.2.0/../../../../mips64-elf/lib/libc.a(lib_a-fvwrite.o)
                0x000000008000cde8                __sfvwrite_r
 .text          0x000000008000d358      0x170 /usr/local/lib/gcc/mips64-elf/11.2.0/../../../../mips64-elf/lib/libc.a(lib_a-fwalk.o)
                0x000000008000d358                _fwalk
                0x000000008000d408                _fwalk_reent
 .text          0x000000008000d4c8      0x1f8 /usr/local/lib/gcc/mips64-elf/11.2.0/../../../../mips64-elf/lib/libc.a(lib_a-fwrite.o)
                0x000000008000d4c8                _fwrite_r
                0x000000008000d5d0                fwrite
 .text          0x000000008000d6c0      0x288 /usr/local/lib/gcc/mips64-elf/11.2.0/../../../../mips64-elf/lib/libc.a(lib_a-makebuf.o)
                0x000000008000d6c0                __smakebuf_r
                0x000000008000d878                __swhatbuf_r
 .text          0x000000008000d948       0x18 /usr/local/lib/gcc/mips64-elf/11.2.0/../../../../mips64-elf/lib/libc.a(lib_a-malign.o)
                0x000000008000d948                memalign
 .text          0x000000008000d960      0x200 /usr/local/lib/gcc/mips64-elf/11.2.0/../../../../mips64-elf/lib/libc.a(lib_a-malignr.o)
                0x000000008000d960                _memalign_r
 .text          0x000000008000db60       0x20 /usr/local/lib/gcc/mips64-elf/11.2.0/../../../../mips64-elf/lib/libc.a(lib_a-malloc.o)
                0x000000008000db60                malloc
                0x000000008000db70                free
 .text          0x000000008000db80      0x898 /usr/local/lib/gcc/mips64-elf/11.2.0/../../../../mips64-elf/lib/libc.a(lib_a-mallocr.o)
                0x000000008000db80                _malloc_r
 .text          0x000000008000e418       0xf0 /usr/local/lib/gcc/mips64-elf/11.2.0/../../../../mips64-elf/lib/libc.a(lib_a-memchr.o)
                0x000000008000e418                memchr
 .text          0x000000008000e508       0x80 /usr/local/lib/gcc/mips64-elf/11.2.0/../../../../mips64-elf/lib/libc.a(lib_a-memcmp.o)
                0x000000008000e508                memcmp
 .text          0x000000008000e588      0x370 /usr/local/lib/gcc/mips64-elf/11.2.0/../../../../mips64-elf/lib/libc.a(lib_a-memcpy.o)
                0x000000008000e588                memcpy
 .text          0x000000008000e8f8      0x150 /usr/local/lib/gcc/mips64-elf/11.2.0/../../../../mips64-elf/lib/libc.a(lib_a-memmove.o)
                0x000000008000e8f8                memmove
 .text          0x000000008000ea48      0x11c /usr/local/lib/gcc/mips64-elf/11.2.0/../../../../mips64-elf/lib/libc.a(lib_a-memset.o)
                0x000000008000ea48                memset
 *fill*         0x000000008000eb64        0x4 
 .text          0x000000008000eb68       0x10 /usr/local/lib/gcc/mips64-elf/11.2.0/../../../../mips64-elf/lib/libc.a(lib_a-mlock.o)
                0x000000008000eb68                __malloc_lock
                0x000000008000eb70                __malloc_unlock
 .text          0x000000008000eb78      0x160 /usr/local/lib/gcc/mips64-elf/11.2.0/../../../../mips64-elf/lib/libc.a(lib_a-putc.o)
                0x000000008000eb78                _putc_r
                0x000000008000ec20                putc
 .text          0x000000008000ecd8       0x18 /usr/local/lib/gcc/mips64-elf/11.2.0/../../../../mips64-elf/lib/libc.a(lib_a-realloc.o)
                0x000000008000ecd8                realloc
 .text          0x000000008000ecf0      0x5f8 /usr/local/lib/gcc/mips64-elf/11.2.0/../../../../mips64-elf/lib/libc.a(lib_a-reallocr.o)
                0x000000008000ecf0                _realloc_r
 .text          0x000000008000f2e8       0x50 /usr/local/lib/gcc/mips64-elf/11.2.0/../../../../mips64-elf/lib/libc.a(lib_a-sbrkr.o)
                0x000000008000f2e8                _sbrk_r
 .text          0x000000008000f338      0x5d8 /usr/local/lib/gcc/mips64-elf/11.2.0/../../../../mips64-elf/lib/libc.a(lib_a-signal.o)
                0x000000008000f338                _init_signal_r
                0x000000008000f3a0                _signal_r
                0x000000008000f458                _raise_r
                0x000000008000f528                __sigtramp_r
                0x000000008000f618                raise
                0x000000008000f6f8                signal
                0x000000008000f7b8                _init_signal
                0x000000008000f828                __sigtramp
 .text          0x000000008000f910       0x60 /usr/local/lib/gcc/mips64-elf/11.2.0/../../../../mips64-elf/lib/libc.a(lib_a-signalr.o)
                0x000000008000f910                _kill_r
                0x000000008000f968                _getpid_r
 .text          0x000000008000f970       0xd8 /usr/local/lib/gcc/mips64-elf/11.2.0/../../../../mips64-elf/lib/libc.a(lib_a-sprintf.o)
                0x000000008000f970                _sprintf_r
                0x000000008000f9d8                sprintf
 .text          0x000000008000fa48      0x188 /usr/local/lib/gcc/mips64-elf/11.2.0/../../../../mips64-elf/lib/libc.a(lib_a-stdio.o)
                0x000000008000fa48                __sread
                0x000000008000faa0                __seofread
                0x000000008000faa8                __swrite
                0x000000008000fb68                __sseek
                0x000000008000fbc8                __sclose
 .text          0x000000008000fbd0      0x240 /usr/local/lib/gcc/mips64-elf/11.2.0/../../../../mips64-elf/lib/libc.a(lib_a-strcmp.o)
                0x000000008000fbd0                strcmp
 .text          0x000000008000fe10       0xa8 /usr/local/lib/gcc/mips64-elf/11.2.0/../../../../mips64-elf/lib/libc.a(lib_a-strcpy.o)
                0x000000008000fe10                strcpy
 .text          0x000000008000feb8       0x18 /usr/local/lib/gcc/mips64-elf/11.2.0/../../../../mips64-elf/lib/libc.a(lib_a-strlen.o)
                0x000000008000feb8                strlen
 .text          0x000000008000fed0       0xf8 /usr/local/lib/gcc/mips64-elf/11.2.0/../../../../mips64-elf/lib/libc.a(lib_a-strncmp.o)
                0x000000008000fed0                strncmp
 .text          0x000000008000ffc8     0x1f30 /usr/local/lib/gcc/mips64-elf/11.2.0/../../../../mips64-elf/lib/libc.a(lib_a-svfprintf.o)
                0x000000008000ffc8                _svfprintf_r
 .text          0x0000000080011ef8     0x20b0 /usr/local/lib/gcc/mips64-elf/11.2.0/../../../../mips64-elf/lib/libc.a(lib_a-vfprintf.o)
                0x0000000080011ef8                _vfprintf_r
                0x0000000080013ec0                vfprintf
 .text          0x0000000080013fa8       0xb8 /usr/local/lib/gcc/mips64-elf/11.2.0/../../../../mips64-elf/lib/libc.a(lib_a-vsprintf.o)
                0x0000000080013fa8                vsprintf
                0x0000000080014008                _vsprintf_r
 .text          0x0000000080014060      0x1b8 /usr/local/lib/gcc/mips64-elf/11.2.0/../../../../mips64-elf/lib/libc.a(lib_a-wbuf.o)
                0x0000000080014060                __swbuf_r
                0x0000000080014200                __swbuf
 .text          0x0000000080014218       0x60 /usr/local/lib/gcc/mips64-elf/11.2.0/../../../../mips64-elf/lib/libc.a(lib_a-writer.o)
                0x0000000080014218                _write_r
 .text          0x0000000080014278      0x178 /usr/local/lib/gcc/mips64-elf/11.2.0/../../../../mips64-elf/lib/libc.a(lib_a-wsetup.o)
                0x0000000080014278                __swsetup_r
 .text          0x00000000800143f0       0x50 /usr/local/lib/gcc/mips64-elf/11.2.0/../../../../mips64-elf/lib/libc.a(lib_a-closer.o)
                0x00000000800143f0                _close_r
 .text          0x0000000080014440     0x1678 /usr/local/lib/gcc/mips64-elf/11.2.0/../../../../mips64-elf/lib/libc.a(lib_a-dtoa.o)
                0x0000000080014690                _dtoa_r
 .text          0x0000000080015ab8        0x8 /usr/local/lib/gcc/mips64-elf/11.2.0/../../../../mips64-elf/lib/libc.a(lib_a-errno.o)
                0x0000000080015ab8                __errno
 .text          0x0000000080015ac0      0x150 /usr/local/lib/gcc/mips64-elf/11.2.0/../../../../mips64-elf/lib/libc.a(lib_a-fclose.o)
                0x0000000080015ac0                _fclose_r
                0x0000000080015c00                fclose
 .text          0x0000000080015c10       0x50 /usr/local/lib/gcc/mips64-elf/11.2.0/../../../../mips64-elf/lib/libc.a(lib_a-isattyr.o)
                0x0000000080015c10                _isatty_r
 .text          0x0000000080015c60       0x28 /usr/local/lib/gcc/mips64-elf/11.2.0/../../../../mips64-elf/lib/libc.a(lib_a-localeconv.o)
                0x0000000080015c60                __localeconv_l
                0x0000000080015c68                _localeconv_r
                0x0000000080015c78                localeconv
 .text          0x0000000080015c88      0x120 /usr/local/lib/gcc/mips64-elf/11.2.0/../../../../mips64-elf/lib/libc.a(lib_a-locale.o)
                0x0000000080015c88                _setlocale_r
                0x0000000080015d10                __locale_mb_cur_max
                0x0000000080015d20                setlocale
 .text          0x0000000080015da8       0x60 /usr/local/lib/gcc/mips64-elf/11.2.0/../../../../mips64-elf/lib/libc.a(lib_a-lseekr.o)
                0x0000000080015da8                _lseek_r
 .text          0x0000000080015e08       0x70 /usr/local/lib/gcc/mips64-elf/11.2.0/../../../../mips64-elf/lib/libc.a(lib_a-mbtowc_r.o)
                0x0000000080015e08                _mbtowc_r
                0x0000000080015e18                __ascii_mbtowc
 .text          0x0000000080015e78     0x1410 /usr/local/lib/gcc/mips64-elf/11.2.0/../../../../mips64-elf/lib/libc.a(lib_a-mprec.o)
                0x0000000080015e78                _Balloc
                0x0000000080015f28                _Bfree
                0x0000000080015f58                __multadd
                0x00000000800160b8                __s2b
                0x0000000080016238                __hi0bits
                0x00000000800162b8                __lo0bits
                0x0000000080016380                __i2b
                0x0000000080016458                __multiply
                0x00000000800166e8                __pow5mult
                0x0000000080016858                __lshift
                0x0000000080016a10                __mcmp
                0x0000000080016a78                __mdiff
                0x0000000080016ce0                __ulp
                0x0000000080016d90                __b2d
                0x0000000080016f18                __d2b
                0x0000000080017080                __ratio
                0x0000000080017140                _mprec_log10
                0x0000000080017180                __copybits
                0x0000000080017208                __any_on
 .text          0x0000000080017288       0x60 /usr/local/lib/gcc/mips64-elf/11.2.0/../../../../mips64-elf/lib/libc.a(lib_a-readr.o)
                0x0000000080017288                _read_r
 .text          0x00000000800172e8     0x1100 /usr/local/lib/gcc/mips64-elf/11.2.0/../../../../mips64-elf/lib/libc.a(lib_a-svfiprintf.o)
                0x00000000800172e8                __ssprint_r
                0x0000000080017528                _svfiprintf_r
 .text          0x00000000800183e8     0x1370 /usr/local/lib/gcc/mips64-elf/11.2.0/../../../../mips64-elf/lib/libc.a(lib_a-vfiprintf.o)
                0x0000000080018520                __sprint_r
                0x0000000080018540                _vfiprintf_r
                0x0000000080019670                vfiprintf
 .text          0x0000000080019758       0x48 /usr/local/lib/gcc/mips64-elf/11.2.0/../../../../mips64-elf/lib/libc.a(lib_a-wctomb_r.o)
                0x0000000080019758                _wctomb_r
                0x0000000080019768                __ascii_wctomb
 .text          0x00000000800197a0      0x118 /usr/local/lib/gcc/mips64-elf/11.2.0/../../../../mips64-elf/lib/libc.a(lib_a-callocr.o)
                0x00000000800197a0                _calloc_r
 .text          0x00000000800198b8      0x248 /usr/local/lib/gcc/mips64-elf/11.2.0/../../../../mips64-elf/lib/libc.a(lib_a-fputwc.o)
                0x00000000800198b8                __fputwc
                0x0000000080019a60                _fputwc_r
                0x0000000080019a88                fputwc
 .text          0x0000000080019b00      0x110 /usr/local/lib/gcc/mips64-elf/11.2.0/../../../../mips64-elf/lib/libc.a(lib_a-wcrtomb.o)
                0x0000000080019b00                _wcrtomb_r
                0x0000000080019b80                wcrtomb
 .text          0x0000000080019c10     0x3a00 /usr/local/lib/gcc/mips64-elf/11.2.0/libgcc.a(unwind-dw2.o)
                0x000000008001c9c0                _Unwind_GetGR
                0x000000008001ca40                _Unwind_GetCFA
                0x000000008001ca48                _Unwind_SetGR
                0x000000008001cad0                _Unwind_GetIP
                0x000000008001cad8                _Unwind_GetIPInfo
                0x000000008001caf0                _Unwind_SetIP
                0x000000008001caf8                _Unwind_GetLanguageSpecificData
                0x000000008001cb00                _Unwind_GetRegionStart
                0x000000008001cb08                _Unwind_FindEnclosingFunction
                0x000000008001cb30                _Unwind_GetDataRelBase
                0x000000008001cb38                _Unwind_GetTextRelBase
                0x000000008001cb40                __frame_state_for
                0x000000008001cc68                _Unwind_RaiseException
                0x000000008001cf60                _Unwind_ForcedUnwind
                0x000000008001d0f8                _Unwind_Resume
                0x000000008001d288                _Unwind_Resume_or_Rethrow
                0x000000008001d418                _Unwind_DeleteException
                0x000000008001d438                _Unwind_Backtrace
 .text          0x000000008001d610     0x1d80 /usr/local/lib/gcc/mips64-elf/11.2.0/libgcc.a(unwind-dw2-fde.o)
                0x000000008001eea0                __register_frame_info_bases
                0x000000008001eee8                __register_frame_info
                0x000000008001ef30                __register_frame
                0x000000008001efa0                __register_frame_info_table_bases
                0x000000008001efd0                __register_frame_info_table
                0x000000008001f000                __register_frame_table
                0x000000008001f058                __deregister_frame_info_bases
                0x000000008001f140                __deregister_frame_info
                0x000000008001f148                __deregister_frame
                0x000000008001f180                _Unwind_Find_FDE
 *(.text.*)
 *fill*         0x000000008001f390       0x10 
 .text.debug_assert_func_f
                0x000000008001f3a0       0xe0 /usr/local/mips64-elf/lib/libdragon.a(debug.o)
                0x000000008001f3a0                debug_assert_func_f
 .text.debug_assert_func
                0x000000008001f480       0x20 /usr/local/mips64-elf/lib/libdragon.a(debug.o)
                0x000000008001f480                debug_assert_func
 .text.__console_render.part.0
                0x000000008001f4a0      0x100 /usr/local/mips64-elf/lib/libdragon.a(console.o)
 .text.__console_write
                0x000000008001f5a0      0x280 /usr/local/mips64-elf/lib/libdragon.a(console.o)
 .text.console_set_render_mode
                0x000000008001f820       0x20 /usr/local/mips64-elf/lib/libdragon.a(console.o)
                0x000000008001f820                console_set_render_mode
 .text.console_init
                0x000000008001f840       0xc0 /usr/local/mips64-elf/lib/libdragon.a(console.o)
                0x000000008001f840                console_init
 .text.console_close
                0x000000008001f900       0x60 /usr/local/mips64-elf/lib/libdragon.a(console.o)
                0x000000008001f900                console_close
 .text.console_clear
                0x000000008001f960       0x80 /usr/local/mips64-elf/lib/libdragon.a(console.o)
                0x000000008001f960                console_clear
 .text.console_render
                0x000000008001f9e0       0x40 /usr/local/mips64-elf/lib/libdragon.a(console.o)
                0x000000008001f9e0                console_render
 .text.console_set_debug
                0x000000008001fa20       0x20 /usr/local/mips64-elf/lib/libdragon.a(console.o)
                0x000000008001fa20                console_set_debug
 .text.graphics_draw_character.part.0
                0x000000008001fa40      0x1a0 /usr/local/mips64-elf/lib/libdragon.a(graphics.o)
 .text.graphics_make_color
                0x000000008001fbe0       0x80 /usr/local/mips64-elf/lib/libdragon.a(graphics.o)
                0x000000008001fbe0                graphics_make_color
 .text.graphics_set_color
                0x000000008001fc60       0x20 /usr/local/mips64-elf/lib/libdragon.a(graphics.o)
                0x000000008001fc60                graphics_set_color
 .text.graphics_draw_box
                0x000000008001fc80      0x100 /usr/local/mips64-elf/lib/libdragon.a(graphics.o)
                0x000000008001fc80                graphics_draw_box
 .text.graphics_fill_screen
                0x000000008001fd80       0x80 /usr/local/mips64-elf/lib/libdragon.a(graphics.o)
                0x000000008001fd80                graphics_fill_screen
 .text.graphics_draw_character
                0x000000008001fe00       0x20 /usr/local/mips64-elf/lib/libdragon.a(graphics.o)
                0x000000008001fe00                graphics_draw_character
 .text.graphics_draw_text
                0x000000008001fe20      0x120 /usr/local/mips64-elf/lib/libdragon.a(graphics.o)
                0x000000008001fe20                graphics_draw_text
 .text.dma_read_raw_async
                0x000000008001ff40       0xa0 /usr/local/mips64-elf/lib/libdragon.a(dma.o)
                0x000000008001ff40                dma_read_raw_async
 .text.dma_read_async
                0x000000008001ffe0      0x320 /usr/local/mips64-elf/lib/libdragon.a(dma.o)
                0x000000008001ffe0                dma_read_async
 .text.dma_read
                0x0000000080020300       0x40 /usr/local/mips64-elf/lib/libdragon.a(dma.o)
                0x0000000080020300                dma_read
 .text.__wrap___do_global_ctors
                0x0000000080020340       0xc0 /usr/local/mips64-elf/lib/libdragon.a(do_ctors.o)
                0x0000000080020340                __wrap___do_global_ctors
 .text.sys_bbplayer
                0x0000000080020400       0x20 /usr/local/mips64-elf/lib/libdragon.a(n64sys.o)
                0x0000000080020400                sys_bbplayer
 .text.__data_cache_hit_invalidate
                0x0000000080020420       0x60 /usr/local/mips64-elf/lib/libdragon.a(n64sys.o)
                0x0000000080020420                __data_cache_hit_invalidate
 .text.data_cache_hit_writeback_invalidate
                0x0000000080020480       0x60 /usr/local/mips64-elf/lib/libdragon.a(n64sys.o)
                0x0000000080020480                data_cache_hit_writeback_invalidate
 .text.get_memory_size
                0x00000000800204e0       0x60 /usr/local/mips64-elf/lib/libdragon.a(n64sys.o)
                0x00000000800204e0                get_memory_size
 .text.get_tv_type
                0x0000000080020540       0x20 /usr/local/mips64-elf/lib/libdragon.a(n64sys.o)
                0x0000000080020540                get_tv_type
 .text.startup.__init_cop1
                0x0000000080020560       0x20 /usr/local/mips64-elf/lib/libdragon.a(n64sys.o)
                0x0000000080020560                __init_cop1
 .text.__MI_handler
                0x0000000080020580      0x220 /usr/local/mips64-elf/lib/libdragon.a(interrupt.o)
                0x0000000080020580                __MI_handler
 .text.__TI_handler
                0x00000000800207a0       0x60 /usr/local/mips64-elf/lib/libdragon.a(interrupt.o)
                0x00000000800207a0                __TI_handler
 .text.register_VI_handler
                0x0000000080020800       0x60 /usr/local/mips64-elf/lib/libdragon.a(interrupt.o)
                0x0000000080020800                register_VI_handler
 .text.unregister_VI_handler
                0x0000000080020860       0x60 /usr/local/mips64-elf/lib/libdragon.a(interrupt.o)
                0x0000000080020860                unregister_VI_handler
 .text.register_TI_handler
                0x00000000800208c0       0x60 /usr/local/mips64-elf/lib/libdragon.a(interrupt.o)
                0x00000000800208c0                register_TI_handler
 .text.unregister_TI_handler
                0x0000000080020920       0x60 /usr/local/mips64-elf/lib/libdragon.a(interrupt.o)
                0x0000000080020920                unregister_TI_handler
 .text.set_VI_interrupt
                0x0000000080020980       0x40 /usr/local/mips64-elf/lib/libdragon.a(interrupt.o)
                0x0000000080020980                set_VI_interrupt
 .text.startup.__init_interrupts
                0x00000000800209c0       0x40 /usr/local/mips64-elf/lib/libdragon.a(interrupt.o)
                0x00000000800209c0                __init_interrupts
 .text.disable_interrupts
                0x0000000080020a00       0x40 /usr/local/mips64-elf/lib/libdragon.a(interrupt.o)
                0x0000000080020a00                disable_interrupts
 .text.enable_interrupts
                0x0000000080020a40       0x80 /usr/local/mips64-elf/lib/libdragon.a(interrupt.o)
                0x0000000080020a40                enable_interrupts
 .text.__display_callback
                0x0000000080020ac0       0x80 /usr/local/mips64-elf/lib/libdragon.a(display.o)
 .text.display_show.part.0
                0x0000000080020b40       0x40 /usr/local/mips64-elf/lib/libdragon.a(display.o)
 .text.display_init
                0x0000000080020b80      0x4a0 /usr/local/mips64-elf/lib/libdragon.a(display.o)
                0x0000000080020b80                display_init
 .text.display_close
                0x0000000080021020       0xc0 /usr/local/mips64-elf/lib/libdragon.a(display.o)
                0x0000000080021020                display_close
 .text.display_lock
                0x00000000800210e0       0xa0 /usr/local/mips64-elf/lib/libdragon.a(display.o)
                0x00000000800210e0                display_lock
 .text.display_show
                0x0000000080021180       0x60 /usr/local/mips64-elf/lib/libdragon.a(display.o)
                0x0000000080021180                display_show
 .text.display_show_force
                0x00000000800211e0       0x80 /usr/local/mips64-elf/lib/libdragon.a(display.o)
                0x00000000800211e0                display_show_force
 .text.exception_default_handler
                0x0000000080021260      0x7c0 /usr/local/mips64-elf/lib/libdragon.a(exception.o)
                0x0000000080021260                exception_default_handler
 .text.__onCriticalException
                0x0000000080021a20       0x60 /usr/local/mips64-elf/lib/libdragon.a(exception.o)
                0x0000000080021a20                __onCriticalException
 .text.__onResetException
                0x0000000080021a80       0x60 /usr/local/mips64-elf/lib/libdragon.a(exception.o)
                0x0000000080021a80                __onResetException
 .text.attach_filesystem
                0x0000000080021ae0      0x220 /usr/local/mips64-elf/lib/libdragonsys.a(system.o)
                0x0000000080021ae0                attach_filesystem
 .text.close    0x0000000080021d00      0x140 /usr/local/mips64-elf/lib/libdragonsys.a(system.o)
                0x0000000080021d00                close
 .text._exit    0x0000000080021e40       0x20 /usr/local/mips64-elf/lib/libdragonsys.a(system.o)
                0x0000000080021e40                _exit
 .text.fstat    0x0000000080021e60      0x100 /usr/local/mips64-elf/lib/libdragonsys.a(system.o)
                0x0000000080021e60                fstat
 .text.getpid   0x0000000080021f60       0x20 /usr/local/mips64-elf/lib/libdragonsys.a(system.o)
                0x0000000080021f60                getpid
 .text.isatty   0x0000000080021f80       0x40 /usr/local/mips64-elf/lib/libdragonsys.a(system.o)
                0x0000000080021f80                isatty
 .text.kill     0x0000000080021fc0       0x20 /usr/local/mips64-elf/lib/libdragonsys.a(system.o)
                0x0000000080021fc0                kill
 .text.lseek    0x0000000080021fe0      0x100 /usr/local/mips64-elf/lib/libdragonsys.a(system.o)
                0x0000000080021fe0                lseek
 .text.read     0x00000000800220e0      0x140 /usr/local/mips64-elf/lib/libdragonsys.a(system.o)
                0x00000000800220e0                read
 .text.sbrk     0x0000000080022220       0xc0 /usr/local/mips64-elf/lib/libdragonsys.a(system.o)
                0x0000000080022220                sbrk
 .text.write    0x00000000800222e0      0x140 /usr/local/mips64-elf/lib/libdragonsys.a(system.o)
                0x00000000800222e0                write
 .text.hook_stdio_calls
                0x0000000080022420       0x60 /usr/local/mips64-elf/lib/libdragonsys.a(system.o)
                0x0000000080022420                hook_stdio_calls
 .text.unhook_stdio_calls
                0x0000000080022480       0x80 /usr/local/mips64-elf/lib/libdragonsys.a(system.o)
                0x0000000080022480                unhook_stdio_calls
 .text.__assert_func
                0x0000000080022500       0x20 /usr/local/mips64-elf/lib/libdragonsys.a(system.o)
                0x0000000080022500                __assert_func
 .text._ZN8Instance8OnCreateEv
                0x0000000080022520       0x20 build/CPPLibDragonN64.o
                0x0000000080022520                _ZN8Instance8OnCreateEv
 .text._ZN8Instance11KeyBPressedEv
                0x0000000080022540       0x20 build/CPPLibDragonN64.o
                0x0000000080022540                _ZN8Instance11KeyBPressedEv
 .text._ZN8Instance11KeyAPressedEv
                0x0000000080022560       0x60 build/CPPLibDragonN64.o
                0x0000000080022560                _ZN8Instance11KeyAPressedEv
 .text._ZN8Instance11KeyZPressedEv
                0x00000000800225c0       0x40 build/CPPLibDragonN64.o
                0x00000000800225c0                _ZN8Instance11KeyZPressedEv
 .text._ZN6LibN645Frame14DrawTextFormatEiiPKcz
                0x0000000080022600       0x80 build/CPPLibDragonN64.o
                0x0000000080022600                _ZN6LibN645Frame14DrawTextFormatEiiPKcz
 .text._ZN8Instance11FrameUpdateEv
                0x0000000080022680       0xe0 build/CPPLibDragonN64.o
                0x0000000080022680                _ZN8Instance11FrameUpdateEv
 .text.startup.main
                0x0000000080022760       0x60 build/CPPLibDragonN64.o
                0x0000000080022760                main
 .text._ZN6LibN645Frame11FrameUpdateEv
                0x00000000800227c0       0x20 build/LibN64.o
                0x00000000800227c0                _ZN6LibN645Frame14KeyJoyXPressedEv
                0x00000000800227c0                _ZN6LibN645Frame11KeyZPressedEv
                0x00000000800227c0                _ZN6LibN645Frame11KeyAPressedEv
                0x00000000800227c0                _ZN6LibN645Frame12KeyDDPressedEv
                0x00000000800227c0                _ZN6LibN645Frame15KeyStartPressedEv
                0x00000000800227c0                _ZN6LibN645Frame11KeyBPressedEv
                0x00000000800227c0                _ZN6LibN645Frame12KeyDRPressedEv
                0x00000000800227c0                _ZN6LibN645Frame8OnCreateEv
                0x00000000800227c0                _ZN6LibN645Frame12KeyDUPressedEv
                0x00000000800227c0                _ZN6LibN645Frame14KeyJoyYPressedEv
                0x00000000800227c0                _ZN6LibN645Frame12KeyDLPressedEv
                0x00000000800227c0                _ZN6LibN645Frame11FrameUpdateEv
 .text._ZN6LibN643DFS9QuickReadEPKc
                0x00000000800227e0       0xe0 build/LibN64.o
                0x00000000800227e0                _ZN6LibN643DFS9QuickReadEPKc
 .text._ZN6LibN645FrameC2E12resolution_t10bitdepth_ti
                0x00000000800228c0      0x180 build/LibN64.o
                0x00000000800228c0                _ZN6LibN645FrameC1E12resolution_t10bitdepth_ti
                0x00000000800228c0                _ZN6LibN645FrameC2E12resolution_t10bitdepth_ti
 .text._ZN6LibN645Frame11ClearScreenEv
                0x0000000080022a40       0x60 build/LibN64.o
                0x0000000080022a40                _ZN6LibN645Frame11ClearScreenEv
 .text._ZN6LibN645Frame9SetScreenE12resolution_t10bitdepth_t
                0x0000000080022aa0       0xc0 build/LibN64.o
                0x0000000080022aa0                _ZN6LibN645Frame9SetScreenE12resolution_t10bitdepth_t
 .text._ZN6LibN645Frame5BeginEv
                0x0000000080022b60      0x360 build/LibN64.o
                0x0000000080022b60                _ZN6LibN645Frame5BeginEv
 .text._ZN6LibN645Frame10DrawCircleEiiij
                0x0000000080022ec0      0x120 build/LibN64.o
                0x0000000080022ec0                _ZN6LibN645Frame10DrawCircleEiiij
 .text._ZN6LibN645Frame8DrawTextEiiPKcj
                0x0000000080022fe0       0x80 build/LibN64.o
                0x0000000080022fe0                _ZN6LibN645Frame8DrawTextEiiPKcj
 .text._ZN6LibN645Frame13Ticks2SecondsEf
                0x0000000080023060       0x20 build/LibN64.o
                0x0000000080023060                _ZN6LibN645Frame13Ticks2SecondsEf
 .text.get_next_token.part.0
                0x0000000080023080       0x80 /usr/local/lib/gcc/mips64-elf/11.2.0/../../../../mips64-elf/lib/libdragon.a(dragonfs.o)
 .text.recurse_path
                0x0000000080023100      0x560 /usr/local/lib/gcc/mips64-elf/11.2.0/../../../../mips64-elf/lib/libdragon.a(dragonfs.o)
 .text.__close  0x0000000080023660       0x80 /usr/local/lib/gcc/mips64-elf/11.2.0/../../../../mips64-elf/lib/libdragon.a(dragonfs.o)
 .text.__fstat  0x00000000800236e0       0xa0 /usr/local/lib/gcc/mips64-elf/11.2.0/../../../../mips64-elf/lib/libdragon.a(dragonfs.o)
 .text.dfs_dir_findfirst
                0x0000000080023780       0xc0 /usr/local/lib/gcc/mips64-elf/11.2.0/../../../../mips64-elf/lib/libdragon.a(dragonfs.o)
                0x0000000080023780                dfs_dir_findfirst
 .text.__findfirst
                0x0000000080023840       0x80 /usr/local/lib/gcc/mips64-elf/11.2.0/../../../../mips64-elf/lib/libdragon.a(dragonfs.o)
 .text.dfs_dir_findnext
                0x00000000800238c0       0xc0 /usr/local/lib/gcc/mips64-elf/11.2.0/../../../../mips64-elf/lib/libdragon.a(dragonfs.o)
                0x00000000800238c0                dfs_dir_findnext
 .text.__findnext
                0x0000000080023980       0x80 /usr/local/lib/gcc/mips64-elf/11.2.0/../../../../mips64-elf/lib/libdragon.a(dragonfs.o)
 .text.dfs_open
                0x0000000080023a00      0x140 /usr/local/lib/gcc/mips64-elf/11.2.0/../../../../mips64-elf/lib/libdragon.a(dragonfs.o)
                0x0000000080023a00                dfs_open
 .text.__open   0x0000000080023b40       0x60 /usr/local/lib/gcc/mips64-elf/11.2.0/../../../../mips64-elf/lib/libdragon.a(dragonfs.o)
 .text.dfs_close
                0x0000000080023ba0       0x80 /usr/local/lib/gcc/mips64-elf/11.2.0/../../../../mips64-elf/lib/libdragon.a(dragonfs.o)
                0x0000000080023ba0                dfs_close
 .text.dfs_seek
                0x0000000080023c20      0x100 /usr/local/lib/gcc/mips64-elf/11.2.0/../../../../mips64-elf/lib/libdragon.a(dragonfs.o)
                0x0000000080023c20                dfs_seek
 .text.__lseek  0x0000000080023d20       0x80 /usr/local/lib/gcc/mips64-elf/11.2.0/../../../../mips64-elf/lib/libdragon.a(dragonfs.o)
 .text.dfs_read
                0x0000000080023da0      0x240 /usr/local/lib/gcc/mips64-elf/11.2.0/../../../../mips64-elf/lib/libdragon.a(dragonfs.o)
                0x0000000080023da0                dfs_read
 .text.__read   0x0000000080023fe0       0x20 /usr/local/lib/gcc/mips64-elf/11.2.0/../../../../mips64-elf/lib/libdragon.a(dragonfs.o)
 .text.dfs_size
                0x0000000080024000       0x60 /usr/local/lib/gcc/mips64-elf/11.2.0/../../../../mips64-elf/lib/libdragon.a(dragonfs.o)
                0x0000000080024000                dfs_size
 .text.dfs_init
                0x0000000080024060      0x100 /usr/local/lib/gcc/mips64-elf/11.2.0/../../../../mips64-elf/lib/libdragon.a(dragonfs.o)
                0x0000000080024060                dfs_init
 .text.controller_init
                0x0000000080024160       0x60 /usr/local/lib/gcc/mips64-elf/11.2.0/../../../../mips64-elf/lib/libdragon.a(controller.o)
                0x0000000080024160                controller_init
 .text.controller_scan
                0x00000000800241c0       0x80 /usr/local/lib/gcc/mips64-elf/11.2.0/../../../../mips64-elf/lib/libdragon.a(controller.o)
                0x00000000800241c0                controller_scan
 .text.get_keys_held
                0x0000000080024240       0xa0 /usr/local/lib/gcc/mips64-elf/11.2.0/../../../../mips64-elf/lib/libdragon.a(controller.o)
                0x0000000080024240                get_keys_held
 .text.timer_callback_overflow
                0x00000000800242e0       0x20 /usr/local/lib/gcc/mips64-elf/11.2.0/../../../../mips64-elf/lib/libdragon.a(timer.o)
 .text.timer_callback
                0x0000000080024300      0x160 /usr/local/lib/gcc/mips64-elf/11.2.0/../../../../mips64-elf/lib/libdragon.a(timer.o)
 .text.timer_init
                0x0000000080024460       0xc0 /usr/local/lib/gcc/mips64-elf/11.2.0/../../../../mips64-elf/lib/libdragon.a(timer.o)
                0x0000000080024460                timer_init
 .text.timer_close
                0x0000000080024520       0xc0 /usr/local/lib/gcc/mips64-elf/11.2.0/../../../../mips64-elf/lib/libdragon.a(timer.o)
                0x0000000080024520                timer_close
 .text.timer_ticks
                0x00000000800245e0       0xc0 /usr/local/lib/gcc/mips64-elf/11.2.0/../../../../mips64-elf/lib/libdragon.a(timer.o)
                0x00000000800245e0                timer_ticks
 .text.joybus_exec
                0x00000000800246a0      0x1c0 /usr/local/lib/gcc/mips64-elf/11.2.0/../../../../mips64-elf/lib/libdragon.a(joybus.o)
                0x00000000800246a0                joybus_exec
 .text._ZNK10__cxxabiv117__class_type_info11__do_upcastEPKS0_PPv
                0x0000000080024860       0x68 /usr/local/lib/gcc/mips64-elf/11.2.0/../../../../mips64-elf/lib/libstdc++.a(class_type_info.o)
                0x0000000080024860                _ZNK10__cxxabiv117__class_type_info11__do_upcastEPKS0_PPv
 .text._ZNK10__cxxabiv117__class_type_info20__do_find_public_srcEiPKvPKS0_S2_
                0x00000000800248c8       0x20 /usr/local/lib/gcc/mips64-elf/11.2.0/../../../../mips64-elf/lib/libstdc++.a(class_type_info.o)
                0x00000000800248c8                _ZNK10__cxxabiv117__class_type_info20__do_find_public_srcEiPKvPKS0_S2_
 .text._ZN10__cxxabiv117__class_type_infoD2Ev
                0x00000000800248e8       0x10 /usr/local/lib/gcc/mips64-elf/11.2.0/../../../../mips64-elf/lib/libstdc++.a(class_type_info.o)
                0x00000000800248e8                _ZN10__cxxabiv117__class_type_infoD1Ev
                0x00000000800248e8                _ZN10__cxxabiv117__class_type_infoD2Ev
 .text._ZN10__cxxabiv117__class_type_infoD0Ev
                0x00000000800248f8       0x38 /usr/local/lib/gcc/mips64-elf/11.2.0/../../../../mips64-elf/lib/libstdc++.a(class_type_info.o)
                0x00000000800248f8                _ZN10__cxxabiv117__class_type_infoD0Ev
 .text._ZNK10__cxxabiv117__class_type_info11__do_upcastEPKS0_PKvRNS0_15__upcast_resultE
                0x0000000080024930       0x90 /usr/local/lib/gcc/mips64-elf/11.2.0/../../../../mips64-elf/lib/libstdc++.a(class_type_info.o)
                0x0000000080024930                _ZNK10__cxxabiv117__class_type_info11__do_upcastEPKS0_PKvRNS0_15__upcast_resultE
 .text._ZNK10__cxxabiv117__class_type_info10__do_catchEPKSt9type_infoPPvj
                0x00000000800249c0       0xb0 /usr/local/lib/gcc/mips64-elf/11.2.0/../../../../mips64-elf/lib/libstdc++.a(class_type_info.o)
                0x00000000800249c0                _ZNK10__cxxabiv117__class_type_info10__do_catchEPKSt9type_infoPPvj
 .text._ZNK10__cxxabiv117__class_type_info12__do_dyncastEiNS0_10__sub_kindEPKS0_PKvS3_S5_RNS0_16__dyncast_resultE
                0x0000000080024a70       0xf8 /usr/local/lib/gcc/mips64-elf/11.2.0/../../../../mips64-elf/lib/libstdc++.a(class_type_info.o)
                0x0000000080024a70                _ZNK10__cxxabiv117__class_type_info12__do_dyncastEiNS0_10__sub_kindEPKS0_PKvS3_S5_RNS0_16__dyncast_resultE
 .text._ZdlPvj  0x0000000080024b68        0x8 /usr/local/lib/gcc/mips64-elf/11.2.0/../../../../mips64-elf/lib/libstdc++.a(del_ops.o)
                0x0000000080024b68                _ZdlPvj
 .text._Znaj    0x0000000080024b70        0x8 /usr/local/lib/gcc/mips64-elf/11.2.0/../../../../mips64-elf/lib/libstdc++.a(new_opv.o)
                0x0000000080024b70                _Znaj
 .text._ZN10__cxxabiv120__si_class_type_infoD2Ev
                0x0000000080024b78       0x10 /usr/local/lib/gcc/mips64-elf/11.2.0/../../../../mips64-elf/lib/libstdc++.a(si_class_type_info.o)
                0x0000000080024b78                _ZN10__cxxabiv120__si_class_type_infoD2Ev
                0x0000000080024b78                _ZN10__cxxabiv120__si_class_type_infoD1Ev
 .text._ZN10__cxxabiv120__si_class_type_infoD0Ev
                0x0000000080024b88       0x38 /usr/local/lib/gcc/mips64-elf/11.2.0/../../../../mips64-elf/lib/libstdc++.a(si_class_type_info.o)
                0x0000000080024b88                _ZN10__cxxabiv120__si_class_type_infoD0Ev
 .text._ZNK10__cxxabiv120__si_class_type_info12__do_dyncastEiNS_17__class_type_info10__sub_kindEPKS1_PKvS4_S6_RNS1_16__dyncast_resultE
                0x0000000080024bc0      0x170 /usr/local/lib/gcc/mips64-elf/11.2.0/../../../../mips64-elf/lib/libstdc++.a(si_class_type_info.o)
                0x0000000080024bc0                _ZNK10__cxxabiv120__si_class_type_info12__do_dyncastEiNS_17__class_type_info10__sub_kindEPKS1_PKvS4_S6_RNS1_16__dyncast_resultE
 .text._ZNK10__cxxabiv120__si_class_type_info20__do_find_public_srcEiPKvPKNS_17__class_type_infoES2_
                0x0000000080024d30       0xa0 /usr/local/lib/gcc/mips64-elf/11.2.0/../../../../mips64-elf/lib/libstdc++.a(si_class_type_info.o)
                0x0000000080024d30                _ZNK10__cxxabiv120__si_class_type_info20__do_find_public_srcEiPKvPKNS_17__class_type_infoES2_
 .text._ZNK10__cxxabiv120__si_class_type_info11__do_upcastEPKNS_17__class_type_infoEPKvRNS1_15__upcast_resultE
                0x0000000080024dd0       0x80 /usr/local/lib/gcc/mips64-elf/11.2.0/../../../../mips64-elf/lib/libstdc++.a(si_class_type_info.o)
                0x0000000080024dd0                _ZNK10__cxxabiv120__si_class_type_info11__do_upcastEPKNS_17__class_type_infoEPKvRNS1_15__upcast_resultE
 .text._ZNSt9type_infoD2Ev
                0x0000000080024e50        0x8 /usr/local/lib/gcc/mips64-elf/11.2.0/../../../../mips64-elf/lib/libstdc++.a(tinfo.o)
                0x0000000080024e50                _ZNSt9type_infoD1Ev
                0x0000000080024e50                _ZNSt9type_infoD2Ev
 .text._ZNKSt9type_info14__is_pointer_pEv
                0x0000000080024e58        0x8 /usr/local/lib/gcc/mips64-elf/11.2.0/../../../../mips64-elf/lib/libstdc++.a(tinfo.o)
                0x0000000080024e58                _ZNKSt9type_info15__is_function_pEv
                0x0000000080024e58                _ZNKSt9type_info14__is_pointer_pEv
 .text._ZdlPv   0x0000000080024e60        0x8 /usr/local/lib/gcc/mips64-elf/11.2.0/../../../../mips64-elf/lib/libstdc++.a(del_op.o)
                0x0000000080024e60                _ZdlPv
 .text._Znwj    0x0000000080024e68       0x80 /usr/local/lib/gcc/mips64-elf/11.2.0/../../../../mips64-elf/lib/libstdc++.a(new_op.o)
                0x0000000080024e68                _Znwj
 .text._ZNKSt9bad_alloc4whatEv
                0x0000000080024ee8       0x10 /usr/local/lib/gcc/mips64-elf/11.2.0/../../../../mips64-elf/lib/libstdc++.a(bad_alloc.o)
                0x0000000080024ee8                _ZNKSt9bad_alloc4whatEv
 .text._ZNSt9bad_allocD2Ev
                0x0000000080024ef8       0x10 /usr/local/lib/gcc/mips64-elf/11.2.0/../../../../mips64-elf/lib/libstdc++.a(bad_alloc.o)
                0x0000000080024ef8                _ZNSt9bad_allocD2Ev
                0x0000000080024ef8                _ZNSt9bad_allocD1Ev
 .text._ZNSt9bad_allocD0Ev
                0x0000000080024f08       0x38 /usr/local/lib/gcc/mips64-elf/11.2.0/../../../../mips64-elf/lib/libstdc++.a(bad_alloc.o)
                0x0000000080024f08                _ZNSt9bad_allocD0Ev
 .text._ZN12_GLOBAL__N_14pool4freeEPv.constprop.0
                0x0000000080024f40       0xf8 /usr/local/lib/gcc/mips64-elf/11.2.0/../../../../mips64-elf/lib/libstdc++.a(eh_alloc.o)
 .text._ZN12_GLOBAL__N_14pool8allocateEj.constprop.0
                0x0000000080025038       0xa0 /usr/local/lib/gcc/mips64-elf/11.2.0/../../../../mips64-elf/lib/libstdc++.a(eh_alloc.o)
 .text.__cxa_allocate_exception
                0x00000000800250d8       0x60 /usr/local/lib/gcc/mips64-elf/11.2.0/../../../../mips64-elf/lib/libstdc++.a(eh_alloc.o)
                0x00000000800250d8                __cxa_allocate_exception
 .text.__cxa_free_exception
                0x0000000080025138       0x40 /usr/local/lib/gcc/mips64-elf/11.2.0/../../../../mips64-elf/lib/libstdc++.a(eh_alloc.o)
                0x0000000080025138                __cxa_free_exception
 .text.startup._GLOBAL__sub_I__ZN9__gnu_cxx9__freeresEv
                0x0000000080025178       0x58 /usr/local/lib/gcc/mips64-elf/11.2.0/../../../../mips64-elf/lib/libstdc++.a(eh_alloc.o)
 .text._ZNSt9exceptionD2Ev
                0x00000000800251d0        0x8 /usr/local/lib/gcc/mips64-elf/11.2.0/../../../../mips64-elf/lib/libstdc++.a(eh_exception.o)
                0x00000000800251d0                _ZNSt9exceptionD2Ev
                0x00000000800251d0                _ZNSt9exceptionD1Ev
 .text._ZN10__cxxabiv111__terminateEPFvvE
                0x00000000800251d8       0x28 /usr/local/lib/gcc/mips64-elf/11.2.0/../../../../mips64-elf/lib/libstdc++.a(eh_terminate.o)
                0x00000000800251d8                _ZN10__cxxabiv111__terminateEPFvvE
 .text._ZSt9terminatev
                0x0000000080025200       0x18 /usr/local/lib/gcc/mips64-elf/11.2.0/../../../../mips64-elf/lib/libstdc++.a(eh_terminate.o)
                0x0000000080025200                _ZSt9terminatev
 .text._ZN10__cxxabiv112__unexpectedEPFvvE
                0x0000000080025218       0x18 /usr/local/lib/gcc/mips64-elf/11.2.0/../../../../mips64-elf/lib/libstdc++.a(eh_terminate.o)
                0x0000000080025218                _ZN10__cxxabiv112__unexpectedEPFvvE
 .text._ZSt10unexpectedv
                0x0000000080025230       0x18 /usr/local/lib/gcc/mips64-elf/11.2.0/../../../../mips64-elf/lib/libstdc++.a(eh_terminate.o)
                0x0000000080025230                _ZSt10unexpectedv
 .text._ZSt13get_terminatev
                0x0000000080025248       0x10 /usr/local/lib/gcc/mips64-elf/11.2.0/../../../../mips64-elf/lib/libstdc++.a(eh_terminate.o)
                0x0000000080025248                _ZSt13get_terminatev
 .text._ZSt14get_unexpectedv
                0x0000000080025258       0x10 /usr/local/lib/gcc/mips64-elf/11.2.0/../../../../mips64-elf/lib/libstdc++.a(eh_terminate.o)
                0x0000000080025258                _ZSt14get_unexpectedv
 .text._ZL23__gxx_exception_cleanup19_Unwind_Reason_CodeP17_Unwind_Exception
                0x0000000080025268       0x68 /usr/local/lib/gcc/mips64-elf/11.2.0/../../../../mips64-elf/lib/libstdc++.a(eh_throw.o)
 .text.__cxa_init_primary_exception
                0x00000000800252d0       0x68 /usr/local/lib/gcc/mips64-elf/11.2.0/../../../../mips64-elf/lib/libstdc++.a(eh_throw.o)
                0x00000000800252d0                __cxa_init_primary_exception
 .text.__cxa_throw
                0x0000000080025338       0x58 /usr/local/lib/gcc/mips64-elf/11.2.0/../../../../mips64-elf/lib/libstdc++.a(eh_throw.o)
                0x0000000080025338                __cxa_throw
 .text.__cxa_rethrow
                0x0000000080025390       0x80 /usr/local/lib/gcc/mips64-elf/11.2.0/../../../../mips64-elf/lib/libstdc++.a(eh_throw.o)
                0x0000000080025390                __cxa_rethrow
 .text._ZSt15get_new_handlerv
                0x0000000080025410       0x10 /usr/local/lib/gcc/mips64-elf/11.2.0/../../../../mips64-elf/lib/libstdc++.a(new_handler.o)
                0x0000000080025410                _ZSt15get_new_handlerv
 .text._ZN9__gnu_cxx27__verbose_terminate_handlerEv
                0x0000000080025420      0x1c8 /usr/local/lib/gcc/mips64-elf/11.2.0/../../../../mips64-elf/lib/libstdc++.a(vterminate.o)
                0x0000000080025420                _ZN9__gnu_cxx27__verbose_terminate_handlerEv
 .text.__cxa_begin_catch
                0x00000000800255e8       0xb0 /usr/local/lib/gcc/mips64-elf/11.2.0/../../../../mips64-elf/lib/libstdc++.a(eh_catch.o)
                0x00000000800255e8                __cxa_begin_catch
 .text.__cxa_end_catch
                0x0000000080025698       0xc0 /usr/local/lib/gcc/mips64-elf/11.2.0/../../../../mips64-elf/lib/libstdc++.a(eh_catch.o)
                0x0000000080025698                __cxa_end_catch
 .text.__cxa_get_globals_fast
                0x0000000080025758        0x8 /usr/local/lib/gcc/mips64-elf/11.2.0/../../../../mips64-elf/lib/libstdc++.a(eh_globals.o)
                0x0000000080025758                __cxa_get_globals_fast
 .text.__cxa_get_globals
                0x0000000080025760        0x8 /usr/local/lib/gcc/mips64-elf/11.2.0/../../../../mips64-elf/lib/libstdc++.a(eh_globals.o)
                0x0000000080025760                __cxa_get_globals
 .text._ZL16get_adjusted_ptrPKSt9type_infoS1_PPv
                0x0000000080025768       0x90 /usr/local/lib/gcc/mips64-elf/11.2.0/../../../../mips64-elf/lib/libstdc++.a(eh_personality.o)
 .text._ZL28read_encoded_value_with_basehjPKhPj
                0x00000000800257f8      0x198 /usr/local/lib/gcc/mips64-elf/11.2.0/../../../../mips64-elf/lib/libstdc++.a(eh_personality.o)
 .text._ZL21base_of_encoded_valuehP15_Unwind_Context
                0x0000000080025990       0x90 /usr/local/lib/gcc/mips64-elf/11.2.0/../../../../mips64-elf/lib/libstdc++.a(eh_personality.o)
 .text._ZL17parse_lsda_headerP15_Unwind_ContextPKhP16lsda_header_info
                0x0000000080025a20      0x118 /usr/local/lib/gcc/mips64-elf/11.2.0/../../../../mips64-elf/lib/libstdc++.a(eh_personality.o)
 .text._ZL20check_exception_specP16lsda_header_infoPKSt9type_infoPvl
                0x0000000080025b38      0x148 /usr/local/lib/gcc/mips64-elf/11.2.0/../../../../mips64-elf/lib/libstdc++.a(eh_personality.o)
 .text.__gxx_personality_v0
                0x0000000080025c80      0x660 /usr/local/lib/gcc/mips64-elf/11.2.0/../../../../mips64-elf/lib/libstdc++.a(eh_personality.o)
                0x0000000080025c80                __gxx_personality_v0
 .text.__cxa_current_exception_type
                0x00000000800262e0       0x48 /usr/local/lib/gcc/mips64-elf/11.2.0/../../../../mips64-elf/lib/libstdc++.a(eh_type.o)
                0x00000000800262e0                __cxa_current_exception_type
 .text.__cxa_call_terminate
                0x0000000080026328       0x58 /usr/local/lib/gcc/mips64-elf/11.2.0/../../../../mips64-elf/lib/libstdc++.a(eh_call.o)
                0x0000000080026328                __cxa_call_terminate
 *(.init)
 .init          0x0000000080026380        0x8 /usr/local/lib/gcc/mips64-elf/11.2.0/crti.o
                0x0000000080026380                _init
 *(.fini)
 .fini          0x0000000080026388        0x8 /usr/local/lib/gcc/mips64-elf/11.2.0/crti.o
                0x0000000080026388                _fini
 *(.gnu.linkonce.t.*)
                0x0000000080026390                . = ALIGN (0x10)
                0x0000000080026390                __text_end = .

.eh_frame_hdr
 *(.eh_frame_hdr)

.eh_frame       0x0000000080026390     0x1260
 *(.eh_frame)
 .eh_frame      0x0000000080026390        0x0 /usr/local/lib/gcc/mips64-elf/11.2.0/crtbegin.o
 .eh_frame      0x0000000080026390        0x0 build/LibVector.o
                                        0xdfc (size before relaxing)
 .eh_frame      0x0000000080026390       0xd8 build/CPPLibDragonN64.o
                                        0x150 (size before relaxing)
 .eh_frame      0x0000000080026468        0x0 build/LibString.o
                                         0xac (size before relaxing)
 .eh_frame      0x0000000080026468      0x174 build/LibN64.o
                                        0x298 (size before relaxing)
 .eh_frame      0x00000000800265dc      0x104 /usr/local/lib/gcc/mips64-elf/11.2.0/../../../../mips64-elf/lib/libstdc++.a(class_type_info.o)
                                        0x118 (size before relaxing)
 .eh_frame      0x00000000800266e0       0x14 /usr/local/lib/gcc/mips64-elf/11.2.0/../../../../mips64-elf/lib/libstdc++.a(del_ops.o)
                                         0x28 (size before relaxing)
 .eh_frame      0x00000000800266f4       0x14 /usr/local/lib/gcc/mips64-elf/11.2.0/../../../../mips64-elf/lib/libstdc++.a(new_opv.o)
                                         0x28 (size before relaxing)
 .eh_frame      0x0000000080026708       0xe8 /usr/local/lib/gcc/mips64-elf/11.2.0/../../../../mips64-elf/lib/libstdc++.a(si_class_type_info.o)
                                         0xfc (size before relaxing)
 .eh_frame      0x00000000800267f0       0x28 /usr/local/lib/gcc/mips64-elf/11.2.0/../../../../mips64-elf/lib/libstdc++.a(tinfo.o)
                                         0x80 (size before relaxing)
 .eh_frame      0x0000000080026818       0x14 /usr/local/lib/gcc/mips64-elf/11.2.0/../../../../mips64-elf/lib/libstdc++.a(del_op.o)
                                         0x28 (size before relaxing)
 .eh_frame      0x000000008002682c       0x20 /usr/local/lib/gcc/mips64-elf/11.2.0/../../../../mips64-elf/lib/libstdc++.a(new_op.o)
                                         0x34 (size before relaxing)
 .eh_frame      0x000000008002684c       0x48 /usr/local/lib/gcc/mips64-elf/11.2.0/../../../../mips64-elf/lib/libstdc++.a(bad_alloc.o)
                                         0x5c (size before relaxing)
 .eh_frame      0x0000000080026894       0x84 /usr/local/lib/gcc/mips64-elf/11.2.0/../../../../mips64-elf/lib/libstdc++.a(eh_alloc.o)
                                         0xec (size before relaxing)
 .eh_frame      0x0000000080026918       0x14 /usr/local/lib/gcc/mips64-elf/11.2.0/../../../../mips64-elf/lib/libstdc++.a(eh_exception.o)
                                        0x104 (size before relaxing)
 .eh_frame      0x000000008002692c       0xa8 /usr/local/lib/gcc/mips64-elf/11.2.0/../../../../mips64-elf/lib/libstdc++.a(eh_terminate.o)
                                         0xe4 (size before relaxing)
 .eh_frame      0x00000000800269d4       0x78 /usr/local/lib/gcc/mips64-elf/11.2.0/../../../../mips64-elf/lib/libstdc++.a(eh_throw.o)
                                         0x8c (size before relaxing)
 .eh_frame      0x0000000080026a4c       0x14 /usr/local/lib/gcc/mips64-elf/11.2.0/../../../../mips64-elf/lib/libstdc++.a(new_handler.o)
                                         0x3c (size before relaxing)
 .eh_frame      0x0000000080026a60       0x20 /usr/local/lib/gcc/mips64-elf/11.2.0/../../../../mips64-elf/lib/libstdc++.a(vterminate.o)
                                         0x3c (size before relaxing)
 .eh_frame      0x0000000080026a80       0x58 /usr/local/lib/gcc/mips64-elf/11.2.0/../../../../mips64-elf/lib/libstdc++.a(eh_catch.o)
                                         0xb8 (size before relaxing)
 .eh_frame      0x0000000080026ad8       0x28 /usr/local/lib/gcc/mips64-elf/11.2.0/../../../../mips64-elf/lib/libstdc++.a(eh_globals.o)
                                         0x3c (size before relaxing)
 .eh_frame      0x0000000080026b00      0x128 /usr/local/lib/gcc/mips64-elf/11.2.0/../../../../mips64-elf/lib/libstdc++.a(eh_personality.o)
                                        0x17c (size before relaxing)
 .eh_frame      0x0000000080026c28       0x20 /usr/local/lib/gcc/mips64-elf/11.2.0/../../../../mips64-elf/lib/libstdc++.a(eh_type.o)
                                         0x34 (size before relaxing)
 .eh_frame      0x0000000080026c48       0x1c /usr/local/lib/gcc/mips64-elf/11.2.0/../../../../mips64-elf/lib/libstdc++.a(eh_call.o)
                                         0x30 (size before relaxing)
 .eh_frame      0x0000000080026c64      0x5e8 /usr/local/lib/gcc/mips64-elf/11.2.0/libgcc.a(unwind-dw2.o)
                                        0x5fc (size before relaxing)
 .eh_frame      0x000000008002724c      0x3a0 /usr/local/lib/gcc/mips64-elf/11.2.0/libgcc.a(unwind-dw2-fde.o)
                                        0x3b4 (size before relaxing)
 .eh_frame      0x00000000800275ec        0x4 /usr/local/lib/gcc/mips64-elf/11.2.0/crtend.o

.gcc_except_table
                0x00000000800275f0       0x58
 *(.gcc_except_table*)
 .gcc_except_table._ZN10__cxxabiv111__terminateEPFvvE
                0x00000000800275f0       0x10 /usr/local/lib/gcc/mips64-elf/11.2.0/../../../../mips64-elf/lib/libstdc++.a(eh_terminate.o)
 .gcc_except_table._ZN9__gnu_cxx27__verbose_terminate_handlerEv
                0x0000000080027600       0x2c /usr/local/lib/gcc/mips64-elf/11.2.0/../../../../mips64-elf/lib/libstdc++.a(vterminate.o)
 .gcc_except_table.__gxx_personality_v0
                0x000000008002762c       0x1c /usr/local/lib/gcc/mips64-elf/11.2.0/../../../../mips64-elf/lib/libstdc++.a(eh_personality.o)

.jcr
 *(.jcr)

.rodata         0x0000000080027648     0x47d0
 *(.rdata)
 *(.rodata)
 .rodata        0x0000000080027648      0x398 /usr/local/lib/gcc/mips64-elf/11.2.0/../../../../mips64-elf/lib/libm.a(lib_a-ef_rem_pio2.o)
 .rodata        0x00000000800279e0       0x3c /usr/local/lib/gcc/mips64-elf/11.2.0/../../../../mips64-elf/lib/libm.a(lib_a-kf_rem_pio2.o)
 *fill*         0x0000000080027a1c        0x4 
 .rodata        0x0000000080027a20      0xf98 /usr/local/lib/gcc/mips64-elf/11.2.0/../../../../mips64-elf/lib/libstdc++.a(cp-demangle.o)
 .rodata        0x00000000800289b8      0x188 /usr/local/lib/gcc/mips64-elf/11.2.0/../../../../mips64-elf/lib/libc.a(lib_a-svfprintf.o)
 .rodata        0x0000000080028b40      0x188 /usr/local/lib/gcc/mips64-elf/11.2.0/../../../../mips64-elf/lib/libc.a(lib_a-vfprintf.o)
 .rodata        0x0000000080028cc8      0x288 /usr/local/lib/gcc/mips64-elf/11.2.0/../../../../mips64-elf/lib/libc.a(lib_a-ctype_.o)
                0x0000000080028cc8                _ctype_
                0x0000000080028dd0                _ctype_b
 .rodata        0x0000000080028f50      0x128 /usr/local/lib/gcc/mips64-elf/11.2.0/../../../../mips64-elf/lib/libc.a(lib_a-mprec.o)
                0x0000000080028f60                __mprec_tinytens
                0x0000000080028f88                __mprec_bigtens
                0x0000000080028fb0                __mprec_tens
 .rodata        0x0000000080029078      0x188 /usr/local/lib/gcc/mips64-elf/11.2.0/../../../../mips64-elf/lib/libc.a(lib_a-svfiprintf.o)
 .rodata        0x0000000080029200      0x188 /usr/local/lib/gcc/mips64-elf/11.2.0/../../../../mips64-elf/lib/libc.a(lib_a-vfiprintf.o)
 .rodata        0x0000000080029388      0x310 /usr/local/lib/gcc/mips64-elf/11.2.0/libgcc.a(unwind-dw2.o)
 .rodata        0x0000000080029698       0x40 /usr/local/lib/gcc/mips64-elf/11.2.0/libgcc.a(unwind-dw2-fde.o)
 *(.rodata.*)
 .rodata.debug_assert_func_f.str1.8
                0x00000000800296d8       0x3d /usr/local/mips64-elf/lib/libdragon.a(debug.o)
                                         0x45 (size before relaxing)
 *fill*         0x0000000080029715        0x3 
 .rodata.__font_data
                0x0000000080029718      0x800 /usr/local/mips64-elf/lib/libdragon.a(graphics.o)
 .rodata.dma_read_raw_async.str1.8
                0x0000000080029f18       0x12 /usr/local/mips64-elf/lib/libdragon.a(dma.o)
 *fill*         0x0000000080029f2a        0x6 
 .rodata.dma_read_async.str1.8
                0x0000000080029f30       0x17 /usr/local/mips64-elf/lib/libdragon.a(dma.o)
 *fill*         0x0000000080029f47        0x1 
 .rodata.__func__.1
                0x0000000080029f48        0xf /usr/local/mips64-elf/lib/libdragon.a(dma.o)
 *fill*         0x0000000080029f57        0x1 
 .rodata.__func__.3
                0x0000000080029f58       0x13 /usr/local/mips64-elf/lib/libdragon.a(dma.o)
 *fill*         0x0000000080029f6b        0x5 
 .rodata.__do_global_ctors.str1.8
                0x0000000080029f70       0x99 /usr/local/mips64-elf/lib/libdragon.a(do_ctors.o)
 *fill*         0x000000008002a009        0x7 
 .rodata.__wrap___do_global_ctors.str1.8
                0x000000008002a010       0x93 /usr/local/mips64-elf/lib/libdragon.a(do_ctors.o)
 *fill*         0x000000008002a0a3        0x5 
 .rodata.__func__.0
                0x000000008002a0a8       0x19 /usr/local/mips64-elf/lib/libdragon.a(do_ctors.o)
 *fill*         0x000000008002a0c1        0x7 
 .rodata.enable_interrupts.str1.8
                0x000000008002a0c8       0x4c /usr/local/mips64-elf/lib/libdragon.a(interrupt.o)
 *fill*         0x000000008002a114        0x4 
 .rodata.__func__.0
                0x000000008002a118       0x12 /usr/local/mips64-elf/lib/libdragon.a(interrupt.o)
 *fill*         0x000000008002a12a        0x6 
 .rodata.display_show.part.0.str1.8
                0x000000008002a130       0x59 /usr/local/mips64-elf/lib/libdragon.a(display.o)
 *fill*         0x000000008002a189        0x7 
 .rodata.display_init.str1.8
                0x000000008002a190       0xac /usr/local/mips64-elf/lib/libdragon.a(display.o)
 .rodata.display_init
                0x000000008002a23c       0x30 /usr/local/mips64-elf/lib/libdragon.a(display.o)
 *fill*         0x000000008002a26c        0x4 
 .rodata.__func__.0
                0x000000008002a270        0xd /usr/local/mips64-elf/lib/libdragon.a(display.o)
 *fill*         0x000000008002a27d        0x3 
 .rodata.__func__.1
                0x000000008002a280        0xd /usr/local/mips64-elf/lib/libdragon.a(display.o)
 *fill*         0x000000008002a28d        0x3 
 .rodata.reg_values
                0x000000008002a290       0x48 /usr/local/mips64-elf/lib/libdragon.a(display.o)
 .rodata.mpal_640p
                0x000000008002a2d8       0x38 /usr/local/mips64-elf/lib/libdragon.a(display.o)
 .rodata.pal_640p
                0x000000008002a310       0x38 /usr/local/mips64-elf/lib/libdragon.a(display.o)
 .rodata.ntsc_640p
                0x000000008002a348       0x38 /usr/local/mips64-elf/lib/libdragon.a(display.o)
 .rodata.mpal_512p
                0x000000008002a380       0x38 /usr/local/mips64-elf/lib/libdragon.a(display.o)
 .rodata.pal_512p
                0x000000008002a3b8       0x38 /usr/local/mips64-elf/lib/libdragon.a(display.o)
 .rodata.ntsc_512p
                0x000000008002a3f0       0x38 /usr/local/mips64-elf/lib/libdragon.a(display.o)
 .rodata.mpal_512
                0x000000008002a428       0x38 /usr/local/mips64-elf/lib/libdragon.a(display.o)
 .rodata.pal_512
                0x000000008002a460       0x38 /usr/local/mips64-elf/lib/libdragon.a(display.o)
 .rodata.ntsc_512
                0x000000008002a498       0x38 /usr/local/mips64-elf/lib/libdragon.a(display.o)
 .rodata.mpal_256
                0x000000008002a4d0       0x38 /usr/local/mips64-elf/lib/libdragon.a(display.o)
 .rodata.pal_256
                0x000000008002a508       0x38 /usr/local/mips64-elf/lib/libdragon.a(display.o)
 .rodata.ntsc_256
                0x000000008002a540       0x38 /usr/local/mips64-elf/lib/libdragon.a(display.o)
 .rodata.mpal_640
                0x000000008002a578       0x38 /usr/local/mips64-elf/lib/libdragon.a(display.o)
 .rodata.pal_640
                0x000000008002a5b0       0x38 /usr/local/mips64-elf/lib/libdragon.a(display.o)
 .rodata.ntsc_640
                0x000000008002a5e8       0x38 /usr/local/mips64-elf/lib/libdragon.a(display.o)
 .rodata.mpal_320
                0x000000008002a620       0x38 /usr/local/mips64-elf/lib/libdragon.a(display.o)
 .rodata.pal_320
                0x000000008002a658       0x38 /usr/local/mips64-elf/lib/libdragon.a(display.o)
 .rodata.ntsc_320
                0x000000008002a690       0x38 /usr/local/mips64-elf/lib/libdragon.a(display.o)
 .rodata.exception_default_handler.str1.8
                0x000000008002a6c8      0x447 /usr/local/mips64-elf/lib/libdragon.a(exception.o)
 *fill*         0x000000008002ab0f        0x1 
 .rodata.str1.8
                0x000000008002ab10      0x17e /usr/local/mips64-elf/lib/libdragon.a(exception.o)
 *fill*         0x000000008002ac8e        0x2 
 .rodata.exceptionMap.0
                0x000000008002ac90       0x80 /usr/local/mips64-elf/lib/libdragon.a(exception.o)
 .rodata._ZN8Instance8OnCreateEv.str1.8
                0x000000008002ad10        0xc build/CPPLibDragonN64.o
 *fill*         0x000000008002ad1c        0x4 
 .rodata._ZN8Instance11KeyAPressedEv.str1.8
                0x000000008002ad20        0xf build/CPPLibDragonN64.o
 *fill*         0x000000008002ad2f        0x1 
 .rodata._ZN8Instance11FrameUpdateEv.str1.8
                0x000000008002ad30       0x1a build/CPPLibDragonN64.o
 *fill*         0x000000008002ad4a        0x6 
 .rodata.main.str1.8
                0x000000008002ad50        0xa build/CPPLibDragonN64.o
 *fill*         0x000000008002ad5a        0x6 
 .rodata._ZTS8Instance
                0x000000008002ad60        0xa build/CPPLibDragonN64.o
                0x000000008002ad60                _ZTS8Instance
 *fill*         0x000000008002ad6a        0x6 
 .rodata._ZTI8Instance
                0x000000008002ad70        0xc build/CPPLibDragonN64.o
                0x000000008002ad70                _ZTI8Instance
 .rodata._ZTV8Instance
                0x000000008002ad7c       0x38 build/CPPLibDragonN64.o
                0x000000008002ad7c                _ZTV8Instance
 *fill*         0x000000008002adb4        0x4 
 .rodata._ZN6LibN645FrameC2E12resolution_t10bitdepth_ti.str1.8
                0x000000008002adb8       0x4b build/LibN64.o
 *fill*         0x000000008002ae03        0x5 
 .rodata._ZTSN6LibN645FrameE
                0x000000008002ae08       0x10 build/LibN64.o
                0x000000008002ae08                _ZTSN6LibN645FrameE
 .rodata._ZTVN6LibN645FrameE
                0x000000008002ae18       0x38 build/LibN64.o
                0x000000008002ae18                _ZTVN6LibN645FrameE
 .rodata.__open.str1.8
                0x000000008002ae50        0x2 /usr/local/lib/gcc/mips64-elf/11.2.0/../../../../mips64-elf/lib/libdragon.a(dragonfs.o)
 *fill*         0x000000008002ae52        0x6 
 .rodata.dfs_init.str1.8
                0x000000008002ae58       0x16 /usr/local/lib/gcc/mips64-elf/11.2.0/../../../../mips64-elf/lib/libdragon.a(dragonfs.o)
 *fill*         0x000000008002ae6e        0x2 
 .rodata.SI_read_con_block.7
                0x000000008002ae70       0x40 /usr/local/lib/gcc/mips64-elf/11.2.0/../../../../mips64-elf/lib/libdragon.a(controller.o)
 .rodata.timer_init.str1.8
                0x000000008002aeb0       0x41 /usr/local/lib/gcc/mips64-elf/11.2.0/../../../../mips64-elf/lib/libdragon.a(timer.o)
 *fill*         0x000000008002aef1        0x7 
 .rodata.new_timer.str1.8
                0x000000008002aef8       0x2d /usr/local/lib/gcc/mips64-elf/11.2.0/../../../../mips64-elf/lib/libdragon.a(timer.o)
 *fill*         0x000000008002af25        0x3 
 .rodata.__func__.0
                0x000000008002af28        0xc /usr/local/lib/gcc/mips64-elf/11.2.0/../../../../mips64-elf/lib/libdragon.a(timer.o)
 *fill*         0x000000008002af34        0x4 
 .rodata.__func__.1
                0x000000008002af38        0xc /usr/local/lib/gcc/mips64-elf/11.2.0/../../../../mips64-elf/lib/libdragon.a(timer.o)
 *fill*         0x000000008002af44        0x4 
 .rodata.__func__.6
                0x000000008002af48        0xb /usr/local/lib/gcc/mips64-elf/11.2.0/../../../../mips64-elf/lib/libdragon.a(timer.o)
 *fill*         0x000000008002af53        0x5 
 .rodata._ZTSN10__cxxabiv117__class_type_infoE
                0x000000008002af58       0x22 /usr/local/lib/gcc/mips64-elf/11.2.0/../../../../mips64-elf/lib/libstdc++.a(class_type_info.o)
                0x000000008002af58                _ZTSN10__cxxabiv117__class_type_infoE
 *fill*         0x000000008002af7a        0x6 
 .rodata._ZTIN10__cxxabiv117__class_type_infoE
                0x000000008002af80        0xc /usr/local/lib/gcc/mips64-elf/11.2.0/../../../../mips64-elf/lib/libstdc++.a(class_type_info.o)
                0x000000008002af80                _ZTIN10__cxxabiv117__class_type_infoE
 .rodata._ZTVN10__cxxabiv117__class_type_infoE
                0x000000008002af8c       0x2c /usr/local/lib/gcc/mips64-elf/11.2.0/../../../../mips64-elf/lib/libstdc++.a(class_type_info.o)
                0x000000008002af8c                _ZTVN10__cxxabiv117__class_type_infoE
 .rodata._ZTSN10__cxxabiv120__si_class_type_infoE
                0x000000008002afb8       0x25 /usr/local/lib/gcc/mips64-elf/11.2.0/../../../../mips64-elf/lib/libstdc++.a(si_class_type_info.o)
                0x000000008002afb8                _ZTSN10__cxxabiv120__si_class_type_infoE
 *fill*         0x000000008002afdd        0x3 
 .rodata._ZTIN10__cxxabiv120__si_class_type_infoE
                0x000000008002afe0        0xc /usr/local/lib/gcc/mips64-elf/11.2.0/../../../../mips64-elf/lib/libstdc++.a(si_class_type_info.o)
                0x000000008002afe0                _ZTIN10__cxxabiv120__si_class_type_infoE
 .rodata._ZTVN10__cxxabiv120__si_class_type_infoE
                0x000000008002afec       0x2c /usr/local/lib/gcc/mips64-elf/11.2.0/../../../../mips64-elf/lib/libstdc++.a(si_class_type_info.o)
                0x000000008002afec                _ZTVN10__cxxabiv120__si_class_type_infoE
 .rodata._ZTSSt9type_info
                0x000000008002b018        0xd /usr/local/lib/gcc/mips64-elf/11.2.0/../../../../mips64-elf/lib/libstdc++.a(tinfo.o)
                0x000000008002b018                _ZTSSt9type_info
 *fill*         0x000000008002b025        0x3 
 .rodata._ZNKSt9bad_alloc4whatEv.str1.8
                0x000000008002b028        0xf /usr/local/lib/gcc/mips64-elf/11.2.0/../../../../mips64-elf/lib/libstdc++.a(bad_alloc.o)
 *fill*         0x000000008002b037        0x1 
 .rodata._ZTSSt9bad_alloc
                0x000000008002b038        0xd /usr/local/lib/gcc/mips64-elf/11.2.0/../../../../mips64-elf/lib/libstdc++.a(bad_alloc.o)
                0x000000008002b038                _ZTSSt9bad_alloc
 *fill*         0x000000008002b045        0x3 
 .rodata._ZTISt9bad_alloc
                0x000000008002b048        0xc /usr/local/lib/gcc/mips64-elf/11.2.0/../../../../mips64-elf/lib/libstdc++.a(bad_alloc.o)
                0x000000008002b048                _ZTISt9bad_alloc
 .rodata._ZTVSt9bad_alloc
                0x000000008002b054       0x14 /usr/local/lib/gcc/mips64-elf/11.2.0/../../../../mips64-elf/lib/libstdc++.a(bad_alloc.o)
                0x000000008002b054                _ZTVSt9bad_alloc
 .rodata._ZTSSt9exception
                0x000000008002b068        0xd /usr/local/lib/gcc/mips64-elf/11.2.0/../../../../mips64-elf/lib/libstdc++.a(eh_exception.o)
                0x000000008002b068                _ZTSSt9exception
 *fill*         0x000000008002b075        0x3 
 .rodata._ZTSN10__cxxabiv115__forced_unwindE
                0x000000008002b078       0x20 /usr/local/lib/gcc/mips64-elf/11.2.0/../../../../mips64-elf/lib/libstdc++.a(eh_exception.o)
                0x000000008002b078                _ZTSN10__cxxabiv115__forced_unwindE
 .rodata._ZTSN10__cxxabiv119__foreign_exceptionE
                0x000000008002b098       0x24 /usr/local/lib/gcc/mips64-elf/11.2.0/../../../../mips64-elf/lib/libstdc++.a(eh_exception.o)
                0x000000008002b098                _ZTSN10__cxxabiv119__foreign_exceptionE
 *fill*         0x000000008002b0bc        0x4 
 .rodata._ZN9__gnu_cxx27__verbose_terminate_handlerEv.str1.8
                0x000000008002b0c0       0x9c /usr/local/lib/gcc/mips64-elf/11.2.0/../../../../mips64-elf/lib/libstdc++.a(vterminate.o)
 *fill*         0x000000008002b15c        0x4 
 .rodata.str1.8
                0x000000008002b160      0xb89 /usr/local/lib/gcc/mips64-elf/11.2.0/../../../../mips64-elf/lib/libstdc++.a(cp-demangle.o)
                                        0xbe1 (size before relaxing)
 *fill*         0x000000008002bce9        0x3 
 .rodata._ZL28read_encoded_value_with_basehjPKhPj
                0x000000008002bcec       0x34 /usr/local/lib/gcc/mips64-elf/11.2.0/../../../../mips64-elf/lib/libstdc++.a(eh_personality.o)
 .rodata.str1.8
                0x000000008002bd20       0x5a /usr/local/lib/gcc/mips64-elf/11.2.0/../../../../mips64-elf/lib/libc.a(lib_a-svfprintf.o)
 .rodata.str1.8
                0x000000008002bd7a       0x5a /usr/local/lib/gcc/mips64-elf/11.2.0/../../../../mips64-elf/lib/libc.a(lib_a-vfprintf.o)
 *fill*         0x000000008002bd7a        0x6 
 .rodata.str1.8
                0x000000008002bd80       0x58 /usr/local/lib/gcc/mips64-elf/11.2.0/../../../../mips64-elf/lib/libc.a(lib_a-dtoa.o)
                                         0x60 (size before relaxing)
 .rodata.str1.8
                0x000000008002bdd8        0xe /usr/local/lib/gcc/mips64-elf/11.2.0/../../../../mips64-elf/lib/libc.a(lib_a-locale.o)
                                         0x1a (size before relaxing)
 *fill*         0x000000008002bde6        0x2 
 .rodata.str1.8
                0x000000008002bde8       0x29 /usr/local/lib/gcc/mips64-elf/11.2.0/../../../../mips64-elf/lib/libc.a(lib_a-mprec.o)
                                         0x41 (size before relaxing)
 .rodata.str1.8
                0x000000008002be11       0x37 /usr/local/lib/gcc/mips64-elf/11.2.0/../../../../mips64-elf/lib/libc.a(lib_a-svfiprintf.o)
 .rodata.str1.8
                0x000000008002be11       0x37 /usr/local/lib/gcc/mips64-elf/11.2.0/../../../../mips64-elf/lib/libc.a(lib_a-vfiprintf.o)
 *(.gnu.linkonce.r.*)
                0x000000008002be48                . = ALIGN (0x8)
 *fill*         0x000000008002be11        0x7 

.MIPS.abiflags  0x000000008002be18       0x18
 .MIPS.abiflags
                0x000000008002be18       0x18 /usr/local/lib/gcc/mips64-elf/11.2.0/crti.o

.rel.dyn        0x000000008002be30       0x10
 .rel.dyn       0x000000008002be30       0x10 /usr/local/mips64-elf/lib/libdragon.a(n64sys.o)
                0x000000008002be40                . = ALIGN (0x4)

.ctors          0x000000008002be40       0x14
                0x000000008002be40                __CTOR_LIST__ = .
 *(.ctors)
 .ctors         0x000000008002be40        0x4 /usr/local/lib/gcc/mips64-elf/11.2.0/crtbegin.o
 .ctors         0x000000008002be44        0x4 /usr/local/mips64-elf/lib/libdragon.a(n64sys.o)
 .ctors         0x000000008002be48        0x4 /usr/local/mips64-elf/lib/libdragon.a(interrupt.o)
 .ctors         0x000000008002be4c        0x4 /usr/local/lib/gcc/mips64-elf/11.2.0/../../../../mips64-elf/lib/libstdc++.a(eh_alloc.o)
 .ctors         0x000000008002be50        0x4 /usr/local/lib/gcc/mips64-elf/11.2.0/crtend.o
                0x000000008002be54                __CTOR_END__ = .
                0x000000008002be58                . = ALIGN (0x8)

.data           0x000000008002be58      0x9c8
                0x000000008002be58                __data_start = .
 *(.data)
 .data          0x000000008002be58      0x428 /usr/local/lib/gcc/mips64-elf/11.2.0/../../../../mips64-elf/lib/libc.a(lib_a-impure.o)
 .data          0x000000008002c280      0x408 /usr/local/lib/gcc/mips64-elf/11.2.0/../../../../mips64-elf/lib/libc.a(lib_a-mallocr.o)
                0x000000008002c280                __malloc_av_
 .data          0x000000008002c688      0x16c /usr/local/lib/gcc/mips64-elf/11.2.0/../../../../mips64-elf/lib/libc.a(lib_a-locale.o)
                0x000000008002c688                __global_locale
 *(.data.*)
 *fill*         0x000000008002c7f4        0x4 
 .data.dragon_fs
                0x000000008002c7f8       0x24 /usr/local/lib/gcc/mips64-elf/11.2.0/../../../../mips64-elf/lib/libdragon.a(dragonfs.o)
 *(.gnu.linkonce.d.*)
                0x000000008002c820                . = ALIGN (0x8)
 *fill*         0x000000008002c81c        0x4 

.sdata          0x000000008002c820      0x1b0
                0x0000000080034820                _gp = (. + 0x8000)
 *(.sdata)
 .sdata         0x000000008002c820       0x10 build/CPPLibDragonN64.o
 .sdata         0x000000008002c830       0x18 build/LibN64.o
 .sdata         0x000000008002c848       0x24 /usr/local/lib/gcc/mips64-elf/11.2.0/../../../../mips64-elf/lib/libm.a(lib_a-ef_rem_pio2.o)
 .sdata         0x000000008002c86c       0x28 /usr/local/lib/gcc/mips64-elf/11.2.0/../../../../mips64-elf/lib/libm.a(lib_a-kf_cos.o)
 .sdata         0x000000008002c894       0x1c /usr/local/lib/gcc/mips64-elf/11.2.0/../../../../mips64-elf/lib/libm.a(lib_a-kf_rem_pio2.o)
 .sdata         0x000000008002c8b0       0x1c /usr/local/lib/gcc/mips64-elf/11.2.0/../../../../mips64-elf/lib/libm.a(lib_a-kf_sin.o)
 .sdata         0x000000008002c8cc        0x8 /usr/local/lib/gcc/mips64-elf/11.2.0/../../../../mips64-elf/lib/libm.a(lib_a-sf_floor.o)
 .sdata         0x000000008002c8d4       0x18 /usr/local/lib/gcc/mips64-elf/11.2.0/../../../../mips64-elf/lib/libm.a(lib_a-sf_scalbn.o)
 .sdata         0x000000008002c8ec        0x8 /usr/local/lib/gcc/mips64-elf/11.2.0/../../../../mips64-elf/lib/libc.a(lib_a-impure.o)
                0x000000008002c8ec                _global_impure_ptr
                0x000000008002c8f0                _impure_ptr
 .sdata         0x000000008002c8f4        0x8 /usr/local/lib/gcc/mips64-elf/11.2.0/../../../../mips64-elf/lib/libc.a(lib_a-mallocr.o)
                0x000000008002c8f4                __malloc_sbrk_base
                0x000000008002c8f8                __malloc_trim_threshold
 *fill*         0x000000008002c8fc        0x4 
 .sdata         0x000000008002c900        0x8 /usr/local/lib/gcc/mips64-elf/11.2.0/../../../../mips64-elf/lib/libc.a(lib_a-svfprintf.o)
 .sdata         0x000000008002c908        0x8 /usr/local/lib/gcc/mips64-elf/11.2.0/../../../../mips64-elf/lib/libc.a(lib_a-vfprintf.o)
 .sdata         0x000000008002c910       0x48 /usr/local/lib/gcc/mips64-elf/11.2.0/../../../../mips64-elf/lib/libc.a(lib_a-dtoa.o)
 .sdata         0x000000008002c958       0x10 /usr/local/lib/gcc/mips64-elf/11.2.0/../../../../mips64-elf/lib/libc.a(lib_a-mprec.o)
 *(.sdata.*)
 .sdata.console_redirect_debug
                0x000000008002c968        0x1 /usr/local/mips64-elf/lib/libdragon.a(console.o)
 *fill*         0x000000008002c969        0x3 
 .sdata.f_color
                0x000000008002c96c        0x4 /usr/local/mips64-elf/lib/libdragon.a(graphics.o)
 .sdata.__bootcic
                0x000000008002c970        0x4 /usr/local/mips64-elf/lib/libdragon.a(n64sys.o)
                0x000000008002c970                __bootcic
 .sdata.__interrupt_depth
                0x000000008002c974        0x4 /usr/local/mips64-elf/lib/libdragon.a(interrupt.o)
 .sdata.now_drawing
                0x000000008002c978        0x4 /usr/local/mips64-elf/lib/libdragon.a(display.o)
 .sdata.show_next
                0x000000008002c97c        0x4 /usr/local/mips64-elf/lib/libdragon.a(display.o)
 .sdata.now_showing
                0x000000008002c980        0x4 /usr/local/mips64-elf/lib/libdragon.a(display.o)
 .sdata.__buffers
                0x000000008002c984        0x4 /usr/local/mips64-elf/lib/libdragon.a(display.o)
                0x000000008002c984                __buffers
 .sdata.__exception_handler
                0x000000008002c988        0x4 /usr/local/mips64-elf/lib/libdragon.a(exception.o)
 *fill*         0x000000008002c98c        0x4 
 .sdata._ZTIN6LibN645FrameE
                0x000000008002c990        0x8 build/LibN64.o
                0x000000008002c990                _ZTIN6LibN645FrameE
 .sdata.next_handle.1
                0x000000008002c998        0x4 /usr/local/lib/gcc/mips64-elf/11.2.0/../../../../mips64-elf/lib/libdragon.a(dragonfs.o)
 *fill*         0x000000008002c99c        0x4 
 .sdata._ZTISt9type_info
                0x000000008002c9a0        0x8 /usr/local/lib/gcc/mips64-elf/11.2.0/../../../../mips64-elf/lib/libstdc++.a(tinfo.o)
                0x000000008002c9a0                _ZTISt9type_info
 .sdata._ZTISt9exception
                0x000000008002c9a8        0x8 /usr/local/lib/gcc/mips64-elf/11.2.0/../../../../mips64-elf/lib/libstdc++.a(eh_exception.o)
                0x000000008002c9a8                _ZTISt9exception
 .sdata._ZTIN10__cxxabiv115__forced_unwindE
                0x000000008002c9b0        0x8 /usr/local/lib/gcc/mips64-elf/11.2.0/../../../../mips64-elf/lib/libstdc++.a(eh_exception.o)
                0x000000008002c9b0                _ZTIN10__cxxabiv115__forced_unwindE
 .sdata._ZTIN10__cxxabiv119__foreign_exceptionE
                0x000000008002c9b8        0x8 /usr/local/lib/gcc/mips64-elf/11.2.0/../../../../mips64-elf/lib/libstdc++.a(eh_exception.o)
                0x000000008002c9b8                _ZTIN10__cxxabiv119__foreign_exceptionE
 .sdata.DW.ref.__gxx_personality_v0
                0x000000008002c9c0        0x4 /usr/local/lib/gcc/mips64-elf/11.2.0/../../../../mips64-elf/lib/libstdc++.a(eh_terminate.o)
                0x000000008002c9c0                DW.ref.__gxx_personality_v0
 .sdata._ZN10__cxxabiv120__unexpected_handlerE
                0x000000008002c9c4        0x4 /usr/local/lib/gcc/mips64-elf/11.2.0/../../../../mips64-elf/lib/libstdc++.a(eh_unex_handler.o)
                0x000000008002c9c4                _ZN10__cxxabiv120__unexpected_handlerE
 .sdata.DW.ref._ZTISt9exception
                0x000000008002c9c8        0x4 /usr/local/lib/gcc/mips64-elf/11.2.0/../../../../mips64-elf/lib/libstdc++.a(vterminate.o)
                0x000000008002c9c8                DW.ref._ZTISt9exception
 .sdata._ZN10__cxxabiv119__terminate_handlerE
                0x000000008002c9cc        0x4 /usr/local/lib/gcc/mips64-elf/11.2.0/../../../../mips64-elf/lib/libstdc++.a(eh_term_handler.o)
                0x000000008002c9cc                _ZN10__cxxabiv119__terminate_handlerE
 *(.gnu.linkonce.s.*)
                0x000000008002c9d0                . = ALIGN (0x8)

.lit8           0x000000008002c9d0        0x0
 *(.lit8)
                0x000000008002c9d0                . = ALIGN (0x8)

.lit4           0x000000008002c9d0        0x0
 *(.lit4)
                0x000000008002c9d0                . = ALIGN (0x8)
                0x000000008002c9d0                __data_end = .

.sbss           0x000000008002c9d0      0x2b0
                0x000000008002c9d0                __bss_start = .
 *(.sbss)
 .sbss          0x000000008002c9d0      0x228 /usr/local/mips64-elf/lib/libdragon.a(inthandler.o)
                0x000000008002c9d0                __baseRegAddr
 .sbss          0x000000008002cbf8        0xc /usr/local/lib/gcc/mips64-elf/11.2.0/../../../../mips64-elf/lib/libc.a(lib_a-mallocr.o)
                0x000000008002cbf8                __malloc_max_total_mem
                0x000000008002cbfc                __malloc_max_sbrked_mem
                0x000000008002cc00                __malloc_top_pad
 *(.sbss.*)
 .sbss.dc.0     0x000000008002cc04        0x4 /usr/local/mips64-elf/lib/libdragon.a(console.o)
 .sbss.render_now
                0x000000008002cc08        0x4 /usr/local/mips64-elf/lib/libdragon.a(console.o)
 .sbss.render_buffer
                0x000000008002cc0c        0x4 /usr/local/mips64-elf/lib/libdragon.a(console.o)
 .sbss.b_color  0x000000008002cc10        0x4 /usr/local/mips64-elf/lib/libdragon.a(graphics.o)
 .sbss.__bbplayer
                0x000000008002cc14        0x4 /usr/local/mips64-elf/lib/libdragon.a(n64sys.o)
                0x000000008002cc14                __bbplayer
 .sbss.SP_callback
                0x000000008002cc18        0x4 /usr/local/mips64-elf/lib/libdragon.a(interrupt.o)
                0x000000008002cc18                SP_callback
 .sbss.SI_callback
                0x000000008002cc1c        0x4 /usr/local/mips64-elf/lib/libdragon.a(interrupt.o)
                0x000000008002cc1c                SI_callback
 .sbss.TI_callback
                0x000000008002cc20        0x4 /usr/local/mips64-elf/lib/libdragon.a(interrupt.o)
                0x000000008002cc20                TI_callback
 .sbss.DP_callback
                0x000000008002cc24        0x4 /usr/local/mips64-elf/lib/libdragon.a(interrupt.o)
                0x000000008002cc24                DP_callback
 .sbss.PI_callback
                0x000000008002cc28        0x4 /usr/local/mips64-elf/lib/libdragon.a(interrupt.o)
                0x000000008002cc28                PI_callback
 .sbss.VI_callback
                0x000000008002cc2c        0x4 /usr/local/mips64-elf/lib/libdragon.a(interrupt.o)
                0x000000008002cc2c                VI_callback
 .sbss.AI_callback
                0x000000008002cc30        0x4 /usr/local/mips64-elf/lib/libdragon.a(interrupt.o)
                0x000000008002cc30                AI_callback
 .sbss.interrupt_disabled_tick
                0x000000008002cc34        0x4 /usr/local/mips64-elf/lib/libdragon.a(interrupt.o)
                0x000000008002cc34                interrupt_disabled_tick
 .sbss.__height
                0x000000008002cc38        0x4 /usr/local/mips64-elf/lib/libdragon.a(display.o)
                0x000000008002cc38                __height
 .sbss.__width  0x000000008002cc3c        0x4 /usr/local/mips64-elf/lib/libdragon.a(display.o)
                0x000000008002cc3c                __width
 .sbss.__bitdepth
                0x000000008002cc40        0x4 /usr/local/mips64-elf/lib/libdragon.a(display.o)
                0x000000008002cc40                __bitdepth
 .sbss.heap_top.0
                0x000000008002cc44        0x4 /usr/local/mips64-elf/lib/libdragonsys.a(system.o)
 .sbss.heap_end.1
                0x000000008002cc48        0x4 /usr/local/mips64-elf/lib/libdragonsys.a(system.o)
 .sbss.__assert_func_ptr
                0x000000008002cc4c        0x4 /usr/local/mips64-elf/lib/libdragonsys.a(system.o)
                0x000000008002cc4c                __assert_func_ptr
 .sbss.errno    0x000000008002cc50        0x4 /usr/local/mips64-elf/lib/libdragonsys.a(system.o)
                0x000000008002cc50                errno
 .sbss._ZN6LibN643DFS6handleE
                0x000000008002cc54        0x4 build/LibN64.o
                0x000000008002cc54                _ZN6LibN643DFS6handleE
 .sbss.next_entry
                0x000000008002cc58        0x4 /usr/local/lib/gcc/mips64-elf/11.2.0/../../../../mips64-elf/lib/libdragon.a(dragonfs.o)
 .sbss.directory_top
                0x000000008002cc5c        0x4 /usr/local/lib/gcc/mips64-elf/11.2.0/../../../../mips64-elf/lib/libdragon.a(dragonfs.o)
 .sbss.base_ptr
                0x000000008002cc60        0x4 /usr/local/lib/gcc/mips64-elf/11.2.0/../../../../mips64-elf/lib/libdragon.a(dragonfs.o)
 .sbss.ticks64_high
                0x000000008002cc64        0x4 /usr/local/lib/gcc/mips64-elf/11.2.0/../../../../mips64-elf/lib/libdragon.a(timer.o)
                0x000000008002cc64                ticks64_high
 .sbss.TI_timers
                0x000000008002cc68        0x4 /usr/local/lib/gcc/mips64-elf/11.2.0/../../../../mips64-elf/lib/libdragon.a(timer.o)
 .sbss._ZN12_GLOBAL__N_113__new_handlerE
                0x000000008002cc6c        0x4 /usr/local/lib/gcc/mips64-elf/11.2.0/../../../../mips64-elf/lib/libstdc++.a(new_handler.o)
 .sbss._ZZN9__gnu_cxx27__verbose_terminate_handlerEvE11terminating
                0x000000008002cc70        0x1 /usr/local/lib/gcc/mips64-elf/11.2.0/../../../../mips64-elf/lib/libstdc++.a(vterminate.o)
 *fill*         0x000000008002cc71        0x7 
 .sbss._ZL10eh_globals
                0x000000008002cc78        0x8 /usr/local/lib/gcc/mips64-elf/11.2.0/../../../../mips64-elf/lib/libstdc++.a(eh_globals.o)
 *(.gnu.linkonce.sb.*)
 *(.scommon)
 *(.scommon.*)
                0x000000008002cc80                . = ALIGN (0x8)

.bss            0x000000008002cd00    0x114d0
 *(.bss)
 .bss           0x000000008002cd00    0x10400 /usr/local/mips64-elf/lib/libdragon.a(inthandler.o)
 .bss           0x000000008003d100       0x28 /usr/local/lib/gcc/mips64-elf/11.2.0/../../../../mips64-elf/lib/libc.a(lib_a-mallocr.o)
                0x000000008003d100                __malloc_current_mallinfo
 .bss           0x000000008003d128       0xbd /usr/local/lib/gcc/mips64-elf/11.2.0/libgcc.a(unwind-dw2.o)
 *fill*         0x000000008003d1e5        0x3 
 .bss           0x000000008003d1e8        0xc /usr/local/lib/gcc/mips64-elf/11.2.0/libgcc.a(unwind-dw2-fde.o)
 *(.bss*)
 *fill*         0x000000008003d1f4        0x4 
 .bss.__safe_buffer
                0x000000008003d1f8        0xc /usr/local/mips64-elf/lib/libdragon.a(display.o)
                0x000000008003d1f8                __safe_buffer
 *fill*         0x000000008003d204        0x4 
 .bss.buffer    0x000000008003d208        0xc /usr/local/mips64-elf/lib/libdragon.a(display.o)
 *fill*         0x000000008003d214        0x4 
 .bss.stdio_hooks
                0x000000008003d218        0xc /usr/local/mips64-elf/lib/libdragonsys.a(system.o)
 *fill*         0x000000008003d224        0x4 
 .bss.handles   0x000000008003d228      0x4b0 /usr/local/mips64-elf/lib/libdragonsys.a(system.o)
 .bss.filesystems
                0x000000008003d6d8       0x50 /usr/local/mips64-elf/lib/libdragonsys.a(system.o)
 .bss.directories
                0x000000008003d728      0x190 /usr/local/lib/gcc/mips64-elf/11.2.0/../../../../mips64-elf/lib/libdragon.a(dragonfs.o)
 *fill*         0x000000008003d8b8        0x8 
 .bss.open_files
                0x000000008003d8c0      0x880 /usr/local/lib/gcc/mips64-elf/11.2.0/../../../../mips64-elf/lib/libdragon.a(dragonfs.o)
 .bss.last      0x000000008003e140       0x40 /usr/local/lib/gcc/mips64-elf/11.2.0/../../../../mips64-elf/lib/libdragon.a(controller.o)
 .bss.current   0x000000008003e180       0x40 /usr/local/lib/gcc/mips64-elf/11.2.0/../../../../mips64-elf/lib/libdragon.a(controller.o)
 .bss._ZN12_GLOBAL__N_114emergency_poolE
                0x000000008003e1c0       0x10 /usr/local/lib/gcc/mips64-elf/11.2.0/../../../../mips64-elf/lib/libstdc++.a(eh_alloc.o)
 *(.gnu.linkonce.b.*)
 *(COMMON)
                0x000000008003e1d0                . = ALIGN (0x8)
                0x000000008003e1d0                __bss_end = .
                0x000000008003e1d0                . = ALIGN (0x8)
                0x000000008003e1d0                end = .
LOAD /usr/local/lib/gcc/mips64-elf/11.2.0/../../../../mips64-elf/lib/libstdc++.a
LOAD /usr/local/lib/gcc/mips64-elf/11.2.0/../../../../mips64-elf/lib/libm.a
LOAD /usr/local/lib/gcc/mips64-elf/11.2.0/../../../../mips64-elf/lib/libc.a
LOAD /usr/local/lib/gcc/mips64-elf/11.2.0/libgcc.a
LOAD /usr/local/lib/gcc/mips64-elf/11.2.0/libgcc.a
LOAD /usr/local/lib/gcc/mips64-elf/11.2.0/crtend.o
LOAD /usr/local/lib/gcc/mips64-elf/11.2.0/crtn.o
OUTPUT(build/CPPLibDragonN64.elf elf32-bigmips)

.reginfo        0x0000000000000000       0x18
 .reginfo       0x0000000000000000       0x18 /usr/local/lib/gcc/mips64-elf/11.2.0/crti.o

.pdr            0x0000000000000000        0x0
 .pdr           0x0000000000000000        0x0 /usr/local/lib/gcc/mips64-elf/11.2.0/crti.o
 .pdr           0x0000000000000000        0x0 /usr/local/lib/gcc/mips64-elf/11.2.0/crtbegin.o
 .pdr           0x0000000000000000        0x0 /usr/local/mips64-elf/lib/libdragon.a(inthandler.o)
 .pdr           0x0000000000000000        0x0 /usr/local/lib/gcc/mips64-elf/11.2.0/../../../../mips64-elf/lib/libstdc++.a(eh_unex_handler.o)
 .pdr           0x0000000000000000        0x0 /usr/local/lib/gcc/mips64-elf/11.2.0/../../../../mips64-elf/lib/libstdc++.a(eh_term_handler.o)
 .pdr           0x0000000000000000        0x0 /usr/local/lib/gcc/mips64-elf/11.2.0/../../../../mips64-elf/lib/libc.a(lib_a-impure.o)
 .pdr           0x0000000000000000        0x0 /usr/local/lib/gcc/mips64-elf/11.2.0/../../../../mips64-elf/lib/libc.a(lib_a-ctype_.o)
 .pdr           0x0000000000000000        0x0 /usr/local/lib/gcc/mips64-elf/11.2.0/crtend.o

.gnu.attributes
                0x0000000000000000       0x10