Archive member included to satisfy reference by file (symbol)

/usr/local/mips64-elf/lib/libdragon.a(entrypoint.o)
                              (_start)
/usr/local/mips64-elf/lib/libdragon.a(debug.o)
                              /usr/local/mips64-elf/lib/libdragon.a(entrypoint.o) (debug_assert_func)
/usr/local/mips64-elf/lib/libdragon.a(usb.o)
                              /usr/local/mips64-elf/lib/libdragon.a(debug.o) (usb_initialize)
/usr/local/mips64-elf/lib/libdragon.a(ff.o)
                              /usr/local/mips64-elf/lib/libdragon.a(debug.o) (f_mount)
/usr/local/mips64-elf/lib/libdragon.a(ffunicode.o)
                              /usr/local/mips64-elf/lib/libdragon.a(ff.o) (ff_uni2oem)
/usr/local/mips64-elf/lib/libdragon.a(console.o)
                              /usr/local/mips64-elf/lib/libdragon.a(debug.o) (console_set_render_mode)
/usr/local/mips64-elf/lib/libdragon.a(graphics.o)
                              /usr/local/mips64-elf/lib/libdragon.a(console.o) (graphics_set_color)
/usr/local/mips64-elf/lib/libdragon.a(dma.o)
                              /usr/local/mips64-elf/lib/libdragon.a(debug.o) (dma_write_raw_async)
/usr/local/mips64-elf/lib/libdragon.a(do_ctors.o)
                              /usr/local/mips64-elf/lib/libdragon.a(entrypoint.o) (__wrap___do_global_ctors)
/usr/local/mips64-elf/lib/libdragon.a(n64sys.o)
                              /usr/local/mips64-elf/lib/libdragon.a(debug.o) (sys_bbplayer)
/usr/local/mips64-elf/lib/libdragon.a(interrupt.o)
                              /usr/local/mips64-elf/lib/libdragon.a(usb.o) (disable_interrupts)
/usr/local/mips64-elf/lib/libdragon.a(inthandler.o)
                              /usr/local/mips64-elf/lib/libdragon.a(entrypoint.o) (inthandler)
/usr/local/mips64-elf/lib/libdragon.a(display.o)
                              /usr/local/mips64-elf/lib/libdragon.a(graphics.o) (__safe_buffer)
/usr/local/mips64-elf/lib/libdragon.a(exception.o)
                              /usr/local/mips64-elf/lib/libdragon.a(inthandler.o) (__onCriticalException)
/usr/local/mips64-elf/lib/libdragonsys.a(system.o)
                              /usr/local/mips64-elf/lib/libdragon.a(debug.o) (attach_filesystem)
/home/spencer/libdragon/NEW/libdragon/libN64.a(LibN64.o)
                              build/LibN64GameTest.o (_ZN6LibN645Frame11FrameUpdateEv)
/usr/local/lib/gcc/mips64-elf/11.2.0/../../../../mips64-elf/lib/libdragon.a(dragonfs.o)
                              /home/spencer/libdragon/NEW/libdragon/libN64.a(LibN64.o) (dfs_open)
/usr/local/lib/gcc/mips64-elf/11.2.0/../../../../mips64-elf/lib/libdragon.a(controller.o)
                              /home/spencer/libdragon/NEW/libdragon/libN64.a(LibN64.o) (controller_init)
/usr/local/lib/gcc/mips64-elf/11.2.0/../../../../mips64-elf/lib/libdragon.a(joybus.o)
                              /usr/local/lib/gcc/mips64-elf/11.2.0/../../../../mips64-elf/lib/libdragon.a(controller.o) (joybus_exec)
/usr/local/lib/gcc/mips64-elf/11.2.0/../../../../mips64-elf/lib/libm.a(lib_a-sf_cos.o)
                              build/LibN64GameTest.o (cosf)
/usr/local/lib/gcc/mips64-elf/11.2.0/../../../../mips64-elf/lib/libm.a(lib_a-sf_sin.o)
                              build/LibN64GameTest.o (sinf)
/usr/local/lib/gcc/mips64-elf/11.2.0/../../../../mips64-elf/lib/libm.a(lib_a-wf_atan2.o)
                              build/LibN64GameTest.o (atan2f)
/usr/local/lib/gcc/mips64-elf/11.2.0/../../../../mips64-elf/lib/libm.a(lib_a-ef_atan2.o)
                              /usr/local/lib/gcc/mips64-elf/11.2.0/../../../../mips64-elf/lib/libm.a(lib_a-wf_atan2.o) (__ieee754_atan2f)
/usr/local/lib/gcc/mips64-elf/11.2.0/../../../../mips64-elf/lib/libm.a(lib_a-ef_rem_pio2.o)
                              /usr/local/lib/gcc/mips64-elf/11.2.0/../../../../mips64-elf/lib/libm.a(lib_a-sf_cos.o) (__ieee754_rem_pio2f)
/usr/local/lib/gcc/mips64-elf/11.2.0/../../../../mips64-elf/lib/libm.a(lib_a-kf_cos.o)
                              /usr/local/lib/gcc/mips64-elf/11.2.0/../../../../mips64-elf/lib/libm.a(lib_a-sf_cos.o) (__kernel_cosf)
/usr/local/lib/gcc/mips64-elf/11.2.0/../../../../mips64-elf/lib/libm.a(lib_a-kf_rem_pio2.o)
                              /usr/local/lib/gcc/mips64-elf/11.2.0/../../../../mips64-elf/lib/libm.a(lib_a-ef_rem_pio2.o) (__kernel_rem_pio2f)
/usr/local/lib/gcc/mips64-elf/11.2.0/../../../../mips64-elf/lib/libm.a(lib_a-kf_sin.o)
                              /usr/local/lib/gcc/mips64-elf/11.2.0/../../../../mips64-elf/lib/libm.a(lib_a-sf_cos.o) (__kernel_sinf)
/usr/local/lib/gcc/mips64-elf/11.2.0/../../../../mips64-elf/lib/libm.a(lib_a-sf_atan.o)
                              /usr/local/lib/gcc/mips64-elf/11.2.0/../../../../mips64-elf/lib/libm.a(lib_a-ef_atan2.o) (atanf)
/usr/local/lib/gcc/mips64-elf/11.2.0/../../../../mips64-elf/lib/libm.a(lib_a-sf_fabs.o)
                              /usr/local/lib/gcc/mips64-elf/11.2.0/../../../../mips64-elf/lib/libm.a(lib_a-ef_atan2.o) (fabsf)
[...]
Memory Configuration

Name             Origin             Length             Attributes
mem              0x0000000080000000 0x0000000000400000
*default*        0x0000000000000000 0xffffffffffffffff

Linker script and memory map

LOAD /usr/local/lib/gcc/mips64-elf/11.2.0/crti.o
LOAD /usr/local/lib/gcc/mips64-elf/11.2.0/crtbegin.o
LOAD /usr/local/mips64-elf/lib/libdragon.a
LOAD /usr/local/mips64-elf/lib/libdragonsys.a
LOAD build/LibN64GameTest.o
LOAD /home/spencer/libdragon/NEW/libdragon/libN64.a
LOAD /usr/local/lib/gcc/mips64-elf/11.2.0/../../../../mips64-elf/lib/libdragon.a
LOAD /usr/local/lib/gcc/mips64-elf/11.2.0/../../../../mips64-elf/lib/libm.a
LOAD /usr/local/lib/gcc/mips64-elf/11.2.0/../../../../mips64-elf/lib/libdragonsys.a
                0x0000000080000000                __kseg0_start = 0x80000000
                0x0000000080000400                __libdragon_text_start = (__kseg0_start + 0x400)

.text           0x0000000080000400    0x11e50
 *(.boot)
 .boot          0x0000000080000400      0x198 /usr/local/mips64-elf/lib/libdragon.a(entrypoint.o)
                0x0000000080000400                _start
                0x00000000800005a0                . = ALIGN (0x10)
 *fill*         0x0000000080000598        0x8 
                0x00000000800005a0                __text_start = .
 *(.text)
 .text          0x00000000800005a0      0x2f4 /usr/local/mips64-elf/lib/libdragon.a(inthandler.o)
                0x00000000800005a0                inthandler
 *fill*         0x0000000080000894        0x4 
 .text          0x0000000080000898       0xf8 /usr/local/lib/gcc/mips64-elf/11.2.0/../../../../mips64-elf/lib/libm.a(lib_a-sf_cos.o)
                0x0000000080000898                cosf
 .text          0x0000000080000990      0x100 /usr/local/lib/gcc/mips64-elf/11.2.0/../../../../mips64-elf/lib/libm.a(lib_a-sf_sin.o)
                0x0000000080000990                sinf
 .text          0x0000000080000a90        0x8 /usr/local/lib/gcc/mips64-elf/11.2.0/../../../../mips64-elf/lib/libm.a(lib_a-wf_atan2.o)
                0x0000000080000a90                atan2f
 .text          0x0000000080000a98      0x210 /usr/local/lib/gcc/mips64-elf/11.2.0/../../../../mips64-elf/lib/libm.a(lib_a-ef_atan2.o)
                0x0000000080000a98                __ieee754_atan2f
 .text          0x0000000080000ca8      0x358 /usr/local/lib/gcc/mips64-elf/11.2.0/../../../../mips64-elf/lib/libm.a(lib_a-ef_rem_pio2.o)
                0x0000000080000ca8                __ieee754_rem_pio2f
 .text          0x0000000080001000      0x190 /usr/local/lib/gcc/mips64-elf/11.2.0/../../../../mips64-elf/lib/libm.a(lib_a-kf_cos.o)
                0x0000000080001000                __kernel_cosf
 .text          0x0000000080001190      0x988 /usr/local/lib/gcc/mips64-elf/11.2.0/../../../../mips64-elf/lib/libm.a(lib_a-kf_rem_pio2.o)
                0x0000000080001190                __kernel_rem_pio2f
 .text          0x0000000080001b18       0xd8 /usr/local/lib/gcc/mips64-elf/11.2.0/../../../../mips64-elf/lib/libm.a(lib_a-kf_sin.o)
                0x0000000080001b18                __kernel_sinf
 .text          0x0000000080001bf0      0x2b8 /usr/local/lib/gcc/mips64-elf/11.2.0/../../../../mips64-elf/lib/libm.a(lib_a-sf_atan.o)
                0x0000000080001bf0                atanf
 .text          0x0000000080001ea8       0x20 /usr/local/lib/gcc/mips64-elf/11.2.0/../../../../mips64-elf/lib/libm.a(lib_a-sf_fabs.o)
                0x0000000080001ea8                fabsf
 .text          0x0000000080001ec8      0x108 /usr/local/lib/gcc/mips64-elf/11.2.0/../../../../mips64-elf/lib/libm.a(lib_a-sf_floor.o)
                0x0000000080001ec8                floorf
 .text          0x0000000080001fd0      0x178 /usr/local/lib/gcc/mips64-elf/11.2.0/../../../../mips64-elf/lib/libm.a(lib_a-sf_scalbn.o)
                0x0000000080001fd0                scalbnf
 .text          0x0000000080002148       0x18 /usr/local/lib/gcc/mips64-elf/11.2.0/../../../../mips64-elf/lib/libc.a(lib_a-abort.o)
                0x0000000080002148                abort
 .text          0x0000000080002160       0x18 /usr/local/lib/gcc/mips64-elf/11.2.0/../../../../mips64-elf/lib/libc.a(lib_a-assert.o)
                0x0000000080002160                __assert
 .text          0x0000000080002178      0x358 /usr/local/lib/gcc/mips64-elf/11.2.0/../../../../mips64-elf/lib/libc.a(lib_a-fflush.o)
                0x0000000080002178                __sflush_r
                0x00000000800023e0                _fflush_r
                0x0000000080002448                fflush
 .text          0x00000000800024d0      0x3c8 /usr/local/lib/gcc/mips64-elf/11.2.0/../../../../mips64-elf/lib/libc.a(lib_a-findfp.o)
                0x00000000800024d8                _cleanup_r
                0x0000000080002670                __sfmoreglue
                0x00000000800026e8                __sfp
                0x0000000080002828                _cleanup
                0x0000000080002838                __sinit
                0x0000000080002858                __sfp_lock_acquire
                0x0000000080002860                __sfp_lock_release
                0x0000000080002868                __sinit_lock_acquire
                0x0000000080002870                __sinit_lock_release
                0x0000000080002878                __fp_lock_all
                0x0000000080002888                __fp_unlock_all
 .text          0x0000000080002898       0x68 /usr/local/lib/gcc/mips64-elf/11.2.0/../../../../mips64-elf/lib/libc.a(lib_a-fprintf.o)
                0x0000000080002898                _fprintf_r
                0x00000000800028c0                fprintf
 .text          0x0000000080002900       0xd0 /usr/local/lib/gcc/mips64-elf/11.2.0/../../../../mips64-elf/lib/libc.a(lib_a-fputc.o)
                0x0000000080002900                _fputc_r
                0x0000000080002960                fputc
 .text          0x00000000800029d0      0x480 /usr/local/lib/gcc/mips64-elf/11.2.0/../../../../mips64-elf/lib/libc.a(lib_a-freer.o)
                0x00000000800029d0                _malloc_trim_r
                0x0000000080002b00                _free_r
 .text          0x0000000080002e50       0x58 /usr/local/lib/gcc/mips64-elf/11.2.0/../../../../mips64-elf/lib/libc.a(lib_a-fstatr.o)
                0x0000000080002e50                _fstat_r
 .text          0x0000000080002ea8      0x570 /usr/local/lib/gcc/mips64-elf/11.2.0/../../../../mips64-elf/lib/libc.a(lib_a-fvwrite.o)
                0x0000000080002ea8                __sfvwrite_r
 .text          0x0000000080003418      0x170 /usr/local/lib/gcc/mips64-elf/11.2.0/../../../../mips64-elf/lib/libc.a(lib_a-fwalk.o)
                0x0000000080003418                _fwalk
                0x00000000800034c8                _fwalk_reent
 .text          0x0000000080003588      0x1f8 /usr/local/lib/gcc/mips64-elf/11.2.0/../../../../mips64-elf/lib/libc.a(lib_a-fwrite.o)
                0x0000000080003588                _fwrite_r
                0x0000000080003690                fwrite
 .text          0x0000000080003780      0x288 /usr/local/lib/gcc/mips64-elf/11.2.0/../../../../mips64-elf/lib/libc.a(lib_a-makebuf.o)
                0x0000000080003780                __smakebuf_r
                0x0000000080003938                __swhatbuf_r
 .text          0x0000000080003a08       0x18 /usr/local/lib/gcc/mips64-elf/11.2.0/../../../../mips64-elf/lib/libc.a(lib_a-malign.o)
                0x0000000080003a08                memalign
 .text          0x0000000080003a20      0x200 /usr/local/lib/gcc/mips64-elf/11.2.0/../../../../mips64-elf/lib/libc.a(lib_a-malignr.o)
                0x0000000080003a20                _memalign_r
 .text          0x0000000080003c20       0x20 /usr/local/lib/gcc/mips64-elf/11.2.0/../../../../mips64-elf/lib/libc.a(lib_a-malloc.o)
                0x0000000080003c20                malloc
                0x0000000080003c30                free
 .text          0x0000000080003c40      0x898 /usr/local/lib/gcc/mips64-elf/11.2.0/../../../../mips64-elf/lib/libc.a(lib_a-mallocr.o)
                0x0000000080003c40                _malloc_r
 .text          0x00000000800044d8       0xf0 /usr/local/lib/gcc/mips64-elf/11.2.0/../../../../mips64-elf/lib/libc.a(lib_a-memchr.o)
                0x00000000800044d8                memchr
 .text          0x00000000800045c8      0x370 /usr/local/lib/gcc/mips64-elf/11.2.0/../../../../mips64-elf/lib/libc.a(lib_a-memcpy.o)
                0x00000000800045c8                memcpy
 .text          0x0000000080004938      0x150 /usr/local/lib/gcc/mips64-elf/11.2.0/../../../../mips64-elf/lib/libc.a(lib_a-memmove.o)
                0x0000000080004938                memmove
 .text          0x0000000080004a88      0x11c /usr/local/lib/gcc/mips64-elf/11.2.0/../../../../mips64-elf/lib/libc.a(lib_a-memset.o)
                0x0000000080004a88                memset
 *fill*         0x0000000080004ba4        0x4 
 .text          0x0000000080004ba8       0x10 /usr/local/lib/gcc/mips64-elf/11.2.0/../../../../mips64-elf/lib/libc.a(lib_a-mlock.o)
                0x0000000080004ba8                __malloc_lock
                0x0000000080004bb0                __malloc_unlock
 .text          0x0000000080004bb8      0x160 /usr/local/lib/gcc/mips64-elf/11.2.0/../../../../mips64-elf/lib/libc.a(lib_a-putc.o)
                0x0000000080004bb8                _putc_r
                0x0000000080004c60                putc
 .text          0x0000000080004d18      0x5f8 /usr/local/lib/gcc/mips64-elf/11.2.0/../../../../mips64-elf/lib/libc.a(lib_a-reallocr.o)
                0x0000000080004d18                _realloc_r
 .text          0x0000000080005310       0x50 /usr/local/lib/gcc/mips64-elf/11.2.0/../../../../mips64-elf/lib/libc.a(lib_a-sbrkr.o)
                0x0000000080005310                _sbrk_r
 .text          0x0000000080005360      0x5d8 /usr/local/lib/gcc/mips64-elf/11.2.0/../../../../mips64-elf/lib/libc.a(lib_a-signal.o)
                0x0000000080005360                _init_signal_r
                0x00000000800053c8                _signal_r
                0x0000000080005480                _raise_r
                0x0000000080005550                __sigtramp_r
                0x0000000080005640                raise
                0x0000000080005720                signal
                0x00000000800057e0                _init_signal
                0x0000000080005850                __sigtramp
 .text          0x0000000080005938       0x60 /usr/local/lib/gcc/mips64-elf/11.2.0/../../../../mips64-elf/lib/libc.a(lib_a-signalr.o)
                0x0000000080005938                _kill_r
                0x0000000080005990                _getpid_r
 .text          0x0000000080005998      0x188 /usr/local/lib/gcc/mips64-elf/11.2.0/../../../../mips64-elf/lib/libc.a(lib_a-stdio.o)
                0x0000000080005998                __sread
                0x00000000800059f0                __seofread
                0x00000000800059f8                __swrite
                0x0000000080005ab8                __sseek
                0x0000000080005b18                __sclose
 .text          0x0000000080005b20      0x240 /usr/local/lib/gcc/mips64-elf/11.2.0/../../../../mips64-elf/lib/libc.a(lib_a-strcmp.o)
                0x0000000080005b20                strcmp
 .text          0x0000000080005d60       0xa8 /usr/local/lib/gcc/mips64-elf/11.2.0/../../../../mips64-elf/lib/libc.a(lib_a-strcpy.o)
                0x0000000080005d60                strcpy
 .text          0x0000000080005e08       0x18 /usr/local/lib/gcc/mips64-elf/11.2.0/../../../../mips64-elf/lib/libc.a(lib_a-strlen.o)
                0x0000000080005e08                strlen
 .text          0x0000000080005e20     0x20b0 /usr/local/lib/gcc/mips64-elf/11.2.0/../../../../mips64-elf/lib/libc.a(lib_a-vfprintf.o)
                0x0000000080005e20                _vfprintf_r
                0x0000000080007de8                vfprintf
 .text          0x0000000080007ed0      0x1b8 /usr/local/lib/gcc/mips64-elf/11.2.0/../../../../mips64-elf/lib/libc.a(lib_a-wbuf.o)
                0x0000000080007ed0                __swbuf_r
                0x0000000080008070                __swbuf
 .text          0x0000000080008088       0x60 /usr/local/lib/gcc/mips64-elf/11.2.0/../../../../mips64-elf/lib/libc.a(lib_a-writer.o)
                0x0000000080008088                _write_r
 .text          0x00000000800080e8      0x178 /usr/local/lib/gcc/mips64-elf/11.2.0/../../../../mips64-elf/lib/libc.a(lib_a-wsetup.o)
                0x00000000800080e8                __swsetup_r
 .text          0x0000000080008260       0x50 /usr/local/lib/gcc/mips64-elf/11.2.0/../../../../mips64-elf/lib/libc.a(lib_a-closer.o)
                0x0000000080008260                _close_r
 .text          0x00000000800082b0     0x1678 /usr/local/lib/gcc/mips64-elf/11.2.0/../../../../mips64-elf/lib/libc.a(lib_a-dtoa.o)
                0x0000000080008500                _dtoa_r
 .text          0x0000000080009928      0x150 /usr/local/lib/gcc/mips64-elf/11.2.0/../../../../mips64-elf/lib/libc.a(lib_a-fclose.o)
                0x0000000080009928                _fclose_r
                0x0000000080009a68                fclose
 .text          0x0000000080009a78       0x50 /usr/local/lib/gcc/mips64-elf/11.2.0/../../../../mips64-elf/lib/libc.a(lib_a-isattyr.o)
                0x0000000080009a78                _isatty_r
 .text          0x0000000080009ac8       0x28 /usr/local/lib/gcc/mips64-elf/11.2.0/../../../../mips64-elf/lib/libc.a(lib_a-localeconv.o)
                0x0000000080009ac8                __localeconv_l
                0x0000000080009ad0                _localeconv_r
                0x0000000080009ae0                localeconv
 .text          0x0000000080009af0      0x120 /usr/local/lib/gcc/mips64-elf/11.2.0/../../../../mips64-elf/lib/libc.a(lib_a-locale.o)
                0x0000000080009af0                _setlocale_r
                0x0000000080009b78                __locale_mb_cur_max
                0x0000000080009b88                setlocale
 .text          0x0000000080009c10       0x60 /usr/local/lib/gcc/mips64-elf/11.2.0/../../../../mips64-elf/lib/libc.a(lib_a-lseekr.o)
                0x0000000080009c10                _lseek_r
 .text          0x0000000080009c70       0x70 /usr/local/lib/gcc/mips64-elf/11.2.0/../../../../mips64-elf/lib/libc.a(lib_a-mbtowc_r.o)
                0x0000000080009c70                _mbtowc_r
                0x0000000080009c80                __ascii_mbtowc
 .text          0x0000000080009ce0     0x1410 /usr/local/lib/gcc/mips64-elf/11.2.0/../../../../mips64-elf/lib/libc.a(lib_a-mprec.o)
                0x0000000080009ce0                _Balloc
                0x0000000080009d90                _Bfree
                0x0000000080009dc0                __multadd
                0x0000000080009f20                __s2b
                0x000000008000a0a0                __hi0bits
                0x000000008000a120                __lo0bits
                0x000000008000a1e8                __i2b
                0x000000008000a2c0                __multiply
                0x000000008000a550                __pow5mult
                0x000000008000a6c0                __lshift
                0x000000008000a878                __mcmp
                0x000000008000a8e0                __mdiff
                0x000000008000ab48                __ulp
                0x000000008000abf8                __b2d
                0x000000008000ad80                __d2b
                0x000000008000aee8                __ratio
                0x000000008000afa8                _mprec_log10
                0x000000008000afe8                __copybits
                0x000000008000b070                __any_on
 .text          0x000000008000b0f0       0x60 /usr/local/lib/gcc/mips64-elf/11.2.0/../../../../mips64-elf/lib/libc.a(lib_a-readr.o)
                0x000000008000b0f0                _read_r
 .text          0x000000008000b150     0x1370 /usr/local/lib/gcc/mips64-elf/11.2.0/../../../../mips64-elf/lib/libc.a(lib_a-vfiprintf.o)
                0x000000008000b288                __sprint_r
                0x000000008000b2a8                _vfiprintf_r
                0x000000008000c3d8                vfiprintf
 .text          0x000000008000c4c0       0x48 /usr/local/lib/gcc/mips64-elf/11.2.0/../../../../mips64-elf/lib/libc.a(lib_a-wctomb_r.o)
                0x000000008000c4c0                _wctomb_r
                0x000000008000c4d0                __ascii_wctomb
 .text          0x000000008000c508      0x118 /usr/local/lib/gcc/mips64-elf/11.2.0/../../../../mips64-elf/lib/libc.a(lib_a-callocr.o)
                0x000000008000c508                _calloc_r
 .text          0x000000008000c620        0x8 /usr/local/lib/gcc/mips64-elf/11.2.0/../../../../mips64-elf/lib/libc.a(lib_a-errno.o)
                0x000000008000c620                __errno
 .text          0x000000008000c628      0x248 /usr/local/lib/gcc/mips64-elf/11.2.0/../../../../mips64-elf/lib/libc.a(lib_a-fputwc.o)
                0x000000008000c628                __fputwc
                0x000000008000c7d0                _fputwc_r
                0x000000008000c7f8                fputwc
 .text          0x000000008000c870      0x110 /usr/local/lib/gcc/mips64-elf/11.2.0/../../../../mips64-elf/lib/libc.a(lib_a-wcrtomb.o)
                0x000000008000c870                _wcrtomb_r
                0x000000008000c8f0                wcrtomb
 *(.text.*)
 .text.debug_assert_func_f
                0x000000008000c980       0xe0 /usr/local/mips64-elf/lib/libdragon.a(debug.o)
                0x000000008000c980                debug_assert_func_f
 .text.debug_assert_func
                0x000000008000ca60       0x20 /usr/local/mips64-elf/lib/libdragon.a(debug.o)
                0x000000008000ca60                debug_assert_func
 .text.__console_render.part.0
                0x000000008000ca80      0x100 /usr/local/mips64-elf/lib/libdragon.a(console.o)
 .text.__console_write
                0x000000008000cb80      0x280 /usr/local/mips64-elf/lib/libdragon.a(console.o)
 .text.console_set_render_mode
                0x000000008000ce00       0x20 /usr/local/mips64-elf/lib/libdragon.a(console.o)
                0x000000008000ce00                console_set_render_mode
 .text.console_init
                0x000000008000ce20       0xc0 /usr/local/mips64-elf/lib/libdragon.a(console.o)
                0x000000008000ce20                console_init
 .text.console_close
                0x000000008000cee0       0x60 /usr/local/mips64-elf/lib/libdragon.a(console.o)
                0x000000008000cee0                console_close
 .text.console_render
                0x000000008000cf40       0x40 /usr/local/mips64-elf/lib/libdragon.a(console.o)
                0x000000008000cf40                console_render
 .text.console_set_debug
                0x000000008000cf80       0x20 /usr/local/mips64-elf/lib/libdragon.a(console.o)
                0x000000008000cf80                console_set_debug
 .text.graphics_draw_character.part.0
                0x000000008000cfa0      0x1a0 /usr/local/mips64-elf/lib/libdragon.a(graphics.o)
 .text.graphics_make_color
                0x000000008000d140       0x80 /usr/local/mips64-elf/lib/libdragon.a(graphics.o)
                0x000000008000d140                graphics_make_color
 .text.graphics_set_color
                0x000000008000d1c0       0x20 /usr/local/mips64-elf/lib/libdragon.a(graphics.o)
                0x000000008000d1c0                graphics_set_color
 .text.graphics_draw_pixel
                0x000000008000d1e0       0x60 /usr/local/mips64-elf/lib/libdragon.a(graphics.o)
                0x000000008000d1e0                graphics_draw_pixel
 .text.graphics_draw_box
                0x000000008000d240      0x100 /usr/local/mips64-elf/lib/libdragon.a(graphics.o)
                0x000000008000d240                graphics_draw_box
 .text.graphics_fill_screen
                0x000000008000d340       0x80 /usr/local/mips64-elf/lib/libdragon.a(graphics.o)
                0x000000008000d340                graphics_fill_screen
 .text.graphics_draw_character
                0x000000008000d3c0       0x20 /usr/local/mips64-elf/lib/libdragon.a(graphics.o)
                0x000000008000d3c0                graphics_draw_character
 .text.dma_read_raw_async
                0x000000008000d3e0       0xa0 /usr/local/mips64-elf/lib/libdragon.a(dma.o)
                0x000000008000d3e0                dma_read_raw_async
 .text.dma_read_async
                0x000000008000d480      0x320 /usr/local/mips64-elf/lib/libdragon.a(dma.o)
                0x000000008000d480                dma_read_async
 .text.dma_read
                0x000000008000d7a0       0x40 /usr/local/mips64-elf/lib/libdragon.a(dma.o)
                0x000000008000d7a0                dma_read
 .text.__wrap___do_global_ctors
                0x000000008000d7e0       0xc0 /usr/local/mips64-elf/lib/libdragon.a(do_ctors.o)
                0x000000008000d7e0                __wrap___do_global_ctors
 .text.sys_bbplayer
                0x000000008000d8a0       0x20 /usr/local/mips64-elf/lib/libdragon.a(n64sys.o)
                0x000000008000d8a0                sys_bbplayer
 .text.__data_cache_hit_invalidate
                0x000000008000d8c0       0x60 /usr/local/mips64-elf/lib/libdragon.a(n64sys.o)
                0x000000008000d8c0                __data_cache_hit_invalidate
 .text.data_cache_hit_writeback_invalidate
                0x000000008000d920       0x60 /usr/local/mips64-elf/lib/libdragon.a(n64sys.o)
                0x000000008000d920                data_cache_hit_writeback_invalidate
 .text.get_memory_size
                0x000000008000d980       0x60 /usr/local/mips64-elf/lib/libdragon.a(n64sys.o)
                0x000000008000d980                get_memory_size
 .text.get_tv_type
                0x000000008000d9e0       0x20 /usr/local/mips64-elf/lib/libdragon.a(n64sys.o)
                0x000000008000d9e0                get_tv_type
 .text.startup.__init_cop1
                0x000000008000da00       0x20 /usr/local/mips64-elf/lib/libdragon.a(n64sys.o)
                0x000000008000da00                __init_cop1
 .text.__MI_handler
                0x000000008000da20      0x220 /usr/local/mips64-elf/lib/libdragon.a(interrupt.o)
                0x000000008000da20                __MI_handler
 .text.__TI_handler
                0x000000008000dc40       0x60 /usr/local/mips64-elf/lib/libdragon.a(interrupt.o)
                0x000000008000dc40                __TI_handler
 .text.register_VI_handler
                0x000000008000dca0       0x60 /usr/local/mips64-elf/lib/libdragon.a(interrupt.o)
                0x000000008000dca0                register_VI_handler
 .text.unregister_VI_handler
                0x000000008000dd00       0x60 /usr/local/mips64-elf/lib/libdragon.a(interrupt.o)
                0x000000008000dd00                unregister_VI_handler
 .text.set_VI_interrupt
                0x000000008000dd60       0x40 /usr/local/mips64-elf/lib/libdragon.a(interrupt.o)
                0x000000008000dd60                set_VI_interrupt
 .text.startup.__init_interrupts
                0x000000008000dda0       0x40 /usr/local/mips64-elf/lib/libdragon.a(interrupt.o)
                0x000000008000dda0                __init_interrupts
 .text.disable_interrupts
                0x000000008000dde0       0x40 /usr/local/mips64-elf/lib/libdragon.a(interrupt.o)
                0x000000008000dde0                disable_interrupts
 .text.enable_interrupts
                0x000000008000de20       0x80 /usr/local/mips64-elf/lib/libdragon.a(interrupt.o)
                0x000000008000de20                enable_interrupts
 .text.__display_callback
                0x000000008000dea0       0x80 /usr/local/mips64-elf/lib/libdragon.a(display.o)
 .text.display_show.part.0
                0x000000008000df20       0x40 /usr/local/mips64-elf/lib/libdragon.a(display.o)
 .text.display_init
                0x000000008000df60      0x4a0 /usr/local/mips64-elf/lib/libdragon.a(display.o)
                0x000000008000df60                display_init
 .text.display_close
                0x000000008000e400       0xc0 /usr/local/mips64-elf/lib/libdragon.a(display.o)
                0x000000008000e400                display_close
 .text.display_lock
                0x000000008000e4c0       0xa0 /usr/local/mips64-elf/lib/libdragon.a(display.o)
                0x000000008000e4c0                display_lock
 .text.display_show
                0x000000008000e560       0x60 /usr/local/mips64-elf/lib/libdragon.a(display.o)
                0x000000008000e560                display_show
 .text.display_show_force
                0x000000008000e5c0       0x80 /usr/local/mips64-elf/lib/libdragon.a(display.o)
                0x000000008000e5c0                display_show_force
 .text.exception_default_handler
                0x000000008000e640      0x7c0 /usr/local/mips64-elf/lib/libdragon.a(exception.o)
                0x000000008000e640                exception_default_handler
 .text.__onCriticalException
                0x000000008000ee00       0x60 /usr/local/mips64-elf/lib/libdragon.a(exception.o)
                0x000000008000ee00                __onCriticalException
 .text.__onResetException
                0x000000008000ee60       0x60 /usr/local/mips64-elf/lib/libdragon.a(exception.o)
                0x000000008000ee60                __onResetException
 .text.attach_filesystem
                0x000000008000eec0      0x220 /usr/local/mips64-elf/lib/libdragonsys.a(system.o)
                0x000000008000eec0                attach_filesystem
 .text.close    0x000000008000f0e0      0x140 /usr/local/mips64-elf/lib/libdragonsys.a(system.o)
                0x000000008000f0e0                close
 .text._exit    0x000000008000f220       0x20 /usr/local/mips64-elf/lib/libdragonsys.a(system.o)
                0x000000008000f220                _exit
 .text.fstat    0x000000008000f240      0x100 /usr/local/mips64-elf/lib/libdragonsys.a(system.o)
                0x000000008000f240                fstat
 .text.getpid   0x000000008000f340       0x20 /usr/local/mips64-elf/lib/libdragonsys.a(system.o)
                0x000000008000f340                getpid
 .text.isatty   0x000000008000f360       0x40 /usr/local/mips64-elf/lib/libdragonsys.a(system.o)
                0x000000008000f360                isatty
 .text.kill     0x000000008000f3a0       0x20 /usr/local/mips64-elf/lib/libdragonsys.a(system.o)
                0x000000008000f3a0                kill
 .text.lseek    0x000000008000f3c0      0x100 /usr/local/mips64-elf/lib/libdragonsys.a(system.o)
                0x000000008000f3c0                lseek
 .text.read     0x000000008000f4c0      0x140 /usr/local/mips64-elf/lib/libdragonsys.a(system.o)
                0x000000008000f4c0                read
 .text.sbrk     0x000000008000f600       0xc0 /usr/local/mips64-elf/lib/libdragonsys.a(system.o)
                0x000000008000f600                sbrk
 .text.write    0x000000008000f6c0      0x140 /usr/local/mips64-elf/lib/libdragonsys.a(system.o)
                0x000000008000f6c0                write
 .text.hook_stdio_calls
                0x000000008000f800       0x60 /usr/local/mips64-elf/lib/libdragonsys.a(system.o)
                0x000000008000f800                hook_stdio_calls
 .text.unhook_stdio_calls
                0x000000008000f860       0x80 /usr/local/mips64-elf/lib/libdragonsys.a(system.o)
                0x000000008000f860                unhook_stdio_calls
 .text.__assert_func
                0x000000008000f8e0       0x20 /usr/local/mips64-elf/lib/libdragonsys.a(system.o)
                0x000000008000f8e0                __assert_func
 .text._ZN9Mode7Test8OnCreateEv
                0x000000008000f900       0x40 build/LibN64GameTest.o
                0x000000008000f900                _ZN9Mode7Test8OnCreateEv
 .text._ZN9Mode7Test11KeyAPressedEv
                0x000000008000f940       0x20 build/LibN64GameTest.o
                0x000000008000f940                _ZN9Mode7Test11KeyAPressedEv
 .text._ZN9Mode7Test11KeyBPressedEv
                0x000000008000f960       0x20 build/LibN64GameTest.o
                0x000000008000f960                _ZN9Mode7Test11KeyBPressedEv
 .text._ZN9Mode7Test11KeyZPressedEv
                0x000000008000f980       0x40 build/LibN64GameTest.o
                0x000000008000f980                _ZN9Mode7Test11KeyZPressedEv
 .text._ZN9Mode7Test8DrawModeEv
                0x000000008000f9c0      0x640 build/LibN64GameTest.o
                0x000000008000f9c0                _ZN9Mode7Test8DrawModeEv
 .text._ZN9Mode7Test12KeyDRPressedEv
                0x0000000080010000       0x20 build/LibN64GameTest.o
                0x0000000080010000                _ZN9Mode7Test12KeyDRPressedEv
 .text._ZN9Mode7Test12KeyDLPressedEv
                0x0000000080010020       0x20 build/LibN64GameTest.o
                0x0000000080010020                _ZN9Mode7Test12KeyDLPressedEv
 .text._ZN9Mode7Test12KeyDDPressedEv
                0x0000000080010040       0xc0 build/LibN64GameTest.o
                0x0000000080010040                _ZN9Mode7Test12KeyDDPressedEv
 .text._ZN9Mode7Test12KeyDUPressedEv
                0x0000000080010100       0xc0 build/LibN64GameTest.o
                0x0000000080010100                _ZN9Mode7Test12KeyDUPressedEv
 .text.startup.main
                0x00000000800101c0       0x40 build/LibN64GameTest.o
                0x00000000800101c0                main
 .text._ZN6LibN645Frame11FrameUpdateEv
                0x0000000080010200       0x20 /home/spencer/libdragon/NEW/libdragon/libN64.a(LibN64.o)
                0x0000000080010200                _ZN6LibN645Frame14KeyJoyXPressedEv
                0x0000000080010200                _ZN6LibN645Frame22__OnInit_FreeFunction1Ev
                0x0000000080010200                _ZN6LibN645Frame11KeyZPressedEv
                0x0000000080010200                _ZN6LibN645Frame11KeyAPressedEv
                0x0000000080010200                _ZN6LibN645Frame12KeyDDPressedEv
                0x0000000080010200                _ZN6LibN645Frame15KeyStartPressedEv
                0x0000000080010200                _ZN6LibN645Frame11KeyBPressedEv
                0x0000000080010200                _ZN6LibN645Frame12KeyDRPressedEv
                0x0000000080010200                _ZN6LibN645Frame8OnCreateEv
                0x0000000080010200                _ZN6LibN645Frame22__OnLoop_FreeFunction2Ev
                0x0000000080010200                _ZN6LibN645Frame12KeyDUPressedEv
                0x0000000080010200                _ZN6LibN645Frame22__OnLoop_FreeFunction1Ev
                0x0000000080010200                _ZN6LibN645Frame14KeyJoyYPressedEv
                0x0000000080010200                _ZN6LibN645Frame22__OnInit_FreeFunction2Ev
                0x0000000080010200                _ZN6LibN645Frame12KeyDLPressedEv
                0x0000000080010200                _ZN6LibN645Frame11FrameUpdateEv
 .text._ZN6LibN645FrameC2E12resolution_t10bitdepth_ti
                0x0000000080010220      0x180 /home/spencer/libdragon/NEW/libdragon/libN64.a(LibN64.o)
                0x0000000080010220                _ZN6LibN645FrameC1E12resolution_t10bitdepth_ti
                0x0000000080010220                _ZN6LibN645FrameC2E12resolution_t10bitdepth_ti
 .text._ZN6LibN645Frame9SetScreenE12resolution_t10bitdepth_t
                0x00000000800103a0       0xc0 /home/spencer/libdragon/NEW/libdragon/libN64.a(LibN64.o)
                0x00000000800103a0                _ZN6LibN645Frame9SetScreenE12resolution_t10bitdepth_t
 .text._ZN6LibN645Frame11ScreenWidthEv
                0x0000000080010460       0x20 /home/spencer/libdragon/NEW/libdragon/libN64.a(LibN64.o)
                0x0000000080010460                _ZN6LibN645Frame11ScreenWidthEv
 .text._ZN6LibN645Frame12ScreenHeightEv
                0x0000000080010480       0x20 /home/spencer/libdragon/NEW/libdragon/libN64.a(LibN64.o)
                0x0000000080010480                _ZN6LibN645Frame12ScreenHeightEv
 .text._ZN6LibN645Frame7DrawBoxENS0_6LibPosEij
                0x00000000800104a0       0x40 /home/spencer/libdragon/NEW/libdragon/libN64.a(LibN64.o)
                0x00000000800104a0                _ZN6LibN645Frame7DrawBoxENS0_6LibPosEij
 .text._ZN6LibN645Frame5BeginEv
                0x00000000800104e0      0x3a0 /home/spencer/libdragon/NEW/libdragon/libN64.a(LibN64.o)
                0x00000000800104e0                _ZN6LibN645Frame5BeginEv
 .text._ZN6LibN645Frame9DrawPixelENS0_6LibPosEj
                0x0000000080010880       0x20 /home/spencer/libdragon/NEW/libdragon/libN64.a(LibN64.o)
                0x0000000080010880                _ZN6LibN645Frame9DrawPixelENS0_6LibPosEj
 .text.get_next_token.part.0
                0x00000000800108a0       0x80 /usr/local/lib/gcc/mips64-elf/11.2.0/../../../../mips64-elf/lib/libdragon.a(dragonfs.o)
 .text.recurse_path
                0x0000000080010920      0x560 /usr/local/lib/gcc/mips64-elf/11.2.0/../../../../mips64-elf/lib/libdragon.a(dragonfs.o)
 .text.__close  0x0000000080010e80       0x80 /usr/local/lib/gcc/mips64-elf/11.2.0/../../../../mips64-elf/lib/libdragon.a(dragonfs.o)
 .text.__fstat  0x0000000080010f00       0xa0 /usr/local/lib/gcc/mips64-elf/11.2.0/../../../../mips64-elf/lib/libdragon.a(dragonfs.o)
 .text.dfs_dir_findfirst
                0x0000000080010fa0       0xc0 /usr/local/lib/gcc/mips64-elf/11.2.0/../../../../mips64-elf/lib/libdragon.a(dragonfs.o)
                0x0000000080010fa0                dfs_dir_findfirst
 .text.__findfirst
                0x0000000080011060       0x80 /usr/local/lib/gcc/mips64-elf/11.2.0/../../../../mips64-elf/lib/libdragon.a(dragonfs.o)
 .text.dfs_dir_findnext
                0x00000000800110e0       0xc0 /usr/local/lib/gcc/mips64-elf/11.2.0/../../../../mips64-elf/lib/libdragon.a(dragonfs.o)
                0x00000000800110e0                dfs_dir_findnext
 .text.__findnext
                0x00000000800111a0       0x80 /usr/local/lib/gcc/mips64-elf/11.2.0/../../../../mips64-elf/lib/libdragon.a(dragonfs.o)
 .text.dfs_open
                0x0000000080011220      0x140 /usr/local/lib/gcc/mips64-elf/11.2.0/../../../../mips64-elf/lib/libdragon.a(dragonfs.o)
                0x0000000080011220                dfs_open
 .text.__open   0x0000000080011360       0x60 /usr/local/lib/gcc/mips64-elf/11.2.0/../../../../mips64-elf/lib/libdragon.a(dragonfs.o)
 .text.dfs_seek
                0x00000000800113c0      0x100 /usr/local/lib/gcc/mips64-elf/11.2.0/../../../../mips64-elf/lib/libdragon.a(dragonfs.o)
                0x00000000800113c0                dfs_seek
 .text.__lseek  0x00000000800114c0       0x80 /usr/local/lib/gcc/mips64-elf/11.2.0/../../../../mips64-elf/lib/libdragon.a(dragonfs.o)
 .text.dfs_read
                0x0000000080011540      0x240 /usr/local/lib/gcc/mips64-elf/11.2.0/../../../../mips64-elf/lib/libdragon.a(dragonfs.o)
                0x0000000080011540                dfs_read
 .text.__read   0x0000000080011780       0x20 /usr/local/lib/gcc/mips64-elf/11.2.0/../../../../mips64-elf/lib/libdragon.a(dragonfs.o)
 .text.dfs_init
                0x00000000800117a0      0x100 /usr/local/lib/gcc/mips64-elf/11.2.0/../../../../mips64-elf/lib/libdragon.a(dragonfs.o)
                0x00000000800117a0                dfs_init
 .text.controller_init
                0x00000000800118a0       0x60 /usr/local/lib/gcc/mips64-elf/11.2.0/../../../../mips64-elf/lib/libdragon.a(controller.o)
                0x00000000800118a0                controller_init
 .text.controller_scan
                0x0000000080011900       0x80 /usr/local/lib/gcc/mips64-elf/11.2.0/../../../../mips64-elf/lib/libdragon.a(controller.o)
                0x0000000080011900                controller_scan
 .text.get_keys_held
                0x0000000080011980       0xa0 /usr/local/lib/gcc/mips64-elf/11.2.0/../../../../mips64-elf/lib/libdragon.a(controller.o)
                0x0000000080011980                get_keys_held
 .text.joybus_exec
                0x0000000080011a20      0x1c0 /usr/local/lib/gcc/mips64-elf/11.2.0/../../../../mips64-elf/lib/libdragon.a(joybus.o)
                0x0000000080011a20                joybus_exec
 .text._ZNK10__cxxabiv117__class_type_info11__do_upcastEPKS0_PPv
                0x0000000080011be0       0x68 /usr/local/lib/gcc/mips64-elf/11.2.0/../../../../mips64-elf/lib/libstdc++.a(class_type_info.o)
                0x0000000080011be0                _ZNK10__cxxabiv117__class_type_info11__do_upcastEPKS0_PPv
 .text._ZNK10__cxxabiv117__class_type_info20__do_find_public_srcEiPKvPKS0_S2_
                0x0000000080011c48       0x20 /usr/local/lib/gcc/mips64-elf/11.2.0/../../../../mips64-elf/lib/libstdc++.a(class_type_info.o)
                0x0000000080011c48                _ZNK10__cxxabiv117__class_type_info20__do_find_public_srcEiPKvPKS0_S2_
 .text._ZN10__cxxabiv117__class_type_infoD2Ev
                0x0000000080011c68       0x10 /usr/local/lib/gcc/mips64-elf/11.2.0/../../../../mips64-elf/lib/libstdc++.a(class_type_info.o)
                0x0000000080011c68                _ZN10__cxxabiv117__class_type_infoD1Ev
                0x0000000080011c68                _ZN10__cxxabiv117__class_type_infoD2Ev
 .text._ZN10__cxxabiv117__class_type_infoD0Ev
                0x0000000080011c78       0x38 /usr/local/lib/gcc/mips64-elf/11.2.0/../../../../mips64-elf/lib/libstdc++.a(class_type_info.o)
                0x0000000080011c78                _ZN10__cxxabiv117__class_type_infoD0Ev
 .text._ZNK10__cxxabiv117__class_type_info11__do_upcastEPKS0_PKvRNS0_15__upcast_resultE
                0x0000000080011cb0       0x90 /usr/local/lib/gcc/mips64-elf/11.2.0/../../../../mips64-elf/lib/libstdc++.a(class_type_info.o)
                0x0000000080011cb0                _ZNK10__cxxabiv117__class_type_info11__do_upcastEPKS0_PKvRNS0_15__upcast_resultE
 .text._ZNK10__cxxabiv117__class_type_info10__do_catchEPKSt9type_infoPPvj
                0x0000000080011d40       0xb0 /usr/local/lib/gcc/mips64-elf/11.2.0/../../../../mips64-elf/lib/libstdc++.a(class_type_info.o)
                0x0000000080011d40                _ZNK10__cxxabiv117__class_type_info10__do_catchEPKSt9type_infoPPvj
 .text._ZNK10__cxxabiv117__class_type_info12__do_dyncastEiNS0_10__sub_kindEPKS0_PKvS3_S5_RNS0_16__dyncast_resultE
                0x0000000080011df0       0xf8 /usr/local/lib/gcc/mips64-elf/11.2.0/../../../../mips64-elf/lib/libstdc++.a(class_type_info.o)
                0x0000000080011df0                _ZNK10__cxxabiv117__class_type_info12__do_dyncastEiNS0_10__sub_kindEPKS0_PKvS3_S5_RNS0_16__dyncast_resultE
 .text._ZdlPvj  0x0000000080011ee8        0x8 /usr/local/lib/gcc/mips64-elf/11.2.0/../../../../mips64-elf/lib/libstdc++.a(del_ops.o)
                0x0000000080011ee8                _ZdlPvj
 .text._ZN10__cxxabiv120__si_class_type_infoD2Ev
                0x0000000080011ef0       0x10 /usr/local/lib/gcc/mips64-elf/11.2.0/../../../../mips64-elf/lib/libstdc++.a(si_class_type_info.o)
                0x0000000080011ef0                _ZN10__cxxabiv120__si_class_type_infoD2Ev
                0x0000000080011ef0                _ZN10__cxxabiv120__si_class_type_infoD1Ev
 .text._ZN10__cxxabiv120__si_class_type_infoD0Ev
                0x0000000080011f00       0x38 /usr/local/lib/gcc/mips64-elf/11.2.0/../../../../mips64-elf/lib/libstdc++.a(si_class_type_info.o)
                0x0000000080011f00                _ZN10__cxxabiv120__si_class_type_infoD0Ev
 .text._ZNK10__cxxabiv120__si_class_type_info12__do_dyncastEiNS_17__class_type_info10__sub_kindEPKS1_PKvS4_S6_RNS1_16__dyncast_resultE
                0x0000000080011f38      0x170 /usr/local/lib/gcc/mips64-elf/11.2.0/../../../../mips64-elf/lib/libstdc++.a(si_class_type_info.o)
                0x0000000080011f38                _ZNK10__cxxabiv120__si_class_type_info12__do_dyncastEiNS_17__class_type_info10__sub_kindEPKS1_PKvS4_S6_RNS1_16__dyncast_resultE
 .text._ZNK10__cxxabiv120__si_class_type_info20__do_find_public_srcEiPKvPKNS_17__class_type_infoES2_
                0x00000000800120a8       0xa0 /usr/local/lib/gcc/mips64-elf/11.2.0/../../../../mips64-elf/lib/libstdc++.a(si_class_type_info.o)
                0x00000000800120a8                _ZNK10__cxxabiv120__si_class_type_info20__do_find_public_srcEiPKvPKNS_17__class_type_infoES2_
 .text._ZNK10__cxxabiv120__si_class_type_info11__do_upcastEPKNS_17__class_type_infoEPKvRNS1_15__upcast_resultE
                0x0000000080012148       0x80 /usr/local/lib/gcc/mips64-elf/11.2.0/../../../../mips64-elf/lib/libstdc++.a(si_class_type_info.o)
                0x0000000080012148                _ZNK10__cxxabiv120__si_class_type_info11__do_upcastEPKNS_17__class_type_infoEPKvRNS1_15__upcast_resultE
 .text._ZNSt9type_infoD2Ev
                0x00000000800121c8        0x8 /usr/local/lib/gcc/mips64-elf/11.2.0/../../../../mips64-elf/lib/libstdc++.a(tinfo.o)
                0x00000000800121c8                _ZNSt9type_infoD1Ev
                0x00000000800121c8                _ZNSt9type_infoD2Ev
 .text._ZNKSt9type_info14__is_pointer_pEv
                0x00000000800121d0        0x8 /usr/local/lib/gcc/mips64-elf/11.2.0/../../../../mips64-elf/lib/libstdc++.a(tinfo.o)
                0x00000000800121d0                _ZNKSt9type_info15__is_function_pEv
                0x00000000800121d0                _ZNKSt9type_info14__is_pointer_pEv
 .text._ZdlPv   0x00000000800121d8        0x8 /usr/local/lib/gcc/mips64-elf/11.2.0/../../../../mips64-elf/lib/libstdc++.a(del_op.o)
                0x00000000800121d8                _ZdlPv
 .text.startup._GLOBAL__sub_I__ZN9__gnu_cxx9__freeresEv
                0x00000000800121e0       0x58 /usr/local/lib/gcc/mips64-elf/11.2.0/../../../../mips64-elf/lib/libstdc++.a(eh_alloc.o)
 *(.init)
 .init          0x0000000080012238        0x8 /usr/local/lib/gcc/mips64-elf/11.2.0/crti.o
                0x0000000080012238                _init
 *(.fini)
 .fini          0x0000000080012240        0x8 /usr/local/lib/gcc/mips64-elf/11.2.0/crti.o
                0x0000000080012240                _fini
 *(.gnu.linkonce.t.*)
                0x0000000080012250                . = ALIGN (0x10)
 *fill*         0x0000000080012248        0x8 
                0x0000000080012250                __text_end = .

.eh_frame_hdr
 *(.eh_frame_hdr)

.eh_frame       0x0000000080012250      0x4c8
 *(.eh_frame)
 .eh_frame      0x0000000080012250        0x0 /usr/local/lib/gcc/mips64-elf/11.2.0/crtbegin.o
 .eh_frame      0x0000000080012250      0x15c build/LibN64GameTest.o
                                        0x210 (size before relaxing)
 .eh_frame      0x00000000800123ac      0x108 /home/spencer/libdragon/NEW/libdragon/libN64.a(LibN64.o)
                                        0x298 (size before relaxing)
 .eh_frame      0x00000000800124b4      0x104 /usr/local/lib/gcc/mips64-elf/11.2.0/../../../../mips64-elf/lib/libstdc++.a(class_type_info.o)
                                        0x118 (size before relaxing)
 .eh_frame      0x00000000800125b8       0x14 /usr/local/lib/gcc/mips64-elf/11.2.0/../../../../mips64-elf/lib/libstdc++.a(del_ops.o)
                                         0x28 (size before relaxing)
 .eh_frame      0x00000000800125cc        0x0 /usr/local/lib/gcc/mips64-elf/11.2.0/../../../../mips64-elf/lib/libstdc++.a(new_opv.o)
                                         0x28 (size before relaxing)
 .eh_frame      0x00000000800125cc       0xe8 /usr/local/lib/gcc/mips64-elf/11.2.0/../../../../mips64-elf/lib/libstdc++.a(si_class_type_info.o)
                                         0xfc (size before relaxing)
 .eh_frame      0x00000000800126b4       0x28 /usr/local/lib/gcc/mips64-elf/11.2.0/../../../../mips64-elf/lib/libstdc++.a(tinfo.o)
                                         0x80 (size before relaxing)
 .eh_frame      0x00000000800126dc       0x14 /usr/local/lib/gcc/mips64-elf/11.2.0/../../../../mips64-elf/lib/libstdc++.a(del_op.o)
                                         0x28 (size before relaxing)
 .eh_frame      0x00000000800126f0        0x0 /usr/local/lib/gcc/mips64-elf/11.2.0/../../../../mips64-elf/lib/libstdc++.a(new_op.o)
                                         0x34 (size before relaxing)
 .eh_frame      0x00000000800126f0        0x0 /usr/local/lib/gcc/mips64-elf/11.2.0/../../../../mips64-elf/lib/libstdc++.a(bad_alloc.o)
                                         0x5c (size before relaxing)
 .eh_frame      0x00000000800126f0       0x24 /usr/local/lib/gcc/mips64-elf/11.2.0/../../../../mips64-elf/lib/libstdc++.a(eh_alloc.o)
                                         0xec (size before relaxing)
 .eh_frame      0x0000000080012714        0x0 /usr/local/lib/gcc/mips64-elf/11.2.0/../../../../mips64-elf/lib/libstdc++.a(eh_exception.o)
                                        0x104 (size before relaxing)
 .eh_frame      0x0000000080012714        0x0 /usr/local/lib/gcc/mips64-elf/11.2.0/../../../../mips64-elf/lib/libstdc++.a(eh_terminate.o)
                                         0xe4 (size before relaxing)
 .eh_frame      0x0000000080012714        0x0 /usr/local/lib/gcc/mips64-elf/11.2.0/../../../../mips64-elf/lib/libstdc++.a(eh_throw.o)
                                         0x8c (size before relaxing)
 .eh_frame      0x0000000080012714        0x0 /usr/local/lib/gcc/mips64-elf/11.2.0/../../../../mips64-elf/lib/libstdc++.a(new_handler.o)
                                         0x3c (size before relaxing)
 .eh_frame      0x0000000080012714        0x0 /usr/local/lib/gcc/mips64-elf/11.2.0/../../../../mips64-elf/lib/libstdc++.a(vterminate.o)
                                         0x3c (size before relaxing)
 .eh_frame      0x0000000080012714        0x0 /usr/local/lib/gcc/mips64-elf/11.2.0/../../../../mips64-elf/lib/libstdc++.a(eh_catch.o)
                                         0xb8 (size before relaxing)
 .eh_frame      0x0000000080012714        0x0 /usr/local/lib/gcc/mips64-elf/11.2.0/../../../../mips64-elf/lib/libstdc++.a(eh_globals.o)
                                         0x3c (size before relaxing)
 .eh_frame      0x0000000080012714        0x0 /usr/local/lib/gcc/mips64-elf/11.2.0/../../../../mips64-elf/lib/libstdc++.a(eh_personality.o)
                                        0x17c (size before relaxing)
 .eh_frame      0x0000000080012714        0x0 /usr/local/lib/gcc/mips64-elf/11.2.0/../../../../mips64-elf/lib/libstdc++.a(eh_type.o)
                                         0x34 (size before relaxing)
 .eh_frame      0x0000000080012714        0x0 /usr/local/lib/gcc/mips64-elf/11.2.0/../../../../mips64-elf/lib/libstdc++.a(eh_call.o)
                                         0x30 (size before relaxing)
 .eh_frame      0x0000000080012714        0x0 /usr/local/lib/gcc/mips64-elf/11.2.0/libgcc.a(unwind-dw2.o)
                                        0x5fc (size before relaxing)
 .eh_frame      0x0000000080012714        0x0 /usr/local/lib/gcc/mips64-elf/11.2.0/libgcc.a(unwind-dw2-fde.o)
                                        0x3b4 (size before relaxing)
 .eh_frame      0x0000000080012714        0x4 /usr/local/lib/gcc/mips64-elf/11.2.0/crtend.o

.gcc_except_table
 *(.gcc_except_table*)

.jcr
 *(.jcr)

.rodata         0x0000000080012718     0x2858
 *(.rdata)
 *(.rodata)
 .rodata        0x0000000080012718       0x1c /usr/local/lib/gcc/mips64-elf/11.2.0/../../../../mips64-elf/lib/libm.a(lib_a-ef_atan2.o)
 *fill*         0x0000000080012734        0x4 
 .rodata        0x0000000080012738      0x398 /usr/local/lib/gcc/mips64-elf/11.2.0/../../../../mips64-elf/lib/libm.a(lib_a-ef_rem_pio2.o)
 .rodata        0x0000000080012ad0       0x3c /usr/local/lib/gcc/mips64-elf/11.2.0/../../../../mips64-elf/lib/libm.a(lib_a-kf_rem_pio2.o)
 *fill*         0x0000000080012b0c        0x4 
 .rodata        0x0000000080012b10       0x20 /usr/local/lib/gcc/mips64-elf/11.2.0/../../../../mips64-elf/lib/libm.a(lib_a-sf_atan.o)
 .rodata        0x0000000080012b30      0x188 /usr/local/lib/gcc/mips64-elf/11.2.0/../../../../mips64-elf/lib/libc.a(lib_a-vfprintf.o)
 .rodata        0x0000000080012cb8      0x128 /usr/local/lib/gcc/mips64-elf/11.2.0/../../../../mips64-elf/lib/libc.a(lib_a-mprec.o)
                0x0000000080012cc8                __mprec_tinytens
                0x0000000080012cf0                __mprec_bigtens
                0x0000000080012d18                __mprec_tens
 .rodata        0x0000000080012de0      0x188 /usr/local/lib/gcc/mips64-elf/11.2.0/../../../../mips64-elf/lib/libc.a(lib_a-vfiprintf.o)
 .rodata        0x0000000080012f68      0x288 /usr/local/lib/gcc/mips64-elf/11.2.0/../../../../mips64-elf/lib/libc.a(lib_a-ctype_.o)
                0x0000000080012f68                _ctype_
                0x0000000080013070                _ctype_b
 *(.rodata.*)
 .rodata.debug_assert_func_f.str1.8
                0x00000000800131f0       0x3d /usr/local/mips64-elf/lib/libdragon.a(debug.o)
                                         0x45 (size before relaxing)
 *fill*         0x000000008001322d        0x3 
 .rodata.__font_data
                0x0000000080013230      0x800 /usr/local/mips64-elf/lib/libdragon.a(graphics.o)
 .rodata.dma_read_raw_async.str1.8
                0x0000000080013a30       0x12 /usr/local/mips64-elf/lib/libdragon.a(dma.o)
 *fill*         0x0000000080013a42        0x6 
 .rodata.dma_read_async.str1.8
                0x0000000080013a48       0x17 /usr/local/mips64-elf/lib/libdragon.a(dma.o)
 *fill*         0x0000000080013a5f        0x1 
 .rodata.__func__.1
                0x0000000080013a60        0xf /usr/local/mips64-elf/lib/libdragon.a(dma.o)
 *fill*         0x0000000080013a6f        0x1 
 .rodata.__func__.3
                0x0000000080013a70       0x13 /usr/local/mips64-elf/lib/libdragon.a(dma.o)
 *fill*         0x0000000080013a83        0x5 
 .rodata.__do_global_ctors.str1.8
                0x0000000080013a88       0x99 /usr/local/mips64-elf/lib/libdragon.a(do_ctors.o)
 *fill*         0x0000000080013b21        0x7 
 .rodata.__wrap___do_global_ctors.str1.8
                0x0000000080013b28       0x93 /usr/local/mips64-elf/lib/libdragon.a(do_ctors.o)
 *fill*         0x0000000080013bbb        0x5 
 .rodata.__func__.0
                0x0000000080013bc0       0x19 /usr/local/mips64-elf/lib/libdragon.a(do_ctors.o)
 *fill*         0x0000000080013bd9        0x7 
 .rodata.enable_interrupts.str1.8
                0x0000000080013be0       0x4c /usr/local/mips64-elf/lib/libdragon.a(interrupt.o)
 *fill*         0x0000000080013c2c        0x4 
 .rodata.__func__.0
                0x0000000080013c30       0x12 /usr/local/mips64-elf/lib/libdragon.a(interrupt.o)
 *fill*         0x0000000080013c42        0x6 
 .rodata.display_show.part.0.str1.8
                0x0000000080013c48       0x59 /usr/local/mips64-elf/lib/libdragon.a(display.o)
 *fill*         0x0000000080013ca1        0x7 
 .rodata.display_init.str1.8
                0x0000000080013ca8       0xac /usr/local/mips64-elf/lib/libdragon.a(display.o)
 .rodata.display_init
                0x0000000080013d54       0x30 /usr/local/mips64-elf/lib/libdragon.a(display.o)
 *fill*         0x0000000080013d84        0x4 
 .rodata.__func__.0
                0x0000000080013d88        0xd /usr/local/mips64-elf/lib/libdragon.a(display.o)
 *fill*         0x0000000080013d95        0x3 
 .rodata.__func__.1
                0x0000000080013d98        0xd /usr/local/mips64-elf/lib/libdragon.a(display.o)
 *fill*         0x0000000080013da5        0x3 
 .rodata.reg_values
                0x0000000080013da8       0x48 /usr/local/mips64-elf/lib/libdragon.a(display.o)
 .rodata.mpal_640p
                0x0000000080013df0       0x38 /usr/local/mips64-elf/lib/libdragon.a(display.o)
 .rodata.pal_640p
                0x0000000080013e28       0x38 /usr/local/mips64-elf/lib/libdragon.a(display.o)
 .rodata.ntsc_640p
                0x0000000080013e60       0x38 /usr/local/mips64-elf/lib/libdragon.a(display.o)
 .rodata.mpal_512p
                0x0000000080013e98       0x38 /usr/local/mips64-elf/lib/libdragon.a(display.o)
 .rodata.pal_512p
                0x0000000080013ed0       0x38 /usr/local/mips64-elf/lib/libdragon.a(display.o)
 .rodata.ntsc_512p
                0x0000000080013f08       0x38 /usr/local/mips64-elf/lib/libdragon.a(display.o)
 .rodata.mpal_512
                0x0000000080013f40       0x38 /usr/local/mips64-elf/lib/libdragon.a(display.o)
 .rodata.pal_512
                0x0000000080013f78       0x38 /usr/local/mips64-elf/lib/libdragon.a(display.o)
 .rodata.ntsc_512
                0x0000000080013fb0       0x38 /usr/local/mips64-elf/lib/libdragon.a(display.o)
 .rodata.mpal_256
                0x0000000080013fe8       0x38 /usr/local/mips64-elf/lib/libdragon.a(display.o)
 .rodata.pal_256
                0x0000000080014020       0x38 /usr/local/mips64-elf/lib/libdragon.a(display.o)
 .rodata.ntsc_256
                0x0000000080014058       0x38 /usr/local/mips64-elf/lib/libdragon.a(display.o)
 .rodata.mpal_640
                0x0000000080014090       0x38 /usr/local/mips64-elf/lib/libdragon.a(display.o)
 .rodata.pal_640
                0x00000000800140c8       0x38 /usr/local/mips64-elf/lib/libdragon.a(display.o)
 .rodata.ntsc_640
                0x0000000080014100       0x38 /usr/local/mips64-elf/lib/libdragon.a(display.o)
 .rodata.mpal_320
                0x0000000080014138       0x38 /usr/local/mips64-elf/lib/libdragon.a(display.o)
 .rodata.pal_320
                0x0000000080014170       0x38 /usr/local/mips64-elf/lib/libdragon.a(display.o)
 .rodata.ntsc_320
                0x00000000800141a8       0x38 /usr/local/mips64-elf/lib/libdragon.a(display.o)
 .rodata.exception_default_handler.str1.8
                0x00000000800141e0      0x447 /usr/local/mips64-elf/lib/libdragon.a(exception.o)
 *fill*         0x0000000080014627        0x1 
 .rodata.str1.8
                0x0000000080014628      0x17e /usr/local/mips64-elf/lib/libdragon.a(exception.o)
 *fill*         0x00000000800147a6        0x2 
 .rodata.exceptionMap.0
                0x00000000800147a8       0x80 /usr/local/mips64-elf/lib/libdragon.a(exception.o)
 .rodata._ZTS9Mode7Test
                0x0000000080014828        0xb build/LibN64GameTest.o
                0x0000000080014828                _ZTS9Mode7Test
 *fill*         0x0000000080014833        0x5 
 .rodata._ZTI9Mode7Test
                0x0000000080014838        0xc build/LibN64GameTest.o
                0x0000000080014838                _ZTI9Mode7Test
 .rodata._ZTV9Mode7Test
                0x0000000080014844       0x48 build/LibN64GameTest.o
                0x0000000080014844                _ZTV9Mode7Test
 *fill*         0x000000008001488c        0x4 
 .rodata.str1.8
                0x0000000080014890      0x401 build/LibN64GameTest.o
 *fill*         0x0000000080014c91        0x7 
 .rodata._ZN6LibN645FrameC2E12resolution_t10bitdepth_ti.str1.8
                0x0000000080014c98       0x4b /home/spencer/libdragon/NEW/libdragon/libN64.a(LibN64.o)
 *fill*         0x0000000080014ce3        0x5 
 .rodata._ZTSN6LibN645FrameE
                0x0000000080014ce8       0x10 /home/spencer/libdragon/NEW/libdragon/libN64.a(LibN64.o)
                0x0000000080014ce8                _ZTSN6LibN645FrameE
 .rodata._ZTVN6LibN645FrameE
                0x0000000080014cf8       0x48 /home/spencer/libdragon/NEW/libdragon/libN64.a(LibN64.o)
                0x0000000080014cf8                _ZTVN6LibN645FrameE
 .rodata.__open.str1.8
                0x0000000080014d40        0x2 /usr/local/lib/gcc/mips64-elf/11.2.0/../../../../mips64-elf/lib/libdragon.a(dragonfs.o)
 *fill*         0x0000000080014d42        0x6 
 .rodata.dfs_init.str1.8
                0x0000000080014d48       0x16 /usr/local/lib/gcc/mips64-elf/11.2.0/../../../../mips64-elf/lib/libdragon.a(dragonfs.o)
 *fill*         0x0000000080014d5e        0x2 
 .rodata.SI_read_con_block.7
                0x0000000080014d60       0x40 /usr/local/lib/gcc/mips64-elf/11.2.0/../../../../mips64-elf/lib/libdragon.a(controller.o)
 .rodata._ZTSN10__cxxabiv117__class_type_infoE
                0x0000000080014da0       0x22 /usr/local/lib/gcc/mips64-elf/11.2.0/../../../../mips64-elf/lib/libstdc++.a(class_type_info.o)
                0x0000000080014da0                _ZTSN10__cxxabiv117__class_type_infoE
 *fill*         0x0000000080014dc2        0x6 
 .rodata._ZTIN10__cxxabiv117__class_type_infoE
                0x0000000080014dc8        0xc /usr/local/lib/gcc/mips64-elf/11.2.0/../../../../mips64-elf/lib/libstdc++.a(class_type_info.o)
                0x0000000080014dc8                _ZTIN10__cxxabiv117__class_type_infoE
 .rodata._ZTVN10__cxxabiv117__class_type_infoE
                0x0000000080014dd4       0x2c /usr/local/lib/gcc/mips64-elf/11.2.0/../../../../mips64-elf/lib/libstdc++.a(class_type_info.o)
                0x0000000080014dd4                _ZTVN10__cxxabiv117__class_type_infoE
 .rodata._ZTSN10__cxxabiv120__si_class_type_infoE
                0x0000000080014e00       0x25 /usr/local/lib/gcc/mips64-elf/11.2.0/../../../../mips64-elf/lib/libstdc++.a(si_class_type_info.o)
                0x0000000080014e00                _ZTSN10__cxxabiv120__si_class_type_infoE
 *fill*         0x0000000080014e25        0x3 
 .rodata._ZTIN10__cxxabiv120__si_class_type_infoE
                0x0000000080014e28        0xc /usr/local/lib/gcc/mips64-elf/11.2.0/../../../../mips64-elf/lib/libstdc++.a(si_class_type_info.o)
                0x0000000080014e28                _ZTIN10__cxxabiv120__si_class_type_infoE
 .rodata._ZTVN10__cxxabiv120__si_class_type_infoE
                0x0000000080014e34       0x2c /usr/local/lib/gcc/mips64-elf/11.2.0/../../../../mips64-elf/lib/libstdc++.a(si_class_type_info.o)
                0x0000000080014e34                _ZTVN10__cxxabiv120__si_class_type_infoE
 .rodata._ZTSSt9type_info
                0x0000000080014e60        0xd /usr/local/lib/gcc/mips64-elf/11.2.0/../../../../mips64-elf/lib/libstdc++.a(tinfo.o)
                0x0000000080014e60                _ZTSSt9type_info
 *fill*         0x0000000080014e6d        0x3 
 .rodata.str1.8
                0x0000000080014e70       0x5a /usr/local/lib/gcc/mips64-elf/11.2.0/../../../../mips64-elf/lib/libc.a(lib_a-vfprintf.o)
 *fill*         0x0000000080014eca        0x6 
 .rodata.str1.8
                0x0000000080014ed0       0x58 /usr/local/lib/gcc/mips64-elf/11.2.0/../../../../mips64-elf/lib/libc.a(lib_a-dtoa.o)
                                         0x60 (size before relaxing)
 .rodata.str1.8
                0x0000000080014f28       0x12 /usr/local/lib/gcc/mips64-elf/11.2.0/../../../../mips64-elf/lib/libc.a(lib_a-locale.o)
                                         0x1a (size before relaxing)
 *fill*         0x0000000080014f3a        0x6 
 .rodata.str1.8
                0x0000000080014f40       0x29 /usr/local/lib/gcc/mips64-elf/11.2.0/../../../../mips64-elf/lib/libc.a(lib_a-mprec.o)
                                         0x41 (size before relaxing)
 .rodata.str1.8
                0x0000000080014f69       0x37 /usr/local/lib/gcc/mips64-elf/11.2.0/../../../../mips64-elf/lib/libc.a(lib_a-vfiprintf.o)
 *(.gnu.linkonce.r.*)
                0x0000000080014fa0                . = ALIGN (0x8)
 *fill*         0x0000000080014f69        0x7 

.MIPS.abiflags  0x0000000080014f70       0x18
 .MIPS.abiflags
                0x0000000080014f70       0x18 /usr/local/lib/gcc/mips64-elf/11.2.0/crti.o

.rel.dyn        0x0000000080014f88        0x0
 .rel.dyn       0x0000000080014f88        0x0 /usr/local/mips64-elf/lib/libdragon.a(n64sys.o)
                0x0000000080014f88                . = ALIGN (0x4)

.ctors          0x0000000080014f88       0x14
                0x0000000080014f88                __CTOR_LIST__ = .
 *(.ctors)
 .ctors         0x0000000080014f88        0x4 /usr/local/lib/gcc/mips64-elf/11.2.0/crtbegin.o
 .ctors         0x0000000080014f8c        0x4 /usr/local/mips64-elf/lib/libdragon.a(n64sys.o)
 .ctors         0x0000000080014f90        0x4 /usr/local/mips64-elf/lib/libdragon.a(interrupt.o)
 .ctors         0x0000000080014f94        0x4 /usr/local/lib/gcc/mips64-elf/11.2.0/../../../../mips64-elf/lib/libstdc++.a(eh_alloc.o)
 .ctors         0x0000000080014f98        0x4 /usr/local/lib/gcc/mips64-elf/11.2.0/crtend.o
                0x0000000080014f9c                __CTOR_END__ = .
                0x0000000080014fa0                . = ALIGN (0x8)

.data           0x0000000080014fa0      0x9c8
                0x0000000080014fa0                __data_start = .
 *(.data)
 .data          0x0000000080014fa0      0x428 /usr/local/lib/gcc/mips64-elf/11.2.0/../../../../mips64-elf/lib/libc.a(lib_a-impure.o)
 .data          0x00000000800153c8      0x408 /usr/local/lib/gcc/mips64-elf/11.2.0/../../../../mips64-elf/lib/libc.a(lib_a-mallocr.o)
                0x00000000800153c8                __malloc_av_
 .data          0x00000000800157d0      0x16c /usr/local/lib/gcc/mips64-elf/11.2.0/../../../../mips64-elf/lib/libc.a(lib_a-locale.o)
                0x00000000800157d0                __global_locale
 *(.data.*)
 *fill*         0x000000008001593c        0x4 
 .data.dragon_fs
                0x0000000080015940       0x24 /usr/local/lib/gcc/mips64-elf/11.2.0/../../../../mips64-elf/lib/libdragon.a(dragonfs.o)
 *(.gnu.linkonce.d.*)
                0x0000000080015968                . = ALIGN (0x8)
 *fill*         0x0000000080015964        0x4 

.sdata          0x0000000080015968      0x1f8
                0x000000008001d968                _gp = (. + 0x8000)
 *(.sdata)
 .sdata         0x0000000080015968       0x40 build/LibN64GameTest.o
 .sdata         0x00000000800159a8       0x18 /usr/local/lib/gcc/mips64-elf/11.2.0/../../../../mips64-elf/lib/libm.a(lib_a-ef_atan2.o)
 .sdata         0x00000000800159c0       0x24 /usr/local/lib/gcc/mips64-elf/11.2.0/../../../../mips64-elf/lib/libm.a(lib_a-ef_rem_pio2.o)
 .sdata         0x00000000800159e4       0x28 /usr/local/lib/gcc/mips64-elf/11.2.0/../../../../mips64-elf/lib/libm.a(lib_a-kf_cos.o)
 .sdata         0x0000000080015a0c       0x1c /usr/local/lib/gcc/mips64-elf/11.2.0/../../../../mips64-elf/lib/libm.a(lib_a-kf_rem_pio2.o)
 .sdata         0x0000000080015a28       0x1c /usr/local/lib/gcc/mips64-elf/11.2.0/../../../../mips64-elf/lib/libm.a(lib_a-kf_sin.o)
 .sdata         0x0000000080015a44       0x48 /usr/local/lib/gcc/mips64-elf/11.2.0/../../../../mips64-elf/lib/libm.a(lib_a-sf_atan.o)
 .sdata         0x0000000080015a8c        0x8 /usr/local/lib/gcc/mips64-elf/11.2.0/../../../../mips64-elf/lib/libm.a(lib_a-sf_floor.o)
 .sdata         0x0000000080015a94       0x18 /usr/local/lib/gcc/mips64-elf/11.2.0/../../../../mips64-elf/lib/libm.a(lib_a-sf_scalbn.o)
 .sdata         0x0000000080015aac        0x8 /usr/local/lib/gcc/mips64-elf/11.2.0/../../../../mips64-elf/lib/libc.a(lib_a-impure.o)
                0x0000000080015aac                _global_impure_ptr
                0x0000000080015ab0                _impure_ptr
 .sdata         0x0000000080015ab4        0x8 /usr/local/lib/gcc/mips64-elf/11.2.0/../../../../mips64-elf/lib/libc.a(lib_a-mallocr.o)
                0x0000000080015ab4                __malloc_sbrk_base
                0x0000000080015ab8                __malloc_trim_threshold
 *fill*         0x0000000080015abc        0x4 
 .sdata         0x0000000080015ac0        0x8 /usr/local/lib/gcc/mips64-elf/11.2.0/../../../../mips64-elf/lib/libc.a(lib_a-vfprintf.o)
 .sdata         0x0000000080015ac8       0x48 /usr/local/lib/gcc/mips64-elf/11.2.0/../../../../mips64-elf/lib/libc.a(lib_a-dtoa.o)
 .sdata         0x0000000080015b10       0x10 /usr/local/lib/gcc/mips64-elf/11.2.0/../../../../mips64-elf/lib/libc.a(lib_a-mprec.o)
 *(.sdata.*)
 .sdata.console_redirect_debug
                0x0000000080015b20        0x1 /usr/local/mips64-elf/lib/libdragon.a(console.o)
 *fill*         0x0000000080015b21        0x3 
 .sdata.f_color
                0x0000000080015b24        0x4 /usr/local/mips64-elf/lib/libdragon.a(graphics.o)
 .sdata.__bootcic
                0x0000000080015b28        0x4 /usr/local/mips64-elf/lib/libdragon.a(n64sys.o)
                0x0000000080015b28                __bootcic
 .sdata.__interrupt_depth
                0x0000000080015b2c        0x4 /usr/local/mips64-elf/lib/libdragon.a(interrupt.o)
 .sdata.now_drawing
                0x0000000080015b30        0x4 /usr/local/mips64-elf/lib/libdragon.a(display.o)
 .sdata.show_next
                0x0000000080015b34        0x4 /usr/local/mips64-elf/lib/libdragon.a(display.o)
 .sdata.now_showing
                0x0000000080015b38        0x4 /usr/local/mips64-elf/lib/libdragon.a(display.o)
 .sdata.__buffers
                0x0000000080015b3c        0x4 /usr/local/mips64-elf/lib/libdragon.a(display.o)
                0x0000000080015b3c                __buffers
 .sdata.__exception_handler
                0x0000000080015b40        0x4 /usr/local/mips64-elf/lib/libdragon.a(exception.o)
 .sdata.map     0x0000000080015b44        0x4 build/LibN64GameTest.o
                0x0000000080015b44                map
 .sdata._ZTIN6LibN645FrameE
                0x0000000080015b48        0x8 /home/spencer/libdragon/NEW/libdragon/libN64.a(LibN64.o)
                0x0000000080015b48                _ZTIN6LibN645FrameE
 .sdata.next_handle.1
                0x0000000080015b50        0x4 /usr/local/lib/gcc/mips64-elf/11.2.0/../../../../mips64-elf/lib/libdragon.a(dragonfs.o)
 *fill*         0x0000000080015b54        0x4 
 .sdata._ZTISt9type_info
                0x0000000080015b58        0x8 /usr/local/lib/gcc/mips64-elf/11.2.0/../../../../mips64-elf/lib/libstdc++.a(tinfo.o)
                0x0000000080015b58                _ZTISt9type_info
 *(.gnu.linkonce.s.*)
                0x0000000080015b60                . = ALIGN (0x8)

.lit8           0x0000000080015b60        0x0
 *(.lit8)
                0x0000000080015b60                . = ALIGN (0x8)

.lit4           0x0000000080015b60        0x0
 *(.lit4)
                0x0000000080015b60                . = ALIGN (0x8)
                0x0000000080015b60                __data_end = .

.sbss           0x0000000080015b60      0x290
                0x0000000080015b60                __bss_start = .
 *(.sbss)
 .sbss          0x0000000080015b60      0x228 /usr/local/mips64-elf/lib/libdragon.a(inthandler.o)
                0x0000000080015b60                __baseRegAddr
 .sbss          0x0000000080015d88        0xc /usr/local/lib/gcc/mips64-elf/11.2.0/../../../../mips64-elf/lib/libc.a(lib_a-mallocr.o)
                0x0000000080015d88                __malloc_max_total_mem
                0x0000000080015d8c                __malloc_max_sbrked_mem
                0x0000000080015d90                __malloc_top_pad
 *(.sbss.*)
 .sbss.dc.0     0x0000000080015d94        0x4 /usr/local/mips64-elf/lib/libdragon.a(console.o)
 .sbss.render_now
                0x0000000080015d98        0x4 /usr/local/mips64-elf/lib/libdragon.a(console.o)
 .sbss.render_buffer
                0x0000000080015d9c        0x4 /usr/local/mips64-elf/lib/libdragon.a(console.o)
 .sbss.b_color  0x0000000080015da0        0x4 /usr/local/mips64-elf/lib/libdragon.a(graphics.o)
 .sbss.__bbplayer
                0x0000000080015da4        0x4 /usr/local/mips64-elf/lib/libdragon.a(n64sys.o)
                0x0000000080015da4                __bbplayer
 .sbss.SP_callback
                0x0000000080015da8        0x4 /usr/local/mips64-elf/lib/libdragon.a(interrupt.o)
                0x0000000080015da8                SP_callback
 .sbss.SI_callback
                0x0000000080015dac        0x4 /usr/local/mips64-elf/lib/libdragon.a(interrupt.o)
                0x0000000080015dac                SI_callback
 .sbss.TI_callback
                0x0000000080015db0        0x4 /usr/local/mips64-elf/lib/libdragon.a(interrupt.o)
                0x0000000080015db0                TI_callback
 .sbss.DP_callback
                0x0000000080015db4        0x4 /usr/local/mips64-elf/lib/libdragon.a(interrupt.o)
                0x0000000080015db4                DP_callback
 .sbss.PI_callback
                0x0000000080015db8        0x4 /usr/local/mips64-elf/lib/libdragon.a(interrupt.o)
                0x0000000080015db8                PI_callback
 .sbss.VI_callback
                0x0000000080015dbc        0x4 /usr/local/mips64-elf/lib/libdragon.a(interrupt.o)
                0x0000000080015dbc                VI_callback
 .sbss.AI_callback
                0x0000000080015dc0        0x4 /usr/local/mips64-elf/lib/libdragon.a(interrupt.o)
                0x0000000080015dc0                AI_callback
 .sbss.interrupt_disabled_tick
                0x0000000080015dc4        0x4 /usr/local/mips64-elf/lib/libdragon.a(interrupt.o)
                0x0000000080015dc4                interrupt_disabled_tick
 .sbss.__height
                0x0000000080015dc8        0x4 /usr/local/mips64-elf/lib/libdragon.a(display.o)
                0x0000000080015dc8                __height
 .sbss.__width  0x0000000080015dcc        0x4 /usr/local/mips64-elf/lib/libdragon.a(display.o)
                0x0000000080015dcc                __width
 .sbss.__bitdepth
                0x0000000080015dd0        0x4 /usr/local/mips64-elf/lib/libdragon.a(display.o)
                0x0000000080015dd0                __bitdepth
 .sbss.heap_top.0
                0x0000000080015dd4        0x4 /usr/local/mips64-elf/lib/libdragonsys.a(system.o)
 .sbss.heap_end.1
                0x0000000080015dd8        0x4 /usr/local/mips64-elf/lib/libdragonsys.a(system.o)
 .sbss.__assert_func_ptr
                0x0000000080015ddc        0x4 /usr/local/mips64-elf/lib/libdragonsys.a(system.o)
                0x0000000080015ddc                __assert_func_ptr
 .sbss.errno    0x0000000080015de0        0x4 /usr/local/mips64-elf/lib/libdragonsys.a(system.o)
                0x0000000080015de0                errno
 .sbss.next_entry
                0x0000000080015de4        0x4 /usr/local/lib/gcc/mips64-elf/11.2.0/../../../../mips64-elf/lib/libdragon.a(dragonfs.o)
 .sbss.directory_top
                0x0000000080015de8        0x4 /usr/local/lib/gcc/mips64-elf/11.2.0/../../../../mips64-elf/lib/libdragon.a(dragonfs.o)
 .sbss.base_ptr
                0x0000000080015dec        0x4 /usr/local/lib/gcc/mips64-elf/11.2.0/../../../../mips64-elf/lib/libdragon.a(dragonfs.o)
 *(.gnu.linkonce.sb.*)
 *(.scommon)
 *(.scommon.*)
                0x0000000080015df0                . = ALIGN (0x8)

.bss            0x0000000080015e00    0x11400
 *(.bss)
 .bss           0x0000000080015e00    0x10400 /usr/local/mips64-elf/lib/libdragon.a(inthandler.o)
 .bss           0x0000000080026200       0x28 /usr/local/lib/gcc/mips64-elf/11.2.0/../../../../mips64-elf/lib/libc.a(lib_a-mallocr.o)
                0x0000000080026200                __malloc_current_mallinfo
 *(.bss*)
 .bss.__safe_buffer
                0x0000000080026228        0xc /usr/local/mips64-elf/lib/libdragon.a(display.o)
                0x0000000080026228                __safe_buffer
 *fill*         0x0000000080026234        0x4 
 .bss.buffer    0x0000000080026238        0xc /usr/local/mips64-elf/lib/libdragon.a(display.o)
 *fill*         0x0000000080026244        0x4 
 .bss.stdio_hooks
                0x0000000080026248        0xc /usr/local/mips64-elf/lib/libdragonsys.a(system.o)
 *fill*         0x0000000080026254        0x4 
 .bss.handles   0x0000000080026258      0x4b0 /usr/local/mips64-elf/lib/libdragonsys.a(system.o)
 .bss.filesystems
                0x0000000080026708       0x50 /usr/local/mips64-elf/lib/libdragonsys.a(system.o)
 .bss.directories
                0x0000000080026758      0x190 /usr/local/lib/gcc/mips64-elf/11.2.0/../../../../mips64-elf/lib/libdragon.a(dragonfs.o)
 *fill*         0x00000000800268e8        0x8 
 .bss.open_files
                0x00000000800268f0      0x880 /usr/local/lib/gcc/mips64-elf/11.2.0/../../../../mips64-elf/lib/libdragon.a(dragonfs.o)
 .bss.last      0x0000000080027170       0x40 /usr/local/lib/gcc/mips64-elf/11.2.0/../../../../mips64-elf/lib/libdragon.a(controller.o)
 .bss.current   0x00000000800271b0       0x40 /usr/local/lib/gcc/mips64-elf/11.2.0/../../../../mips64-elf/lib/libdragon.a(controller.o)
 .bss._ZN12_GLOBAL__N_114emergency_poolE
                0x00000000800271f0       0x10 /usr/local/lib/gcc/mips64-elf/11.2.0/../../../../mips64-elf/lib/libstdc++.a(eh_alloc.o)
 *(.gnu.linkonce.b.*)
 *(COMMON)
                0x0000000080027200                . = ALIGN (0x8)
                0x0000000080027200                __bss_end = .
                0x0000000080027200                . = ALIGN (0x8)
                0x0000000080027200                end = .
LOAD /usr/local/lib/gcc/mips64-elf/11.2.0/../../../../mips64-elf/lib/libstdc++.a
LOAD /usr/local/lib/gcc/mips64-elf/11.2.0/../../../../mips64-elf/lib/libm.a
LOAD /usr/local/lib/gcc/mips64-elf/11.2.0/../../../../mips64-elf/lib/libc.a
LOAD /usr/local/lib/gcc/mips64-elf/11.2.0/libgcc.a
LOAD /usr/local/lib/gcc/mips64-elf/11.2.0/libgcc.a
LOAD /usr/local/lib/gcc/mips64-elf/11.2.0/crtend.o
LOAD /usr/local/lib/gcc/mips64-elf/11.2.0/crtn.o
OUTPUT(build/LibN64GameTest.elf elf32-bigmips)

.reginfo        0x0000000000000000       0x18
 .reginfo       0x0000000000000000       0x18 /usr/local/lib/gcc/mips64-elf/11.2.0/crti.o

.pdr            0x0000000000000000        0x0
 .pdr           0x0000000000000000        0x0 /usr/local/lib/gcc/mips64-elf/11.2.0/crti.o
 .pdr           0x0000000000000000        0x0 /usr/local/lib/gcc/mips64-elf/11.2.0/crtbegin.o
 .pdr           0x0000000000000000        0x0 /usr/local/mips64-elf/lib/libdragon.a(inthandler.o)
 .pdr           0x0000000000000000        0x0 /usr/local/lib/gcc/mips64-elf/11.2.0/../../../../mips64-elf/lib/libc.a(lib_a-impure.o)
 .pdr           0x0000000000000000        0x0 /usr/local/lib/gcc/mips64-elf/11.2.0/../../../../mips64-elf/lib/libc.a(lib_a-ctype_.o)
 .pdr           0x0000000000000000        0x0 /usr/local/lib/gcc/mips64-elf/11.2.0/crtend.o

.gnu.attributes
                0x0000000000000000       0x10
 .gnu.attributes
                0x0000000000000000       0x10 /usr/local/lib/gcc/mips64-elf/11.2.0/crti.o
 .gnu.attributes
                0x0000000000000010       0x10 /usr/local/lib/gcc/mips64-elf/11.2.0/crtbegin.o
 .gnu.attributes
                0x0000000000000020       0x10 /usr/local/mips64-elf/lib/libdragon.a(debug.o)
 .gnu.attributes
                0x0000000000000030       0x10 /usr/local/mips64-elf/lib/libdragon.a(console.o)
 .gnu.attributes
                0x0000000000000040       0x10 /usr/local/mips64-elf/lib/libdragon.a(graphics.o)
 .gnu.attributes
                0x0000000000000050       0x10 /usr/local/mips64-elf/lib/libdragon.a(dma.o)
 .gnu.attributes
                0x0000000000000060       0x10 /usr/local/mips64-elf/lib/libdragon.a(do_ctors.o)
 .gnu.attributes
                0x0000000000000070       0x10 /usr/local/mips64-elf/lib/libdragon.a(n64sys.o)
 .gnu.attributes
                0x0000000000000080       0x10 /usr/local/mips64-elf/lib/libdragon.a(interrupt.o)
 .gnu.attributes
                0x0000000000000090       0x10 /usr/local/mips64-elf/lib/libdragon.a(inthandler.o)
 .gnu.attributes
                0x00000000000000a0       0x10 /usr/local/mips64-elf/lib/libdragon.a(display.o)
 .gnu.attributes
                0x00000000000000b0       0x10 /usr/local/mips64-elf/lib/libdragon.a(exception.o)
 .gnu.attributes
                0x00000000000000c0       0x10 /usr/local/mips64-elf/lib/libdragonsys.a(system.o)
 .gnu.attributes
                0x00000000000000d0       0x10 build/LibN64GameTest.o
 .gnu.attributes
                0x00000000000000e0       0x10 /home/spencer/libdragon/NEW/libdragon/libN64.a(LibN64.o)
 .gnu.attributes
                0x00000000000000f0       0x10 /usr/local/lib/gcc/mips64-elf/11.2.0/../../../../mips64-elf/lib/libdragon.a(dragonfs.o)
 .gnu.attributes
                0x0000000000000100       0x10 /usr/local/lib/gcc/mips64-elf/11.2.0/../../../../mips64-elf/lib/libdragon.a(controller.o)
 .gnu.attributes
                0x0000000000000110       0x10 /usr/local/lib/gcc/mips64-elf/11.2.0/../../../../mips64-elf/lib/libdragon.a(joybus.o)
 .gnu.attributes
                0x0000000000000120       0x10 /usr/local/lib/gcc/mips64-elf/11.2.0/../../../../mips64-elf/lib/libm.a(lib_a-sf_cos.o)
 .gnu.attributes
                0x0000000000000130       0x10 /usr/local/lib/gcc/mips64-elf/11.2.0/../../../../mips64-elf/lib/libm.a(lib_a-sf_sin.o)
 .gnu.attributes
                0x0000000000000140       0x10 /usr/local/lib/gcc/mips64-elf/11.2.0/../../../../mips64-elf/lib/libm.a(lib_a-wf_atan2.o)
 .gnu.attributes
                0x0000000000000150       0x10 /usr/local/lib/gcc/mips64-elf/11.2.0/../../../../mips64-elf/lib/libm.a(lib_a-ef_atan2.o)
 .gnu.attributes
                0x0000000000000160       0x10 /usr/local/lib/gcc/mips64-elf/11.2.0/../../../../mips64-elf/lib/libm.a(lib_a-ef_rem_pio2.o)
 .gnu.attributes
                0x0000000000000170       0x10 /usr/local/lib/gcc/mips64-elf/11.2.0/../../../../mips64-elf/lib/libm.a(lib_a-kf_cos.o)
 .gnu.attributes
                0x0000000000000180       0x10 /usr/local/lib/gcc/mips64-elf/11.2.0/../../../../mips64-elf/lib/libm.a(lib_a-kf_rem_pio2.o)
 .gnu.attributes
                0x0000000000000190       0x10 /usr/local/lib/gcc/mips64-elf/11.2.0/../../../../mips64-elf/lib/libm.a(lib_a-kf_sin.o)
 .gnu.attributes
                0x00000000000001a0       0x10 /usr/local/lib/gcc/mips64-elf/11.2.0/../../../../mips64-elf/lib/libm.a(lib_a-sf_atan.o)
 .gnu.attributes
                0x00000000000001b0       0x10 /usr/local/lib/gcc/mips64-elf/11.2.0/../../../../mips64-elf/lib/libm.a(lib_a-sf_fabs.o)
 .gnu.attributes
                0x00000000000001c0       0x10 /usr/local/lib/gcc/mips64-elf/11.2.0/../../../../mips64-elf/lib/libm.a(lib_a-sf_floor.o)
 .gnu.attributes
                0x00000000000001d0       0x10 /usr/local/lib/gcc/mips64-elf/11.2.0/../../../../mips64-elf/lib/libm.a(lib_a-sf_scalbn.o)
 .gnu.attributes
                0x00000000000001e0       0x10 /usr/local/lib/gcc/mips64-elf/11.2.0/../../../../mips64-elf/lib/libstdc++.a(class_type_info.o)
 .gnu.attributes
                0x00000000000001f0       0x10 /usr/local/lib/gcc/mips64-elf/11.2.0/../../../../mips64-elf/lib/libstdc++.a(del_ops.o)
 .gnu.attributes
                0x0000000000000200       0x10 /usr/local/lib/gcc/mips64-elf/11.2.0/../../../../mips64-elf/lib/libstdc++.a(new_opv.o)
 .gnu.attributes
                0x0000000000000210       0x10 /usr/local/lib/gcc/mips64-elf/11.2.0/../../../../mips64-elf/lib/libstdc++.a(si_class_type_info.o)
 .gnu.attributes
                0x0000000000000220       0x10 /usr/local/lib/gcc/mips64-elf/11.2.0/../../../../mips64-elf/lib/libstdc++.a(tinfo.o)
 .gnu.attributes
                0x0000000000000230       0x10 /usr/local/lib/gcc/mips64-elf/11.2.0/../../../../mips64-elf/lib/libstdc++.a(del_op.o)
 .gnu.attributes
                0x0000000000000240       0x10 /usr/local/lib/gcc/mips64-elf/11.2.0/../../../../mips64-elf/lib/libstdc++.a(new_op.o)
 .gnu.attributes
                0x0000000000000250       0x10 /usr/local/lib/gcc/mips64-elf/11.2.0/../../../../mips64-elf/lib/libstdc++.a(bad_alloc.o)
 .gnu.attributes
                0x0000000000000260       0x10 /usr/local/lib/gcc/mips64-elf/11.2.0/../../../../mips64-elf/lib/libstdc++.a(eh_alloc.o)
 .gnu.attributes
                0x0000000000000270       0x10 /usr/local/lib/gcc/mips64-elf/11.2.0/../../../../mips64-elf/lib/libstdc++.a(eh_exception.o)
 .gnu.attributes
                0x0000000000000280       0x10 /usr/local/lib/gcc/mips64-elf/11.2.0/../../../../mips64-elf/lib/libstdc++.a(eh_terminate.o)
 .gnu.attributes
                0x0000000000000290       0x10 /usr/local/lib/gcc/mips64-elf/11.2.0/../../../../mips64-elf/lib/libstdc++.a(eh_throw.o)
 .gnu.attributes
                0x00000000000002a0       0x10 /usr/local/lib/gcc/mips64-elf/11.2.0/../../../../mips64-elf/lib/libstdc++.a(new_handler.o)
 .gnu.attributes
                0x00000000000002b0       0x10 /usr/local/lib/gcc/mips64-elf/11.2.0/../../../../mips64-elf/lib/libstdc++.a(vterminate.o)
 .gnu.attributes
                0x00000000000002c0       0x10 /usr/local/lib/gcc/mips64-elf/11.2.0/../../../../mips64-elf/lib/libstdc++.a(eh_catch.o)
 .gnu.attributes
                0x00000000000002d0       0x10 /usr/local/lib/gcc/mips64-elf/11.2.0/../../../../mips64-elf/lib/libstdc++.a(eh_globals.o)
 .gnu.attributes
                0x00000000000002e0       0x10 /usr/local/lib/gcc/mips64-elf/11.2.0/../../../../mips64-elf/lib/libstdc++.a(eh_personality.o)
 .gnu.attributes
                0x00000000000002f0       0x10 /usr/local/lib/gcc/mips64-elf/11.2.0/../../../../mips64-elf/lib/libstdc++.a(eh_type.o)
 .gnu.attributes
                0x0000000000000300       0x10 /usr/local/lib/gcc/mips64-elf/11.2.0/../../../../mips64-elf/lib/libstdc++.a(eh_call.o)
 .gnu.attributes
                0x0000000000000310       0x10 /usr/local/lib/gcc/mips64-elf/11.2.0/../../../../mips64-elf/lib/libc.a(lib_a-abort.o)
 .gnu.attributes
                0x0000000000000320       0x10 /usr/local/lib/gcc/mips64-elf/11.2.0/../../../../mips64-elf/lib/libc.a(lib_a-assert.o)
 .gnu.attributes
                0x0000000000000330       0x10 /usr/local/lib/gcc/mips64-elf/11.2.0/../../../../mips64-elf/lib/libc.a(lib_a-fflush.o)
 .gnu.attributes
                0x0000000000000340       0x10 /usr/local/lib/gcc/mips64-elf/11.2.0/../../../../mips64-elf/lib/libc.a(lib_a-findfp.o)
 .gnu.attributes
                0x0000000000000350       0x10 /usr/local/lib/gcc/mips64-elf/11.2.0/../../../../mips64-elf/lib/libc.a(lib_a-fprintf.o)
 .gnu.attributes
                0x0000000000000360       0x10 /usr/local/lib/gcc/mips64-elf/11.2.0/../../../../mips64-elf/lib/libc.a(lib_a-fputc.o)
 .gnu.attributes
                0x0000000000000370       0x10 /usr/local/lib/gcc/mips64-elf/11.2.0/../../../../mips64-elf/lib/libc.a(lib_a-freer.o)
 .gnu.attributes
                0x0000000000000380       0x10 /usr/local/lib/gcc/mips64-elf/11.2.0/../../../../mips64-elf/lib/libc.a(lib_a-fstatr.o)
 .gnu.attributes
                0x0000000000000390       0x10 /usr/local/lib/gcc/mips64-elf/11.2.0/../../../../mips64-elf/lib/libc.a(lib_a-fvwrite.o)
 .gnu.attributes
                0x00000000000003a0       0x10 /usr/local/lib/gcc/mips64-elf/11.2.0/../../../../mips64-elf/lib/libc.a(lib_a-fwalk.o)
 .gnu.attributes
                0x00000000000003b0       0x10 /usr/local/lib/gcc/mips64-elf/11.2.0/../../../../mips64-elf/lib/libc.a(lib_a-fwrite.o)
 .gnu.attributes
                0x00000000000003c0       0x10 /usr/local/lib/gcc/mips64-elf/11.2.0/../../../../mips64-elf/lib/libc.a(lib_a-impure.o)
 .gnu.attributes
                0x00000000000003d0       0x10 /usr/local/lib/gcc/mips64-elf/11.2.0/../../../../mips64-elf/lib/libc.a(lib_a-makebuf.o)
 .gnu.attributes
                0x00000000000003e0       0x10 /usr/local/lib/gcc/mips64-elf/11.2.0/../../../../mips64-elf/lib/libc.a(lib_a-malign.o)
 .gnu.attributes
                0x00000000000003f0       0x10 /usr/local/lib/gcc/mips64-elf/11.2.0/../../../../mips64-elf/lib/libc.a(lib_a-malignr.o)
 .gnu.attributes
                0x0000000000000400       0x10 /usr/local/lib/gcc/mips64-elf/11.2.0/../../../../mips64-elf/lib/libc.a(lib_a-malloc.o)
 .gnu.attributes
                0x0000000000000410       0x10 /usr/local/lib/gcc/mips64-elf/11.2.0/../../../../mips64-elf/lib/libc.a(lib_a-mallocr.o)
 .gnu.attributes
                0x0000000000000420       0x10 /usr/local/lib/gcc/mips64-elf/11.2.0/../../../../mips64-elf/lib/libc.a(lib_a-memchr.o)
 .gnu.attributes
                0x0000000000000430       0x10 /usr/local/lib/gcc/mips64-elf/11.2.0/../../../../mips64-elf/lib/libc.a(lib_a-memcpy.o)
 .gnu.attributes
                0x0000000000000440       0x10 /usr/local/lib/gcc/mips64-elf/11.2.0/../../../../mips64-elf/lib/libc.a(lib_a-memmove.o)
 .gnu.attributes
                0x0000000000000450       0x10 /usr/local/lib/gcc/mips64-elf/11.2.0/../../../../mips64-elf/lib/libc.a(lib_a-memset.o)
 .gnu.attributes
                0x0000000000000460       0x10 /usr/local/lib/gcc/mips64-elf/11.2.0/../../../../mips64-elf/lib/libc.a(lib_a-mlock.o)
 .gnu.attributes
                0x0000000000000470       0x10 /usr/local/lib/gcc/mips64-elf/11.2.0/../../../../mips64-elf/lib/libc.a(lib_a-putc.o)
 .gnu.attributes
                0x0000000000000480       0x10 /usr/local/lib/gcc/mips64-elf/11.2.0/../../../../mips64-elf/lib/libc.a(lib_a-reallocr.o)
 .gnu.attributes
                0x0000000000000490       0x10 /usr/local/lib/gcc/mips64-elf/11.2.0/../../../../mips64-elf/lib/libc.a(lib_a-sbrkr.o)
 .gnu.attributes
                0x00000000000004a0       0x10 /usr/local/lib/gcc/mips64-elf/11.2.0/../../../../mips64-elf/lib/libc.a(lib_a-signal.o)
 .gnu.attributes
                0x00000000000004b0       0x10 /usr/local/lib/gcc/mips64-elf/11.2.0/../../../../mips64-elf/lib/libc.a(lib_a-signalr.o)
 .gnu.attributes
                0x00000000000004c0       0x10 /usr/local/lib/gcc/mips64-elf/11.2.0/../../../../mips64-elf/lib/libc.a(lib_a-stdio.o)
 .gnu.attributes
                0x00000000000004d0       0x10 /usr/local/lib/gcc/mips64-elf/11.2.0/../../../../mips64-elf/lib/libc.a(lib_a-strcmp.o)
 .gnu.attributes
                0x00000000000004e0       0x10 /usr/local/lib/gcc/mips64-elf/11.2.0/../../../../mips64-elf/lib/libc.a(lib_a-strcpy.o)
 .gnu.attributes
                0x00000000000004f0       0x10 /usr/local/lib/gcc/mips64-elf/11.2.0/../../../../mips64-elf/lib/libc.a(lib_a-strlen.o)
 .gnu.attributes
                0x0000000000000500       0x10 /usr/local/lib/gcc/mips64-elf/11.2.0/../../../../mips64-elf/lib/libc.a(lib_a-vfprintf.o)
 .gnu.attributes
                0x0000000000000510       0x10 /usr/local/lib/gcc/mips64-elf/11.2.0/../../../../mips64-elf/lib/libc.a(lib_a-wbuf.o)
 .gnu.attributes
                0x0000000000000520       0x10 /usr/local/lib/gcc/mips64-elf/11.2.0/../../../../mips64-elf/lib/libc.a(lib_a-writer.o)
 .gnu.attributes
                0x0000000000000530       0x10 /usr/local/lib/gcc/mips64-elf/11.2.0/../../../../mips64-elf/lib/libc.a(lib_a-wsetup.o)
 .gnu.attributes
                0x0000000000000540       0x10 /usr/local/lib/gcc/mips64-elf/11.2.0/../../../../mips64-elf/lib/libc.a(lib_a-closer.o)
 .gnu.attributes
                0x0000000000000550       0x10 /usr/local/lib/gcc/mips64-elf/11.2.0/../../../../mips64-elf/lib/libc.a(lib_a-dtoa.o)
 .gnu.attributes
                0x0000000000000560       0x10 /usr/local/lib/gcc/mips64-elf/11.2.0/../../../../mips64-elf/lib/libc.a(lib_a-fclose.o)
 .gnu.attributes
                0x0000000000000570       0x10 /usr/local/lib/gcc/mips64-elf/11.2.0/../../../../mips64-elf/lib/libc.a(lib_a-isattyr.o)
 .gnu.attributes
                0x0000000000000580       0x10 /usr/local/lib/gcc/mips64-elf/11.2.0/../../../../mips64-elf/lib/libc.a(lib_a-localeconv.o)
 .gnu.attributes
                0x0000000000000590       0x10 /usr/local/lib/gcc/mips64-elf/11.2.0/../../../../mips64-elf/lib/libc.a(lib_a-locale.o)
 .gnu.attributes
                0x00000000000005a0       0x10 /usr/local/lib/gcc/mips64-elf/11.2.0/../../../../mips64-elf/lib/libc.a(lib_a-lseekr.o)
 .gnu.attributes
                0x00000000000005b0       0x10 /usr/local/lib/gcc/mips64-elf/11.2.0/../../../../mips64-elf/lib/libc.a(lib_a-mbtowc_r.o)
 .gnu.attributes
                0x00000000000005c0       0x10 /usr/local/lib/gcc/mips64-elf/11.2.0/../../../../mips64-elf/lib/libc.a(lib_a-mprec.o)
 .gnu.attributes
                0x00000000000005d0       0x10 /usr/local/lib/gcc/mips64-elf/11.2.0/../../../../mips64-elf/lib/libc.a(lib_a-readr.o)
 .gnu.attributes
                0x00000000000005e0       0x10 /usr/local/lib/gcc/mips64-elf/11.2.0/../../../../mips64-elf/lib/libc.a(lib_a-vfiprintf.o)
 .gnu.attributes
                0x00000000000005f0       0x10 /usr/local/lib/gcc/mips64-elf/11.2.0/../../../../mips64-elf/lib/libc.a(lib_a-wctomb_r.o)
 .gnu.attributes
                0x0000000000000600       0x10 /usr/local/lib/gcc/mips64-elf/11.2.0/../../../../mips64-elf/lib/libc.a(lib_a-callocr.o)
 .gnu.attributes
                0x0000000000000610       0x10 /usr/local/lib/gcc/mips64-elf/11.2.0/../../../../mips64-elf/lib/libc.a(lib_a-ctype_.o)
 .gnu.attributes
                0x0000000000000620       0x10 /usr/local/lib/gcc/mips64-elf/11.2.0/../../../../mips64-elf/lib/libc.a(lib_a-errno.o)
 .gnu.attributes
                0x0000000000000630       0x10 /usr/local/lib/gcc/mips64-elf/11.2.0/../../../../mips64-elf/lib/libc.a(lib_a-fputwc.o)
 .gnu.attributes
                0x0000000000000640       0x10 /usr/local/lib/gcc/mips64-elf/11.2.0/../../../../mips64-elf/lib/libc.a(lib_a-wcrtomb.o)
 .gnu.attributes
                0x0000000000000650       0x10 /usr/local/lib/gcc/mips64-elf/11.2.0/libgcc.a(unwind-dw2.o)
 .gnu.attributes
                0x0000000000000660       0x10 /usr/local/lib/gcc/mips64-elf/11.2.0/libgcc.a(unwind-dw2-fde.o)
 .gnu.attributes
                0x0000000000000670       0x10 /usr/local/lib/gcc/mips64-elf/11.2.0/crtend.o

.mdebug.abiO64  0x0000000000000000        0x0
 .mdebug.abiO64
                0x0000000000000000        0x0 /usr/local/lib/gcc/mips64-elf/11.2.0/crtbegin.o
 .mdebug.abiO64
                0x0000000000000000        0x0 /usr/local/mips64-elf/lib/libdragon.a(debug.o)
 .mdebug.abiO64
                0x0000000000000000        0x0 /usr/local/mips64-elf/lib/libdragon.a(console.o)
 .mdebug.abiO64
                0x0000000000000000        0x0 /usr/local/mips64-elf/lib/libdragon.a(graphics.o)
 .mdebug.abiO64
                0x0000000000000000        0x0 /usr/local/mips64-elf/lib/libdragon.a(dma.o)
 .mdebug.abiO64
                0x0000000000000000        0x0 /usr/local/mips64-elf/lib/libdragon.a(do_ctors.o)
 .mdebug.abiO64
                0x0000000000000000        0x0 /usr/local/mips64-elf/lib/libdragon.a(n64sys.o)
 .mdebug.abiO64
                0x0000000000000000        0x0 /usr/local/mips64-elf/lib/libdragon.a(interrupt.o)
 .mdebug.abiO64
                0x0000000000000000        0x0 /usr/local/mips64-elf/lib/libdragon.a(display.o)
 .mdebug.abiO64
                0x0000000000000000        0x0 /usr/local/mips64-elf/lib/libdragon.a(exception.o)
 .mdebug.abiO64
                0x0000000000000000        0x0 /usr/local/mips64-elf/lib/libdragonsys.a(system.o)
 .mdebug.abiO64
                0x0000000000000000        0x0 build/LibN64GameTest.o
 .mdebug.abiO64
                0x0000000000000000        0x0 /home/spencer/libdragon/NEW/libdragon/libN64.a(LibN64.o)
 .mdebug.abiO64
                0x0000000000000000        0x0 /usr/local/lib/gcc/mips64-elf/11.2.0/../../../../mips64-elf/lib/libdragon.a(dragonfs.o)
 .mdebug.abiO64
                0x0000000000000000        0x0 /usr/local/lib/gcc/mips64-elf/11.2.0/../../../../mips64-elf/lib/libdragon.a(controller.o)
 .mdebug.abiO64
                0x0000000000000000        0x0 /usr/local/lib/gcc/mips64-elf/11.2.0/../../../../mips64-elf/lib/libdragon.a(joybus.o)
 .mdebug.abiO64
                0x0000000000000000        0x0 /usr/local/lib/gcc/mips64-elf/11.2.0/../../../../mips64-elf/lib/libm.a(lib_a-sf_cos.o)
 .mdebug.abiO64
                0x0000000000000000        0x0 /usr/local/lib/gcc/mips64-elf/11.2.0/../../../../mips64-elf/lib/libm.a(lib_a-sf_sin.o)
 .mdebug.abiO64
                0x0000000000000000        0x0 /usr/local/lib/gcc/mips64-elf/11.2.0/../../../../mips64-elf/lib/libm.a(lib_a-wf_atan2.o)
 .mdebug.abiO64
                0x0000000000000000        0x0 /usr/local/lib/gcc/mips64-elf/11.2.0/../../../../mips64-elf/lib/libm.a(lib_a-ef_atan2.o)
 .mdebug.abiO64
                0x0000000000000000        0x0 /usr/local/lib/gcc/mips64-elf/11.2.0/../../../../mips64-elf/lib/libm.a(lib_a-ef_rem_pio2.o)
 .mdebug.abiO64
                0x0000000000000000        0x0 /usr/local/lib/gcc/mips64-elf/11.2.0/../../../../mips64-elf/lib/libm.a(lib_a-kf_cos.o)
 .mdebug.abiO64
                0x0000000000000000        0x0 /usr/local/lib/gcc/mips64-elf/11.2.0/../../../../mips64-elf/lib/libm.a(lib_a-kf_rem_pio2.o)
 .mdebug.abiO64
                0x0000000000000000        0x0 /usr/local/lib/gcc/mips64-elf/11.2.0/../../../../mips64-elf/lib/libm.a(lib_a-kf_sin.o)
 .mdebug.abiO64
                0x0000000000000000        0x0 /usr/local/lib/gcc/mips64-elf/11.2.0/../../../../mips64-elf/lib/libm.a(lib_a-sf_atan.o)
 .mdebug.abiO64
                0x0000000000000000        0x0 /usr/local/lib/gcc/mips64-elf/11.2.0/../../../../mips64-elf/lib/libm.a(lib_a-sf_fabs.o)
 .mdebug.abiO64
                0x0000000000000000        0x0 /usr/local/lib/gcc/mips64-elf/11.2.0/../../../../mips64-elf/lib/libm.a(lib_a-sf_floor.o)
 .mdebug.abiO64
                0x0000000000000000        0x0 /usr/local/lib/gcc/mips64-elf/11.2.0/../../../../mips64-elf/lib/libm.a(lib_a-sf_scalbn.o)
 .mdebug.abiO64
                0x0000000000000000        0x0 /usr/local/lib/gcc/mips64-elf/11.2.0/../../../../mips64-elf/lib/libstdc++.a(class_type_info.o)
 .mdebug.abiO64
                0x0000000000000000        0x0 /usr/local/lib/gcc/mips64-elf/11.2.0/../../../../mips64-elf/lib/libstdc++.a(del_ops.o)
 .mdebug.abiO64
                0x0000000000000000        0x0 /usr/local/lib/gcc/mips64-elf/11.2.0/../../../../mips64-elf/lib/libstdc++.a(new_opv.o)
 .mdebug.abiO64
                0x0000000000000000        0x0 /usr/local/lib/gcc/mips64-elf/11.2.0/../../../../mips64-elf/lib/libstdc++.a(si_class_type_info.o)
 .mdebug.abiO64
                0x0000000000000000        0x0 /usr/local/lib/gcc/mips64-elf/11.2.0/../../../../mips64-elf/lib/libstdc++.a(tinfo.o)
 .mdebug.abiO64
                0x0000000000000000        0x0 /usr/local/lib/gcc/mips64-elf/11.2.0/../../../../mips64-elf/lib/libstdc++.a(del_op.o)
 .mdebug.abiO64
                0x0000000000000000        0x0 /usr/local/lib/gcc/mips64-elf/11.2.0/../../../../mips64-elf/lib/libstdc++.a(new_op.o)
 .mdebug.abiO64
                0x0000000000000000        0x0 /usr/local/lib/gcc/mips64-elf/11.2.0/../../../../mips64-elf/lib/libstdc++.a(bad_alloc.o)
 .mdebug.abiO64
                0x0000000000000000        0x0 /usr/local/lib/gcc/mips64-elf/11.2.0/../../../../mips64-elf/lib/libstdc++.a(eh_alloc.o)
 .mdebug.abiO64
                0x0000000000000000        0x0 /usr/local/lib/gcc/mips64-elf/11.2.0/../../../../mips64-elf/lib/libstdc++.a(eh_exception.o)
 .mdebug.abiO64
                0x0000000000000000        0x0 /usr/local/lib/gcc/mips64-elf/11.2.0/../../../../mips64-elf/lib/libstdc++.a(eh_terminate.o)
 .mdebug.abiO64
                0x0000000000000000        0x0 /usr/local/lib/gcc/mips64-elf/11.2.0/../../../../mips64-elf/lib/libstdc++.a(eh_throw.o)
 .mdebug.abiO64
                0x0000000000000000        0x0 /usr/local/lib/gcc/mips64-elf/11.2.0/../../../../mips64-elf/lib/libstdc++.a(new_handler.o)
 .mdebug.abiO64
                0x0000000000000000        0x0 /usr/local/lib/gcc/mips64-elf/11.2.0/../../../../mips64-elf/lib/libstdc++.a(vterminate.o)
 .mdebug.abiO64
                0x0000000000000000        0x0 /usr/local/lib/gcc/mips64-elf/11.2.0/../../../../mips64-elf/lib/libstdc++.a(eh_catch.o)
 .mdebug.abiO64