Archive member included to satisfy reference by file (symbol)

/usr/local/mips64-elf/lib/libdragon.a(entrypoint.o)
                              (_start)
/usr/local/mips64-elf/lib/libdragon.a(debug.o)
                              /usr/local/mips64-elf/lib/libdragon.a(entrypoint.o) (debug_assert_func)
/usr/local/mips64-elf/lib/libdragon.a(usb.o)
                              /usr/local/mips64-elf/lib/libdragon.a(debug.o) (usb_initialize)
/usr/local/mips64-elf/lib/libdragon.a(ff.o)
                              /usr/local/mips64-elf/lib/libdragon.a(debug.o) (f_mount)
/usr/local/mips64-elf/lib/libdragon.a(ffunicode.o)
                              /usr/local/mips64-elf/lib/libdragon.a(ff.o) (ff_uni2oem)
/usr/local/mips64-elf/lib/libdragon.a(console.o)
                              /usr/local/mips64-elf/lib/libdragon.a(debug.o) (console_set_render_mode)
/usr/local/mips64-elf/lib/libdragon.a(graphics.o)
                              /usr/local/mips64-elf/lib/libdragon.a(console.o) (graphics_set_color)
/usr/local/mips64-elf/lib/libdragon.a(dma.o)
                              /usr/local/mips64-elf/lib/libdragon.a(debug.o) (dma_write_raw_async)
/usr/local/mips64-elf/lib/libdragon.a(do_ctors.o)
                              /usr/local/mips64-elf/lib/libdragon.a(entrypoint.o) (__wrap___do_global_ctors)
/usr/local/mips64-elf/lib/libdragon.a(n64sys.o)
                              /usr/local/mips64-elf/lib/libdragon.a(debug.o) (sys_bbplayer)
/usr/local/mips64-elf/lib/libdragon.a(interrupt.o)
                              /usr/local/mips64-elf/lib/libdragon.a(usb.o) (disable_interrupts)
/usr/local/mips64-elf/lib/libdragon.a(inthandler.o)
                              /usr/local/mips64-elf/lib/libdragon.a(entrypoint.o) (inthandler)
/usr/local/mips64-elf/lib/libdragon.a(display.o)
                              /usr/local/mips64-elf/lib/libdragon.a(graphics.o) (__safe_buffer)
/usr/local/mips64-elf/lib/libdragon.a(exception.o)
                              /usr/local/mips64-elf/lib/libdragon.a(inthandler.o) (__onCriticalException)
/usr/local/mips64-elf/lib/libdragonsys.a(system.o)
                              /usr/local/mips64-elf/lib/libdragon.a(debug.o) (attach_filesystem)
/home/spencer/libdragon/NEW/libdragon/libN64.a(LibN64.o)
                              build/LibN64GameTest.o (_ZN6LibN645Frame11FrameUpdateEv)
/usr/local/lib/gcc/mips64-elf/11.2.0/../../../../mips64-elf/lib/libdragon.a(dragonfs.o)
                              /home/spencer/libdragon/NEW/libdragon/libN64.a(LibN64.o) (dfs_open)
/usr/local/lib/gcc/mips64-elf/11.2.0/../../../../mips64-elf/lib/libdragon.a(controller.o)
                              /home/spencer/libdragon/NEW/libdragon/libN64.a(LibN64.o) (controller_init)
/usr/local/lib/gcc/mips64-elf/11.2.0/../../../../mips64-elf/lib/libdragon.a(rdp.o)
                              build/LibN64GameTest.o (rdp_init)
/usr/local/lib/gcc/mips64-elf/11.2.0/../../../../mips64-elf/lib/libdragon.a(timer.o)
                              /home/spencer/libdragon/NEW/libdragon/libN64.a(LibN64.o) (timer_init)
/usr/local/lib/gcc/mips64-elf/11.2.0/../../../../mips64-elf/lib/libdragon.a(joybus.o)
                              /usr/local/lib/gcc/mips64-elf/11.2.0/../../../../mips64-elf/lib/libdragon.a(controller.o) (joybus_exec)
/usr/local/lib/gcc/mips64-elf/11.2.0/../../../../mips64-elf/lib/libm.a(lib_a-sf_cos.o)
                              build/LibN64GameTest.o (cosf)
/usr/local/lib/gcc/mips64-elf/11.2.0/../../../../mips64-elf/lib/libm.a(lib_a-sf_sin.o)
                              build/LibN64GameTest.o (sinf)
/usr/local/lib/gcc/mips64-elf/11.2.0/../../../../mips64-elf/lib/libm.a(lib_a-wf_atan2.o)
                              build/LibN64GameTest.o (atan2f)
/usr/local/lib/gcc/mips64-elf/11.2.0/../../../../mips64-elf/lib/libm.a(lib_a-ef_atan2.o)
                              /usr/local/lib/gcc/mips64-elf/11.2.0/../../../../mips64-elf/lib/libm.a(lib_a-wf_atan2.o) (__ieee754_atan2f)
/usr/local/lib/gcc/mips64-elf/11.2.0/../../../../mips64-elf/lib/libm.a(lib_a-ef_rem_pio2.o)
                              /usr/local/lib/gcc/mips64-elf/11.2.0/../../../../mips64-elf/lib/libm.a(lib_a-sf_cos.o) (__ieee754_rem_pio2f)
/usr/local/lib/gcc/mips64-elf/11.2.0/../../../../mips64-elf/lib/libm.a(lib_a-kf_cos.o)
                              /usr/local/lib/gcc/mips64-elf/11.2.0/../../../../mips64-elf/lib/libm.a(lib_a-sf_cos.o) (__kernel_cosf)
/usr/local/lib/gcc/mips64-elf/11.2.0/../../../../mips64-elf/lib/libm.a(lib_a-kf_rem_pio2.o)
                              /usr/local/lib/gcc/mips64-elf/11.2.0/../../../../mips64-elf/lib/libm.a(lib_a-ef_rem_pio2.o) (__kernel_rem_pio2f)
/usr/local/lib/gcc/mips64-elf/11.2.0/../../../../mips64-elf/lib/libm.a(lib_a-kf_sin.o)
                              /usr/local/lib/gcc/mips64-elf/11.2.0/../../../../mips64-elf/lib/libm.a(lib_a-sf_cos.o) (__kernel_sinf)
/usr/local/lib/gcc/mips64-elf/11.2.0/../../../../mips64-elf/lib/libm.a(lib_a-sf_atan.o)
[...]
Memory Configuration

Name             Origin             Length             Attributes
mem              0x0000000080000000 0x0000000000400000
*default*        0x0000000000000000 0xffffffffffffffff

Linker script and memory map

LOAD /usr/local/lib/gcc/mips64-elf/11.2.0/crti.o
LOAD /usr/local/lib/gcc/mips64-elf/11.2.0/crtbegin.o
LOAD /usr/local/mips64-elf/lib/libdragon.a
LOAD /usr/local/mips64-elf/lib/libdragonsys.a
LOAD build/LibN64GameTest.o
LOAD /home/spencer/libdragon/NEW/libdragon/libN64.a
LOAD /usr/local/lib/gcc/mips64-elf/11.2.0/../../../../mips64-elf/lib/libdragon.a
LOAD /usr/local/lib/gcc/mips64-elf/11.2.0/../../../../mips64-elf/lib/libm.a
LOAD /usr/local/lib/gcc/mips64-elf/11.2.0/../../../../mips64-elf/lib/libdragonsys.a
                0x0000000080000000                __kseg0_start = 0x80000000
                0x0000000080000400                __libdragon_text_start = (__kseg0_start + 0x400)

.text           0x0000000080000400    0x15830
 *(.boot)
 .boot          0x0000000080000400      0x198 /usr/local/mips64-elf/lib/libdragon.a(entrypoint.o)
                0x0000000080000400                _start
                0x00000000800005a0                . = ALIGN (0x10)
 *fill*         0x0000000080000598        0x8 
                0x00000000800005a0                __text_start = .
 *(.text)
 .text          0x00000000800005a0      0x2f4 /usr/local/mips64-elf/lib/libdragon.a(inthandler.o)
                0x00000000800005a0                inthandler
 *fill*         0x0000000080000894        0x4 
 .text          0x0000000080000898       0xf8 /usr/local/lib/gcc/mips64-elf/11.2.0/../../../../mips64-elf/lib/libm.a(lib_a-sf_cos.o)
                0x0000000080000898                cosf
 .text          0x0000000080000990      0x100 /usr/local/lib/gcc/mips64-elf/11.2.0/../../../../mips64-elf/lib/libm.a(lib_a-sf_sin.o)
                0x0000000080000990                sinf
 .text          0x0000000080000a90        0x8 /usr/local/lib/gcc/mips64-elf/11.2.0/../../../../mips64-elf/lib/libm.a(lib_a-wf_atan2.o)
                0x0000000080000a90                atan2f
 .text          0x0000000080000a98      0x210 /usr/local/lib/gcc/mips64-elf/11.2.0/../../../../mips64-elf/lib/libm.a(lib_a-ef_atan2.o)
                0x0000000080000a98                __ieee754_atan2f
 .text          0x0000000080000ca8      0x358 /usr/local/lib/gcc/mips64-elf/11.2.0/../../../../mips64-elf/lib/libm.a(lib_a-ef_rem_pio2.o)
                0x0000000080000ca8                __ieee754_rem_pio2f
 .text          0x0000000080001000      0x190 /usr/local/lib/gcc/mips64-elf/11.2.0/../../../../mips64-elf/lib/libm.a(lib_a-kf_cos.o)
                0x0000000080001000                __kernel_cosf
 .text          0x0000000080001190      0x988 /usr/local/lib/gcc/mips64-elf/11.2.0/../../../../mips64-elf/lib/libm.a(lib_a-kf_rem_pio2.o)
                0x0000000080001190                __kernel_rem_pio2f
 .text          0x0000000080001b18       0xd8 /usr/local/lib/gcc/mips64-elf/11.2.0/../../../../mips64-elf/lib/libm.a(lib_a-kf_sin.o)
                0x0000000080001b18                __kernel_sinf
 .text          0x0000000080001bf0      0x2b8 /usr/local/lib/gcc/mips64-elf/11.2.0/../../../../mips64-elf/lib/libm.a(lib_a-sf_atan.o)
                0x0000000080001bf0                atanf
 .text          0x0000000080001ea8       0x20 /usr/local/lib/gcc/mips64-elf/11.2.0/../../../../mips64-elf/lib/libm.a(lib_a-sf_fabs.o)
                0x0000000080001ea8                fabsf
 .text          0x0000000080001ec8      0x108 /usr/local/lib/gcc/mips64-elf/11.2.0/../../../../mips64-elf/lib/libm.a(lib_a-sf_floor.o)
                0x0000000080001ec8                floorf
 .text          0x0000000080001fd0      0x178 /usr/local/lib/gcc/mips64-elf/11.2.0/../../../../mips64-elf/lib/libm.a(lib_a-sf_scalbn.o)
                0x0000000080001fd0                scalbnf
 .text          0x0000000080002148       0x18 /usr/local/lib/gcc/mips64-elf/11.2.0/../../../../mips64-elf/lib/libc.a(lib_a-abort.o)
                0x0000000080002148                abort
 .text          0x0000000080002160      0x358 /usr/local/lib/gcc/mips64-elf/11.2.0/../../../../mips64-elf/lib/libc.a(lib_a-fflush.o)
                0x0000000080002160                __sflush_r
                0x00000000800023c8                _fflush_r
                0x0000000080002430                fflush
 .text          0x00000000800024b8      0x3c8 /usr/local/lib/gcc/mips64-elf/11.2.0/../../../../mips64-elf/lib/libc.a(lib_a-findfp.o)
                0x00000000800024c0                _cleanup_r
                0x0000000080002658                __sfmoreglue
                0x00000000800026d0                __sfp
                0x0000000080002810                _cleanup
                0x0000000080002820                __sinit
                0x0000000080002840                __sfp_lock_acquire
                0x0000000080002848                __sfp_lock_release
                0x0000000080002850                __sinit_lock_acquire
                0x0000000080002858                __sinit_lock_release
                0x0000000080002860                __fp_lock_all
                0x0000000080002870                __fp_unlock_all
 .text          0x0000000080002880       0x68 /usr/local/lib/gcc/mips64-elf/11.2.0/../../../../mips64-elf/lib/libc.a(lib_a-fprintf.o)
                0x0000000080002880                _fprintf_r
                0x00000000800028a8                fprintf
 .text          0x00000000800028e8       0xd0 /usr/local/lib/gcc/mips64-elf/11.2.0/../../../../mips64-elf/lib/libc.a(lib_a-fputc.o)
                0x00000000800028e8                _fputc_r
                0x0000000080002948                fputc
 .text          0x00000000800029b8      0x480 /usr/local/lib/gcc/mips64-elf/11.2.0/../../../../mips64-elf/lib/libc.a(lib_a-freer.o)
                0x00000000800029b8                _malloc_trim_r
                0x0000000080002ae8                _free_r
 .text          0x0000000080002e38       0x58 /usr/local/lib/gcc/mips64-elf/11.2.0/../../../../mips64-elf/lib/libc.a(lib_a-fstatr.o)
                0x0000000080002e38                _fstat_r
 .text          0x0000000080002e90      0x570 /usr/local/lib/gcc/mips64-elf/11.2.0/../../../../mips64-elf/lib/libc.a(lib_a-fvwrite.o)
                0x0000000080002e90                __sfvwrite_r
 .text          0x0000000080003400      0x170 /usr/local/lib/gcc/mips64-elf/11.2.0/../../../../mips64-elf/lib/libc.a(lib_a-fwalk.o)
                0x0000000080003400                _fwalk
                0x00000000800034b0                _fwalk_reent
 .text          0x0000000080003570      0x1f8 /usr/local/lib/gcc/mips64-elf/11.2.0/../../../../mips64-elf/lib/libc.a(lib_a-fwrite.o)
                0x0000000080003570                _fwrite_r
                0x0000000080003678                fwrite
 .text          0x0000000080003768      0x288 /usr/local/lib/gcc/mips64-elf/11.2.0/../../../../mips64-elf/lib/libc.a(lib_a-makebuf.o)
                0x0000000080003768                __smakebuf_r
                0x0000000080003920                __swhatbuf_r
 .text          0x00000000800039f0       0x18 /usr/local/lib/gcc/mips64-elf/11.2.0/../../../../mips64-elf/lib/libc.a(lib_a-malign.o)
                0x00000000800039f0                memalign
 .text          0x0000000080003a08      0x200 /usr/local/lib/gcc/mips64-elf/11.2.0/../../../../mips64-elf/lib/libc.a(lib_a-malignr.o)
                0x0000000080003a08                _memalign_r
 .text          0x0000000080003c08       0x20 /usr/local/lib/gcc/mips64-elf/11.2.0/../../../../mips64-elf/lib/libc.a(lib_a-malloc.o)
                0x0000000080003c08                malloc
                0x0000000080003c18                free
 .text          0x0000000080003c28      0x898 /usr/local/lib/gcc/mips64-elf/11.2.0/../../../../mips64-elf/lib/libc.a(lib_a-mallocr.o)
                0x0000000080003c28                _malloc_r
 .text          0x00000000800044c0       0xf0 /usr/local/lib/gcc/mips64-elf/11.2.0/../../../../mips64-elf/lib/libc.a(lib_a-memchr.o)
                0x00000000800044c0                memchr
 .text          0x00000000800045b0      0x370 /usr/local/lib/gcc/mips64-elf/11.2.0/../../../../mips64-elf/lib/libc.a(lib_a-memcpy.o)
                0x00000000800045b0                memcpy
 .text          0x0000000080004920      0x150 /usr/local/lib/gcc/mips64-elf/11.2.0/../../../../mips64-elf/lib/libc.a(lib_a-memmove.o)
                0x0000000080004920                memmove
 .text          0x0000000080004a70      0x11c /usr/local/lib/gcc/mips64-elf/11.2.0/../../../../mips64-elf/lib/libc.a(lib_a-memset.o)
                0x0000000080004a70                memset
 *fill*         0x0000000080004b8c        0x4 
 .text          0x0000000080004b90       0x10 /usr/local/lib/gcc/mips64-elf/11.2.0/../../../../mips64-elf/lib/libc.a(lib_a-mlock.o)
                0x0000000080004b90                __malloc_lock
                0x0000000080004b98                __malloc_unlock
 .text          0x0000000080004ba0      0x160 /usr/local/lib/gcc/mips64-elf/11.2.0/../../../../mips64-elf/lib/libc.a(lib_a-putc.o)
                0x0000000080004ba0                _putc_r
                0x0000000080004c48                putc
 .text          0x0000000080004d00      0x5f8 /usr/local/lib/gcc/mips64-elf/11.2.0/../../../../mips64-elf/lib/libc.a(lib_a-reallocr.o)
                0x0000000080004d00                _realloc_r
 .text          0x00000000800052f8       0x50 /usr/local/lib/gcc/mips64-elf/11.2.0/../../../../mips64-elf/lib/libc.a(lib_a-sbrkr.o)
                0x00000000800052f8                _sbrk_r
 .text          0x0000000080005348      0x5d8 /usr/local/lib/gcc/mips64-elf/11.2.0/../../../../mips64-elf/lib/libc.a(lib_a-signal.o)
                0x0000000080005348                _init_signal_r
                0x00000000800053b0                _signal_r
                0x0000000080005468                _raise_r
                0x0000000080005538                __sigtramp_r
                0x0000000080005628                raise
                0x0000000080005708                signal
                0x00000000800057c8                _init_signal
                0x0000000080005838                __sigtramp
 .text          0x0000000080005920       0x60 /usr/local/lib/gcc/mips64-elf/11.2.0/../../../../mips64-elf/lib/libc.a(lib_a-signalr.o)
                0x0000000080005920                _kill_r
                0x0000000080005978                _getpid_r
 .text          0x0000000080005980       0xd8 /usr/local/lib/gcc/mips64-elf/11.2.0/../../../../mips64-elf/lib/libc.a(lib_a-sprintf.o)
                0x0000000080005980                _sprintf_r
                0x00000000800059e8                sprintf
 .text          0x0000000080005a58      0x188 /usr/local/lib/gcc/mips64-elf/11.2.0/../../../../mips64-elf/lib/libc.a(lib_a-stdio.o)
                0x0000000080005a58                __sread
                0x0000000080005ab0                __seofread
                0x0000000080005ab8                __swrite
                0x0000000080005b78                __sseek
                0x0000000080005bd8                __sclose
 .text          0x0000000080005be0      0x240 /usr/local/lib/gcc/mips64-elf/11.2.0/../../../../mips64-elf/lib/libc.a(lib_a-strcmp.o)
                0x0000000080005be0                strcmp
 .text          0x0000000080005e20       0xa8 /usr/local/lib/gcc/mips64-elf/11.2.0/../../../../mips64-elf/lib/libc.a(lib_a-strcpy.o)
                0x0000000080005e20                strcpy
 .text          0x0000000080005ec8       0x18 /usr/local/lib/gcc/mips64-elf/11.2.0/../../../../mips64-elf/lib/libc.a(lib_a-strlen.o)
                0x0000000080005ec8                strlen
 .text          0x0000000080005ee0     0x1f30 /usr/local/lib/gcc/mips64-elf/11.2.0/../../../../mips64-elf/lib/libc.a(lib_a-svfprintf.o)
                0x0000000080005ee0                _svfprintf_r
 .text          0x0000000080007e10     0x20b0 /usr/local/lib/gcc/mips64-elf/11.2.0/../../../../mips64-elf/lib/libc.a(lib_a-vfprintf.o)
                0x0000000080007e10                _vfprintf_r
                0x0000000080009dd8                vfprintf
 .text          0x0000000080009ec0      0x1b8 /usr/local/lib/gcc/mips64-elf/11.2.0/../../../../mips64-elf/lib/libc.a(lib_a-wbuf.o)
                0x0000000080009ec0                __swbuf_r
                0x000000008000a060                __swbuf
 .text          0x000000008000a078       0x60 /usr/local/lib/gcc/mips64-elf/11.2.0/../../../../mips64-elf/lib/libc.a(lib_a-writer.o)
                0x000000008000a078                _write_r
 .text          0x000000008000a0d8      0x178 /usr/local/lib/gcc/mips64-elf/11.2.0/../../../../mips64-elf/lib/libc.a(lib_a-wsetup.o)
                0x000000008000a0d8                __swsetup_r
 .text          0x000000008000a250       0x50 /usr/local/lib/gcc/mips64-elf/11.2.0/../../../../mips64-elf/lib/libc.a(lib_a-closer.o)
                0x000000008000a250                _close_r
 .text          0x000000008000a2a0     0x1678 /usr/local/lib/gcc/mips64-elf/11.2.0/../../../../mips64-elf/lib/libc.a(lib_a-dtoa.o)
                0x000000008000a4f0                _dtoa_r
 .text          0x000000008000b918      0x150 /usr/local/lib/gcc/mips64-elf/11.2.0/../../../../mips64-elf/lib/libc.a(lib_a-fclose.o)
                0x000000008000b918                _fclose_r
                0x000000008000ba58                fclose
 .text          0x000000008000ba68       0x50 /usr/local/lib/gcc/mips64-elf/11.2.0/../../../../mips64-elf/lib/libc.a(lib_a-isattyr.o)
                0x000000008000ba68                _isatty_r
 .text          0x000000008000bab8       0x28 /usr/local/lib/gcc/mips64-elf/11.2.0/../../../../mips64-elf/lib/libc.a(lib_a-localeconv.o)
                0x000000008000bab8                __localeconv_l
                0x000000008000bac0                _localeconv_r
                0x000000008000bad0                localeconv
 .text          0x000000008000bae0      0x120 /usr/local/lib/gcc/mips64-elf/11.2.0/../../../../mips64-elf/lib/libc.a(lib_a-locale.o)
                0x000000008000bae0                _setlocale_r
                0x000000008000bb68                __locale_mb_cur_max
                0x000000008000bb78                setlocale
 .text          0x000000008000bc00       0x60 /usr/local/lib/gcc/mips64-elf/11.2.0/../../../../mips64-elf/lib/libc.a(lib_a-lseekr.o)
                0x000000008000bc00                _lseek_r
 .text          0x000000008000bc60       0x70 /usr/local/lib/gcc/mips64-elf/11.2.0/../../../../mips64-elf/lib/libc.a(lib_a-mbtowc_r.o)
                0x000000008000bc60                _mbtowc_r
                0x000000008000bc70                __ascii_mbtowc
 .text          0x000000008000bcd0     0x1410 /usr/local/lib/gcc/mips64-elf/11.2.0/../../../../mips64-elf/lib/libc.a(lib_a-mprec.o)
                0x000000008000bcd0                _Balloc
                0x000000008000bd80                _Bfree
                0x000000008000bdb0                __multadd
                0x000000008000bf10                __s2b
                0x000000008000c090                __hi0bits
                0x000000008000c110                __lo0bits
                0x000000008000c1d8                __i2b
                0x000000008000c2b0                __multiply
                0x000000008000c540                __pow5mult
                0x000000008000c6b0                __lshift
                0x000000008000c868                __mcmp
                0x000000008000c8d0                __mdiff
                0x000000008000cb38                __ulp
                0x000000008000cbe8                __b2d
                0x000000008000cd70                __d2b
                0x000000008000ced8                __ratio
                0x000000008000cf98                _mprec_log10
                0x000000008000cfd8                __copybits
                0x000000008000d060                __any_on
 .text          0x000000008000d0e0       0x60 /usr/local/lib/gcc/mips64-elf/11.2.0/../../../../mips64-elf/lib/libc.a(lib_a-readr.o)
                0x000000008000d0e0                _read_r
 .text          0x000000008000d140     0x1100 /usr/local/lib/gcc/mips64-elf/11.2.0/../../../../mips64-elf/lib/libc.a(lib_a-svfiprintf.o)
                0x000000008000d140                __ssprint_r
                0x000000008000d380                _svfiprintf_r
 .text          0x000000008000e240     0x1370 /usr/local/lib/gcc/mips64-elf/11.2.0/../../../../mips64-elf/lib/libc.a(lib_a-vfiprintf.o)
                0x000000008000e378                __sprint_r
                0x000000008000e398                _vfiprintf_r
                0x000000008000f4c8                vfiprintf
 .text          0x000000008000f5b0       0x48 /usr/local/lib/gcc/mips64-elf/11.2.0/../../../../mips64-elf/lib/libc.a(lib_a-wctomb_r.o)
                0x000000008000f5b0                _wctomb_r
                0x000000008000f5c0                __ascii_wctomb
 .text          0x000000008000f5f8      0x118 /usr/local/lib/gcc/mips64-elf/11.2.0/../../../../mips64-elf/lib/libc.a(lib_a-callocr.o)
                0x000000008000f5f8                _calloc_r
 .text          0x000000008000f710        0x8 /usr/local/lib/gcc/mips64-elf/11.2.0/../../../../mips64-elf/lib/libc.a(lib_a-errno.o)
                0x000000008000f710                __errno
 .text          0x000000008000f718      0x248 /usr/local/lib/gcc/mips64-elf/11.2.0/../../../../mips64-elf/lib/libc.a(lib_a-fputwc.o)
                0x000000008000f718                __fputwc
                0x000000008000f8c0                _fputwc_r
                0x000000008000f8e8                fputwc
 .text          0x000000008000f960      0x110 /usr/local/lib/gcc/mips64-elf/11.2.0/../../../../mips64-elf/lib/libc.a(lib_a-wcrtomb.o)
                0x000000008000f960                _wcrtomb_r
                0x000000008000f9e0                wcrtomb
 *(.text.*)
 *fill*         0x000000008000fa70       0x10 
 .text.debug_assert_func_f
                0x000000008000fa80       0xe0 /usr/local/mips64-elf/lib/libdragon.a(debug.o)
                0x000000008000fa80                debug_assert_func_f
 .text.debug_assert_func
                0x000000008000fb60       0x20 /usr/local/mips64-elf/lib/libdragon.a(debug.o)
                0x000000008000fb60                debug_assert_func
 .text.__console_render.part.0
                0x000000008000fb80      0x100 /usr/local/mips64-elf/lib/libdragon.a(console.o)
 .text.__console_write
                0x000000008000fc80      0x280 /usr/local/mips64-elf/lib/libdragon.a(console.o)
 .text.console_set_render_mode
                0x000000008000ff00       0x20 /usr/local/mips64-elf/lib/libdragon.a(console.o)
                0x000000008000ff00                console_set_render_mode
 .text.console_init
                0x000000008000ff20       0xc0 /usr/local/mips64-elf/lib/libdragon.a(console.o)
                0x000000008000ff20                console_init
 .text.console_close
                0x000000008000ffe0       0x60 /usr/local/mips64-elf/lib/libdragon.a(console.o)
                0x000000008000ffe0                console_close
 .text.console_render
                0x0000000080010040       0x40 /usr/local/mips64-elf/lib/libdragon.a(console.o)
                0x0000000080010040                console_render
 .text.console_set_debug
                0x0000000080010080       0x20 /usr/local/mips64-elf/lib/libdragon.a(console.o)
                0x0000000080010080                console_set_debug
 .text.graphics_draw_character.part.0
                0x00000000800100a0      0x1a0 /usr/local/mips64-elf/lib/libdragon.a(graphics.o)
 .text.graphics_make_color
                0x0000000080010240       0x80 /usr/local/mips64-elf/lib/libdragon.a(graphics.o)
                0x0000000080010240                graphics_make_color
 .text.graphics_set_color
                0x00000000800102c0       0x20 /usr/local/mips64-elf/lib/libdragon.a(graphics.o)
                0x00000000800102c0                graphics_set_color
 .text.graphics_draw_pixel
                0x00000000800102e0       0x60 /usr/local/mips64-elf/lib/libdragon.a(graphics.o)
                0x00000000800102e0                graphics_draw_pixel
 .text.graphics_draw_box
                0x0000000080010340      0x100 /usr/local/mips64-elf/lib/libdragon.a(graphics.o)
                0x0000000080010340                graphics_draw_box
 .text.graphics_fill_screen
                0x0000000080010440       0x80 /usr/local/mips64-elf/lib/libdragon.a(graphics.o)
                0x0000000080010440                graphics_fill_screen
 .text.graphics_draw_character
                0x00000000800104c0       0x20 /usr/local/mips64-elf/lib/libdragon.a(graphics.o)
                0x00000000800104c0                graphics_draw_character
 .text.graphics_draw_text
                0x00000000800104e0      0x120 /usr/local/mips64-elf/lib/libdragon.a(graphics.o)
                0x00000000800104e0                graphics_draw_text
 .text.dma_read_raw_async
                0x0000000080010600       0xa0 /usr/local/mips64-elf/lib/libdragon.a(dma.o)
                0x0000000080010600                dma_read_raw_async
 .text.dma_read_async
                0x00000000800106a0      0x320 /usr/local/mips64-elf/lib/libdragon.a(dma.o)
                0x00000000800106a0                dma_read_async
 .text.dma_read
                0x00000000800109c0       0x40 /usr/local/mips64-elf/lib/libdragon.a(dma.o)
                0x00000000800109c0                dma_read
 .text.__wrap___do_global_ctors
                0x0000000080010a00       0xc0 /usr/local/mips64-elf/lib/libdragon.a(do_ctors.o)
                0x0000000080010a00                __wrap___do_global_ctors
 .text.sys_bbplayer
                0x0000000080010ac0       0x20 /usr/local/mips64-elf/lib/libdragon.a(n64sys.o)
                0x0000000080010ac0                sys_bbplayer
 .text.__data_cache_hit_invalidate
                0x0000000080010ae0       0x60 /usr/local/mips64-elf/lib/libdragon.a(n64sys.o)
                0x0000000080010ae0                __data_cache_hit_invalidate
 .text.data_cache_hit_writeback_invalidate
                0x0000000080010b40       0x60 /usr/local/mips64-elf/lib/libdragon.a(n64sys.o)
                0x0000000080010b40                data_cache_hit_writeback_invalidate
 .text.get_memory_size
                0x0000000080010ba0       0x60 /usr/local/mips64-elf/lib/libdragon.a(n64sys.o)
                0x0000000080010ba0                get_memory_size
 .text.get_tv_type
                0x0000000080010c00       0x20 /usr/local/mips64-elf/lib/libdragon.a(n64sys.o)
                0x0000000080010c00                get_tv_type
 .text.startup.__init_cop1
                0x0000000080010c20       0x20 /usr/local/mips64-elf/lib/libdragon.a(n64sys.o)
                0x0000000080010c20                __init_cop1
 .text.__MI_handler
                0x0000000080010c40      0x220 /usr/local/mips64-elf/lib/libdragon.a(interrupt.o)
                0x0000000080010c40                __MI_handler
 .text.__TI_handler
                0x0000000080010e60       0x60 /usr/local/mips64-elf/lib/libdragon.a(interrupt.o)
                0x0000000080010e60                __TI_handler
 .text.register_VI_handler
                0x0000000080010ec0       0x60 /usr/local/mips64-elf/lib/libdragon.a(interrupt.o)
                0x0000000080010ec0                register_VI_handler
 .text.unregister_VI_handler
                0x0000000080010f20       0x60 /usr/local/mips64-elf/lib/libdragon.a(interrupt.o)
                0x0000000080010f20                unregister_VI_handler
 .text.register_DP_handler
                0x0000000080010f80       0x60 /usr/local/mips64-elf/lib/libdragon.a(interrupt.o)
                0x0000000080010f80                register_DP_handler
 .text.register_TI_handler
                0x0000000080010fe0       0x60 /usr/local/mips64-elf/lib/libdragon.a(interrupt.o)
                0x0000000080010fe0                register_TI_handler
 .text.unregister_TI_handler
                0x0000000080011040       0x60 /usr/local/mips64-elf/lib/libdragon.a(interrupt.o)
                0x0000000080011040                unregister_TI_handler
 .text.set_VI_interrupt
                0x00000000800110a0       0x40 /usr/local/mips64-elf/lib/libdragon.a(interrupt.o)
                0x00000000800110a0                set_VI_interrupt
 .text.set_DP_interrupt
                0x00000000800110e0       0x40 /usr/local/mips64-elf/lib/libdragon.a(interrupt.o)
                0x00000000800110e0                set_DP_interrupt
 .text.startup.__init_interrupts
                0x0000000080011120       0x40 /usr/local/mips64-elf/lib/libdragon.a(interrupt.o)
                0x0000000080011120                __init_interrupts
 .text.disable_interrupts
                0x0000000080011160       0x40 /usr/local/mips64-elf/lib/libdragon.a(interrupt.o)
                0x0000000080011160                disable_interrupts
 .text.enable_interrupts
                0x00000000800111a0       0x80 /usr/local/mips64-elf/lib/libdragon.a(interrupt.o)
                0x00000000800111a0                enable_interrupts
 .text.__display_callback
                0x0000000080011220       0x80 /usr/local/mips64-elf/lib/libdragon.a(display.o)
 .text.display_show.part.0
                0x00000000800112a0       0x40 /usr/local/mips64-elf/lib/libdragon.a(display.o)
 .text.display_init
                0x00000000800112e0      0x4a0 /usr/local/mips64-elf/lib/libdragon.a(display.o)
                0x00000000800112e0                display_init
 .text.display_close
                0x0000000080011780       0xc0 /usr/local/mips64-elf/lib/libdragon.a(display.o)
                0x0000000080011780                display_close
 .text.display_lock
                0x0000000080011840       0xa0 /usr/local/mips64-elf/lib/libdragon.a(display.o)
                0x0000000080011840                display_lock
 .text.display_show
                0x00000000800118e0       0x60 /usr/local/mips64-elf/lib/libdragon.a(display.o)
                0x00000000800118e0                display_show
 .text.display_show_force
                0x0000000080011940       0x80 /usr/local/mips64-elf/lib/libdragon.a(display.o)
                0x0000000080011940                display_show_force
 .text.exception_default_handler
                0x00000000800119c0      0x7c0 /usr/local/mips64-elf/lib/libdragon.a(exception.o)
                0x00000000800119c0                exception_default_handler
 .text.__onCriticalException
                0x0000000080012180       0x60 /usr/local/mips64-elf/lib/libdragon.a(exception.o)
                0x0000000080012180                __onCriticalException
 .text.__onResetException
                0x00000000800121e0       0x60 /usr/local/mips64-elf/lib/libdragon.a(exception.o)
                0x00000000800121e0                __onResetException
 .text.attach_filesystem
                0x0000000080012240      0x220 /usr/local/mips64-elf/lib/libdragonsys.a(system.o)
                0x0000000080012240                attach_filesystem
 .text.close    0x0000000080012460      0x140 /usr/local/mips64-elf/lib/libdragonsys.a(system.o)
                0x0000000080012460                close
 .text._exit    0x00000000800125a0       0x20 /usr/local/mips64-elf/lib/libdragonsys.a(system.o)
                0x00000000800125a0                _exit
 .text.fstat    0x00000000800125c0      0x100 /usr/local/mips64-elf/lib/libdragonsys.a(system.o)
                0x00000000800125c0                fstat
 .text.getpid   0x00000000800126c0       0x20 /usr/local/mips64-elf/lib/libdragonsys.a(system.o)
                0x00000000800126c0                getpid
 .text.isatty   0x00000000800126e0       0x40 /usr/local/mips64-elf/lib/libdragonsys.a(system.o)
                0x00000000800126e0                isatty
 .text.kill     0x0000000080012720       0x20 /usr/local/mips64-elf/lib/libdragonsys.a(system.o)
                0x0000000080012720                kill
 .text.lseek    0x0000000080012740      0x100 /usr/local/mips64-elf/lib/libdragonsys.a(system.o)
                0x0000000080012740                lseek
 .text.read     0x0000000080012840      0x140 /usr/local/mips64-elf/lib/libdragonsys.a(system.o)
                0x0000000080012840                read
 .text.sbrk     0x0000000080012980       0xc0 /usr/local/mips64-elf/lib/libdragonsys.a(system.o)
                0x0000000080012980                sbrk
 .text.write    0x0000000080012a40      0x140 /usr/local/mips64-elf/lib/libdragonsys.a(system.o)
                0x0000000080012a40                write
 .text.hook_stdio_calls
                0x0000000080012b80       0x60 /usr/local/mips64-elf/lib/libdragonsys.a(system.o)
                0x0000000080012b80                hook_stdio_calls
 .text.unhook_stdio_calls
                0x0000000080012be0       0x80 /usr/local/mips64-elf/lib/libdragonsys.a(system.o)
                0x0000000080012be0                unhook_stdio_calls
 .text.__assert_func
                0x0000000080012c60       0x20 /usr/local/mips64-elf/lib/libdragonsys.a(system.o)
                0x0000000080012c60                __assert_func
 .text._ZN9Mode7Test8OnCreateEv
                0x0000000080012c80       0x40 build/LibN64GameTest.o
                0x0000000080012c80                _ZN9Mode7Test8OnCreateEv
 .text._ZN9Mode7Test11KeyAPressedEv
                0x0000000080012cc0       0x20 build/LibN64GameTest.o
                0x0000000080012cc0                _ZN9Mode7Test11KeyAPressedEv
 .text._ZN9Mode7Test11KeyBPressedEv
                0x0000000080012ce0       0x20 build/LibN64GameTest.o
                0x0000000080012ce0                _ZN9Mode7Test11KeyBPressedEv
 .text._ZN9Mode7Test11KeyZPressedEv
                0x0000000080012d00       0x40 build/LibN64GameTest.o
                0x0000000080012d00                _ZN9Mode7Test11KeyZPressedEv
 .text._ZN9Mode7Test8DrawModeEv
                0x0000000080012d40      0x860 build/LibN64GameTest.o
                0x0000000080012d40                _ZN9Mode7Test8DrawModeEv
 .text._ZN9Mode7Test12KeyDRPressedEv
                0x00000000800135a0       0x20 build/LibN64GameTest.o
                0x00000000800135a0                _ZN9Mode7Test12KeyDRPressedEv
 .text._ZN9Mode7Test12KeyDLPressedEv
                0x00000000800135c0       0x20 build/LibN64GameTest.o
                0x00000000800135c0                _ZN9Mode7Test12KeyDLPressedEv
 .text._ZN9Mode7Test12KeyDDPressedEv
                0x00000000800135e0       0xc0 build/LibN64GameTest.o
                0x00000000800135e0                _ZN9Mode7Test12KeyDDPressedEv
 .text._ZN9Mode7Test12KeyDUPressedEv
                0x00000000800136a0       0xc0 build/LibN64GameTest.o
                0x00000000800136a0                _ZN9Mode7Test12KeyDUPressedEv
 .text.startup.main
                0x0000000080013760       0x40 build/LibN64GameTest.o
                0x0000000080013760                main
 .text._ZN6LibN645Frame11FrameUpdateEv
                0x00000000800137a0       0x20 /home/spencer/libdragon/NEW/libdragon/libN64.a(LibN64.o)
                0x00000000800137a0                _ZN6LibN645Frame11KeyZPressedEv
                0x00000000800137a0                _ZN6LibN645Frame11KeyAPressedEv
                0x00000000800137a0                _ZN6LibN645Frame12KeyDDPressedEv
                0x00000000800137a0                _ZN6LibN645Frame15KeyStartPressedEv
                0x00000000800137a0                _ZN6LibN645Frame11KeyBPressedEv
                0x00000000800137a0                _ZN6LibN645Frame12KeyDRPressedEv
                0x00000000800137a0                _ZN6LibN645Frame8OnCreateEv
                0x00000000800137a0                _ZN6LibN645Frame12KeyDUPressedEv
                0x00000000800137a0                _ZN6LibN645Frame12KeyDLPressedEv
                0x00000000800137a0                _ZN6LibN645Frame11FrameUpdateEv
 .text._ZN6LibN645FrameC2E12resolution_t10bitdepth_t
                0x00000000800137c0      0x120 /home/spencer/libdragon/NEW/libdragon/libN64.a(LibN64.o)
                0x00000000800137c0                _ZN6LibN645FrameC1E12resolution_t10bitdepth_t
                0x00000000800137c0                _ZN6LibN645FrameC2E12resolution_t10bitdepth_t
 .text._ZN6LibN645Frame9SetScreenE12resolution_t10bitdepth_t
                0x00000000800138e0       0xc0 /home/spencer/libdragon/NEW/libdragon/libN64.a(LibN64.o)
                0x00000000800138e0                _ZN6LibN645Frame9SetScreenE12resolution_t10bitdepth_t
 .text._ZN6LibN645Frame11ScreenWidthEv
                0x00000000800139a0       0x20 /home/spencer/libdragon/NEW/libdragon/libN64.a(LibN64.o)
                0x00000000800139a0                _ZN6LibN645Frame11ScreenWidthEv
 .text._ZN6LibN645Frame12ScreenHeightEv
                0x00000000800139c0       0x20 /home/spencer/libdragon/NEW/libdragon/libN64.a(LibN64.o)
                0x00000000800139c0                _ZN6LibN645Frame12ScreenHeightEv
 .text._ZN6LibN645Frame7DrawBoxEiiij
                0x00000000800139e0       0x40 /home/spencer/libdragon/NEW/libdragon/libN64.a(LibN64.o)
                0x00000000800139e0                _ZN6LibN645Frame7DrawBoxEiiij
 .text._ZN6LibN645Frame5BeginEv
                0x0000000080013a20      0x2a0 /home/spencer/libdragon/NEW/libdragon/libN64.a(LibN64.o)
                0x0000000080013a20                _ZN6LibN645Frame5BeginEv
 .text.get_next_token.part.0
                0x0000000080013cc0       0x80 /usr/local/lib/gcc/mips64-elf/11.2.0/../../../../mips64-elf/lib/libdragon.a(dragonfs.o)
 .text.recurse_path
                0x0000000080013d40      0x560 /usr/local/lib/gcc/mips64-elf/11.2.0/../../../../mips64-elf/lib/libdragon.a(dragonfs.o)
 .text.__close  0x00000000800142a0       0x80 /usr/local/lib/gcc/mips64-elf/11.2.0/../../../../mips64-elf/lib/libdragon.a(dragonfs.o)
 .text.__fstat  0x0000000080014320       0xa0 /usr/local/lib/gcc/mips64-elf/11.2.0/../../../../mips64-elf/lib/libdragon.a(dragonfs.o)
 .text.dfs_dir_findfirst
                0x00000000800143c0       0xc0 /usr/local/lib/gcc/mips64-elf/11.2.0/../../../../mips64-elf/lib/libdragon.a(dragonfs.o)
                0x00000000800143c0                dfs_dir_findfirst
 .text.__findfirst
                0x0000000080014480       0x80 /usr/local/lib/gcc/mips64-elf/11.2.0/../../../../mips64-elf/lib/libdragon.a(dragonfs.o)
 .text.dfs_dir_findnext
                0x0000000080014500       0xc0 /usr/local/lib/gcc/mips64-elf/11.2.0/../../../../mips64-elf/lib/libdragon.a(dragonfs.o)
                0x0000000080014500                dfs_dir_findnext
 .text.__findnext
                0x00000000800145c0       0x80 /usr/local/lib/gcc/mips64-elf/11.2.0/../../../../mips64-elf/lib/libdragon.a(dragonfs.o)
 .text.dfs_open
                0x0000000080014640      0x140 /usr/local/lib/gcc/mips64-elf/11.2.0/../../../../mips64-elf/lib/libdragon.a(dragonfs.o)
                0x0000000080014640                dfs_open
 .text.__open   0x0000000080014780       0x60 /usr/local/lib/gcc/mips64-elf/11.2.0/../../../../mips64-elf/lib/libdragon.a(dragonfs.o)
 .text.dfs_seek
                0x00000000800147e0      0x100 /usr/local/lib/gcc/mips64-elf/11.2.0/../../../../mips64-elf/lib/libdragon.a(dragonfs.o)
                0x00000000800147e0                dfs_seek
 .text.__lseek  0x00000000800148e0       0x80 /usr/local/lib/gcc/mips64-elf/11.2.0/../../../../mips64-elf/lib/libdragon.a(dragonfs.o)
 .text.dfs_read
                0x0000000080014960      0x240 /usr/local/lib/gcc/mips64-elf/11.2.0/../../../../mips64-elf/lib/libdragon.a(dragonfs.o)
                0x0000000080014960                dfs_read
 .text.__read   0x0000000080014ba0       0x20 /usr/local/lib/gcc/mips64-elf/11.2.0/../../../../mips64-elf/lib/libdragon.a(dragonfs.o)
 .text.dfs_init
                0x0000000080014bc0      0x100 /usr/local/lib/gcc/mips64-elf/11.2.0/../../../../mips64-elf/lib/libdragon.a(dragonfs.o)
                0x0000000080014bc0                dfs_init
 .text.controller_init
                0x0000000080014cc0       0x60 /usr/local/lib/gcc/mips64-elf/11.2.0/../../../../mips64-elf/lib/libdragon.a(controller.o)
                0x0000000080014cc0                controller_init
 .text.controller_scan
                0x0000000080014d20       0x80 /usr/local/lib/gcc/mips64-elf/11.2.0/../../../../mips64-elf/lib/libdragon.a(controller.o)
                0x0000000080014d20                controller_scan
 .text.get_keys_down
                0x0000000080014da0       0xa0 /usr/local/lib/gcc/mips64-elf/11.2.0/../../../../mips64-elf/lib/libdragon.a(controller.o)
                0x0000000080014da0                get_keys_down
 .text.__rdp_interrupt
                0x0000000080014e40       0x20 /usr/local/lib/gcc/mips64-elf/11.2.0/../../../../mips64-elf/lib/libdragon.a(rdp.o)
 .text.__rdp_ringbuffer_send.part.0
                0x0000000080014e60       0xc0 /usr/local/lib/gcc/mips64-elf/11.2.0/../../../../mips64-elf/lib/libdragon.a(rdp.o)
 .text.rdp_init
                0x0000000080014f20       0x40 /usr/local/lib/gcc/mips64-elf/11.2.0/../../../../mips64-elf/lib/libdragon.a(rdp.o)
                0x0000000080014f20                rdp_init
 .text.rdp_set_default_clipping
                0x0000000080014f60       0xe0 /usr/local/lib/gcc/mips64-elf/11.2.0/../../../../mips64-elf/lib/libdragon.a(rdp.o)
                0x0000000080014f60                rdp_set_default_clipping
 .text.timer_callback_overflow
                0x0000000080015040       0x20 /usr/local/lib/gcc/mips64-elf/11.2.0/../../../../mips64-elf/lib/libdragon.a(timer.o)
 .text.timer_callback
                0x0000000080015060      0x160 /usr/local/lib/gcc/mips64-elf/11.2.0/../../../../mips64-elf/lib/libdragon.a(timer.o)
 .text.timer_init
                0x00000000800151c0       0xc0 /usr/local/lib/gcc/mips64-elf/11.2.0/../../../../mips64-elf/lib/libdragon.a(timer.o)
                0x00000000800151c0                timer_init
 .text.timer_close
                0x0000000080015280       0xc0 /usr/local/lib/gcc/mips64-elf/11.2.0/../../../../mips64-elf/lib/libdragon.a(timer.o)
                0x0000000080015280                timer_close
 .text.timer_ticks
                0x0000000080015340       0xc0 /usr/local/lib/gcc/mips64-elf/11.2.0/../../../../mips64-elf/lib/libdragon.a(timer.o)
                0x0000000080015340                timer_ticks
 .text.joybus_exec
                0x0000000080015400      0x1c0 /usr/local/lib/gcc/mips64-elf/11.2.0/../../../../mips64-elf/lib/libdragon.a(joybus.o)
                0x0000000080015400                joybus_exec
 .text._ZNK10__cxxabiv117__class_type_info11__do_upcastEPKS0_PPv
                0x00000000800155c0       0x68 /usr/local/lib/gcc/mips64-elf/11.2.0/../../../../mips64-elf/lib/libstdc++.a(class_type_info.o)
                0x00000000800155c0                _ZNK10__cxxabiv117__class_type_info11__do_upcastEPKS0_PPv
 .text._ZNK10__cxxabiv117__class_type_info20__do_find_public_srcEiPKvPKS0_S2_
                0x0000000080015628       0x20 /usr/local/lib/gcc/mips64-elf/11.2.0/../../../../mips64-elf/lib/libstdc++.a(class_type_info.o)
                0x0000000080015628                _ZNK10__cxxabiv117__class_type_info20__do_find_public_srcEiPKvPKS0_S2_
 .text._ZN10__cxxabiv117__class_type_infoD2Ev
                0x0000000080015648       0x10 /usr/local/lib/gcc/mips64-elf/11.2.0/../../../../mips64-elf/lib/libstdc++.a(class_type_info.o)
                0x0000000080015648                _ZN10__cxxabiv117__class_type_infoD1Ev
                0x0000000080015648                _ZN10__cxxabiv117__class_type_infoD2Ev
 .text._ZN10__cxxabiv117__class_type_infoD0Ev
                0x0000000080015658       0x38 /usr/local/lib/gcc/mips64-elf/11.2.0/../../../../mips64-elf/lib/libstdc++.a(class_type_info.o)
                0x0000000080015658                _ZN10__cxxabiv117__class_type_infoD0Ev
 .text._ZNK10__cxxabiv117__class_type_info11__do_upcastEPKS0_PKvRNS0_15__upcast_resultE
                0x0000000080015690       0x90 /usr/local/lib/gcc/mips64-elf/11.2.0/../../../../mips64-elf/lib/libstdc++.a(class_type_info.o)
                0x0000000080015690                _ZNK10__cxxabiv117__class_type_info11__do_upcastEPKS0_PKvRNS0_15__upcast_resultE
 .text._ZNK10__cxxabiv117__class_type_info10__do_catchEPKSt9type_infoPPvj
                0x0000000080015720       0xb0 /usr/local/lib/gcc/mips64-elf/11.2.0/../../../../mips64-elf/lib/libstdc++.a(class_type_info.o)
                0x0000000080015720                _ZNK10__cxxabiv117__class_type_info10__do_catchEPKSt9type_infoPPvj
 .text._ZNK10__cxxabiv117__class_type_info12__do_dyncastEiNS0_10__sub_kindEPKS0_PKvS3_S5_RNS0_16__dyncast_resultE
                0x00000000800157d0       0xf8 /usr/local/lib/gcc/mips64-elf/11.2.0/../../../../mips64-elf/lib/libstdc++.a(class_type_info.o)
                0x00000000800157d0                _ZNK10__cxxabiv117__class_type_info12__do_dyncastEiNS0_10__sub_kindEPKS0_PKvS3_S5_RNS0_16__dyncast_resultE
 .text._ZdlPvj  0x00000000800158c8        0x8 /usr/local/lib/gcc/mips64-elf/11.2.0/../../../../mips64-elf/lib/libstdc++.a(del_ops.o)
                0x00000000800158c8                _ZdlPvj
 .text._ZN10__cxxabiv120__si_class_type_infoD2Ev
                0x00000000800158d0       0x10 /usr/local/lib/gcc/mips64-elf/11.2.0/../../../../mips64-elf/lib/libstdc++.a(si_class_type_info.o)
                0x00000000800158d0                _ZN10__cxxabiv120__si_class_type_infoD2Ev
                0x00000000800158d0                _ZN10__cxxabiv120__si_class_type_infoD1Ev
 .text._ZN10__cxxabiv120__si_class_type_infoD0Ev
                0x00000000800158e0       0x38 /usr/local/lib/gcc/mips64-elf/11.2.0/../../../../mips64-elf/lib/libstdc++.a(si_class_type_info.o)
                0x00000000800158e0                _ZN10__cxxabiv120__si_class_type_infoD0Ev
 .text._ZNK10__cxxabiv120__si_class_type_info12__do_dyncastEiNS_17__class_type_info10__sub_kindEPKS1_PKvS4_S6_RNS1_16__dyncast_resultE
                0x0000000080015918      0x170 /usr/local/lib/gcc/mips64-elf/11.2.0/../../../../mips64-elf/lib/libstdc++.a(si_class_type_info.o)
                0x0000000080015918                _ZNK10__cxxabiv120__si_class_type_info12__do_dyncastEiNS_17__class_type_info10__sub_kindEPKS1_PKvS4_S6_RNS1_16__dyncast_resultE
 .text._ZNK10__cxxabiv120__si_class_type_info20__do_find_public_srcEiPKvPKNS_17__class_type_infoES2_
                0x0000000080015a88       0xa0 /usr/local/lib/gcc/mips64-elf/11.2.0/../../../../mips64-elf/lib/libstdc++.a(si_class_type_info.o)
                0x0000000080015a88                _ZNK10__cxxabiv120__si_class_type_info20__do_find_public_srcEiPKvPKNS_17__class_type_infoES2_
 .text._ZNK10__cxxabiv120__si_class_type_info11__do_upcastEPKNS_17__class_type_infoEPKvRNS1_15__upcast_resultE
                0x0000000080015b28       0x80 /usr/local/lib/gcc/mips64-elf/11.2.0/../../../../mips64-elf/lib/libstdc++.a(si_class_type_info.o)
                0x0000000080015b28                _ZNK10__cxxabiv120__si_class_type_info11__do_upcastEPKNS_17__class_type_infoEPKvRNS1_15__upcast_resultE
 .text._ZNSt9type_infoD2Ev
                0x0000000080015ba8        0x8 /usr/local/lib/gcc/mips64-elf/11.2.0/../../../../mips64-elf/lib/libstdc++.a(tinfo.o)
                0x0000000080015ba8                _ZNSt9type_infoD1Ev
                0x0000000080015ba8                _ZNSt9type_infoD2Ev
 .text._ZNKSt9type_info14__is_pointer_pEv
                0x0000000080015bb0        0x8 /usr/local/lib/gcc/mips64-elf/11.2.0/../../../../mips64-elf/lib/libstdc++.a(tinfo.o)
                0x0000000080015bb0                _ZNKSt9type_info15__is_function_pEv
                0x0000000080015bb0                _ZNKSt9type_info14__is_pointer_pEv
 .text._ZdlPv   0x0000000080015bb8        0x8 /usr/local/lib/gcc/mips64-elf/11.2.0/../../../../mips64-elf/lib/libstdc++.a(del_op.o)
                0x0000000080015bb8                _ZdlPv
 .text.startup._GLOBAL__sub_I__ZN9__gnu_cxx9__freeresEv
                0x0000000080015bc0       0x58 /usr/local/lib/gcc/mips64-elf/11.2.0/../../../../mips64-elf/lib/libstdc++.a(eh_alloc.o)
 *(.init)
 .init          0x0000000080015c18        0x8 /usr/local/lib/gcc/mips64-elf/11.2.0/crti.o
                0x0000000080015c18                _init
 *(.fini)
 .fini          0x0000000080015c20        0x8 /usr/local/lib/gcc/mips64-elf/11.2.0/crti.o
                0x0000000080015c20                _fini
 *(.gnu.linkonce.t.*)
                0x0000000080015c30                . = ALIGN (0x10)
 *fill*         0x0000000080015c28        0x8 
                0x0000000080015c30                __text_end = .

.eh_frame_hdr
 *(.eh_frame_hdr)

.eh_frame       0x0000000080015c30      0x4a8
 *(.eh_frame)
 .eh_frame      0x0000000080015c30        0x0 /usr/local/lib/gcc/mips64-elf/11.2.0/crtbegin.o
 .eh_frame      0x0000000080015c30      0x160 build/LibN64GameTest.o
                                        0x214 (size before relaxing)
 .eh_frame      0x0000000080015d90       0xe4 /home/spencer/libdragon/NEW/libdragon/libN64.a(LibN64.o)
                                        0x274 (size before relaxing)
 .eh_frame      0x0000000080015e74      0x104 /usr/local/lib/gcc/mips64-elf/11.2.0/../../../../mips64-elf/lib/libstdc++.a(class_type_info.o)
                                        0x118 (size before relaxing)
 .eh_frame      0x0000000080015f78       0x14 /usr/local/lib/gcc/mips64-elf/11.2.0/../../../../mips64-elf/lib/libstdc++.a(del_ops.o)
                                         0x28 (size before relaxing)
 .eh_frame      0x0000000080015f8c        0x0 /usr/local/lib/gcc/mips64-elf/11.2.0/../../../../mips64-elf/lib/libstdc++.a(new_opv.o)
                                         0x28 (size before relaxing)
 .eh_frame      0x0000000080015f8c       0xe8 /usr/local/lib/gcc/mips64-elf/11.2.0/../../../../mips64-elf/lib/libstdc++.a(si_class_type_info.o)
                                         0xfc (size before relaxing)
 .eh_frame      0x0000000080016074       0x28 /usr/local/lib/gcc/mips64-elf/11.2.0/../../../../mips64-elf/lib/libstdc++.a(tinfo.o)
                                         0x80 (size before relaxing)
 .eh_frame      0x000000008001609c       0x14 /usr/local/lib/gcc/mips64-elf/11.2.0/../../../../mips64-elf/lib/libstdc++.a(del_op.o)
                                         0x28 (size before relaxing)
 .eh_frame      0x00000000800160b0        0x0 /usr/local/lib/gcc/mips64-elf/11.2.0/../../../../mips64-elf/lib/libstdc++.a(new_op.o)
                                         0x34 (size before relaxing)
 .eh_frame      0x00000000800160b0        0x0 /usr/local/lib/gcc/mips64-elf/11.2.0/../../../../mips64-elf/lib/libstdc++.a(bad_alloc.o)
                                         0x5c (size before relaxing)
 .eh_frame      0x00000000800160b0       0x24 /usr/local/lib/gcc/mips64-elf/11.2.0/../../../../mips64-elf/lib/libstdc++.a(eh_alloc.o)
                                         0xec (size before relaxing)
 .eh_frame      0x00000000800160d4        0x0 /usr/local/lib/gcc/mips64-elf/11.2.0/../../../../mips64-elf/lib/libstdc++.a(eh_exception.o)
                                        0x104 (size before relaxing)
 .eh_frame      0x00000000800160d4        0x0 /usr/local/lib/gcc/mips64-elf/11.2.0/../../../../mips64-elf/lib/libstdc++.a(eh_terminate.o)
                                         0xe4 (size before relaxing)
 .eh_frame      0x00000000800160d4        0x0 /usr/local/lib/gcc/mips64-elf/11.2.0/../../../../mips64-elf/lib/libstdc++.a(eh_throw.o)
                                         0x8c (size before relaxing)
 .eh_frame      0x00000000800160d4        0x0 /usr/local/lib/gcc/mips64-elf/11.2.0/../../../../mips64-elf/lib/libstdc++.a(new_handler.o)
                                         0x3c (size before relaxing)
 .eh_frame      0x00000000800160d4        0x0 /usr/local/lib/gcc/mips64-elf/11.2.0/../../../../mips64-elf/lib/libstdc++.a(vterminate.o)
                                         0x3c (size before relaxing)
 .eh_frame      0x00000000800160d4        0x0 /usr/local/lib/gcc/mips64-elf/11.2.0/../../../../mips64-elf/lib/libstdc++.a(eh_catch.o)
                                         0xb8 (size before relaxing)
 .eh_frame      0x00000000800160d4        0x0 /usr/local/lib/gcc/mips64-elf/11.2.0/../../../../mips64-elf/lib/libstdc++.a(eh_globals.o)
                                         0x3c (size before relaxing)
 .eh_frame      0x00000000800160d4        0x0 /usr/local/lib/gcc/mips64-elf/11.2.0/../../../../mips64-elf/lib/libstdc++.a(eh_personality.o)
                                        0x17c (size before relaxing)
 .eh_frame      0x00000000800160d4        0x0 /usr/local/lib/gcc/mips64-elf/11.2.0/../../../../mips64-elf/lib/libstdc++.a(eh_type.o)
                                         0x34 (size before relaxing)
 .eh_frame      0x00000000800160d4        0x0 /usr/local/lib/gcc/mips64-elf/11.2.0/../../../../mips64-elf/lib/libstdc++.a(eh_call.o)
                                         0x30 (size before relaxing)
 .eh_frame      0x00000000800160d4        0x0 /usr/local/lib/gcc/mips64-elf/11.2.0/libgcc.a(unwind-dw2.o)
                                        0x5fc (size before relaxing)
 .eh_frame      0x00000000800160d4        0x0 /usr/local/lib/gcc/mips64-elf/11.2.0/libgcc.a(unwind-dw2-fde.o)
                                        0x3b4 (size before relaxing)
 .eh_frame      0x00000000800160d4        0x4 /usr/local/lib/gcc/mips64-elf/11.2.0/crtend.o

.gcc_except_table
 *(.gcc_except_table*)

.jcr
 *(.jcr)

.rodata         0x00000000800160d8     0x2ba0
 *(.rdata)
 *(.rodata)
 .rodata        0x00000000800160d8       0x1c /usr/local/lib/gcc/mips64-elf/11.2.0/../../../../mips64-elf/lib/libm.a(lib_a-ef_atan2.o)
 *fill*         0x00000000800160f4        0x4 
 .rodata        0x00000000800160f8      0x398 /usr/local/lib/gcc/mips64-elf/11.2.0/../../../../mips64-elf/lib/libm.a(lib_a-ef_rem_pio2.o)
 .rodata        0x0000000080016490       0x3c /usr/local/lib/gcc/mips64-elf/11.2.0/../../../../mips64-elf/lib/libm.a(lib_a-kf_rem_pio2.o)
 *fill*         0x00000000800164cc        0x4 
 .rodata        0x00000000800164d0       0x20 /usr/local/lib/gcc/mips64-elf/11.2.0/../../../../mips64-elf/lib/libm.a(lib_a-sf_atan.o)
 .rodata        0x00000000800164f0      0x188 /usr/local/lib/gcc/mips64-elf/11.2.0/../../../../mips64-elf/lib/libc.a(lib_a-svfprintf.o)
 .rodata        0x0000000080016678      0x188 /usr/local/lib/gcc/mips64-elf/11.2.0/../../../../mips64-elf/lib/libc.a(lib_a-vfprintf.o)
 .rodata        0x0000000080016800      0x128 /usr/local/lib/gcc/mips64-elf/11.2.0/../../../../mips64-elf/lib/libc.a(lib_a-mprec.o)
                0x0000000080016810                __mprec_tinytens
                0x0000000080016838                __mprec_bigtens
                0x0000000080016860                __mprec_tens
 .rodata        0x0000000080016928      0x188 /usr/local/lib/gcc/mips64-elf/11.2.0/../../../../mips64-elf/lib/libc.a(lib_a-svfiprintf.o)
 .rodata        0x0000000080016ab0      0x188 /usr/local/lib/gcc/mips64-elf/11.2.0/../../../../mips64-elf/lib/libc.a(lib_a-vfiprintf.o)
 .rodata        0x0000000080016c38      0x288 /usr/local/lib/gcc/mips64-elf/11.2.0/../../../../mips64-elf/lib/libc.a(lib_a-ctype_.o)
                0x0000000080016c38                _ctype_
                0x0000000080016d40                _ctype_b
 *(.rodata.*)
 .rodata.debug_assert_func_f.str1.8
                0x0000000080016ec0       0x3d /usr/local/mips64-elf/lib/libdragon.a(debug.o)
                                         0x45 (size before relaxing)
 *fill*         0x0000000080016efd        0x3 
 .rodata.__font_data
                0x0000000080016f00      0x800 /usr/local/mips64-elf/lib/libdragon.a(graphics.o)
 .rodata.dma_read_raw_async.str1.8
                0x0000000080017700       0x12 /usr/local/mips64-elf/lib/libdragon.a(dma.o)
 *fill*         0x0000000080017712        0x6 
 .rodata.dma_read_async.str1.8
                0x0000000080017718       0x17 /usr/local/mips64-elf/lib/libdragon.a(dma.o)
 *fill*         0x000000008001772f        0x1 
 .rodata.__func__.1
                0x0000000080017730        0xf /usr/local/mips64-elf/lib/libdragon.a(dma.o)
 *fill*         0x000000008001773f        0x1 
 .rodata.__func__.3
                0x0000000080017740       0x13 /usr/local/mips64-elf/lib/libdragon.a(dma.o)
 *fill*         0x0000000080017753        0x5 
 .rodata.__do_global_ctors.str1.8
                0x0000000080017758       0x99 /usr/local/mips64-elf/lib/libdragon.a(do_ctors.o)
 *fill*         0x00000000800177f1        0x7 
 .rodata.__wrap___do_global_ctors.str1.8
                0x00000000800177f8       0x93 /usr/local/mips64-elf/lib/libdragon.a(do_ctors.o)
 *fill*         0x000000008001788b        0x5 
 .rodata.__func__.0
                0x0000000080017890       0x19 /usr/local/mips64-elf/lib/libdragon.a(do_ctors.o)
 *fill*         0x00000000800178a9        0x7 
 .rodata.enable_interrupts.str1.8
                0x00000000800178b0       0x4c /usr/local/mips64-elf/lib/libdragon.a(interrupt.o)
 *fill*         0x00000000800178fc        0x4 
 .rodata.__func__.0
                0x0000000080017900       0x12 /usr/local/mips64-elf/lib/libdragon.a(interrupt.o)
 *fill*         0x0000000080017912        0x6 
 .rodata.display_show.part.0.str1.8
                0x0000000080017918       0x59 /usr/local/mips64-elf/lib/libdragon.a(display.o)
 *fill*         0x0000000080017971        0x7 
 .rodata.display_init.str1.8
                0x0000000080017978       0xac /usr/local/mips64-elf/lib/libdragon.a(display.o)
 .rodata.display_init
                0x0000000080017a24       0x30 /usr/local/mips64-elf/lib/libdragon.a(display.o)
 *fill*         0x0000000080017a54        0x4 
 .rodata.__func__.0
                0x0000000080017a58        0xd /usr/local/mips64-elf/lib/libdragon.a(display.o)
 *fill*         0x0000000080017a65        0x3 
 .rodata.__func__.1
                0x0000000080017a68        0xd /usr/local/mips64-elf/lib/libdragon.a(display.o)
 *fill*         0x0000000080017a75        0x3 
 .rodata.reg_values
                0x0000000080017a78       0x48 /usr/local/mips64-elf/lib/libdragon.a(display.o)
 .rodata.mpal_640p
                0x0000000080017ac0       0x38 /usr/local/mips64-elf/lib/libdragon.a(display.o)
 .rodata.pal_640p
                0x0000000080017af8       0x38 /usr/local/mips64-elf/lib/libdragon.a(display.o)
 .rodata.ntsc_640p
                0x0000000080017b30       0x38 /usr/local/mips64-elf/lib/libdragon.a(display.o)
 .rodata.mpal_512p
                0x0000000080017b68       0x38 /usr/local/mips64-elf/lib/libdragon.a(display.o)
 .rodata.pal_512p
                0x0000000080017ba0       0x38 /usr/local/mips64-elf/lib/libdragon.a(display.o)
 .rodata.ntsc_512p
                0x0000000080017bd8       0x38 /usr/local/mips64-elf/lib/libdragon.a(display.o)
 .rodata.mpal_512
                0x0000000080017c10       0x38 /usr/local/mips64-elf/lib/libdragon.a(display.o)
 .rodata.pal_512
                0x0000000080017c48       0x38 /usr/local/mips64-elf/lib/libdragon.a(display.o)
 .rodata.ntsc_512
                0x0000000080017c80       0x38 /usr/local/mips64-elf/lib/libdragon.a(display.o)
 .rodata.mpal_256
                0x0000000080017cb8       0x38 /usr/local/mips64-elf/lib/libdragon.a(display.o)
 .rodata.pal_256
                0x0000000080017cf0       0x38 /usr/local/mips64-elf/lib/libdragon.a(display.o)
 .rodata.ntsc_256
                0x0000000080017d28       0x38 /usr/local/mips64-elf/lib/libdragon.a(display.o)
 .rodata.mpal_640
                0x0000000080017d60       0x38 /usr/local/mips64-elf/lib/libdragon.a(display.o)
 .rodata.pal_640
                0x0000000080017d98       0x38 /usr/local/mips64-elf/lib/libdragon.a(display.o)
 .rodata.ntsc_640
                0x0000000080017dd0       0x38 /usr/local/mips64-elf/lib/libdragon.a(display.o)
 .rodata.mpal_320
                0x0000000080017e08       0x38 /usr/local/mips64-elf/lib/libdragon.a(display.o)
 .rodata.pal_320
                0x0000000080017e40       0x38 /usr/local/mips64-elf/lib/libdragon.a(display.o)
 .rodata.ntsc_320
                0x0000000080017e78       0x38 /usr/local/mips64-elf/lib/libdragon.a(display.o)
 .rodata.exception_default_handler.str1.8
                0x0000000080017eb0      0x447 /usr/local/mips64-elf/lib/libdragon.a(exception.o)
 *fill*         0x00000000800182f7        0x1 
 .rodata.str1.8
                0x00000000800182f8      0x17e /usr/local/mips64-elf/lib/libdragon.a(exception.o)
 *fill*         0x0000000080018476        0x2 
 .rodata.exceptionMap.0
                0x0000000080018478       0x80 /usr/local/mips64-elf/lib/libdragon.a(exception.o)
 .rodata._ZN9Mode7Test8DrawModeEv.str1.8
                0x00000000800184f8        0x3 build/LibN64GameTest.o
 *fill*         0x00000000800184fb        0x5 
 .rodata._ZTS9Mode7Test
                0x0000000080018500        0xb build/LibN64GameTest.o
                0x0000000080018500                _ZTS9Mode7Test
 *fill*         0x000000008001850b        0x5 
 .rodata._ZTI9Mode7Test
                0x0000000080018510        0xc build/LibN64GameTest.o
                0x0000000080018510                _ZTI9Mode7Test
 .rodata._ZTV9Mode7Test
                0x000000008001851c       0x30 build/LibN64GameTest.o
                0x000000008001851c                _ZTV9Mode7Test
 *fill*         0x000000008001854c        0x4 
 .rodata.str1.8
                0x0000000080018550      0x401 build/LibN64GameTest.o
 *fill*         0x0000000080018951        0x7 
 .rodata._ZN6LibN645FrameC2E12resolution_t10bitdepth_t.str1.8
                0x0000000080018958        0x8 /home/spencer/libdragon/NEW/libdragon/libN64.a(LibN64.o)
 .rodata._ZTSN6LibN645FrameE
                0x0000000080018960       0x10 /home/spencer/libdragon/NEW/libdragon/libN64.a(LibN64.o)
                0x0000000080018960                _ZTSN6LibN645FrameE
 .rodata._ZTVN6LibN645FrameE
                0x0000000080018970       0x30 /home/spencer/libdragon/NEW/libdragon/libN64.a(LibN64.o)
                0x0000000080018970                _ZTVN6LibN645FrameE
 .rodata.__open.str1.8
                0x00000000800189a0        0x2 /usr/local/lib/gcc/mips64-elf/11.2.0/../../../../mips64-elf/lib/libdragon.a(dragonfs.o)
 *fill*         0x00000000800189a2        0x6 
 .rodata.dfs_init.str1.8
                0x00000000800189a8       0x16 /usr/local/lib/gcc/mips64-elf/11.2.0/../../../../mips64-elf/lib/libdragon.a(dragonfs.o)
 *fill*         0x00000000800189be        0x2 
 .rodata.SI_read_con_block.7
                0x00000000800189c0       0x40 /usr/local/lib/gcc/mips64-elf/11.2.0/../../../../mips64-elf/lib/libdragon.a(controller.o)
 .rodata.timer_init.str1.8
                0x0000000080018a00       0x41 /usr/local/lib/gcc/mips64-elf/11.2.0/../../../../mips64-elf/lib/libdragon.a(timer.o)
 *fill*         0x0000000080018a41        0x7 
 .rodata.new_timer.str1.8
                0x0000000080018a48       0x2d /usr/local/lib/gcc/mips64-elf/11.2.0/../../../../mips64-elf/lib/libdragon.a(timer.o)
 *fill*         0x0000000080018a75        0x3 
 .rodata.__func__.0
                0x0000000080018a78        0xc /usr/local/lib/gcc/mips64-elf/11.2.0/../../../../mips64-elf/lib/libdragon.a(timer.o)
 *fill*         0x0000000080018a84        0x4 
 .rodata.__func__.1
                0x0000000080018a88        0xc /usr/local/lib/gcc/mips64-elf/11.2.0/../../../../mips64-elf/lib/libdragon.a(timer.o)
 *fill*         0x0000000080018a94        0x4 
 .rodata.__func__.6
                0x0000000080018a98        0xb /usr/local/lib/gcc/mips64-elf/11.2.0/../../../../mips64-elf/lib/libdragon.a(timer.o)
 *fill*         0x0000000080018aa3        0x5 
 .rodata._ZTSN10__cxxabiv117__class_type_infoE
                0x0000000080018aa8       0x22 /usr/local/lib/gcc/mips64-elf/11.2.0/../../../../mips64-elf/lib/libstdc++.a(class_type_info.o)
                0x0000000080018aa8                _ZTSN10__cxxabiv117__class_type_infoE
 *fill*         0x0000000080018aca        0x6 
 .rodata._ZTIN10__cxxabiv117__class_type_infoE
                0x0000000080018ad0        0xc /usr/local/lib/gcc/mips64-elf/11.2.0/../../../../mips64-elf/lib/libstdc++.a(class_type_info.o)
                0x0000000080018ad0                _ZTIN10__cxxabiv117__class_type_infoE
 .rodata._ZTVN10__cxxabiv117__class_type_infoE
                0x0000000080018adc       0x2c /usr/local/lib/gcc/mips64-elf/11.2.0/../../../../mips64-elf/lib/libstdc++.a(class_type_info.o)
                0x0000000080018adc                _ZTVN10__cxxabiv117__class_type_infoE
 .rodata._ZTSN10__cxxabiv120__si_class_type_infoE
                0x0000000080018b08       0x25 /usr/local/lib/gcc/mips64-elf/11.2.0/../../../../mips64-elf/lib/libstdc++.a(si_class_type_info.o)
                0x0000000080018b08                _ZTSN10__cxxabiv120__si_class_type_infoE
 *fill*         0x0000000080018b2d        0x3 
 .rodata._ZTIN10__cxxabiv120__si_class_type_infoE
                0x0000000080018b30        0xc /usr/local/lib/gcc/mips64-elf/11.2.0/../../../../mips64-elf/lib/libstdc++.a(si_class_type_info.o)
                0x0000000080018b30                _ZTIN10__cxxabiv120__si_class_type_infoE
 .rodata._ZTVN10__cxxabiv120__si_class_type_infoE
                0x0000000080018b3c       0x2c /usr/local/lib/gcc/mips64-elf/11.2.0/../../../../mips64-elf/lib/libstdc++.a(si_class_type_info.o)
                0x0000000080018b3c                _ZTVN10__cxxabiv120__si_class_type_infoE
 .rodata._ZTSSt9type_info
                0x0000000080018b68        0xd /usr/local/lib/gcc/mips64-elf/11.2.0/../../../../mips64-elf/lib/libstdc++.a(tinfo.o)
                0x0000000080018b68                _ZTSSt9type_info
 *fill*         0x0000000080018b75        0x3 
 .rodata.str1.8
                0x0000000080018b78       0x5a /usr/local/lib/gcc/mips64-elf/11.2.0/../../../../mips64-elf/lib/libc.a(lib_a-svfprintf.o)
 .rodata.str1.8
                0x0000000080018bd2       0x5a /usr/local/lib/gcc/mips64-elf/11.2.0/../../../../mips64-elf/lib/libc.a(lib_a-vfprintf.o)
 *fill*         0x0000000080018bd2        0x6 
 .rodata.str1.8
                0x0000000080018bd8       0x58 /usr/local/lib/gcc/mips64-elf/11.2.0/../../../../mips64-elf/lib/libc.a(lib_a-dtoa.o)
                                         0x60 (size before relaxing)
 .rodata.str1.8
                0x0000000080018c30       0x12 /usr/local/lib/gcc/mips64-elf/11.2.0/../../../../mips64-elf/lib/libc.a(lib_a-locale.o)
                                         0x1a (size before relaxing)
 *fill*         0x0000000080018c42        0x6 
 .rodata.str1.8
                0x0000000080018c48       0x29 /usr/local/lib/gcc/mips64-elf/11.2.0/../../../../mips64-elf/lib/libc.a(lib_a-mprec.o)
                                         0x41 (size before relaxing)
 .rodata.str1.8
                0x0000000080018c71       0x37 /usr/local/lib/gcc/mips64-elf/11.2.0/../../../../mips64-elf/lib/libc.a(lib_a-svfiprintf.o)
 .rodata.str1.8
                0x0000000080018c71       0x37 /usr/local/lib/gcc/mips64-elf/11.2.0/../../../../mips64-elf/lib/libc.a(lib_a-vfiprintf.o)
 *(.gnu.linkonce.r.*)
                0x0000000080018ca8                . = ALIGN (0x8)
 *fill*         0x0000000080018c71        0x7 

.MIPS.abiflags  0x0000000080018c78       0x18
 .MIPS.abiflags
                0x0000000080018c78       0x18 /usr/local/lib/gcc/mips64-elf/11.2.0/crti.o

.rel.dyn        0x0000000080018c90        0x0
 .rel.dyn       0x0000000080018c90        0x0 /usr/local/mips64-elf/lib/libdragon.a(n64sys.o)
                0x0000000080018c90                . = ALIGN (0x4)

.ctors          0x0000000080018c90       0x14
                0x0000000080018c90                __CTOR_LIST__ = .
 *(.ctors)
 .ctors         0x0000000080018c90        0x4 /usr/local/lib/gcc/mips64-elf/11.2.0/crtbegin.o
 .ctors         0x0000000080018c94        0x4 /usr/local/mips64-elf/lib/libdragon.a(n64sys.o)
 .ctors         0x0000000080018c98        0x4 /usr/local/mips64-elf/lib/libdragon.a(interrupt.o)
 .ctors         0x0000000080018c9c        0x4 /usr/local/lib/gcc/mips64-elf/11.2.0/../../../../mips64-elf/lib/libstdc++.a(eh_alloc.o)
 .ctors         0x0000000080018ca0        0x4 /usr/local/lib/gcc/mips64-elf/11.2.0/crtend.o
                0x0000000080018ca4                __CTOR_END__ = .
                0x0000000080018ca8                . = ALIGN (0x8)

.data           0x0000000080018ca8      0xb28
                0x0000000080018ca8                __data_start = .
 *(.data)
 .data          0x0000000080018ca8      0x428 /usr/local/lib/gcc/mips64-elf/11.2.0/../../../../mips64-elf/lib/libc.a(lib_a-impure.o)
 .data          0x00000000800190d0      0x408 /usr/local/lib/gcc/mips64-elf/11.2.0/../../../../mips64-elf/lib/libc.a(lib_a-mallocr.o)
                0x00000000800190d0                __malloc_av_
 .data          0x00000000800194d8      0x16c /usr/local/lib/gcc/mips64-elf/11.2.0/../../../../mips64-elf/lib/libc.a(lib_a-locale.o)
                0x00000000800194d8                __global_locale
 *(.data.*)
 *fill*         0x0000000080019644        0x4 
 .data.checkerwall
                0x0000000080019648      0x160 build/LibN64GameTest.o
                0x0000000080019648                checkerwall
 .data.dragon_fs
                0x00000000800197a8       0x24 /usr/local/lib/gcc/mips64-elf/11.2.0/../../../../mips64-elf/lib/libdragon.a(dragonfs.o)
 *(.gnu.linkonce.d.*)
                0x00000000800197d0                . = ALIGN (0x8)
 *fill*         0x00000000800197cc        0x4 

.sdata          0x00000000800197d0      0x210
                0x00000000800217d0                _gp = (. + 0x8000)
 *(.sdata)
 .sdata         0x00000000800197d0       0x50 build/LibN64GameTest.o
 .sdata         0x0000000080019820       0x18 /usr/local/lib/gcc/mips64-elf/11.2.0/../../../../mips64-elf/lib/libm.a(lib_a-ef_atan2.o)
 .sdata         0x0000000080019838       0x24 /usr/local/lib/gcc/mips64-elf/11.2.0/../../../../mips64-elf/lib/libm.a(lib_a-ef_rem_pio2.o)
 .sdata         0x000000008001985c       0x28 /usr/local/lib/gcc/mips64-elf/11.2.0/../../../../mips64-elf/lib/libm.a(lib_a-kf_cos.o)
 .sdata         0x0000000080019884       0x1c /usr/local/lib/gcc/mips64-elf/11.2.0/../../../../mips64-elf/lib/libm.a(lib_a-kf_rem_pio2.o)
 .sdata         0x00000000800198a0       0x1c /usr/local/lib/gcc/mips64-elf/11.2.0/../../../../mips64-elf/lib/libm.a(lib_a-kf_sin.o)
 .sdata         0x00000000800198bc       0x48 /usr/local/lib/gcc/mips64-elf/11.2.0/../../../../mips64-elf/lib/libm.a(lib_a-sf_atan.o)
 .sdata         0x0000000080019904        0x8 /usr/local/lib/gcc/mips64-elf/11.2.0/../../../../mips64-elf/lib/libm.a(lib_a-sf_floor.o)
 .sdata         0x000000008001990c       0x18 /usr/local/lib/gcc/mips64-elf/11.2.0/../../../../mips64-elf/lib/libm.a(lib_a-sf_scalbn.o)
 .sdata         0x0000000080019924        0x8 /usr/local/lib/gcc/mips64-elf/11.2.0/../../../../mips64-elf/lib/libc.a(lib_a-impure.o)
                0x0000000080019924                _global_impure_ptr
                0x0000000080019928                _impure_ptr
 .sdata         0x000000008001992c        0x8 /usr/local/lib/gcc/mips64-elf/11.2.0/../../../../mips64-elf/lib/libc.a(lib_a-mallocr.o)
                0x000000008001992c                __malloc_sbrk_base
                0x0000000080019930                __malloc_trim_threshold
 *fill*         0x0000000080019934        0x4 
 .sdata         0x0000000080019938        0x8 /usr/local/lib/gcc/mips64-elf/11.2.0/../../../../mips64-elf/lib/libc.a(lib_a-svfprintf.o)
 .sdata         0x0000000080019940        0x8 /usr/local/lib/gcc/mips64-elf/11.2.0/../../../../mips64-elf/lib/libc.a(lib_a-vfprintf.o)
 .sdata         0x0000000080019948       0x48 /usr/local/lib/gcc/mips64-elf/11.2.0/../../../../mips64-elf/lib/libc.a(lib_a-dtoa.o)
 .sdata         0x0000000080019990       0x10 /usr/local/lib/gcc/mips64-elf/11.2.0/../../../../mips64-elf/lib/libc.a(lib_a-mprec.o)
 *(.sdata.*)
 .sdata.console_redirect_debug
                0x00000000800199a0        0x1 /usr/local/mips64-elf/lib/libdragon.a(console.o)
 *fill*         0x00000000800199a1        0x3 
 .sdata.f_color
                0x00000000800199a4        0x4 /usr/local/mips64-elf/lib/libdragon.a(graphics.o)
 .sdata.__bootcic
                0x00000000800199a8        0x4 /usr/local/mips64-elf/lib/libdragon.a(n64sys.o)
                0x00000000800199a8                __bootcic
 .sdata.__interrupt_depth
                0x00000000800199ac        0x4 /usr/local/mips64-elf/lib/libdragon.a(interrupt.o)
 .sdata.now_drawing
                0x00000000800199b0        0x4 /usr/local/mips64-elf/lib/libdragon.a(display.o)
 .sdata.show_next
                0x00000000800199b4        0x4 /usr/local/mips64-elf/lib/libdragon.a(display.o)
 .sdata.now_showing
                0x00000000800199b8        0x4 /usr/local/mips64-elf/lib/libdragon.a(display.o)
 .sdata.__buffers
                0x00000000800199bc        0x4 /usr/local/mips64-elf/lib/libdragon.a(display.o)
                0x00000000800199bc                __buffers
 .sdata.__exception_handler
                0x00000000800199c0        0x4 /usr/local/mips64-elf/lib/libdragon.a(exception.o)
 .sdata.map     0x00000000800199c4        0x4 build/LibN64GameTest.o
                0x00000000800199c4                map
 .sdata._ZTIN6LibN645FrameE
                0x00000000800199c8        0x8 /home/spencer/libdragon/NEW/libdragon/libN64.a(LibN64.o)
                0x00000000800199c8                _ZTIN6LibN645FrameE
 .sdata.next_handle.1
                0x00000000800199d0        0x4 /usr/local/lib/gcc/mips64-elf/11.2.0/../../../../mips64-elf/lib/libdragon.a(dragonfs.o)
 .sdata.flush_strategy
                0x00000000800199d4        0x4 /usr/local/lib/gcc/mips64-elf/11.2.0/../../../../mips64-elf/lib/libdragon.a(rdp.o)
 .sdata._ZTISt9type_info
                0x00000000800199d8        0x8 /usr/local/lib/gcc/mips64-elf/11.2.0/../../../../mips64-elf/lib/libstdc++.a(tinfo.o)
                0x00000000800199d8                _ZTISt9type_info
 *(.gnu.linkonce.s.*)
                0x00000000800199e0                . = ALIGN (0x8)

.lit8           0x00000000800199e0        0x0
 *(.lit8)
                0x00000000800199e0                . = ALIGN (0x8)

.lit4           0x00000000800199e0        0x0
 *(.lit4)
                0x00000000800199e0                . = ALIGN (0x8)
                0x00000000800199e0                __data_end = .

.sbss           0x00000000800199e0      0x2a4
                0x00000000800199e0                __bss_start = .
 *(.sbss)
 .sbss          0x00000000800199e0      0x228 /usr/local/mips64-elf/lib/libdragon.a(inthandler.o)
                0x00000000800199e0                __baseRegAddr
 .sbss          0x0000000080019c08        0xc /usr/local/lib/gcc/mips64-elf/11.2.0/../../../../mips64-elf/lib/libc.a(lib_a-mallocr.o)
                0x0000000080019c08                __malloc_max_total_mem
                0x0000000080019c0c                __malloc_max_sbrked_mem
                0x0000000080019c10                __malloc_top_pad
 *(.sbss.*)
 .sbss.dc.0     0x0000000080019c14        0x4 /usr/local/mips64-elf/lib/libdragon.a(console.o)
 .sbss.render_now
                0x0000000080019c18        0x4 /usr/local/mips64-elf/lib/libdragon.a(console.o)
 .sbss.render_buffer
                0x0000000080019c1c        0x4 /usr/local/mips64-elf/lib/libdragon.a(console.o)
 .sbss.b_color  0x0000000080019c20        0x4 /usr/local/mips64-elf/lib/libdragon.a(graphics.o)
 .sbss.__bbplayer
                0x0000000080019c24        0x4 /usr/local/mips64-elf/lib/libdragon.a(n64sys.o)
                0x0000000080019c24                __bbplayer
 .sbss.SP_callback
                0x0000000080019c28        0x4 /usr/local/mips64-elf/lib/libdragon.a(interrupt.o)
                0x0000000080019c28                SP_callback
 .sbss.SI_callback
                0x0000000080019c2c        0x4 /usr/local/mips64-elf/lib/libdragon.a(interrupt.o)
                0x0000000080019c2c                SI_callback
 .sbss.TI_callback
                0x0000000080019c30        0x4 /usr/local/mips64-elf/lib/libdragon.a(interrupt.o)
                0x0000000080019c30                TI_callback
 .sbss.DP_callback
                0x0000000080019c34        0x4 /usr/local/mips64-elf/lib/libdragon.a(interrupt.o)
                0x0000000080019c34                DP_callback
 .sbss.PI_callback
                0x0000000080019c38        0x4 /usr/local/mips64-elf/lib/libdragon.a(interrupt.o)
                0x0000000080019c38                PI_callback
 .sbss.VI_callback
                0x0000000080019c3c        0x4 /usr/local/mips64-elf/lib/libdragon.a(interrupt.o)
                0x0000000080019c3c                VI_callback
 .sbss.AI_callback
                0x0000000080019c40        0x4 /usr/local/mips64-elf/lib/libdragon.a(interrupt.o)
                0x0000000080019c40                AI_callback
 .sbss.interrupt_disabled_tick
                0x0000000080019c44        0x4 /usr/local/mips64-elf/lib/libdragon.a(interrupt.o)
                0x0000000080019c44                interrupt_disabled_tick
 .sbss.__height
                0x0000000080019c48        0x4 /usr/local/mips64-elf/lib/libdragon.a(display.o)
                0x0000000080019c48                __height
 .sbss.__width  0x0000000080019c4c        0x4 /usr/local/mips64-elf/lib/libdragon.a(display.o)
                0x0000000080019c4c                __width
 .sbss.__bitdepth
                0x0000000080019c50        0x4 /usr/local/mips64-elf/lib/libdragon.a(display.o)
                0x0000000080019c50                __bitdepth
 .sbss.heap_top.0
                0x0000000080019c54        0x4 /usr/local/mips64-elf/lib/libdragonsys.a(system.o)
 .sbss.heap_end.1
                0x0000000080019c58        0x4 /usr/local/mips64-elf/lib/libdragonsys.a(system.o)
 .sbss.__assert_func_ptr
                0x0000000080019c5c        0x4 /usr/local/mips64-elf/lib/libdragonsys.a(system.o)
                0x0000000080019c5c                __assert_func_ptr
 .sbss.errno    0x0000000080019c60        0x4 /usr/local/mips64-elf/lib/libdragonsys.a(system.o)
                0x0000000080019c60                errno
 .sbss.next_entry
                0x0000000080019c64        0x4 /usr/local/lib/gcc/mips64-elf/11.2.0/../../../../mips64-elf/lib/libdragon.a(dragonfs.o)
 .sbss.directory_top
                0x0000000080019c68        0x4 /usr/local/lib/gcc/mips64-elf/11.2.0/../../../../mips64-elf/lib/libdragon.a(dragonfs.o)
 .sbss.base_ptr
                0x0000000080019c6c        0x4 /usr/local/lib/gcc/mips64-elf/11.2.0/../../../../mips64-elf/lib/libdragon.a(dragonfs.o)
 .sbss.wait_intr
                0x0000000080019c70        0x4 /usr/local/lib/gcc/mips64-elf/11.2.0/../../../../mips64-elf/lib/libdragon.a(rdp.o)
 .sbss.rdp_end  0x0000000080019c74        0x4 /usr/local/lib/gcc/mips64-elf/11.2.0/../../../../mips64-elf/lib/libdragon.a(rdp.o)
 .sbss.rdp_start
                0x0000000080019c78        0x4 /usr/local/lib/gcc/mips64-elf/11.2.0/../../../../mips64-elf/lib/libdragon.a(rdp.o)
 .sbss.ticks64_high
                0x0000000080019c7c        0x4 /usr/local/lib/gcc/mips64-elf/11.2.0/../../../../mips64-elf/lib/libdragon.a(timer.o)
                0x0000000080019c7c                ticks64_high
 .sbss.TI_timers
                0x0000000080019c80        0x4 /usr/local/lib/gcc/mips64-elf/11.2.0/../../../../mips64-elf/lib/libdragon.a(timer.o)
 *(.gnu.linkonce.sb.*)
 *(.scommon)
 *(.scommon.*)
                0x0000000080019c88                . = ALIGN (0x8)

.bss            0x0000000080019d00    0x12400
 *(.bss)
 .bss           0x0000000080019d00    0x10400 /usr/local/mips64-elf/lib/libdragon.a(inthandler.o)
 .bss           0x000000008002a100       0x28 /usr/local/lib/gcc/mips64-elf/11.2.0/../../../../mips64-elf/lib/libc.a(lib_a-mallocr.o)
                0x000000008002a100                __malloc_current_mallinfo
 *(.bss*)
 .bss.__safe_buffer
                0x000000008002a128        0xc /usr/local/mips64-elf/lib/libdragon.a(display.o)
                0x000000008002a128                __safe_buffer
 *fill*         0x000000008002a134        0x4 
 .bss.buffer    0x000000008002a138        0xc /usr/local/mips64-elf/lib/libdragon.a(display.o)
 *fill*         0x000000008002a144        0x4 
 .bss.stdio_hooks
                0x000000008002a148        0xc /usr/local/mips64-elf/lib/libdragonsys.a(system.o)
 *fill*         0x000000008002a154        0x4 
 .bss.handles   0x000000008002a158      0x4b0 /usr/local/mips64-elf/lib/libdragonsys.a(system.o)
 .bss.filesystems
                0x000000008002a608       0x50 /usr/local/mips64-elf/lib/libdragonsys.a(system.o)
 .bss.directories
                0x000000008002a658      0x190 /usr/local/lib/gcc/mips64-elf/11.2.0/../../../../mips64-elf/lib/libdragon.a(dragonfs.o)
 *fill*         0x000000008002a7e8        0x8 
 .bss.open_files
                0x000000008002a7f0      0x880 /usr/local/lib/gcc/mips64-elf/11.2.0/../../../../mips64-elf/lib/libdragon.a(dragonfs.o)
 .bss.last      0x000000008002b070       0x40 /usr/local/lib/gcc/mips64-elf/11.2.0/../../../../mips64-elf/lib/libdragon.a(controller.o)
 .bss.current   0x000000008002b0b0       0x40 /usr/local/lib/gcc/mips64-elf/11.2.0/../../../../mips64-elf/lib/libdragon.a(controller.o)
 .bss.rdp_ringbuffer
                0x000000008002b0f0     0x1000 /usr/local/lib/gcc/mips64-elf/11.2.0/../../../../mips64-elf/lib/libdragon.a(rdp.o)
 .bss._ZN12_GLOBAL__N_114emergency_poolE
                0x000000008002c0f0       0x10 /usr/local/lib/gcc/mips64-elf/11.2.0/../../../../mips64-elf/lib/libstdc++.a(eh_alloc.o)
 *(.gnu.linkonce.b.*)
 *(COMMON)
                0x000000008002c100                . = ALIGN (0x8)
                0x000000008002c100                __bss_end = .
                0x000000008002c100                . = ALIGN (0x8)
                0x000000008002c100                end = .
LOAD /usr/local/lib/gcc/mips64-elf/11.2.0/../../../../mips64-elf/lib/libstdc++.a
LOAD /usr/local/lib/gcc/mips64-elf/11.2.0/../../../../mips64-elf/lib/libm.a
LOAD /usr/local/lib/gcc/mips64-elf/11.2.0/../../../../mips64-elf/lib/libc.a
LOAD /usr/local/lib/gcc/mips64-elf/11.2.0/libgcc.a
LOAD /usr/local/lib/gcc/mips64-elf/11.2.0/libgcc.a
LOAD /usr/local/lib/gcc/mips64-elf/11.2.0/crtend.o
LOAD /usr/local/lib/gcc/mips64-elf/11.2.0/crtn.o
OUTPUT(build/LibN64GameTest.elf elf32-bigmips)

.reginfo        0x0000000000000000       0x18
 .reginfo       0x0000000000000000       0x18 /usr/local/lib/gcc/mips64-elf/11.2.0/crti.o

.pdr            0x0000000000000000        0x0
 .pdr           0x0000000000000000        0x0 /usr/local/lib/gcc/mips64-elf/11.2.0/crti.o
 .pdr           0x0000000000000000        0x0 /usr/local/lib/gcc/mips64-elf/11.2.0/crtbegin.o
 .pdr           0x0000000000000000        0x0 /usr/local/mips64-elf/lib/libdragon.a(inthandler.o)
 .pdr           0x0000000000000000        0x0 /usr/local/lib/gcc/mips64-elf/11.2.0/../../../../mips64-elf/lib/libc.a(lib_a-impure.o)
 .pdr           0x0000000000000000        0x0 /usr/local/lib/gcc/mips64-elf/11.2.0/../../../../mips64-elf/lib/libc.a(lib_a-ctype_.o)
 .pdr           0x0000000000000000        0x0 /usr/local/lib/gcc/mips64-elf/11.2.0/crtend.o

.gnu.attributes
                0x0000000000000000       0x10
 .gnu.attributes
                0x0000000000000000       0x10 /usr/local/lib/gcc/mips64-elf/11.2.0/crti.o
 .gnu.attributes
                0x0000000000000010       0x10 /usr/local/lib/gcc/mips64-elf/11.2.0/crtbegin.o
 .gnu.attributes
                0x0000000000000020       0x10 /usr/local/mips64-elf/lib/libdragon.a(debug.o)
 .gnu.attributes
                0x0000000000000030       0x10 /usr/local/mips64-elf/lib/libdragon.a(console.o)
 .gnu.attributes
                0x0000000000000040       0x10 /usr/local/mips64-elf/lib/libdragon.a(graphics.o)
 .gnu.attributes
                0x0000000000000050       0x10 /usr/local/mips64-elf/lib/libdragon.a(dma.o)
 .gnu.attributes
                0x0000000000000060       0x10 /usr/local/mips64-elf/lib/libdragon.a(do_ctors.o)
 .gnu.attributes
                0x0000000000000070       0x10 /usr/local/mips64-elf/lib/libdragon.a(n64sys.o)
 .gnu.attributes
                0x0000000000000080       0x10 /usr/local/mips64-elf/lib/libdragon.a(interrupt.o)
 .gnu.attributes
                0x0000000000000090       0x10 /usr/local/mips64-elf/lib/libdragon.a(inthandler.o)
 .gnu.attributes
                0x00000000000000a0       0x10 /usr/local/mips64-elf/lib/libdragon.a(display.o)
 .gnu.attributes
                0x00000000000000b0       0x10 /usr/local/mips64-elf/lib/libdragon.a(exception.o)
 .gnu.attributes
                0x00000000000000c0       0x10 /usr/local/mips64-elf/lib/libdragonsys.a(system.o)
 .gnu.attributes
                0x00000000000000d0       0x10 build/LibN64GameTest.o
 .gnu.attributes
                0x00000000000000e0       0x10 /home/spencer/libdragon/NEW/libdragon/libN64.a(LibN64.o)
 .gnu.attributes
                0x00000000000000f0       0x10 /usr/local/lib/gcc/mips64-elf/11.2.0/../../../../mips64-elf/lib/libdragon.a(dragonfs.o)
 .gnu.attributes
                0x0000000000000100       0x10 /usr/local/lib/gcc/mips64-elf/11.2.0/../../../../mips64-elf/lib/libdragon.a(controller.o)
 .gnu.attributes
                0x0000000000000110       0x10 /usr/local/lib/gcc/mips64-elf/11.2.0/../../../../mips64-elf/lib/libdragon.a(rdp.o)
 .gnu.attributes
                0x0000000000000120       0x10 /usr/local/lib/gcc/mips64-elf/11.2.0/../../../../mips64-elf/lib/libdragon.a(timer.o)
 .gnu.attributes
                0x0000000000000130       0x10 /usr/local/lib/gcc/mips64-elf/11.2.0/../../../../mips64-elf/lib/libdragon.a(joybus.o)
 .gnu.attributes
                0x0000000000000140       0x10 /usr/local/lib/gcc/mips64-elf/11.2.0/../../../../mips64-elf/lib/libm.a(lib_a-sf_cos.o)
 .gnu.attributes
                0x0000000000000150       0x10 /usr/local/lib/gcc/mips64-elf/11.2.0/../../../../mips64-elf/lib/libm.a(lib_a-sf_sin.o)
 .gnu.attributes
                0x0000000000000160       0x10 /usr/local/lib/gcc/mips64-elf/11.2.0/../../../../mips64-elf/lib/libm.a(lib_a-wf_atan2.o)
 .gnu.attributes
                0x0000000000000170       0x10 /usr/local/lib/gcc/mips64-elf/11.2.0/../../../../mips64-elf/lib/libm.a(lib_a-ef_atan2.o)
 .gnu.attributes
                0x0000000000000180       0x10 /usr/local/lib/gcc/mips64-elf/11.2.0/../../../../mips64-elf/lib/libm.a(lib_a-ef_rem_pio2.o)
 .gnu.attributes
                0x0000000000000190       0x10 /usr/local/lib/gcc/mips64-elf/11.2.0/../../../../mips64-elf/lib/libm.a(lib_a-kf_cos.o)
 .gnu.attributes
                0x00000000000001a0       0x10 /usr/local/lib/gcc/mips64-elf/11.2.0/../../../../mips64-elf/lib/libm.a(lib_a-kf_rem_pio2.o)
 .gnu.attributes
                0x00000000000001b0       0x10 /usr/local/lib/gcc/mips64-elf/11.2.0/../../../../mips64-elf/lib/libm.a(lib_a-kf_sin.o)
 .gnu.attributes
                0x00000000000001c0       0x10 /usr/local/lib/gcc/mips64-elf/11.2.0/../../../../mips64-elf/lib/libm.a(lib_a-sf_atan.o)
 .gnu.attributes
                0x00000000000001d0       0x10 /usr/local/lib/gcc/mips64-elf/11.2.0/../../../../mips64-elf/lib/libm.a(lib_a-sf_fabs.o)
 .gnu.attributes
                0x00000000000001e0       0x10 /usr/local/lib/gcc/mips64-elf/11.2.0/../../../../mips64-elf/lib/libm.a(lib_a-sf_floor.o)
 .gnu.attributes
                0x00000000000001f0       0x10 /usr/local/lib/gcc/mips64-elf/11.2.0/../../../../mips64-elf/lib/libm.a(lib_a-sf_scalbn.o)
 .gnu.attributes
                0x0000000000000200       0x10 /usr/local/lib/gcc/mips64-elf/11.2.0/../../../../mips64-elf/lib/libstdc++.a(class_type_info.o)
 .gnu.attributes
                0x0000000000000210       0x10 /usr/local/lib/gcc/mips64-elf/11.2.0/../../../../mips64-elf/lib/libstdc++.a(del_ops.o)
 .gnu.attributes
                0x0000000000000220       0x10 /usr/local/lib/gcc/mips64-elf/11.2.0/../../../../mips64-elf/lib/libstdc++.a(new_opv.o)
 .gnu.attributes
                0x0000000000000230       0x10 /usr/local/lib/gcc/mips64-elf/11.2.0/../../../../mips64-elf/lib/libstdc++.a(si_class_type_info.o)
 .gnu.attributes
                0x0000000000000240       0x10 /usr/local/lib/gcc/mips64-elf/11.2.0/../../../../mips64-elf/lib/libstdc++.a(tinfo.o)
 .gnu.attributes
                0x0000000000000250       0x10 /usr/local/lib/gcc/mips64-elf/11.2.0/../../../../mips64-elf/lib/libstdc++.a(del_op.o)
 .gnu.attributes
                0x0000000000000260       0x10 /usr/local/lib/gcc/mips64-elf/11.2.0/../../../../mips64-elf/lib/libstdc++.a(new_op.o)
 .gnu.attributes
                0x0000000000000270       0x10 /usr/local/lib/gcc/mips64-elf/11.2.0/../../../../mips64-elf/lib/libstdc++.a(bad_alloc.o)
 .gnu.attributes
                0x0000000000000280       0x10 /usr/local/lib/gcc/mips64-elf/11.2.0/../../../../mips64-elf/lib/libstdc++.a(eh_alloc.o)
 .gnu.attributes
                0x0000000000000290       0x10 /usr/local/lib/gcc/mips64-elf/11.2.0/../../../../mips64-elf/lib/libstdc++.a(eh_exception.o)
 .gnu.attributes
                0x00000000000002a0       0x10 /usr/local/lib/gcc/mips64-elf/11.2.0/../../../../mips64-elf/lib/libstdc++.a(eh_terminate.o)
 .gnu.attributes
                0x00000000000002b0       0x10 /usr/local/lib/gcc/mips64-elf/11.2.0/../../../../mips64-elf/lib/libstdc++.a(eh_throw.o)
 .gnu.attributes
                0x00000000000002c0       0x10 /usr/local/lib/gcc/mips64-elf/11.2.0/../../../../mips64-elf/lib/libstdc++.a(new_handler.o)
 .gnu.attributes
                0x00000000000002d0       0x10 /usr/local/lib/gcc/mips64-elf/11.2.0/../../../../mips64-elf/lib/libstdc++.a(vterminate.o)
 .gnu.attributes
                0x00000000000002e0       0x10 /usr/local/lib/gcc/mips64-elf/11.2.0/../../../../mips64-elf/lib/libstdc++.a(eh_catch.o)
 .gnu.attributes
                0x00000000000002f0       0x10 /usr/local/lib/gcc/mips64-elf/11.2.0/../../../../mips64-elf/lib/libstdc++.a(eh_globals.o)
 .gnu.attributes
                0x0000000000000300       0x10 /usr/local/lib/gcc/mips64-elf/11.2.0/../../../../mips64-elf/lib/libstdc++.a(eh_personality.o)
 .gnu.attributes
                0x0000000000000310       0x10 /usr/local/lib/gcc/mips64-elf/11.2.0/../../../../mips64-elf/lib/libstdc++.a(eh_type.o)
 .gnu.attributes
                0x0000000000000320       0x10 /usr/local/lib/gcc/mips64-elf/11.2.0/../../../../mips64-elf/lib/libstdc++.a(eh_call.o)
 .gnu.attributes
                0x0000000000000330       0x10 /usr/local/lib/gcc/mips64-elf/11.2.0/../../../../mips64-elf/lib/libc.a(lib_a-abort.o)
 .gnu.attributes
                0x0000000000000340       0x10 /usr/local/lib/gcc/mips64-elf/11.2.0/../../../../mips64-elf/lib/libc.a(lib_a-fflush.o)
 .gnu.attributes
                0x0000000000000350       0x10 /usr/local/lib/gcc/mips64-elf/11.2.0/../../../../mips64-elf/lib/libc.a(lib_a-findfp.o)
 .gnu.attributes
                0x0000000000000360       0x10 /usr/local/lib/gcc/mips64-elf/11.2.0/../../../../mips64-elf/lib/libc.a(lib_a-fprintf.o)
 .gnu.attributes
                0x0000000000000370       0x10 /usr/local/lib/gcc/mips64-elf/11.2.0/../../../../mips64-elf/lib/libc.a(lib_a-fputc.o)
 .gnu.attributes
                0x0000000000000380       0x10 /usr/local/lib/gcc/mips64-elf/11.2.0/../../../../mips64-elf/lib/libc.a(lib_a-freer.o)
 .gnu.attributes
                0x0000000000000390       0x10 /usr/local/lib/gcc/mips64-elf/11.2.0/../../../../mips64-elf/lib/libc.a(lib_a-fstatr.o)
 .gnu.attributes
                0x00000000000003a0       0x10 /usr/local/lib/gcc/mips64-elf/11.2.0/../../../../mips64-elf/lib/libc.a(lib_a-fvwrite.o)
 .gnu.attributes
                0x00000000000003b0       0x10 /usr/local/lib/gcc/mips64-elf/11.2.0/../../../../mips64-elf/lib/libc.a(lib_a-fwalk.o)
 .gnu.attributes
                0x00000000000003c0       0x10 /usr/local/lib/gcc/mips64-elf/11.2.0/../../../../mips64-elf/lib/libc.a(lib_a-fwrite.o)
 .gnu.attributes
                0x00000000000003d0       0x10 /usr/local/lib/gcc/mips64-elf/11.2.0/../../../../mips64-elf/lib/libc.a(lib_a-impure.o)
 .gnu.attributes
                0x00000000000003e0       0x10 /usr/local/lib/gcc/mips64-elf/11.2.0/../../../../mips64-elf/lib/libc.a(lib_a-makebuf.o)
 .gnu.attributes
                0x00000000000003f0       0x10 /usr/local/lib/gcc/mips64-elf/11.2.0/../../../../mips64-elf/lib/libc.a(lib_a-malign.o)
 .gnu.attributes
                0x0000000000000400       0x10 /usr/local/lib/gcc/mips64-elf/11.2.0/../../../../mips64-elf/lib/libc.a(lib_a-malignr.o)
 .gnu.attributes
                0x0000000000000410       0x10 /usr/local/lib/gcc/mips64-elf/11.2.0/../../../../mips64-elf/lib/libc.a(lib_a-malloc.o)
 .gnu.attributes
                0x0000000000000420       0x10 /usr/local/lib/gcc/mips64-elf/11.2.0/../../../../mips64-elf/lib/libc.a(lib_a-mallocr.o)
 .gnu.attributes
                0x0000000000000430       0x10 /usr/local/lib/gcc/mips64-elf/11.2.0/../../../../mips64-elf/lib/libc.a(lib_a-memchr.o)
 .gnu.attributes
                0x0000000000000440       0x10 /usr/local/lib/gcc/mips64-elf/11.2.0/../../../../mips64-elf/lib/libc.a(lib_a-memcpy.o)
 .gnu.attributes
                0x0000000000000450       0x10 /usr/local/lib/gcc/mips64-elf/11.2.0/../../../../mips64-elf/lib/libc.a(lib_a-memmove.o)
 .gnu.attributes
                0x0000000000000460       0x10 /usr/local/lib/gcc/mips64-elf/11.2.0/../../../../mips64-elf/lib/libc.a(lib_a-memset.o)
 .gnu.attributes
                0x0000000000000470       0x10 /usr/local/lib/gcc/mips64-elf/11.2.0/../../../../mips64-elf/lib/libc.a(lib_a-mlock.o)
 .gnu.attributes
                0x0000000000000480       0x10 /usr/local/lib/gcc/mips64-elf/11.2.0/../../../../mips64-elf/lib/libc.a(lib_a-putc.o)
 .gnu.attributes
                0x0000000000000490       0x10 /usr/local/lib/gcc/mips64-elf/11.2.0/../../../../mips64-elf/lib/libc.a(lib_a-reallocr.o)
 .gnu.attributes
                0x00000000000004a0       0x10 /usr/local/lib/gcc/mips64-elf/11.2.0/../../../../mips64-elf/lib/libc.a(lib_a-sbrkr.o)
 .gnu.attributes
                0x00000000000004b0       0x10 /usr/local/lib/gcc/mips64-elf/11.2.0/../../../../mips64-elf/lib/libc.a(lib_a-signal.o)
 .gnu.attributes
                0x00000000000004c0       0x10 /usr/local/lib/gcc/mips64-elf/11.2.0/../../../../mips64-elf/lib/libc.a(lib_a-signalr.o)
 .gnu.attributes
                0x00000000000004d0       0x10 /usr/local/lib/gcc/mips64-elf/11.2.0/../../../../mips64-elf/lib/libc.a(lib_a-sprintf.o)
 .gnu.attributes
                0x00000000000004e0       0x10 /usr/local/lib/gcc/mips64-elf/11.2.0/../../../../mips64-elf/lib/libc.a(lib_a-stdio.o)
 .gnu.attributes
                0x00000000000004f0       0x10 /usr/local/lib/gcc/mips64-elf/11.2.0/../../../../mips64-elf/lib/libc.a(lib_a-strcmp.o)
 .gnu.attributes
                0x0000000000000500       0x10 /usr/local/lib/gcc/mips64-elf/11.2.0/../../../../mips64-elf/lib/libc.a(lib_a-strcpy.o)
 .gnu.attributes
                0x0000000000000510       0x10 /usr/local/lib/gcc/mips64-elf/11.2.0/../../../../mips64-elf/lib/libc.a(lib_a-strlen.o)
 .gnu.attributes
                0x0000000000000520       0x10 /usr/local/lib/gcc/mips64-elf/11.2.0/../../../../mips64-elf/lib/libc.a(lib_a-svfprintf.o)
 .gnu.attributes
                0x0000000000000530       0x10 /usr/local/lib/gcc/mips64-elf/11.2.0/../../../../mips64-elf/lib/libc.a(lib_a-vfprintf.o)
 .gnu.attributes
                0x0000000000000540       0x10 /usr/local/lib/gcc/mips64-elf/11.2.0/../../../../mips64-elf/lib/libc.a(lib_a-wbuf.o)
 .gnu.attributes
                0x0000000000000550       0x10 /usr/local/lib/gcc/mips64-elf/11.2.0/../../../../mips64-elf/lib/libc.a(lib_a-writer.o)
 .gnu.attributes
                0x0000000000000560       0x10 /usr/local/lib/gcc/mips64-elf/11.2.0/../../../../mips64-elf/lib/libc.a(lib_a-wsetup.o)
 .gnu.attributes
                0x0000000000000570       0x10 /usr/local/lib/gcc/mips64-elf/11.2.0/../../../../mips64-elf/lib/libc.a(lib_a-closer.o)
 .gnu.attributes
                0x0000000000000580       0x10 /usr/local/lib/gcc/mips64-elf/11.2.0/../../../../mips64-elf/lib/libc.a(lib_a-dtoa.o)
 .gnu.attributes
                0x0000000000000590       0x10 /usr/local/lib/gcc/mips64-elf/11.2.0/../../../../mips64-elf/lib/libc.a(lib_a-fclose.o)
 .gnu.attributes
                0x00000000000005a0       0x10 /usr/local/lib/gcc/mips64-elf/11.2.0/../../../../mips64-elf/lib/libc.a(lib_a-isattyr.o)
 .gnu.attributes
                0x00000000000005b0       0x10 /usr/local/lib/gcc/mips64-elf/11.2.0/../../../../mips64-elf/lib/libc.a(lib_a-localeconv.o)
 .gnu.attributes
                0x00000000000005c0       0x10 /usr/local/lib/gcc/mips64-elf/11.2.0/../../../../mips64-elf/lib/libc.a(lib_a-locale.o)
 .gnu.attributes
                0x00000000000005d0       0x10 /usr/local/lib/gcc/mips64-elf/11.2.0/../../../../mips64-elf/lib/libc.a(lib_a-lseekr.o)
 .gnu.attributes
                0x00000000000005e0       0x10 /usr/local/lib/gcc/mips64-elf/11.2.0/../../../../mips64-elf/lib/libc.a(lib_a-mbtowc_r.o)
 .gnu.attributes
                0x00000000000005f0       0x10 /usr/local/lib/gcc/mips64-elf/11.2.0/../../../../mips64-elf/lib/libc.a(lib_a-mprec.o)
 .gnu.attributes
                0x0000000000000600       0x10 /usr/local/lib/gcc/mips64-elf/11.2.0/../../../../mips64-elf/lib/libc.a(lib_a-readr.o)
 .gnu.attributes
                0x0000000000000610       0x10 /usr/local/lib/gcc/mips64-elf/11.2.0/../../../../mips64-elf/lib/libc.a(lib_a-svfiprintf.o)
 .gnu.attributes
                0x0000000000000620       0x10 /usr/local/lib/gcc/mips64-elf/11.2.0/../../../../mips64-elf/lib/libc.a(lib_a-vfiprintf.o)
 .gnu.attributes
                0x0000000000000630       0x10 /usr/local/lib/gcc/mips64-elf/11.2.0/../../../../mips64-elf/lib/libc.a(lib_a-wctomb_r.o)
 .gnu.attributes
                0x0000000000000640       0x10 /usr/local/lib/gcc/mips64-elf/11.2.0/../../../../mips64-elf/lib/libc.a(lib_a-callocr.o)
 .gnu.attributes
                0x0000000000000650       0x10 /usr/local/lib/gcc/mips64-elf/11.2.0/../../../../mips64-elf/lib/libc.a(lib_a-ctype_.o)
 .gnu.attributes
                0x0000000000000660       0x10 /usr/local/lib/gcc/mips64-elf/11.2.0/../../../../mips64-elf/lib/libc.a(lib_a-errno.o)
 .gnu.attributes
                0x0000000000000670       0x10 /usr/local/lib/gcc/mips64-elf/11.2.0/../../../../mips64-elf/lib/libc.a(lib_a-fputwc.o)
 .gnu.attributes
                0x0000000000000680       0x10 /usr/local/lib/gcc/mips64-elf/11.2.0/../../../../mips64-elf/lib/libc.a(lib_a-wcrtomb.o)
 .gnu.attributes
                0x0000000000000690       0x10 /usr/local/lib/gcc/mips64-elf/11.2.0/libgcc.a(unwind-dw2.o)
 .gnu.attributes
                0x00000000000006a0       0x10 /usr/local/lib/gcc/mips64-elf/11.2.0/libgcc.a(unwind-dw2-fde.o)
 .gnu.attributes
                0x00000000000006b0       0x10 /usr/local/lib/gcc/mips64-elf/11.2.0/crtend.o

.mdebug.abiO64  0x0000000000000000        0x0
 .mdebug.abiO64