Archive member included to satisfy reference by file (symbol)

/usr/local/mips64-elf/lib/libdragon.a(entrypoint.o)
                              (_start)
/usr/local/mips64-elf/lib/libdragon.a(debug.o)
                              /usr/local/mips64-elf/lib/libdragon.a(entrypoint.o) (debug_assert_func)
/usr/local/mips64-elf/lib/libdragon.a(usb.o)
                              /usr/local/mips64-elf/lib/libdragon.a(debug.o) (usb_initialize)
/usr/local/mips64-elf/lib/libdragon.a(ff.o)
                              /usr/local/mips64-elf/lib/libdragon.a(debug.o) (f_mount)
/usr/local/mips64-elf/lib/libdragon.a(ffunicode.o)
                              /usr/local/mips64-elf/lib/libdragon.a(ff.o) (ff_uni2oem)
/usr/local/mips64-elf/lib/libdragon.a(console.o)
                              /usr/local/mips64-elf/lib/libdragon.a(debug.o) (console_set_render_mode)
/usr/local/mips64-elf/lib/libdragon.a(graphics.o)
                              /usr/local/mips64-elf/lib/libdragon.a(console.o) (graphics_set_color)
/usr/local/mips64-elf/lib/libdragon.a(dma.o)
                              /usr/local/mips64-elf/lib/libdragon.a(debug.o) (dma_write_raw_async)
/usr/local/mips64-elf/lib/libdragon.a(do_ctors.o)
                              /usr/local/mips64-elf/lib/libdragon.a(entrypoint.o) (__wrap___do_global_ctors)
/usr/local/mips64-elf/lib/libdragon.a(n64sys.o)
                              /usr/local/mips64-elf/lib/libdragon.a(debug.o) (sys_bbplayer)
/usr/local/mips64-elf/lib/libdragon.a(interrupt.o)
                              /usr/local/mips64-elf/lib/libdragon.a(usb.o) (disable_interrupts)
/usr/local/mips64-elf/lib/libdragon.a(inthandler.o)
                              /usr/local/mips64-elf/lib/libdragon.a(entrypoint.o) (inthandler)
/usr/local/mips64-elf/lib/libdragon.a(display.o)
                              /usr/local/mips64-elf/lib/libdragon.a(graphics.o) (__safe_buffer)
/usr/local/mips64-elf/lib/libdragon.a(exception.o)
                              /usr/local/mips64-elf/lib/libdragon.a(inthandler.o) (__onCriticalException)
/usr/local/mips64-elf/lib/libdragonsys.a(system.o)
                              /usr/local/mips64-elf/lib/libdragon.a(debug.o) (attach_filesystem)
/home/spencer/libdragon/NEW/libdragon/libN64.a(LibN64.o)
                              build/CustomLangParser.o (_ZN6LibN645Frame11FrameUpdateEv)
/home/spencer/libdragon/NEW/libdragon/libN64.a(LibVector.o)
                              build/CustomLangParser.o (_ZN9LibVectorIcEC1Ei)
/usr/local/lib/gcc/mips64-elf/11.2.0/../../../../mips64-elf/lib/libdragon.a(dragonfs.o)
                              /home/spencer/libdragon/NEW/libdragon/libN64.a(LibN64.o) (dfs_open)
/usr/local/lib/gcc/mips64-elf/11.2.0/../../../../mips64-elf/lib/libdragon.a(controller.o)
                              /home/spencer/libdragon/NEW/libdragon/libN64.a(LibN64.o) (controller_init)
/usr/local/lib/gcc/mips64-elf/11.2.0/../../../../mips64-elf/lib/libdragon.a(timer.o)
                              /home/spencer/libdragon/NEW/libdragon/libN64.a(LibN64.o) (timer_init)
/usr/local/lib/gcc/mips64-elf/11.2.0/../../../../mips64-elf/lib/libdragon.a(joybus.o)
                              /usr/local/lib/gcc/mips64-elf/11.2.0/../../../../mips64-elf/lib/libdragon.a(controller.o) (joybus_exec)
/usr/local/lib/gcc/mips64-elf/11.2.0/../../../../mips64-elf/lib/libm.a(lib_a-sf_cos.o)
                              /home/spencer/libdragon/NEW/libdragon/libN64.a(LibN64.o) (cosf)
/usr/local/lib/gcc/mips64-elf/11.2.0/../../../../mips64-elf/lib/libm.a(lib_a-sf_sin.o)
                              /home/spencer/libdragon/NEW/libdragon/libN64.a(LibN64.o) (sinf)
/usr/local/lib/gcc/mips64-elf/11.2.0/../../../../mips64-elf/lib/libm.a(lib_a-ef_rem_pio2.o)
                              /usr/local/lib/gcc/mips64-elf/11.2.0/../../../../mips64-elf/lib/libm.a(lib_a-sf_cos.o) (__ieee754_rem_pio2f)
/usr/local/lib/gcc/mips64-elf/11.2.0/../../../../mips64-elf/lib/libm.a(lib_a-kf_cos.o)
                              /usr/local/lib/gcc/mips64-elf/11.2.0/../../../../mips64-elf/lib/libm.a(lib_a-sf_cos.o) (__kernel_cosf)
/usr/local/lib/gcc/mips64-elf/11.2.0/../../../../mips64-elf/lib/libm.a(lib_a-kf_rem_pio2.o)
                              /usr/local/lib/gcc/mips64-elf/11.2.0/../../../../mips64-elf/lib/libm.a(lib_a-ef_rem_pio2.o) (__kernel_rem_pio2f)
/usr/local/lib/gcc/mips64-elf/11.2.0/../../../../mips64-elf/lib/libm.a(lib_a-kf_sin.o)
                              /usr/local/lib/gcc/mips64-elf/11.2.0/../../../../mips64-elf/lib/libm.a(lib_a-sf_cos.o) (__kernel_sinf)
/usr/local/lib/gcc/mips64-elf/11.2.0/../../../../mips64-elf/lib/libm.a(lib_a-sf_fabs.o)
                              /usr/local/lib/gcc/mips64-elf/11.2.0/../../../../mips64-elf/lib/libm.a(lib_a-ef_rem_pio2.o) (fabsf)
/usr/local/lib/gcc/mips64-elf/11.2.0/../../../../mips64-elf/lib/libm.a(lib_a-sf_floor.o)
                              /usr/local/lib/gcc/mips64-elf/11.2.0/../../../../mips64-elf/lib/libm.a(lib_a-kf_rem_pio2.o) (floorf)
[...]
Memory Configuration

Name             Origin             Length             Attributes
mem              0x0000000080000000 0x0000000000400000
*default*        0x0000000000000000 0xffffffffffffffff

Linker script and memory map

LOAD /usr/local/lib/gcc/mips64-elf/11.2.0/crti.o
LOAD /usr/local/lib/gcc/mips64-elf/11.2.0/crtbegin.o
LOAD /usr/local/mips64-elf/lib/libdragon.a
LOAD /usr/local/mips64-elf/lib/libdragonsys.a
LOAD build/CustomLangParser.o
LOAD build/LangParser.o
LOAD /home/spencer/libdragon/NEW/libdragon/libN64.a
LOAD /usr/local/lib/gcc/mips64-elf/11.2.0/../../../../mips64-elf/lib/libdragon.a
LOAD /usr/local/lib/gcc/mips64-elf/11.2.0/../../../../mips64-elf/lib/libm.a
LOAD /usr/local/lib/gcc/mips64-elf/11.2.0/../../../../mips64-elf/lib/libdragonsys.a
                0x0000000080000000                __kseg0_start = 0x80000000
                0x0000000080000400                __libdragon_text_start = (__kseg0_start + 0x400)

.text           0x0000000080000400    0x32310
 *(.boot)
 .boot          0x0000000080000400      0x198 /usr/local/mips64-elf/lib/libdragon.a(entrypoint.o)
                0x0000000080000400                _start
                0x00000000800005a0                . = ALIGN (0x10)
 *fill*         0x0000000080000598        0x8 
                0x00000000800005a0                __text_start = .
 *(.text)
 .text          0x00000000800005a0      0x2f4 /usr/local/mips64-elf/lib/libdragon.a(inthandler.o)
                0x00000000800005a0                inthandler
 *fill*         0x0000000080000894        0x4 
 .text          0x0000000080000898     0xa350 /usr/local/lib/gcc/mips64-elf/11.2.0/../../../../mips64-elf/lib/libstdc++.a(cp-demangle.o)
                0x000000008000aa20                __cxa_demangle
                0x000000008000aba0                __gcclibcxx_demangle_callback
 .text          0x000000008000abe8       0x18 /usr/local/lib/gcc/mips64-elf/11.2.0/../../../../mips64-elf/lib/libc.a(lib_a-abort.o)
                0x000000008000abe8                abort
 .text          0x000000008000ac00       0x18 /usr/local/lib/gcc/mips64-elf/11.2.0/../../../../mips64-elf/lib/libc.a(lib_a-assert.o)
                0x000000008000ac00                __assert
 .text          0x000000008000ac18       0x20 /usr/local/lib/gcc/mips64-elf/11.2.0/../../../../mips64-elf/lib/libc.a(lib_a-atoi.o)
                0x000000008000ac18                atoi
                0x000000008000ac28                _atoi_r
 .text          0x000000008000ac38      0x358 /usr/local/lib/gcc/mips64-elf/11.2.0/../../../../mips64-elf/lib/libc.a(lib_a-fflush.o)
                0x000000008000ac38                __sflush_r
                0x000000008000aea0                _fflush_r
                0x000000008000af08                fflush
 .text          0x000000008000af90      0x3c8 /usr/local/lib/gcc/mips64-elf/11.2.0/../../../../mips64-elf/lib/libc.a(lib_a-findfp.o)
                0x000000008000af98                _cleanup_r
                0x000000008000b130                __sfmoreglue
                0x000000008000b1a8                __sfp
                0x000000008000b2e8                _cleanup
                0x000000008000b2f8                __sinit
                0x000000008000b318                __sfp_lock_acquire
                0x000000008000b320                __sfp_lock_release
                0x000000008000b328                __sinit_lock_acquire
                0x000000008000b330                __sinit_lock_release
                0x000000008000b338                __fp_lock_all
                0x000000008000b348                __fp_unlock_all
 .text          0x000000008000b358      0x150 /usr/local/lib/gcc/mips64-elf/11.2.0/../../../../mips64-elf/lib/libc.a(lib_a-fopen.o)
                0x000000008000b358                _fopen_r
                0x000000008000b490                fopen
 .text          0x000000008000b4a8       0x68 /usr/local/lib/gcc/mips64-elf/11.2.0/../../../../mips64-elf/lib/libc.a(lib_a-fprintf.o)
                0x000000008000b4a8                _fprintf_r
                0x000000008000b4d0                fprintf
 .text          0x000000008000b510       0xd0 /usr/local/lib/gcc/mips64-elf/11.2.0/../../../../mips64-elf/lib/libc.a(lib_a-fputc.o)
                0x000000008000b510                _fputc_r
                0x000000008000b570                fputc
 .text          0x000000008000b5e0       0xc0 /usr/local/lib/gcc/mips64-elf/11.2.0/../../../../mips64-elf/lib/libc.a(lib_a-fputs.o)
                0x000000008000b5e0                _fputs_r
                0x000000008000b688                fputs
 .text          0x000000008000b6a0      0x480 /usr/local/lib/gcc/mips64-elf/11.2.0/../../../../mips64-elf/lib/libc.a(lib_a-freer.o)
                0x000000008000b6a0                _malloc_trim_r
                0x000000008000b7d0                _free_r
 .text          0x000000008000bb20       0x20 /usr/local/lib/gcc/mips64-elf/11.2.0/../../../../mips64-elf/lib/libc.a(lib_a-fseek.o)
                0x000000008000bb20                _fseek_r
                0x000000008000bb28                fseek
 .text          0x000000008000bb40      0x4f8 /usr/local/lib/gcc/mips64-elf/11.2.0/../../../../mips64-elf/lib/libc.a(lib_a-fseeko.o)
                0x000000008000bb40                _fseeko_r
                0x000000008000c020                fseeko
 .text          0x000000008000c038       0x58 /usr/local/lib/gcc/mips64-elf/11.2.0/../../../../mips64-elf/lib/libc.a(lib_a-fstatr.o)
                0x000000008000c038                _fstat_r
 .text          0x000000008000c090      0x570 /usr/local/lib/gcc/mips64-elf/11.2.0/../../../../mips64-elf/lib/libc.a(lib_a-fvwrite.o)
                0x000000008000c090                __sfvwrite_r
 .text          0x000000008000c600      0x170 /usr/local/lib/gcc/mips64-elf/11.2.0/../../../../mips64-elf/lib/libc.a(lib_a-fwalk.o)
                0x000000008000c600                _fwalk
                0x000000008000c6b0                _fwalk_reent
 .text          0x000000008000c770      0x1f8 /usr/local/lib/gcc/mips64-elf/11.2.0/../../../../mips64-elf/lib/libc.a(lib_a-fwrite.o)
                0x000000008000c770                _fwrite_r
                0x000000008000c878                fwrite
 .text          0x000000008000c968      0x288 /usr/local/lib/gcc/mips64-elf/11.2.0/../../../../mips64-elf/lib/libc.a(lib_a-makebuf.o)
                0x000000008000c968                __smakebuf_r
                0x000000008000cb20                __swhatbuf_r
 .text          0x000000008000cbf0       0x18 /usr/local/lib/gcc/mips64-elf/11.2.0/../../../../mips64-elf/lib/libc.a(lib_a-malign.o)
                0x000000008000cbf0                memalign
 .text          0x000000008000cc08      0x200 /usr/local/lib/gcc/mips64-elf/11.2.0/../../../../mips64-elf/lib/libc.a(lib_a-malignr.o)
                0x000000008000cc08                _memalign_r
 .text          0x000000008000ce08       0x20 /usr/local/lib/gcc/mips64-elf/11.2.0/../../../../mips64-elf/lib/libc.a(lib_a-malloc.o)
                0x000000008000ce08                malloc
                0x000000008000ce18                free
 .text          0x000000008000ce28      0x898 /usr/local/lib/gcc/mips64-elf/11.2.0/../../../../mips64-elf/lib/libc.a(lib_a-mallocr.o)
                0x000000008000ce28                _malloc_r
 .text          0x000000008000d6c0       0xf0 /usr/local/lib/gcc/mips64-elf/11.2.0/../../../../mips64-elf/lib/libc.a(lib_a-memchr.o)
                0x000000008000d6c0                memchr
 .text          0x000000008000d7b0       0x80 /usr/local/lib/gcc/mips64-elf/11.2.0/../../../../mips64-elf/lib/libc.a(lib_a-memcmp.o)
                0x000000008000d7b0                memcmp
 .text          0x000000008000d830      0x370 /usr/local/lib/gcc/mips64-elf/11.2.0/../../../../mips64-elf/lib/libc.a(lib_a-memcpy.o)
                0x000000008000d830                memcpy
 .text          0x000000008000dba0      0x150 /usr/local/lib/gcc/mips64-elf/11.2.0/../../../../mips64-elf/lib/libc.a(lib_a-memmove.o)
                0x000000008000dba0                memmove
 .text          0x000000008000dcf0      0x11c /usr/local/lib/gcc/mips64-elf/11.2.0/../../../../mips64-elf/lib/libc.a(lib_a-memset.o)
                0x000000008000dcf0                memset
 *fill*         0x000000008000de0c        0x4 
 .text          0x000000008000de10       0x10 /usr/local/lib/gcc/mips64-elf/11.2.0/../../../../mips64-elf/lib/libc.a(lib_a-mlock.o)
                0x000000008000de10                __malloc_lock
                0x000000008000de18                __malloc_unlock
 .text          0x000000008000de20       0x60 /usr/local/lib/gcc/mips64-elf/11.2.0/../../../../mips64-elf/lib/libc.a(lib_a-openr.o)
                0x000000008000de20                _open_r
 .text          0x000000008000de80      0x160 /usr/local/lib/gcc/mips64-elf/11.2.0/../../../../mips64-elf/lib/libc.a(lib_a-putc.o)
                0x000000008000de80                _putc_r
                0x000000008000df28                putc
 .text          0x000000008000dfe0       0x18 /usr/local/lib/gcc/mips64-elf/11.2.0/../../../../mips64-elf/lib/libc.a(lib_a-realloc.o)
                0x000000008000dfe0                realloc
 .text          0x000000008000dff8      0x5f8 /usr/local/lib/gcc/mips64-elf/11.2.0/../../../../mips64-elf/lib/libc.a(lib_a-reallocr.o)
                0x000000008000dff8                _realloc_r
 .text          0x000000008000e5f0      0x240 /usr/local/lib/gcc/mips64-elf/11.2.0/../../../../mips64-elf/lib/libc.a(lib_a-refill.o)
                0x000000008000e618                __srefill_r
 .text          0x000000008000e830       0x50 /usr/local/lib/gcc/mips64-elf/11.2.0/../../../../mips64-elf/lib/libc.a(lib_a-sbrkr.o)
                0x000000008000e830                _sbrk_r
 .text          0x000000008000e880      0x2b0 /usr/local/lib/gcc/mips64-elf/11.2.0/../../../../mips64-elf/lib/libc.a(lib_a-setvbuf.o)
                0x000000008000e880                setvbuf
 .text          0x000000008000eb30      0x5d8 /usr/local/lib/gcc/mips64-elf/11.2.0/../../../../mips64-elf/lib/libc.a(lib_a-signal.o)
                0x000000008000eb30                _init_signal_r
                0x000000008000eb98                _signal_r
                0x000000008000ec50                _raise_r
                0x000000008000ed20                __sigtramp_r
                0x000000008000ee10                raise
                0x000000008000eef0                signal
                0x000000008000efb0                _init_signal
                0x000000008000f020                __sigtramp
 .text          0x000000008000f108       0x60 /usr/local/lib/gcc/mips64-elf/11.2.0/../../../../mips64-elf/lib/libc.a(lib_a-signalr.o)
                0x000000008000f108                _kill_r
                0x000000008000f160                _getpid_r
 .text          0x000000008000f168       0xd8 /usr/local/lib/gcc/mips64-elf/11.2.0/../../../../mips64-elf/lib/libc.a(lib_a-sprintf.o)
                0x000000008000f168                _sprintf_r
                0x000000008000f1d0                sprintf
 .text          0x000000008000f240      0x188 /usr/local/lib/gcc/mips64-elf/11.2.0/../../../../mips64-elf/lib/libc.a(lib_a-stdio.o)
                0x000000008000f240                __sread
                0x000000008000f298                __seofread
                0x000000008000f2a0                __swrite
                0x000000008000f360                __sseek
                0x000000008000f3c0                __sclose
 .text          0x000000008000f3c8       0x98 /usr/local/lib/gcc/mips64-elf/11.2.0/../../../../mips64-elf/lib/libc.a(lib_a-strcat.o)
                0x000000008000f3c8                strcat
 .text          0x000000008000f460      0x240 /usr/local/lib/gcc/mips64-elf/11.2.0/../../../../mips64-elf/lib/libc.a(lib_a-strcmp.o)
                0x000000008000f460                strcmp
 .text          0x000000008000f6a0       0xa8 /usr/local/lib/gcc/mips64-elf/11.2.0/../../../../mips64-elf/lib/libc.a(lib_a-strcpy.o)
                0x000000008000f6a0                strcpy
 .text          0x000000008000f748       0x80 /usr/local/lib/gcc/mips64-elf/11.2.0/../../../../mips64-elf/lib/libc.a(lib_a-strlcpy.o)
                0x000000008000f748                strlcpy
 .text          0x000000008000f7c8       0x18 /usr/local/lib/gcc/mips64-elf/11.2.0/../../../../mips64-elf/lib/libc.a(lib_a-strlen.o)
                0x000000008000f7c8                strlen
 .text          0x000000008000f7e0       0xf8 /usr/local/lib/gcc/mips64-elf/11.2.0/../../../../mips64-elf/lib/libc.a(lib_a-strncmp.o)
                0x000000008000f7e0                strncmp
 .text          0x000000008000f8d8       0x10 /usr/local/lib/gcc/mips64-elf/11.2.0/../../../../mips64-elf/lib/libc.a(lib_a-strtok.o)
                0x000000008000f8d8                strtok
 .text          0x000000008000f8e8       0xc8 /usr/local/lib/gcc/mips64-elf/11.2.0/../../../../mips64-elf/lib/libc.a(lib_a-strtok_r.o)
                0x000000008000f8e8                __strtok_r
                0x000000008000f9a8                strtok_r
 .text          0x000000008000f9b0      0x280 /usr/local/lib/gcc/mips64-elf/11.2.0/../../../../mips64-elf/lib/libc.a(lib_a-strtol.o)
                0x000000008000fbf8                _strtol_r
                0x000000008000fc00                strtol_l
                0x000000008000fc18                strtol
 .text          0x000000008000fc30     0x1f30 /usr/local/lib/gcc/mips64-elf/11.2.0/../../../../mips64-elf/lib/libc.a(lib_a-svfprintf.o)
                0x000000008000fc30                _svfprintf_r
 .text          0x0000000080011b60     0x20b0 /usr/local/lib/gcc/mips64-elf/11.2.0/../../../../mips64-elf/lib/libc.a(lib_a-vfprintf.o)
                0x0000000080011b60                _vfprintf_r
                0x0000000080013b28                vfprintf
 .text          0x0000000080013c10       0xb8 /usr/local/lib/gcc/mips64-elf/11.2.0/../../../../mips64-elf/lib/libc.a(lib_a-vsprintf.o)
                0x0000000080013c10                vsprintf
                0x0000000080013c70                _vsprintf_r
 .text          0x0000000080013cc8      0x1b8 /usr/local/lib/gcc/mips64-elf/11.2.0/../../../../mips64-elf/lib/libc.a(lib_a-wbuf.o)
                0x0000000080013cc8                __swbuf_r
                0x0000000080013e68                __swbuf
 .text          0x0000000080013e80       0x60 /usr/local/lib/gcc/mips64-elf/11.2.0/../../../../mips64-elf/lib/libc.a(lib_a-writer.o)
                0x0000000080013e80                _write_r
 .text          0x0000000080013ee0      0x178 /usr/local/lib/gcc/mips64-elf/11.2.0/../../../../mips64-elf/lib/libc.a(lib_a-wsetup.o)
                0x0000000080013ee0                __swsetup_r
 .text          0x0000000080014058       0x50 /usr/local/lib/gcc/mips64-elf/11.2.0/../../../../mips64-elf/lib/libc.a(lib_a-closer.o)
                0x0000000080014058                _close_r
 .text          0x00000000800140a8     0x1678 /usr/local/lib/gcc/mips64-elf/11.2.0/../../../../mips64-elf/lib/libc.a(lib_a-dtoa.o)
                0x00000000800142f8                _dtoa_r
 .text          0x0000000080015720        0x8 /usr/local/lib/gcc/mips64-elf/11.2.0/../../../../mips64-elf/lib/libc.a(lib_a-errno.o)
                0x0000000080015720                __errno
 .text          0x0000000080015728      0x150 /usr/local/lib/gcc/mips64-elf/11.2.0/../../../../mips64-elf/lib/libc.a(lib_a-fclose.o)
                0x0000000080015728                _fclose_r
                0x0000000080015868                fclose
 .text          0x0000000080015878       0xc8 /usr/local/lib/gcc/mips64-elf/11.2.0/../../../../mips64-elf/lib/libc.a(lib_a-flags.o)
                0x0000000080015878                __sflags
 .text          0x0000000080015940       0x50 /usr/local/lib/gcc/mips64-elf/11.2.0/../../../../mips64-elf/lib/libc.a(lib_a-isattyr.o)
                0x0000000080015940                _isatty_r
 .text          0x0000000080015990       0x28 /usr/local/lib/gcc/mips64-elf/11.2.0/../../../../mips64-elf/lib/libc.a(lib_a-localeconv.o)
                0x0000000080015990                __localeconv_l
                0x0000000080015998                _localeconv_r
                0x00000000800159a8                localeconv
 .text          0x00000000800159b8      0x120 /usr/local/lib/gcc/mips64-elf/11.2.0/../../../../mips64-elf/lib/libc.a(lib_a-locale.o)
                0x00000000800159b8                _setlocale_r
                0x0000000080015a40                __locale_mb_cur_max
                0x0000000080015a50                setlocale
 .text          0x0000000080015ad8       0x60 /usr/local/lib/gcc/mips64-elf/11.2.0/../../../../mips64-elf/lib/libc.a(lib_a-lseekr.o)
                0x0000000080015ad8                _lseek_r
 .text          0x0000000080015b38       0x70 /usr/local/lib/gcc/mips64-elf/11.2.0/../../../../mips64-elf/lib/libc.a(lib_a-mbtowc_r.o)
                0x0000000080015b38                _mbtowc_r
                0x0000000080015b48                __ascii_mbtowc
 .text          0x0000000080015ba8     0x1410 /usr/local/lib/gcc/mips64-elf/11.2.0/../../../../mips64-elf/lib/libc.a(lib_a-mprec.o)
                0x0000000080015ba8                _Balloc
                0x0000000080015c58                _Bfree
                0x0000000080015c88                __multadd
                0x0000000080015de8                __s2b
                0x0000000080015f68                __hi0bits
                0x0000000080015fe8                __lo0bits
                0x00000000800160b0                __i2b
                0x0000000080016188                __multiply
                0x0000000080016418                __pow5mult
                0x0000000080016588                __lshift
                0x0000000080016740                __mcmp
                0x00000000800167a8                __mdiff
                0x0000000080016a10                __ulp
                0x0000000080016ac0                __b2d
                0x0000000080016c48                __d2b
                0x0000000080016db0                __ratio
                0x0000000080016e70                _mprec_log10
                0x0000000080016eb0                __copybits
                0x0000000080016f38                __any_on
 .text          0x0000000080016fb8       0x60 /usr/local/lib/gcc/mips64-elf/11.2.0/../../../../mips64-elf/lib/libc.a(lib_a-readr.o)
                0x0000000080016fb8                _read_r
 .text          0x0000000080017018     0x1100 /usr/local/lib/gcc/mips64-elf/11.2.0/../../../../mips64-elf/lib/libc.a(lib_a-svfiprintf.o)
                0x0000000080017018                __ssprint_r
                0x0000000080017258                _svfiprintf_r
 .text          0x0000000080018118     0x1370 /usr/local/lib/gcc/mips64-elf/11.2.0/../../../../mips64-elf/lib/libc.a(lib_a-vfiprintf.o)
                0x0000000080018250                __sprint_r
                0x0000000080018270                _vfiprintf_r
                0x00000000800193a0                vfiprintf
 .text          0x0000000080019488       0x48 /usr/local/lib/gcc/mips64-elf/11.2.0/../../../../mips64-elf/lib/libc.a(lib_a-wctomb_r.o)
                0x0000000080019488                _wctomb_r
                0x0000000080019498                __ascii_wctomb
 .text          0x00000000800194d0      0x118 /usr/local/lib/gcc/mips64-elf/11.2.0/../../../../mips64-elf/lib/libc.a(lib_a-callocr.o)
                0x00000000800194d0                _calloc_r
 .text          0x00000000800195e8      0x248 /usr/local/lib/gcc/mips64-elf/11.2.0/../../../../mips64-elf/lib/libc.a(lib_a-fputwc.o)
                0x00000000800195e8                __fputwc
                0x0000000080019790                _fputwc_r
                0x00000000800197b8                fputwc
 .text          0x0000000080019830      0x110 /usr/local/lib/gcc/mips64-elf/11.2.0/../../../../mips64-elf/lib/libc.a(lib_a-wcrtomb.o)
                0x0000000080019830                _wcrtomb_r
                0x00000000800198b0                wcrtomb
 .text          0x0000000080019940     0x3a00 /usr/local/lib/gcc/mips64-elf/11.2.0/libgcc.a(unwind-dw2.o)
                0x000000008001c6f0                _Unwind_GetGR
                0x000000008001c770                _Unwind_GetCFA
                0x000000008001c778                _Unwind_SetGR
                0x000000008001c800                _Unwind_GetIP
                0x000000008001c808                _Unwind_GetIPInfo
                0x000000008001c820                _Unwind_SetIP
                0x000000008001c828                _Unwind_GetLanguageSpecificData
                0x000000008001c830                _Unwind_GetRegionStart
                0x000000008001c838                _Unwind_FindEnclosingFunction
                0x000000008001c860                _Unwind_GetDataRelBase
                0x000000008001c868                _Unwind_GetTextRelBase
                0x000000008001c870                __frame_state_for
                0x000000008001c998                _Unwind_RaiseException
                0x000000008001cc90                _Unwind_ForcedUnwind
                0x000000008001ce28                _Unwind_Resume
                0x000000008001cfb8                _Unwind_Resume_or_Rethrow
                0x000000008001d148                _Unwind_DeleteException
                0x000000008001d168                _Unwind_Backtrace
 .text          0x000000008001d340     0x1d80 /usr/local/lib/gcc/mips64-elf/11.2.0/libgcc.a(unwind-dw2-fde.o)
                0x000000008001ebd0                __register_frame_info_bases
                0x000000008001ec18                __register_frame_info
                0x000000008001ec60                __register_frame
                0x000000008001ecd0                __register_frame_info_table_bases
                0x000000008001ed00                __register_frame_info_table
                0x000000008001ed30                __register_frame_table
                0x000000008001ed88                __deregister_frame_info_bases
                0x000000008001ee70                __deregister_frame_info
                0x000000008001ee78                __deregister_frame
                0x000000008001eeb0                _Unwind_Find_FDE
 *(.text.*)
 .text.everdrive_sd_interleave_bits
                0x000000008001f0c0      0x120 /usr/local/mips64-elf/lib/libdragon.a(debug.o)
 .text.fat_disk_initialize_64drive
                0x000000008001f1e0       0x20 /usr/local/mips64-elf/lib/libdragon.a(debug.o)
 .text.isviewer_write
                0x000000008001f200       0x80 /usr/local/mips64-elf/lib/libdragon.a(debug.o)
 .text.fat_disk_ioctl_default
                0x000000008001f280       0x20 /usr/local/mips64-elf/lib/libdragon.a(debug.o)
 .text.__stderr_write
                0x000000008001f2a0       0x80 /usr/local/mips64-elf/lib/libdragon.a(debug.o)
 .text.usblog_write
                0x000000008001f320       0x20 /usr/local/mips64-elf/lib/libdragon.a(debug.o)
 .text.sdlog_write
                0x000000008001f340       0x20 /usr/local/mips64-elf/lib/libdragon.a(debug.o)
 .text.__fat_findnext
                0x000000008001f360       0x80 /usr/local/mips64-elf/lib/libdragon.a(debug.o)
 .text.__fat_findfirst
                0x000000008001f3e0       0x60 /usr/local/mips64-elf/lib/libdragon.a(debug.o)
 .text.__fat_unlink
                0x000000008001f440       0x60 /usr/local/mips64-elf/lib/libdragon.a(debug.o)
 .text.__fat_close
                0x000000008001f4a0       0x40 /usr/local/mips64-elf/lib/libdragon.a(debug.o)
 .text.__fat_write
                0x000000008001f4e0       0x60 /usr/local/mips64-elf/lib/libdragon.a(debug.o)
 .text.__fat_read
                0x000000008001f540       0x60 /usr/local/mips64-elf/lib/libdragon.a(debug.o)
 .text.__fat_lseek
                0x000000008001f5a0       0x80 /usr/local/mips64-elf/lib/libdragon.a(debug.o)
 .text.__fat_fstat
                0x000000008001f620       0x80 /usr/local/mips64-elf/lib/libdragon.a(debug.o)
 .text.__fat_open
                0x000000008001f6a0      0x120 /usr/local/mips64-elf/lib/libdragon.a(debug.o)
 .text.fat_disk_write_64drive
                0x000000008001f7c0      0x1c0 /usr/local/mips64-elf/lib/libdragon.a(debug.o)
 .text.fat_disk_read_64drive
                0x000000008001f980      0x140 /usr/local/mips64-elf/lib/libdragon.a(debug.o)
 .text.fat_disk_status_default
                0x000000008001fac0       0x20 /usr/local/mips64-elf/lib/libdragon.a(debug.o)
 .text.everdrive_sd_set_mode
                0x000000008001fae0       0xc0 /usr/local/mips64-elf/lib/libdragon.a(debug.o)
 .text.everdrive_sd_execute_command
                0x000000008001fba0      0x560 /usr/local/mips64-elf/lib/libdragon.a(debug.o)
 .text.everdrive_sd_change_mode
                0x0000000080020100      0x1c0 /usr/local/mips64-elf/lib/libdragon.a(debug.o)
 .text.fat_disk_write_everdrive
                0x00000000800202c0      0x580 /usr/local/mips64-elf/lib/libdragon.a(debug.o)
 .text.fat_disk_read_everdrive
                0x0000000080020840      0x220 /usr/local/mips64-elf/lib/libdragon.a(debug.o)
 .text.fat_disk_initialize_everdrive
                0x0000000080020a60      0x280 /usr/local/mips64-elf/lib/libdragon.a(debug.o)
 .text.disk_initialize
                0x0000000080020ce0       0x40 /usr/local/mips64-elf/lib/libdragon.a(debug.o)
                0x0000000080020ce0                disk_initialize
 .text.disk_status
                0x0000000080020d20       0x40 /usr/local/mips64-elf/lib/libdragon.a(debug.o)
                0x0000000080020d20                disk_status
 .text.disk_read
                0x0000000080020d60       0x40 /usr/local/mips64-elf/lib/libdragon.a(debug.o)
                0x0000000080020d60                disk_read
 .text.disk_write
                0x0000000080020da0       0x40 /usr/local/mips64-elf/lib/libdragon.a(debug.o)
                0x0000000080020da0                disk_write
 .text.disk_ioctl
                0x0000000080020de0       0x40 /usr/local/mips64-elf/lib/libdragon.a(debug.o)
                0x0000000080020de0                disk_ioctl
 .text.debug_init_usblog
                0x0000000080020e20       0xe0 /usr/local/mips64-elf/lib/libdragon.a(debug.o)
                0x0000000080020e20                debug_init_usblog
 .text.debug_init_isviewer
                0x0000000080020f00       0xc0 /usr/local/mips64-elf/lib/libdragon.a(debug.o)
                0x0000000080020f00                debug_init_isviewer
 .text.debug_init_sdlog
                0x0000000080020fc0       0xa0 /usr/local/mips64-elf/lib/libdragon.a(debug.o)
                0x0000000080020fc0                debug_init_sdlog
 .text.debug_init_sdfs
                0x0000000080021060      0x1c0 /usr/local/mips64-elf/lib/libdragon.a(debug.o)
                0x0000000080021060                debug_init_sdfs
 .text.debug_assert_func_f
                0x0000000080021220       0xe0 /usr/local/mips64-elf/lib/libdragon.a(debug.o)
                0x0000000080021220                debug_assert_func_f
 .text.debug_assert_func
                0x0000000080021300       0x20 /usr/local/mips64-elf/lib/libdragon.a(debug.o)
                0x0000000080021300                debug_assert_func
 .text.usb_sc64_read
                0x0000000080021320       0x40 /usr/local/mips64-elf/lib/libdragon.a(usb.o)
 .text.usb_64drive_read
                0x0000000080021360       0x40 /usr/local/mips64-elf/lib/libdragon.a(usb.o)
 .text.usb_everdrive_read
                0x00000000800213a0       0x60 /usr/local/mips64-elf/lib/libdragon.a(usb.o)
 .text.usb_sc64_poll
                0x0000000080021400      0x1e0 /usr/local/mips64-elf/lib/libdragon.a(usb.o)
 .text.usb_sc64_write
                0x00000000800215e0      0x300 /usr/local/mips64-elf/lib/libdragon.a(usb.o)
 .text.usb_everdrive_usbbusy
                0x00000000800218e0      0x120 /usr/local/mips64-elf/lib/libdragon.a(usb.o)
 .text.usb_everdrive_write
                0x0000000080021a00      0x2a0 /usr/local/mips64-elf/lib/libdragon.a(usb.o)
 .text.usb_everdrive_readusb.constprop.0
                0x0000000080021ca0      0x100 /usr/local/mips64-elf/lib/libdragon.a(usb.o)
 .text.usb_everdrive_poll
                0x0000000080021da0      0x400 /usr/local/mips64-elf/lib/libdragon.a(usb.o)
 .text.usb_initialize
                0x00000000800221a0      0x360 /usr/local/mips64-elf/lib/libdragon.a(usb.o)
                0x00000000800221a0                usb_initialize
 .text.usb_getcart
                0x0000000080022500       0x20 /usr/local/mips64-elf/lib/libdragon.a(usb.o)
                0x0000000080022500                usb_getcart
 .text.usb_write
                0x0000000080022520       0x40 /usr/local/mips64-elf/lib/libdragon.a(usb.o)
                0x0000000080022520                usb_write
 .text.usb_64drive_wait
                0x0000000080022560       0x80 /usr/local/mips64-elf/lib/libdragon.a(usb.o)
                0x0000000080022560                usb_64drive_wait
 .text.usb_64drive_setwritable
                0x00000000800225e0       0xc0 /usr/local/mips64-elf/lib/libdragon.a(usb.o)
                0x00000000800225e0                usb_64drive_setwritable
 .text.usb_64drive_poll
                0x00000000800226a0      0x260 /usr/local/mips64-elf/lib/libdragon.a(usb.o)
 .text.usb_64drive_write
                0x0000000080022900      0x260 /usr/local/mips64-elf/lib/libdragon.a(usb.o)
 .text.ld_qword
                0x0000000080022b60       0x80 /usr/local/mips64-elf/lib/libdragon.a(ff.o)
 .text.tchar2uni
                0x0000000080022be0      0x120 /usr/local/mips64-elf/lib/libdragon.a(ff.o)
 .text.get_ldnumber
                0x0000000080022d00       0x80 /usr/local/mips64-elf/lib/libdragon.a(ff.o)
 .text.validate
                0x0000000080022d80       0xa0 /usr/local/mips64-elf/lib/libdragon.a(ff.o)
 .text.put_utf  0x0000000080022e20      0x180 /usr/local/mips64-elf/lib/libdragon.a(ff.o)
 .text.sync_window.part.0
                0x0000000080022fa0       0xa0 /usr/local/mips64-elf/lib/libdragon.a(ff.o)
 .text.dir_clear
                0x0000000080023040      0x120 /usr/local/mips64-elf/lib/libdragon.a(ff.o)
 .text.sync_fs  0x0000000080023160      0x160 /usr/local/mips64-elf/lib/libdragon.a(ff.o)
 .text.move_window
                0x00000000800232c0       0xc0 /usr/local/mips64-elf/lib/libdragon.a(ff.o)
 .text.change_bitmap
                0x0000000080023380      0x140 /usr/local/mips64-elf/lib/libdragon.a(ff.o)
 .text.get_fat  0x00000000800234c0      0x300 /usr/local/mips64-elf/lib/libdragon.a(ff.o)
 .text.dir_sdi  0x00000000800237c0      0x1e0 /usr/local/mips64-elf/lib/libdragon.a(ff.o)
 .text.get_fileinfo
                0x00000000800239a0      0x4a0 /usr/local/mips64-elf/lib/libdragon.a(ff.o)
 .text.init_alloc_info.isra.0
                0x0000000080023e40       0xe0 /usr/local/mips64-elf/lib/libdragon.a(ff.o)
 .text.check_fs
                0x0000000080023f20      0x2c0 /usr/local/mips64-elf/lib/libdragon.a(ff.o)
 .text.mount_volume
                0x00000000800241e0      0xde0 /usr/local/mips64-elf/lib/libdragon.a(ff.o)
 .text.put_fat.part.0
                0x0000000080024fc0      0x360 /usr/local/mips64-elf/lib/libdragon.a(ff.o)
 .text.fill_first_frag.part.0
                0x0000000080025320       0xe0 /usr/local/mips64-elf/lib/libdragon.a(ff.o)
 .text.fill_last_frag
                0x0000000080025400       0xe0 /usr/local/mips64-elf/lib/libdragon.a(ff.o)
 .text.remove_chain
                0x00000000800254e0      0x2e0 /usr/local/mips64-elf/lib/libdragon.a(ff.o)
 .text.create_chain
                0x00000000800257c0      0x4c0 /usr/local/mips64-elf/lib/libdragon.a(ff.o)
 .text.dir_next
                0x0000000080025c80      0x220 /usr/local/mips64-elf/lib/libdragon.a(ff.o)
 .text.load_xdir
                0x0000000080025ea0      0x2a0 /usr/local/mips64-elf/lib/libdragon.a(ff.o)
 .text.dir_alloc
                0x0000000080026140      0x140 /usr/local/mips64-elf/lib/libdragon.a(ff.o)
 .text.store_xdir
                0x0000000080026280      0x180 /usr/local/mips64-elf/lib/libdragon.a(ff.o)
 .text.dir_remove
                0x0000000080026400      0x120 /usr/local/mips64-elf/lib/libdragon.a(ff.o)
 .text.dir_read.constprop.0
                0x0000000080026520      0x2e0 /usr/local/mips64-elf/lib/libdragon.a(ff.o)
 .text.dir_find
                0x0000000080026800      0x500 /usr/local/mips64-elf/lib/libdragon.a(ff.o)
 .text.follow_path
                0x0000000080026d00      0x6c0 /usr/local/mips64-elf/lib/libdragon.a(ff.o)
 .text.dir_register
                0x00000000800273c0      0x800 /usr/local/mips64-elf/lib/libdragon.a(ff.o)
 .text.f_mount  0x0000000080027bc0       0xa0 /usr/local/mips64-elf/lib/libdragon.a(ff.o)
                0x0000000080027bc0                f_mount
 .text.f_open   0x0000000080027c60      0x540 /usr/local/mips64-elf/lib/libdragon.a(ff.o)
                0x0000000080027c60                f_open
 .text.f_read   0x00000000800281a0      0x3a0 /usr/local/mips64-elf/lib/libdragon.a(ff.o)
                0x00000000800281a0                f_read
 .text.f_write  0x0000000080028540      0x3e0 /usr/local/mips64-elf/lib/libdragon.a(ff.o)
                0x0000000080028540                f_write
 .text.f_sync   0x0000000080028920      0x320 /usr/local/mips64-elf/lib/libdragon.a(ff.o)
                0x0000000080028920                f_sync
 .text.f_close  0x0000000080028c40       0x60 /usr/local/mips64-elf/lib/libdragon.a(ff.o)
                0x0000000080028c40                f_close
 .text.f_lseek  0x0000000080028ca0      0x320 /usr/local/mips64-elf/lib/libdragon.a(ff.o)
                0x0000000080028ca0                f_lseek
 .text.f_opendir
                0x0000000080028fc0      0x1a0 /usr/local/mips64-elf/lib/libdragon.a(ff.o)
                0x0000000080028fc0                f_opendir
 .text.f_readdir
                0x0000000080029160       0xe0 /usr/local/mips64-elf/lib/libdragon.a(ff.o)
                0x0000000080029160                f_readdir
 .text.f_unlink
                0x0000000080029240      0x1a0 /usr/local/mips64-elf/lib/libdragon.a(ff.o)
                0x0000000080029240                f_unlink
 .text.ff_uni2oem
                0x00000000800293e0       0x80 /usr/local/mips64-elf/lib/libdragon.a(ffunicode.o)
                0x00000000800293e0                ff_uni2oem
 .text.ff_oem2uni
                0x0000000080029460       0x60 /usr/local/mips64-elf/lib/libdragon.a(ffunicode.o)
                0x0000000080029460                ff_oem2uni
 .text.ff_wtoupper
                0x00000000800294c0      0x180 /usr/local/mips64-elf/lib/libdragon.a(ffunicode.o)
                0x00000000800294c0                ff_wtoupper
 .text.__console_render.part.0
                0x0000000080029640      0x100 /usr/local/mips64-elf/lib/libdragon.a(console.o)
 .text.__console_write
                0x0000000080029740      0x280 /usr/local/mips64-elf/lib/libdragon.a(console.o)
 .text.console_set_render_mode
                0x00000000800299c0       0x20 /usr/local/mips64-elf/lib/libdragon.a(console.o)
                0x00000000800299c0                console_set_render_mode
 .text.console_init
                0x00000000800299e0       0xc0 /usr/local/mips64-elf/lib/libdragon.a(console.o)
                0x00000000800299e0                console_init
 .text.console_close
                0x0000000080029aa0       0x60 /usr/local/mips64-elf/lib/libdragon.a(console.o)
                0x0000000080029aa0                console_close
 .text.console_clear
                0x0000000080029b00       0x80 /usr/local/mips64-elf/lib/libdragon.a(console.o)
                0x0000000080029b00                console_clear
 .text.console_render
                0x0000000080029b80       0x40 /usr/local/mips64-elf/lib/libdragon.a(console.o)
                0x0000000080029b80                console_render
 .text.console_set_debug
                0x0000000080029bc0       0x20 /usr/local/mips64-elf/lib/libdragon.a(console.o)
                0x0000000080029bc0                console_set_debug
 .text.graphics_draw_character.part.0
                0x0000000080029be0      0x1a0 /usr/local/mips64-elf/lib/libdragon.a(graphics.o)
 .text.graphics_make_color
                0x0000000080029d80       0x80 /usr/local/mips64-elf/lib/libdragon.a(graphics.o)
                0x0000000080029d80                graphics_make_color
 .text.graphics_set_color
                0x0000000080029e00       0x20 /usr/local/mips64-elf/lib/libdragon.a(graphics.o)
                0x0000000080029e00                graphics_set_color
 .text.graphics_fill_screen
                0x0000000080029e20       0x80 /usr/local/mips64-elf/lib/libdragon.a(graphics.o)
                0x0000000080029e20                graphics_fill_screen
 .text.graphics_draw_character
                0x0000000080029ea0       0x20 /usr/local/mips64-elf/lib/libdragon.a(graphics.o)
                0x0000000080029ea0                graphics_draw_character
 .text.graphics_draw_text
                0x0000000080029ec0      0x120 /usr/local/mips64-elf/lib/libdragon.a(graphics.o)
                0x0000000080029ec0                graphics_draw_text
 .text.dma_read_raw_async
                0x0000000080029fe0       0xa0 /usr/local/mips64-elf/lib/libdragon.a(dma.o)
                0x0000000080029fe0                dma_read_raw_async
 .text.dma_write_raw_async
                0x000000008002a080       0xa0 /usr/local/mips64-elf/lib/libdragon.a(dma.o)
                0x000000008002a080                dma_write_raw_async
 .text.dma_read_async
                0x000000008002a120      0x320 /usr/local/mips64-elf/lib/libdragon.a(dma.o)
                0x000000008002a120                dma_read_async
 .text.dma_wait
                0x000000008002a440       0x20 /usr/local/mips64-elf/lib/libdragon.a(dma.o)
                0x000000008002a440                dma_wait
 .text.dma_read
                0x000000008002a460       0x40 /usr/local/mips64-elf/lib/libdragon.a(dma.o)
                0x000000008002a460                dma_read
 .text.dma_write
                0x000000008002a4a0       0x60 /usr/local/mips64-elf/lib/libdragon.a(dma.o)
                0x000000008002a4a0                dma_write
 .text.io_read  0x000000008002a500       0x60 /usr/local/mips64-elf/lib/libdragon.a(dma.o)
                0x000000008002a500                io_read
 .text.io_write
                0x000000008002a560       0x60 /usr/local/mips64-elf/lib/libdragon.a(dma.o)
                0x000000008002a560                io_write
 .text.__wrap___do_global_ctors
                0x000000008002a5c0       0xc0 /usr/local/mips64-elf/lib/libdragon.a(do_ctors.o)
                0x000000008002a5c0                __wrap___do_global_ctors
 .text.sys_bbplayer
                0x000000008002a680       0x20 /usr/local/mips64-elf/lib/libdragon.a(n64sys.o)
                0x000000008002a680                sys_bbplayer
 .text.data_cache_hit_writeback
                0x000000008002a6a0       0x60 /usr/local/mips64-elf/lib/libdragon.a(n64sys.o)
                0x000000008002a6a0                data_cache_hit_writeback
 .text.__data_cache_hit_invalidate
                0x000000008002a700       0x60 /usr/local/mips64-elf/lib/libdragon.a(n64sys.o)
                0x000000008002a700                __data_cache_hit_invalidate
 .text.data_cache_hit_writeback_invalidate
                0x000000008002a760       0x60 /usr/local/mips64-elf/lib/libdragon.a(n64sys.o)
                0x000000008002a760                data_cache_hit_writeback_invalidate
 .text.get_memory_size
                0x000000008002a7c0       0x60 /usr/local/mips64-elf/lib/libdragon.a(n64sys.o)
                0x000000008002a7c0                get_memory_size
 .text.get_tv_type
                0x000000008002a820       0x20 /usr/local/mips64-elf/lib/libdragon.a(n64sys.o)
                0x000000008002a820                get_tv_type
 .text.wait_ticks
                0x000000008002a840       0x40 /usr/local/mips64-elf/lib/libdragon.a(n64sys.o)
                0x000000008002a840                wait_ticks
 .text.wait_ms  0x000000008002a880       0x60 /usr/local/mips64-elf/lib/libdragon.a(n64sys.o)
                0x000000008002a880                wait_ms
 .text.startup.__init_cop1
                0x000000008002a8e0       0x20 /usr/local/mips64-elf/lib/libdragon.a(n64sys.o)
                0x000000008002a8e0                __init_cop1
 .text.__MI_handler
                0x000000008002a900      0x220 /usr/local/mips64-elf/lib/libdragon.a(interrupt.o)
                0x000000008002a900                __MI_handler
 .text.__TI_handler
                0x000000008002ab20       0x60 /usr/local/mips64-elf/lib/libdragon.a(interrupt.o)
                0x000000008002ab20                __TI_handler
 .text.register_VI_handler
                0x000000008002ab80       0x60 /usr/local/mips64-elf/lib/libdragon.a(interrupt.o)
                0x000000008002ab80                register_VI_handler
 .text.unregister_VI_handler
                0x000000008002abe0       0x60 /usr/local/mips64-elf/lib/libdragon.a(interrupt.o)
                0x000000008002abe0                unregister_VI_handler
 .text.register_TI_handler
                0x000000008002ac40       0x60 /usr/local/mips64-elf/lib/libdragon.a(interrupt.o)
                0x000000008002ac40                register_TI_handler
 .text.unregister_TI_handler
                0x000000008002aca0       0x60 /usr/local/mips64-elf/lib/libdragon.a(interrupt.o)
                0x000000008002aca0                unregister_TI_handler
 .text.set_VI_interrupt
                0x000000008002ad00       0x40 /usr/local/mips64-elf/lib/libdragon.a(interrupt.o)
                0x000000008002ad00                set_VI_interrupt
 .text.startup.__init_interrupts
                0x000000008002ad40       0x40 /usr/local/mips64-elf/lib/libdragon.a(interrupt.o)
                0x000000008002ad40                __init_interrupts
 .text.disable_interrupts
                0x000000008002ad80       0x40 /usr/local/mips64-elf/lib/libdragon.a(interrupt.o)
                0x000000008002ad80                disable_interrupts
 .text.enable_interrupts
                0x000000008002adc0       0x80 /usr/local/mips64-elf/lib/libdragon.a(interrupt.o)
                0x000000008002adc0                enable_interrupts
 .text.__display_callback
                0x000000008002ae40       0x80 /usr/local/mips64-elf/lib/libdragon.a(display.o)
 .text.display_show.part.0
                0x000000008002aec0       0x40 /usr/local/mips64-elf/lib/libdragon.a(display.o)
 .text.display_init
                0x000000008002af00      0x4a0 /usr/local/mips64-elf/lib/libdragon.a(display.o)
                0x000000008002af00                display_init
 .text.display_close
                0x000000008002b3a0       0xc0 /usr/local/mips64-elf/lib/libdragon.a(display.o)
                0x000000008002b3a0                display_close
 .text.display_lock
                0x000000008002b460       0xa0 /usr/local/mips64-elf/lib/libdragon.a(display.o)
                0x000000008002b460                display_lock
 .text.display_show
                0x000000008002b500       0x60 /usr/local/mips64-elf/lib/libdragon.a(display.o)
                0x000000008002b500                display_show
 .text.display_show_force
                0x000000008002b560       0x80 /usr/local/mips64-elf/lib/libdragon.a(display.o)
                0x000000008002b560                display_show_force
 .text.exception_default_handler
                0x000000008002b5e0      0x7c0 /usr/local/mips64-elf/lib/libdragon.a(exception.o)
                0x000000008002b5e0                exception_default_handler
 .text.__onCriticalException
                0x000000008002bda0       0x60 /usr/local/mips64-elf/lib/libdragon.a(exception.o)
                0x000000008002bda0                __onCriticalException
 .text.__onResetException
                0x000000008002be00       0x60 /usr/local/mips64-elf/lib/libdragon.a(exception.o)
                0x000000008002be00                __onResetException
 .text.__get_fs_link_by_name.part.0
                0x000000008002be60       0xa0 /usr/local/mips64-elf/lib/libdragonsys.a(system.o)
 .text.attach_filesystem
                0x000000008002bf00      0x220 /usr/local/mips64-elf/lib/libdragonsys.a(system.o)
                0x000000008002bf00                attach_filesystem
 .text.close    0x000000008002c120      0x140 /usr/local/mips64-elf/lib/libdragonsys.a(system.o)
                0x000000008002c120                close
 .text._exit    0x000000008002c260       0x20 /usr/local/mips64-elf/lib/libdragonsys.a(system.o)
                0x000000008002c260                _exit
 .text.fstat    0x000000008002c280      0x100 /usr/local/mips64-elf/lib/libdragonsys.a(system.o)
                0x000000008002c280                fstat
 .text.getpid   0x000000008002c380       0x20 /usr/local/mips64-elf/lib/libdragonsys.a(system.o)
                0x000000008002c380                getpid
 .text.isatty   0x000000008002c3a0       0x40 /usr/local/mips64-elf/lib/libdragonsys.a(system.o)
                0x000000008002c3a0                isatty
 .text.kill     0x000000008002c3e0       0x20 /usr/local/mips64-elf/lib/libdragonsys.a(system.o)
                0x000000008002c3e0                kill
 .text.lseek    0x000000008002c400      0x100 /usr/local/mips64-elf/lib/libdragonsys.a(system.o)
                0x000000008002c400                lseek
 .text.open     0x000000008002c500      0x1a0 /usr/local/mips64-elf/lib/libdragonsys.a(system.o)
                0x000000008002c500                open
 .text.read     0x000000008002c6a0      0x140 /usr/local/mips64-elf/lib/libdragonsys.a(system.o)
                0x000000008002c6a0                read
 .text.sbrk     0x000000008002c7e0       0xc0 /usr/local/mips64-elf/lib/libdragonsys.a(system.o)
                0x000000008002c7e0                sbrk
 .text.write    0x000000008002c8a0      0x140 /usr/local/mips64-elf/lib/libdragonsys.a(system.o)
                0x000000008002c8a0                write
 .text.hook_stdio_calls
                0x000000008002c9e0       0x60 /usr/local/mips64-elf/lib/libdragonsys.a(system.o)
                0x000000008002c9e0                hook_stdio_calls
 .text.unhook_stdio_calls
                0x000000008002ca40       0x80 /usr/local/mips64-elf/lib/libdragonsys.a(system.o)
                0x000000008002ca40                unhook_stdio_calls
 .text.__assert_func
                0x000000008002cac0       0x20 /usr/local/mips64-elf/lib/libdragonsys.a(system.o)
                0x000000008002cac0                __assert_func
 .text._ZN6Parser11KeyZPressedEv
                0x000000008002cae0       0x40 build/CustomLangParser.o
                0x000000008002cae0                _ZN6Parser11KeyZPressedEv
 .text._ZN6LibN645Frame14DrawTextFormatEiiPKcz
                0x000000008002cb20       0x80 build/CustomLangParser.o
                0x000000008002cb20                _ZN6LibN645Frame14DrawTextFormatEiiPKcz
 .text._ZN10LangParser19ArgumentInitializedEPc
                0x000000008002cba0       0x80 build/CustomLangParser.o
                0x000000008002cba0                _ZN10LangParser19ArgumentInitializedEPc
 .text._ZN10LangParser13CheckLineArgsEPN6LibN645FrameEPPcii
                0x000000008002cc20     0x1840 build/CustomLangParser.o
                0x000000008002cc20                _ZN10LangParser13CheckLineArgsEPN6LibN645FrameEPPcii
 .text._ZN10LangParser8CallLineEPN6LibN645FrameEPPci
                0x000000008002e460      0x180 build/CustomLangParser.o
                0x000000008002e460                _ZN10LangParser8CallLineEPN6LibN645FrameEPPci
 .text.startup.main
                0x000000008002e5e0       0xe0 build/CustomLangParser.o
                0x000000008002e5e0                main
 .text._ZN10LangParser5ParseIPciEEiPN6LibN645FrameET_T0_
                0x000000008002e6c0      0x180 build/CustomLangParser.o
                0x000000008002e6c0                _ZN10LangParser5ParseIPciEEiPN6LibN645FrameET_T0_
 .text._ZN6Parser8OnCreateEv
                0x000000008002e840      0x120 build/CustomLangParser.o
                0x000000008002e840                _ZN6Parser8OnCreateEv
 .text._ZN6Parser11KeyBPressedEv
                0x000000008002e960      0x160 build/CustomLangParser.o
                0x000000008002e960                _ZN6Parser11KeyBPressedEv
 .text.startup._GLOBAL__sub_I_sVars
                0x000000008002eac0       0x60 build/CustomLangParser.o
 .text._ZN6LibN645Frame11FrameUpdateEv
                0x000000008002eb20       0x20 /home/spencer/libdragon/NEW/libdragon/libN64.a(LibN64.o)
                0x000000008002eb20                _ZN6LibN645Frame14KeyJoyXPressedEv
                0x000000008002eb20                _ZN6LibN645Frame11KeyZPressedEv
                0x000000008002eb20                _ZN6LibN645Frame11KeyAPressedEv
                0x000000008002eb20                _ZN6LibN645Frame12KeyDDPressedEv
                0x000000008002eb20                _ZN6LibN645Frame15KeyStartPressedEv
                0x000000008002eb20                _ZN6LibN645Frame11KeyBPressedEv
                0x000000008002eb20                _ZN6LibN645Frame12KeyDRPressedEv
                0x000000008002eb20                _ZN6LibN645Frame8OnCreateEv
                0x000000008002eb20                _ZN6LibN645Frame12KeyDUPressedEv
                0x000000008002eb20                _ZN6LibN645Frame14KeyJoyYPressedEv
                0x000000008002eb20                _ZN6LibN645Frame12KeyDLPressedEv
                0x000000008002eb20                _ZN6LibN645Frame11FrameUpdateEv
 .text._ZN6LibN643DFS4SizeEPKc
                0x000000008002eb40       0x40 /home/spencer/libdragon/NEW/libdragon/libN64.a(LibN64.o)
                0x000000008002eb40                _ZN6LibN643DFS4SizeEPKc
 .text._ZN6LibN643DFS9QuickReadEPKc
                0x000000008002eb80       0xe0 /home/spencer/libdragon/NEW/libdragon/libN64.a(LibN64.o)
                0x000000008002eb80                _ZN6LibN643DFS9QuickReadEPKc
 .text._ZN6LibN645FrameC2E12resolution_t10bitdepth_ti
                0x000000008002ec60      0x180 /home/spencer/libdragon/NEW/libdragon/libN64.a(LibN64.o)
                0x000000008002ec60                _ZN6LibN645FrameC1E12resolution_t10bitdepth_ti
                0x000000008002ec60                _ZN6LibN645FrameC2E12resolution_t10bitdepth_ti
 .text._ZN6LibN645Frame11ClearScreenEv
                0x000000008002ede0       0x60 /home/spencer/libdragon/NEW/libdragon/libN64.a(LibN64.o)
                0x000000008002ede0                _ZN6LibN645Frame11ClearScreenEv
 .text._ZN6LibN645Frame9SetScreenE12resolution_t10bitdepth_t
                0x000000008002ee40       0xc0 /home/spencer/libdragon/NEW/libdragon/libN64.a(LibN64.o)
                0x000000008002ee40                _ZN6LibN645Frame9SetScreenE12resolution_t10bitdepth_t
 .text._ZN6LibN645Frame5BeginEv
                0x000000008002ef00      0x360 /home/spencer/libdragon/NEW/libdragon/libN64.a(LibN64.o)
                0x000000008002ef00                _ZN6LibN645Frame5BeginEv
 .text._ZN6LibN645Frame8DrawTextEiiPKcj
                0x000000008002f260       0x80 /home/spencer/libdragon/NEW/libdragon/libN64.a(LibN64.o)
                0x000000008002f260                _ZN6LibN645Frame8DrawTextEiiPKcj
 .text._ZN9LibVectorIcEC2Ei
                0x000000008002f2e0       0x40 /home/spencer/libdragon/NEW/libdragon/libN64.a(LibVector.o)
                0x000000008002f2e0                _ZN9LibVectorIcEC1Ei
                0x000000008002f2e0                _ZN9LibVectorIcEC2Ei
 .text._ZN9LibVectorIcE9push_backEc
                0x000000008002f320       0x20 /home/spencer/libdragon/NEW/libdragon/libN64.a(LibVector.o)
                0x000000008002f320                _ZN9LibVectorIcE9push_backEc
 .text._ZN9LibVectorIcE6lengthEv
                0x000000008002f340       0x20 /home/spencer/libdragon/NEW/libdragon/libN64.a(LibVector.o)
                0x000000008002f340                _ZN9LibVectorIcE6lengthEv
 .text._ZN9LibVectorIcE6insertEic
                0x000000008002f360       0x80 /home/spencer/libdragon/NEW/libdragon/libN64.a(LibVector.o)
                0x000000008002f360                _ZN9LibVectorIcE6insertEic
 .text._ZN9LibVectorIcE2atEi
                0x000000008002f3e0       0x20 /home/spencer/libdragon/NEW/libdragon/libN64.a(LibVector.o)
                0x000000008002f3e0                _ZN9LibVectorIcE2atEi
 .text.get_next_token.part.0
                0x000000008002f400       0x80 /usr/local/lib/gcc/mips64-elf/11.2.0/../../../../mips64-elf/lib/libdragon.a(dragonfs.o)
 .text.recurse_path
                0x000000008002f480      0x560 /usr/local/lib/gcc/mips64-elf/11.2.0/../../../../mips64-elf/lib/libdragon.a(dragonfs.o)
 .text.__close  0x000000008002f9e0       0x80 /usr/local/lib/gcc/mips64-elf/11.2.0/../../../../mips64-elf/lib/libdragon.a(dragonfs.o)
 .text.__fstat  0x000000008002fa60       0xa0 /usr/local/lib/gcc/mips64-elf/11.2.0/../../../../mips64-elf/lib/libdragon.a(dragonfs.o)
 .text.dfs_dir_findfirst
                0x000000008002fb00       0xc0 /usr/local/lib/gcc/mips64-elf/11.2.0/../../../../mips64-elf/lib/libdragon.a(dragonfs.o)
                0x000000008002fb00                dfs_dir_findfirst
 .text.__findfirst
                0x000000008002fbc0       0x80 /usr/local/lib/gcc/mips64-elf/11.2.0/../../../../mips64-elf/lib/libdragon.a(dragonfs.o)
 .text.dfs_dir_findnext
                0x000000008002fc40       0xc0 /usr/local/lib/gcc/mips64-elf/11.2.0/../../../../mips64-elf/lib/libdragon.a(dragonfs.o)
                0x000000008002fc40                dfs_dir_findnext
 .text.__findnext
                0x000000008002fd00       0x80 /usr/local/lib/gcc/mips64-elf/11.2.0/../../../../mips64-elf/lib/libdragon.a(dragonfs.o)
 .text.dfs_open
                0x000000008002fd80      0x140 /usr/local/lib/gcc/mips64-elf/11.2.0/../../../../mips64-elf/lib/libdragon.a(dragonfs.o)
                0x000000008002fd80                dfs_open
 .text.__open   0x000000008002fec0       0x60 /usr/local/lib/gcc/mips64-elf/11.2.0/../../../../mips64-elf/lib/libdragon.a(dragonfs.o)
 .text.dfs_close
                0x000000008002ff20       0x80 /usr/local/lib/gcc/mips64-elf/11.2.0/../../../../mips64-elf/lib/libdragon.a(dragonfs.o)
                0x000000008002ff20                dfs_close
 .text.dfs_seek
                0x000000008002ffa0      0x100 /usr/local/lib/gcc/mips64-elf/11.2.0/../../../../mips64-elf/lib/libdragon.a(dragonfs.o)
                0x000000008002ffa0                dfs_seek
 .text.__lseek  0x00000000800300a0       0x80 /usr/local/lib/gcc/mips64-elf/11.2.0/../../../../mips64-elf/lib/libdragon.a(dragonfs.o)
 .text.dfs_read
                0x0000000080030120      0x240 /usr/local/lib/gcc/mips64-elf/11.2.0/../../../../mips64-elf/lib/libdragon.a(dragonfs.o)
                0x0000000080030120                dfs_read
 .text.__read   0x0000000080030360       0x20 /usr/local/lib/gcc/mips64-elf/11.2.0/../../../../mips64-elf/lib/libdragon.a(dragonfs.o)
 .text.dfs_size
                0x0000000080030380       0x60 /usr/local/lib/gcc/mips64-elf/11.2.0/../../../../mips64-elf/lib/libdragon.a(dragonfs.o)
                0x0000000080030380                dfs_size
 .text.dfs_init
                0x00000000800303e0      0x100 /usr/local/lib/gcc/mips64-elf/11.2.0/../../../../mips64-elf/lib/libdragon.a(dragonfs.o)
                0x00000000800303e0                dfs_init
 .text.controller_init
                0x00000000800304e0       0x60 /usr/local/lib/gcc/mips64-elf/11.2.0/../../../../mips64-elf/lib/libdragon.a(controller.o)
                0x00000000800304e0                controller_init
 .text.controller_scan
                0x0000000080030540       0x80 /usr/local/lib/gcc/mips64-elf/11.2.0/../../../../mips64-elf/lib/libdragon.a(controller.o)
                0x0000000080030540                controller_scan
 .text.get_keys_held
                0x00000000800305c0       0xa0 /usr/local/lib/gcc/mips64-elf/11.2.0/../../../../mips64-elf/lib/libdragon.a(controller.o)
                0x00000000800305c0                get_keys_held
 .text.timer_callback_overflow
                0x0000000080030660       0x20 /usr/local/lib/gcc/mips64-elf/11.2.0/../../../../mips64-elf/lib/libdragon.a(timer.o)
 .text.timer_callback
                0x0000000080030680      0x160 /usr/local/lib/gcc/mips64-elf/11.2.0/../../../../mips64-elf/lib/libdragon.a(timer.o)
 .text.timer_init
                0x00000000800307e0       0xc0 /usr/local/lib/gcc/mips64-elf/11.2.0/../../../../mips64-elf/lib/libdragon.a(timer.o)
                0x00000000800307e0                timer_init
 .text.timer_close
                0x00000000800308a0       0xc0 /usr/local/lib/gcc/mips64-elf/11.2.0/../../../../mips64-elf/lib/libdragon.a(timer.o)
                0x00000000800308a0                timer_close
 .text.timer_ticks
                0x0000000080030960       0xc0 /usr/local/lib/gcc/mips64-elf/11.2.0/../../../../mips64-elf/lib/libdragon.a(timer.o)
                0x0000000080030960                timer_ticks
 .text.joybus_exec
                0x0000000080030a20      0x1c0 /usr/local/lib/gcc/mips64-elf/11.2.0/../../../../mips64-elf/lib/libdragon.a(joybus.o)
                0x0000000080030a20                joybus_exec
 .text._ZNK10__cxxabiv117__class_type_info11__do_upcastEPKS0_PPv
                0x0000000080030be0       0x68 /usr/local/lib/gcc/mips64-elf/11.2.0/../../../../mips64-elf/lib/libstdc++.a(class_type_info.o)
                0x0000000080030be0                _ZNK10__cxxabiv117__class_type_info11__do_upcastEPKS0_PPv
 .text._ZNK10__cxxabiv117__class_type_info20__do_find_public_srcEiPKvPKS0_S2_
                0x0000000080030c48       0x20 /usr/local/lib/gcc/mips64-elf/11.2.0/../../../../mips64-elf/lib/libstdc++.a(class_type_info.o)
                0x0000000080030c48                _ZNK10__cxxabiv117__class_type_info20__do_find_public_srcEiPKvPKS0_S2_
 .text._ZN10__cxxabiv117__class_type_infoD2Ev
                0x0000000080030c68       0x10 /usr/local/lib/gcc/mips64-elf/11.2.0/../../../../mips64-elf/lib/libstdc++.a(class_type_info.o)
                0x0000000080030c68                _ZN10__cxxabiv117__class_type_infoD1Ev
                0x0000000080030c68                _ZN10__cxxabiv117__class_type_infoD2Ev
 .text._ZN10__cxxabiv117__class_type_infoD0Ev
                0x0000000080030c78       0x38 /usr/local/lib/gcc/mips64-elf/11.2.0/../../../../mips64-elf/lib/libstdc++.a(class_type_info.o)
                0x0000000080030c78                _ZN10__cxxabiv117__class_type_infoD0Ev
 .text._ZNK10__cxxabiv117__class_type_info11__do_upcastEPKS0_PKvRNS0_15__upcast_resultE
                0x0000000080030cb0       0x90 /usr/local/lib/gcc/mips64-elf/11.2.0/../../../../mips64-elf/lib/libstdc++.a(class_type_info.o)
                0x0000000080030cb0                _ZNK10__cxxabiv117__class_type_info11__do_upcastEPKS0_PKvRNS0_15__upcast_resultE
 .text._ZNK10__cxxabiv117__class_type_info10__do_catchEPKSt9type_infoPPvj
                0x0000000080030d40       0xb0 /usr/local/lib/gcc/mips64-elf/11.2.0/../../../../mips64-elf/lib/libstdc++.a(class_type_info.o)
                0x0000000080030d40                _ZNK10__cxxabiv117__class_type_info10__do_catchEPKSt9type_infoPPvj
 .text._ZNK10__cxxabiv117__class_type_info12__do_dyncastEiNS0_10__sub_kindEPKS0_PKvS3_S5_RNS0_16__dyncast_resultE
                0x0000000080030df0       0xf8 /usr/local/lib/gcc/mips64-elf/11.2.0/../../../../mips64-elf/lib/libstdc++.a(class_type_info.o)
                0x0000000080030df0                _ZNK10__cxxabiv117__class_type_info12__do_dyncastEiNS0_10__sub_kindEPKS0_PKvS3_S5_RNS0_16__dyncast_resultE
 .text._ZdlPvj  0x0000000080030ee8        0x8 /usr/local/lib/gcc/mips64-elf/11.2.0/../../../../mips64-elf/lib/libstdc++.a(del_ops.o)
                0x0000000080030ee8                _ZdlPvj
 .text._Znaj    0x0000000080030ef0        0x8 /usr/local/lib/gcc/mips64-elf/11.2.0/../../../../mips64-elf/lib/libstdc++.a(new_opv.o)
                0x0000000080030ef0                _Znaj
 .text._ZN10__cxxabiv120__si_class_type_infoD2Ev
                0x0000000080030ef8       0x10 /usr/local/lib/gcc/mips64-elf/11.2.0/../../../../mips64-elf/lib/libstdc++.a(si_class_type_info.o)
                0x0000000080030ef8                _ZN10__cxxabiv120__si_class_type_infoD2Ev
                0x0000000080030ef8                _ZN10__cxxabiv120__si_class_type_infoD1Ev
 .text._ZN10__cxxabiv120__si_class_type_infoD0Ev
                0x0000000080030f08       0x38 /usr/local/lib/gcc/mips64-elf/11.2.0/../../../../mips64-elf/lib/libstdc++.a(si_class_type_info.o)
                0x0000000080030f08                _ZN10__cxxabiv120__si_class_type_infoD0Ev
 .text._ZNK10__cxxabiv120__si_class_type_info12__do_dyncastEiNS_17__class_type_info10__sub_kindEPKS1_PKvS4_S6_RNS1_16__dyncast_resultE
                0x0000000080030f40      0x170 /usr/local/lib/gcc/mips64-elf/11.2.0/../../../../mips64-elf/lib/libstdc++.a(si_class_type_info.o)
                0x0000000080030f40                _ZNK10__cxxabiv120__si_class_type_info12__do_dyncastEiNS_17__class_type_info10__sub_kindEPKS1_PKvS4_S6_RNS1_16__dyncast_resultE
 .text._ZNK10__cxxabiv120__si_class_type_info20__do_find_public_srcEiPKvPKNS_17__class_type_infoES2_
                0x00000000800310b0       0xa0 /usr/local/lib/gcc/mips64-elf/11.2.0/../../../../mips64-elf/lib/libstdc++.a(si_class_type_info.o)
                0x00000000800310b0                _ZNK10__cxxabiv120__si_class_type_info20__do_find_public_srcEiPKvPKNS_17__class_type_infoES2_
 .text._ZNK10__cxxabiv120__si_class_type_info11__do_upcastEPKNS_17__class_type_infoEPKvRNS1_15__upcast_resultE
                0x0000000080031150       0x80 /usr/local/lib/gcc/mips64-elf/11.2.0/../../../../mips64-elf/lib/libstdc++.a(si_class_type_info.o)
                0x0000000080031150                _ZNK10__cxxabiv120__si_class_type_info11__do_upcastEPKNS_17__class_type_infoEPKvRNS1_15__upcast_resultE
 .text._ZNSt9type_infoD2Ev
                0x00000000800311d0        0x8 /usr/local/lib/gcc/mips64-elf/11.2.0/../../../../mips64-elf/lib/libstdc++.a(tinfo.o)
                0x00000000800311d0                _ZNSt9type_infoD1Ev
                0x00000000800311d0                _ZNSt9type_infoD2Ev
 .text._ZNKSt9type_info14__is_pointer_pEv
                0x00000000800311d8        0x8 /usr/local/lib/gcc/mips64-elf/11.2.0/../../../../mips64-elf/lib/libstdc++.a(tinfo.o)
                0x00000000800311d8                _ZNKSt9type_info15__is_function_pEv
                0x00000000800311d8                _ZNKSt9type_info14__is_pointer_pEv
 .text._ZdlPv   0x00000000800311e0        0x8 /usr/local/lib/gcc/mips64-elf/11.2.0/../../../../mips64-elf/lib/libstdc++.a(del_op.o)
                0x00000000800311e0                _ZdlPv
 .text._Znwj    0x00000000800311e8       0x80 /usr/local/lib/gcc/mips64-elf/11.2.0/../../../../mips64-elf/lib/libstdc++.a(new_op.o)
                0x00000000800311e8                _Znwj
 .text._ZNKSt9bad_alloc4whatEv
                0x0000000080031268       0x10 /usr/local/lib/gcc/mips64-elf/11.2.0/../../../../mips64-elf/lib/libstdc++.a(bad_alloc.o)
                0x0000000080031268                _ZNKSt9bad_alloc4whatEv
 .text._ZNSt9bad_allocD2Ev
                0x0000000080031278       0x10 /usr/local/lib/gcc/mips64-elf/11.2.0/../../../../mips64-elf/lib/libstdc++.a(bad_alloc.o)
                0x0000000080031278                _ZNSt9bad_allocD2Ev
                0x0000000080031278                _ZNSt9bad_allocD1Ev
 .text._ZNSt9bad_allocD0Ev
                0x0000000080031288       0x38 /usr/local/lib/gcc/mips64-elf/11.2.0/../../../../mips64-elf/lib/libstdc++.a(bad_alloc.o)
                0x0000000080031288                _ZNSt9bad_allocD0Ev
 .text._ZN12_GLOBAL__N_14pool4freeEPv.constprop.0
                0x00000000800312c0       0xf8 /usr/local/lib/gcc/mips64-elf/11.2.0/../../../../mips64-elf/lib/libstdc++.a(eh_alloc.o)
 .text._ZN12_GLOBAL__N_14pool8allocateEj.constprop.0
                0x00000000800313b8       0xa0 /usr/local/lib/gcc/mips64-elf/11.2.0/../../../../mips64-elf/lib/libstdc++.a(eh_alloc.o)
 .text.__cxa_allocate_exception
                0x0000000080031458       0x60 /usr/local/lib/gcc/mips64-elf/11.2.0/../../../../mips64-elf/lib/libstdc++.a(eh_alloc.o)
                0x0000000080031458                __cxa_allocate_exception
 .text.__cxa_free_exception
                0x00000000800314b8       0x40 /usr/local/lib/gcc/mips64-elf/11.2.0/../../../../mips64-elf/lib/libstdc++.a(eh_alloc.o)
                0x00000000800314b8                __cxa_free_exception
 .text.startup._GLOBAL__sub_I__ZN9__gnu_cxx9__freeresEv
                0x00000000800314f8       0x58 /usr/local/lib/gcc/mips64-elf/11.2.0/../../../../mips64-elf/lib/libstdc++.a(eh_alloc.o)
 .text._ZNSt9exceptionD2Ev
                0x0000000080031550        0x8 /usr/local/lib/gcc/mips64-elf/11.2.0/../../../../mips64-elf/lib/libstdc++.a(eh_exception.o)
                0x0000000080031550                _ZNSt9exceptionD2Ev
                0x0000000080031550                _ZNSt9exceptionD1Ev
 .text._ZN10__cxxabiv111__terminateEPFvvE
                0x0000000080031558       0x28 /usr/local/lib/gcc/mips64-elf/11.2.0/../../../../mips64-elf/lib/libstdc++.a(eh_terminate.o)
                0x0000000080031558                _ZN10__cxxabiv111__terminateEPFvvE
 .text._ZSt9terminatev
                0x0000000080031580       0x18 /usr/local/lib/gcc/mips64-elf/11.2.0/../../../../mips64-elf/lib/libstdc++.a(eh_terminate.o)
                0x0000000080031580                _ZSt9terminatev
 .text._ZN10__cxxabiv112__unexpectedEPFvvE
                0x0000000080031598       0x18 /usr/local/lib/gcc/mips64-elf/11.2.0/../../../../mips64-elf/lib/libstdc++.a(eh_terminate.o)
                0x0000000080031598                _ZN10__cxxabiv112__unexpectedEPFvvE
 .text._ZSt10unexpectedv
                0x00000000800315b0       0x18 /usr/local/lib/gcc/mips64-elf/11.2.0/../../../../mips64-elf/lib/libstdc++.a(eh_terminate.o)
                0x00000000800315b0                _ZSt10unexpectedv
 .text._ZSt13get_terminatev
                0x00000000800315c8       0x10 /usr/local/lib/gcc/mips64-elf/11.2.0/../../../../mips64-elf/lib/libstdc++.a(eh_terminate.o)
                0x00000000800315c8                _ZSt13get_terminatev
 .text._ZSt14get_unexpectedv
                0x00000000800315d8       0x10 /usr/local/lib/gcc/mips64-elf/11.2.0/../../../../mips64-elf/lib/libstdc++.a(eh_terminate.o)
                0x00000000800315d8                _ZSt14get_unexpectedv
 .text._ZL23__gxx_exception_cleanup19_Unwind_Reason_CodeP17_Unwind_Exception
                0x00000000800315e8       0x68 /usr/local/lib/gcc/mips64-elf/11.2.0/../../../../mips64-elf/lib/libstdc++.a(eh_throw.o)
 .text.__cxa_init_primary_exception
                0x0000000080031650       0x68 /usr/local/lib/gcc/mips64-elf/11.2.0/../../../../mips64-elf/lib/libstdc++.a(eh_throw.o)
                0x0000000080031650                __cxa_init_primary_exception
 .text.__cxa_throw
                0x00000000800316b8       0x58 /usr/local/lib/gcc/mips64-elf/11.2.0/../../../../mips64-elf/lib/libstdc++.a(eh_throw.o)
                0x00000000800316b8                __cxa_throw
 .text.__cxa_rethrow
                0x0000000080031710       0x80 /usr/local/lib/gcc/mips64-elf/11.2.0/../../../../mips64-elf/lib/libstdc++.a(eh_throw.o)
                0x0000000080031710                __cxa_rethrow
 .text._ZSt15get_new_handlerv
                0x0000000080031790       0x10 /usr/local/lib/gcc/mips64-elf/11.2.0/../../../../mips64-elf/lib/libstdc++.a(new_handler.o)
                0x0000000080031790                _ZSt15get_new_handlerv
 .text._ZN9__gnu_cxx27__verbose_terminate_handlerEv
                0x00000000800317a0      0x1c8 /usr/local/lib/gcc/mips64-elf/11.2.0/../../../../mips64-elf/lib/libstdc++.a(vterminate.o)
                0x00000000800317a0                _ZN9__gnu_cxx27__verbose_terminate_handlerEv
 .text.__cxa_begin_catch
                0x0000000080031968       0xb0 /usr/local/lib/gcc/mips64-elf/11.2.0/../../../../mips64-elf/lib/libstdc++.a(eh_catch.o)
                0x0000000080031968                __cxa_begin_catch
 .text.__cxa_end_catch
                0x0000000080031a18       0xc0 /usr/local/lib/gcc/mips64-elf/11.2.0/../../../../mips64-elf/lib/libstdc++.a(eh_catch.o)
                0x0000000080031a18                __cxa_end_catch
 .text.__cxa_get_globals_fast
                0x0000000080031ad8        0x8 /usr/local/lib/gcc/mips64-elf/11.2.0/../../../../mips64-elf/lib/libstdc++.a(eh_globals.o)
                0x0000000080031ad8                __cxa_get_globals_fast
 .text.__cxa_get_globals
                0x0000000080031ae0        0x8 /usr/local/lib/gcc/mips64-elf/11.2.0/../../../../mips64-elf/lib/libstdc++.a(eh_globals.o)
                0x0000000080031ae0                __cxa_get_globals
 .text._ZL16get_adjusted_ptrPKSt9type_infoS1_PPv
                0x0000000080031ae8       0x90 /usr/local/lib/gcc/mips64-elf/11.2.0/../../../../mips64-elf/lib/libstdc++.a(eh_personality.o)
 .text._ZL28read_encoded_value_with_basehjPKhPj
                0x0000000080031b78      0x198 /usr/local/lib/gcc/mips64-elf/11.2.0/../../../../mips64-elf/lib/libstdc++.a(eh_personality.o)
 .text._ZL21base_of_encoded_valuehP15_Unwind_Context
                0x0000000080031d10       0x90 /usr/local/lib/gcc/mips64-elf/11.2.0/../../../../mips64-elf/lib/libstdc++.a(eh_personality.o)
 .text._ZL17parse_lsda_headerP15_Unwind_ContextPKhP16lsda_header_info
                0x0000000080031da0      0x118 /usr/local/lib/gcc/mips64-elf/11.2.0/../../../../mips64-elf/lib/libstdc++.a(eh_personality.o)
 .text._ZL20check_exception_specP16lsda_header_infoPKSt9type_infoPvl
                0x0000000080031eb8      0x148 /usr/local/lib/gcc/mips64-elf/11.2.0/../../../../mips64-elf/lib/libstdc++.a(eh_personality.o)
 .text.__gxx_personality_v0
                0x0000000080032000      0x660 /usr/local/lib/gcc/mips64-elf/11.2.0/../../../../mips64-elf/lib/libstdc++.a(eh_personality.o)
                0x0000000080032000                __gxx_personality_v0
 .text.__cxa_current_exception_type
                0x0000000080032660       0x48 /usr/local/lib/gcc/mips64-elf/11.2.0/../../../../mips64-elf/lib/libstdc++.a(eh_type.o)
                0x0000000080032660                __cxa_current_exception_type
 .text.__cxa_call_terminate
                0x00000000800326a8       0x58 /usr/local/lib/gcc/mips64-elf/11.2.0/../../../../mips64-elf/lib/libstdc++.a(eh_call.o)
                0x00000000800326a8                __cxa_call_terminate
 *(.init)
 .init          0x0000000080032700        0x8 /usr/local/lib/gcc/mips64-elf/11.2.0/crti.o
                0x0000000080032700                _init
 *(.fini)
 .fini          0x0000000080032708        0x8 /usr/local/lib/gcc/mips64-elf/11.2.0/crti.o
                0x0000000080032708                _fini
 *(.gnu.linkonce.t.*)
                0x0000000080032710                . = ALIGN (0x10)
                0x0000000080032710                __text_end = .

.eh_frame_hdr
 *(.eh_frame_hdr)

.eh_frame       0x0000000080032710     0x13b4
 *(.eh_frame)
 .eh_frame      0x0000000080032710        0x0 /usr/local/lib/gcc/mips64-elf/11.2.0/crtbegin.o
 .eh_frame      0x0000000080032710      0x1dc build/CustomLangParser.o
                                        0x2a0 (size before relaxing)
 .eh_frame      0x00000000800328ec      0x140 /home/spencer/libdragon/NEW/libdragon/libN64.a(LibN64.o)
                                        0x298 (size before relaxing)
 .eh_frame      0x0000000080032a2c       0x84 /home/spencer/libdragon/NEW/libdragon/libN64.a(LibVector.o)
                                        0xdfc (size before relaxing)
 .eh_frame      0x0000000080032ab0      0x104 /usr/local/lib/gcc/mips64-elf/11.2.0/../../../../mips64-elf/lib/libstdc++.a(class_type_info.o)
                                        0x118 (size before relaxing)
 .eh_frame      0x0000000080032bb4       0x14 /usr/local/lib/gcc/mips64-elf/11.2.0/../../../../mips64-elf/lib/libstdc++.a(del_ops.o)
                                         0x28 (size before relaxing)
 .eh_frame      0x0000000080032bc8       0x14 /usr/local/lib/gcc/mips64-elf/11.2.0/../../../../mips64-elf/lib/libstdc++.a(new_opv.o)
                                         0x28 (size before relaxing)
 .eh_frame      0x0000000080032bdc       0xe8 /usr/local/lib/gcc/mips64-elf/11.2.0/../../../../mips64-elf/lib/libstdc++.a(si_class_type_info.o)
                                         0xfc (size before relaxing)
 .eh_frame      0x0000000080032cc4       0x28 /usr/local/lib/gcc/mips64-elf/11.2.0/../../../../mips64-elf/lib/libstdc++.a(tinfo.o)
                                         0x80 (size before relaxing)
 .eh_frame      0x0000000080032cec       0x14 /usr/local/lib/gcc/mips64-elf/11.2.0/../../../../mips64-elf/lib/libstdc++.a(del_op.o)
                                         0x28 (size before relaxing)
 .eh_frame      0x0000000080032d00       0x20 /usr/local/lib/gcc/mips64-elf/11.2.0/../../../../mips64-elf/lib/libstdc++.a(new_op.o)
                                         0x34 (size before relaxing)
 .eh_frame      0x0000000080032d20       0x48 /usr/local/lib/gcc/mips64-elf/11.2.0/../../../../mips64-elf/lib/libstdc++.a(bad_alloc.o)
                                         0x5c (size before relaxing)
 .eh_frame      0x0000000080032d68       0x84 /usr/local/lib/gcc/mips64-elf/11.2.0/../../../../mips64-elf/lib/libstdc++.a(eh_alloc.o)
                                         0xec (size before relaxing)
 .eh_frame      0x0000000080032dec       0x14 /usr/local/lib/gcc/mips64-elf/11.2.0/../../../../mips64-elf/lib/libstdc++.a(eh_exception.o)
                                        0x104 (size before relaxing)
 .eh_frame      0x0000000080032e00       0xa8 /usr/local/lib/gcc/mips64-elf/11.2.0/../../../../mips64-elf/lib/libstdc++.a(eh_terminate.o)
                                         0xe4 (size before relaxing)
 .eh_frame      0x0000000080032ea8       0x78 /usr/local/lib/gcc/mips64-elf/11.2.0/../../../../mips64-elf/lib/libstdc++.a(eh_throw.o)
                                         0x8c (size before relaxing)
 .eh_frame      0x0000000080032f20       0x14 /usr/local/lib/gcc/mips64-elf/11.2.0/../../../../mips64-elf/lib/libstdc++.a(new_handler.o)
                                         0x3c (size before relaxing)
 .eh_frame      0x0000000080032f34       0x20 /usr/local/lib/gcc/mips64-elf/11.2.0/../../../../mips64-elf/lib/libstdc++.a(vterminate.o)
                                         0x3c (size before relaxing)
 .eh_frame      0x0000000080032f54       0x58 /usr/local/lib/gcc/mips64-elf/11.2.0/../../../../mips64-elf/lib/libstdc++.a(eh_catch.o)
                                         0xb8 (size before relaxing)
 .eh_frame      0x0000000080032fac       0x28 /usr/local/lib/gcc/mips64-elf/11.2.0/../../../../mips64-elf/lib/libstdc++.a(eh_globals.o)
                                         0x3c (size before relaxing)
 .eh_frame      0x0000000080032fd4      0x128 /usr/local/lib/gcc/mips64-elf/11.2.0/../../../../mips64-elf/lib/libstdc++.a(eh_personality.o)
                                        0x17c (size before relaxing)
 .eh_frame      0x00000000800330fc       0x20 /usr/local/lib/gcc/mips64-elf/11.2.0/../../../../mips64-elf/lib/libstdc++.a(eh_type.o)
                                         0x34 (size before relaxing)
 .eh_frame      0x000000008003311c       0x1c /usr/local/lib/gcc/mips64-elf/11.2.0/../../../../mips64-elf/lib/libstdc++.a(eh_call.o)
                                         0x30 (size before relaxing)
 .eh_frame      0x0000000080033138      0x5e8 /usr/local/lib/gcc/mips64-elf/11.2.0/libgcc.a(unwind-dw2.o)
                                        0x5fc (size before relaxing)
 .eh_frame      0x0000000080033720      0x3a0 /usr/local/lib/gcc/mips64-elf/11.2.0/libgcc.a(unwind-dw2-fde.o)
                                        0x3b4 (size before relaxing)
 .eh_frame      0x0000000080033ac0        0x4 /usr/local/lib/gcc/mips64-elf/11.2.0/crtend.o

.gcc_except_table
                0x0000000080033ac4       0x58
 *(.gcc_except_table*)
 .gcc_except_table._ZN10__cxxabiv111__terminateEPFvvE
                0x0000000080033ac4       0x10 /usr/local/lib/gcc/mips64-elf/11.2.0/../../../../mips64-elf/lib/libstdc++.a(eh_terminate.o)
 .gcc_except_table._ZN9__gnu_cxx27__verbose_terminate_handlerEv
                0x0000000080033ad4       0x2c /usr/local/lib/gcc/mips64-elf/11.2.0/../../../../mips64-elf/lib/libstdc++.a(vterminate.o)
 .gcc_except_table.__gxx_personality_v0
                0x0000000080033b00       0x1c /usr/local/lib/gcc/mips64-elf/11.2.0/../../../../mips64-elf/lib/libstdc++.a(eh_personality.o)

.jcr
 *(.jcr)

.rodata         0x0000000080033b20     0x5058
 *(.rdata)
 *(.rodata)
 .rodata        0x0000000080033b20       0x10 /usr/local/mips64-elf/lib/libdragon.a(ff.o)
 .rodata        0x0000000080033b30       0x50 build/CustomLangParser.o
 .rodata        0x0000000080033b80      0xf98 /usr/local/lib/gcc/mips64-elf/11.2.0/../../../../mips64-elf/lib/libstdc++.a(cp-demangle.o)
 .rodata        0x0000000080034b18      0x188 /usr/local/lib/gcc/mips64-elf/11.2.0/../../../../mips64-elf/lib/libc.a(lib_a-svfprintf.o)
 .rodata        0x0000000080034ca0      0x188 /usr/local/lib/gcc/mips64-elf/11.2.0/../../../../mips64-elf/lib/libc.a(lib_a-vfprintf.o)
 .rodata        0x0000000080034e28      0x288 /usr/local/lib/gcc/mips64-elf/11.2.0/../../../../mips64-elf/lib/libc.a(lib_a-ctype_.o)
                0x0000000080034e28                _ctype_
                0x0000000080034f30                _ctype_b
 .rodata        0x00000000800350b0      0x128 /usr/local/lib/gcc/mips64-elf/11.2.0/../../../../mips64-elf/lib/libc.a(lib_a-mprec.o)
                0x00000000800350c0                __mprec_tinytens
                0x00000000800350e8                __mprec_bigtens
                0x0000000080035110                __mprec_tens
 .rodata        0x00000000800351d8      0x188 /usr/local/lib/gcc/mips64-elf/11.2.0/../../../../mips64-elf/lib/libc.a(lib_a-svfiprintf.o)
 .rodata        0x0000000080035360      0x188 /usr/local/lib/gcc/mips64-elf/11.2.0/../../../../mips64-elf/lib/libc.a(lib_a-vfiprintf.o)
 .rodata        0x00000000800354e8      0x310 /usr/local/lib/gcc/mips64-elf/11.2.0/libgcc.a(unwind-dw2.o)
 .rodata        0x00000000800357f8       0x40 /usr/local/lib/gcc/mips64-elf/11.2.0/libgcc.a(unwind-dw2-fde.o)
 *(.rodata.*)
 .rodata.__fat_unlink.str1.8
                0x0000000080035838       0x20 /usr/local/mips64-elf/lib/libdragon.a(debug.o)
 .rodata.__fat_write.str1.8
                0x0000000080035858       0x25 /usr/local/mips64-elf/lib/libdragon.a(debug.o)
 *fill*         0x000000008003587d        0x3 
 .rodata.__fat_read.str1.8
                0x0000000080035880       0x25 /usr/local/mips64-elf/lib/libdragon.a(debug.o)
 *fill*         0x00000000800358a5        0x3 
 .rodata.fat_disk_write_64drive.str1.8
                0x00000000800358a8       0x2e /usr/local/mips64-elf/lib/libdragon.a(debug.o)
 *fill*         0x00000000800358d6        0x2 
 .rodata.fat_disk_read_64drive.str1.8
                0x00000000800358d8       0x2d /usr/local/mips64-elf/lib/libdragon.a(debug.o)
 *fill*         0x0000000080035905        0x3 
 .rodata.everdrive_sd_execute_command.str1.8
                0x0000000080035908       0x11 /usr/local/mips64-elf/lib/libdragon.a(debug.o)
 *fill*         0x0000000080035919        0x7 
 .rodata.everdrive_sd_change_mode.str1.8
                0x0000000080035920       0x12 /usr/local/mips64-elf/lib/libdragon.a(debug.o)
 *fill*         0x0000000080035932        0x6 
 .rodata.fat_disk_write_everdrive.str1.8
                0x0000000080035938       0x54 /usr/local/mips64-elf/lib/libdragon.a(debug.o)
 *fill*         0x000000008003598c        0x4 
 .rodata.fat_disk_read_everdrive.str1.8
                0x0000000080035990       0x14 /usr/local/mips64-elf/lib/libdragon.a(debug.o)
 *fill*         0x00000000800359a4        0x4 
 .rodata.fat_disk_initialize_everdrive.str1.8
                0x00000000800359a8       0x83 /usr/local/mips64-elf/lib/libdragon.a(debug.o)
 *fill*         0x0000000080035a2b        0x5 
 .rodata.debug_init_sdfs.str1.8
                0x0000000080035a30       0x24 /usr/local/mips64-elf/lib/libdragon.a(debug.o)
 *fill*         0x0000000080035a54        0x4 
 .rodata.debug_assert_func_f.str1.8
                0x0000000080035a58       0x3d /usr/local/mips64-elf/lib/libdragon.a(debug.o)
                                         0x45 (size before relaxing)
 *fill*         0x0000000080035a95        0x3 
 .rodata.fat_disk_64drive
                0x0000000080035a98       0x14 /usr/local/mips64-elf/lib/libdragon.a(debug.o)
 *fill*         0x0000000080035aac        0x4 
 .rodata.fat_disk_everdrive
                0x0000000080035ab0       0x14 /usr/local/mips64-elf/lib/libdragon.a(debug.o)
 *fill*         0x0000000080035ac4        0x4 
 .rodata.check_fs.str1.8
                0x0000000080035ac8       0x19 /usr/local/mips64-elf/lib/libdragon.a(ff.o)
 *fill*         0x0000000080035ae1        0x7 
 .rodata.follow_path.str1.8
                0x0000000080035ae8       0x17 /usr/local/mips64-elf/lib/libdragon.a(ff.o)
 *fill*         0x0000000080035aff        0x1 
 .rodata.ExCvt  0x0000000080035b00       0x80 /usr/local/mips64-elf/lib/libdragon.a(ff.o)
 .rodata.LfnOfs
                0x0000000080035b80        0xd /usr/local/mips64-elf/lib/libdragon.a(ff.o)
 *fill*         0x0000000080035b8d        0x3 
 .rodata.GUID_MS_Basic
                0x0000000080035b90       0x10 /usr/local/mips64-elf/lib/libdragon.a(ff.o)
 .rodata.ff_wtoupper
                0x0000000080035ba0       0x24 /usr/local/mips64-elf/lib/libdragon.a(ffunicode.o)
 *fill*         0x0000000080035bc4        0x4 
 .rodata.cvt2.0
                0x0000000080035bc8       0xbc /usr/local/mips64-elf/lib/libdragon.a(ffunicode.o)
 *fill*         0x0000000080035c84        0x4 
 .rodata.cvt1.1
                0x0000000080035c88      0x1f2 /usr/local/mips64-elf/lib/libdragon.a(ffunicode.o)
 *fill*         0x0000000080035e7a        0x6 
 .rodata.uc437  0x0000000080035e80      0x100 /usr/local/mips64-elf/lib/libdragon.a(ffunicode.o)
 .rodata.__font_data
                0x0000000080035f80      0x800 /usr/local/mips64-elf/lib/libdragon.a(graphics.o)
 .rodata.dma_read_raw_async.str1.8
                0x0000000080036780       0x12 /usr/local/mips64-elf/lib/libdragon.a(dma.o)
 *fill*         0x0000000080036792        0x6 
 .rodata.dma_read_async.str1.8
                0x0000000080036798       0x17 /usr/local/mips64-elf/lib/libdragon.a(dma.o)
 *fill*         0x00000000800367af        0x1 
 .rodata.__func__.0
                0x00000000800367b0        0xa /usr/local/mips64-elf/lib/libdragon.a(dma.o)
 *fill*         0x00000000800367ba        0x6 
 .rodata.__func__.1
                0x00000000800367c0        0xf /usr/local/mips64-elf/lib/libdragon.a(dma.o)
 *fill*         0x00000000800367cf        0x1 
 .rodata.__func__.2
                0x00000000800367d0       0x14 /usr/local/mips64-elf/lib/libdragon.a(dma.o)
 *fill*         0x00000000800367e4        0x4 
 .rodata.__func__.3
                0x00000000800367e8       0x13 /usr/local/mips64-elf/lib/libdragon.a(dma.o)
 *fill*         0x00000000800367fb        0x5 
 .rodata.__do_global_ctors.str1.8
                0x0000000080036800       0x99 /usr/local/mips64-elf/lib/libdragon.a(do_ctors.o)
 *fill*         0x0000000080036899        0x7 
 .rodata.__wrap___do_global_ctors.str1.8
                0x00000000800368a0       0x93 /usr/local/mips64-elf/lib/libdragon.a(do_ctors.o)
 *fill*         0x0000000080036933        0x5 
 .rodata.__func__.0
                0x0000000080036938       0x19 /usr/local/mips64-elf/lib/libdragon.a(do_ctors.o)
 *fill*         0x0000000080036951        0x7 
 .rodata.enable_interrupts.str1.8
                0x0000000080036958       0x4c /usr/local/mips64-elf/lib/libdragon.a(interrupt.o)
 *fill*         0x00000000800369a4        0x4 
 .rodata.__func__.0
                0x00000000800369a8       0x12 /usr/local/mips64-elf/lib/libdragon.a(interrupt.o)
 *fill*         0x00000000800369ba        0x6 
 .rodata.display_show.part.0.str1.8
                0x00000000800369c0       0x59 /usr/local/mips64-elf/lib/libdragon.a(display.o)
 *fill*         0x0000000080036a19        0x7 
 .rodata.display_init.str1.8
                0x0000000080036a20       0xac /usr/local/mips64-elf/lib/libdragon.a(display.o)
 .rodata.display_init
                0x0000000080036acc       0x30 /usr/local/mips64-elf/lib/libdragon.a(display.o)
 *fill*         0x0000000080036afc        0x4 
 .rodata.__func__.0
                0x0000000080036b00        0xd /usr/local/mips64-elf/lib/libdragon.a(display.o)
 *fill*         0x0000000080036b0d        0x3 
 .rodata.__func__.1
                0x0000000080036b10        0xd /usr/local/mips64-elf/lib/libdragon.a(display.o)
 *fill*         0x0000000080036b1d        0x3 
 .rodata.reg_values
                0x0000000080036b20       0x48 /usr/local/mips64-elf/lib/libdragon.a(display.o)
 .rodata.mpal_640p
                0x0000000080036b68       0x38 /usr/local/mips64-elf/lib/libdragon.a(display.o)
 .rodata.pal_640p
                0x0000000080036ba0       0x38 /usr/local/mips64-elf/lib/libdragon.a(display.o)
 .rodata.ntsc_640p
                0x0000000080036bd8       0x38 /usr/local/mips64-elf/lib/libdragon.a(display.o)
 .rodata.mpal_512p
                0x0000000080036c10       0x38 /usr/local/mips64-elf/lib/libdragon.a(display.o)
 .rodata.pal_512p
                0x0000000080036c48       0x38 /usr/local/mips64-elf/lib/libdragon.a(display.o)
 .rodata.ntsc_512p
                0x0000000080036c80       0x38 /usr/local/mips64-elf/lib/libdragon.a(display.o)
 .rodata.mpal_512
                0x0000000080036cb8       0x38 /usr/local/mips64-elf/lib/libdragon.a(display.o)
 .rodata.pal_512
                0x0000000080036cf0       0x38 /usr/local/mips64-elf/lib/libdragon.a(display.o)
 .rodata.ntsc_512
                0x0000000080036d28       0x38 /usr/local/mips64-elf/lib/libdragon.a(display.o)
 .rodata.mpal_256
                0x0000000080036d60       0x38 /usr/local/mips64-elf/lib/libdragon.a(display.o)
 .rodata.pal_256
                0x0000000080036d98       0x38 /usr/local/mips64-elf/lib/libdragon.a(display.o)
 .rodata.ntsc_256
                0x0000000080036dd0       0x38 /usr/local/mips64-elf/lib/libdragon.a(display.o)
 .rodata.mpal_640
                0x0000000080036e08       0x38 /usr/local/mips64-elf/lib/libdragon.a(display.o)
 .rodata.pal_640
                0x0000000080036e40       0x38 /usr/local/mips64-elf/lib/libdragon.a(display.o)
 .rodata.ntsc_640
                0x0000000080036e78       0x38 /usr/local/mips64-elf/lib/libdragon.a(display.o)
 .rodata.mpal_320
                0x0000000080036eb0       0x38 /usr/local/mips64-elf/lib/libdragon.a(display.o)
 .rodata.pal_320
                0x0000000080036ee8       0x38 /usr/local/mips64-elf/lib/libdragon.a(display.o)
 .rodata.ntsc_320
                0x0000000080036f20       0x38 /usr/local/mips64-elf/lib/libdragon.a(display.o)
 .rodata.exception_default_handler.str1.8
                0x0000000080036f58      0x447 /usr/local/mips64-elf/lib/libdragon.a(exception.o)
 *fill*         0x000000008003739f        0x1 
 .rodata.str1.8
                0x00000000800373a0      0x17e /usr/local/mips64-elf/lib/libdragon.a(exception.o)
 *fill*         0x000000008003751e        0x2 
 .rodata.exceptionMap.0
                0x0000000080037520       0x80 /usr/local/mips64-elf/lib/libdragon.a(exception.o)
 .rodata._ZN10LangParser13CheckLineArgsEPN6LibN645FrameEPPcii.str1.8
                0x00000000800375a0      0x450 build/CustomLangParser.o
 .rodata._ZN10LangParser8CallLineEPN6LibN645FrameEPPci.str1.8
                0x00000000800379f0       0x1b build/CustomLangParser.o
                                         0x23 (size before relaxing)
 *fill*         0x0000000080037a0b        0x5 
 .rodata.main.str1.8
                0x0000000080037a10       0x20 build/CustomLangParser.o
 .rodata._ZN10LangParser5ParseIPciEEiPN6LibN645FrameET_T0_.str1.8
                0x0000000080037a30       0x36 build/CustomLangParser.o
                                         0x46 (size before relaxing)
 *fill*         0x0000000080037a66        0x2 
 .rodata._ZN6Parser8OnCreateEv.str1.8
                0x0000000080037a68       0x48 build/CustomLangParser.o
 .rodata._GLOBAL__sub_I_sVars.str1.8
                0x0000000080037ab0       0x22 build/CustomLangParser.o
                                         0x2a (size before relaxing)
 *fill*         0x0000000080037ad2        0x6 
 .rodata._ZTI6Parser
                0x0000000080037ad8        0xc build/CustomLangParser.o
                0x0000000080037ad8                _ZTI6Parser
 .rodata._ZTV6Parser
                0x0000000080037ae4       0x38 build/CustomLangParser.o
                0x0000000080037ae4                _ZTV6Parser
 *fill*         0x0000000080037b1c        0x4 
 .rodata._ZN6LibN645FrameC2E12resolution_t10bitdepth_ti.str1.8
                0x0000000080037b20       0x4b /home/spencer/libdragon/NEW/libdragon/libN64.a(LibN64.o)
 *fill*         0x0000000080037b6b        0x5 
 .rodata._ZTSN6LibN645FrameE
                0x0000000080037b70       0x10 /home/spencer/libdragon/NEW/libdragon/libN64.a(LibN64.o)
                0x0000000080037b70                _ZTSN6LibN645FrameE
 .rodata._ZTVN6LibN645FrameE
                0x0000000080037b80       0x38 /home/spencer/libdragon/NEW/libdragon/libN64.a(LibN64.o)
                0x0000000080037b80                _ZTVN6LibN645FrameE
 .rodata.__open.str1.8
                0x0000000080037bb8        0x2 /usr/local/lib/gcc/mips64-elf/11.2.0/../../../../mips64-elf/lib/libdragon.a(dragonfs.o)
 *fill*         0x0000000080037bba        0x6 
 .rodata.dfs_init.str1.8
                0x0000000080037bc0       0x16 /usr/local/lib/gcc/mips64-elf/11.2.0/../../../../mips64-elf/lib/libdragon.a(dragonfs.o)
 *fill*         0x0000000080037bd6        0x2 
 .rodata.SI_read_con_block.7
                0x0000000080037bd8       0x40 /usr/local/lib/gcc/mips64-elf/11.2.0/../../../../mips64-elf/lib/libdragon.a(controller.o)
 .rodata.timer_init.str1.8
                0x0000000080037c18       0x41 /usr/local/lib/gcc/mips64-elf/11.2.0/../../../../mips64-elf/lib/libdragon.a(timer.o)
 *fill*         0x0000000080037c59        0x7 
 .rodata.new_timer.str1.8
                0x0000000080037c60       0x2d /usr/local/lib/gcc/mips64-elf/11.2.0/../../../../mips64-elf/lib/libdragon.a(timer.o)
 *fill*         0x0000000080037c8d        0x3 
 .rodata.__func__.0
                0x0000000080037c90        0xc /usr/local/lib/gcc/mips64-elf/11.2.0/../../../../mips64-elf/lib/libdragon.a(timer.o)
 *fill*         0x0000000080037c9c        0x4 
 .rodata.__func__.1
                0x0000000080037ca0        0xc /usr/local/lib/gcc/mips64-elf/11.2.0/../../../../mips64-elf/lib/libdragon.a(timer.o)
 *fill*         0x0000000080037cac        0x4 
 .rodata.__func__.6
                0x0000000080037cb0        0xb /usr/local/lib/gcc/mips64-elf/11.2.0/../../../../mips64-elf/lib/libdragon.a(timer.o)
 *fill*         0x0000000080037cbb        0x5 
 .rodata._ZTSN10__cxxabiv117__class_type_infoE
                0x0000000080037cc0       0x22 /usr/local/lib/gcc/mips64-elf/11.2.0/../../../../mips64-elf/lib/libstdc++.a(class_type_info.o)
                0x0000000080037cc0                _ZTSN10__cxxabiv117__class_type_infoE
 *fill*         0x0000000080037ce2        0x6 
 .rodata._ZTIN10__cxxabiv117__class_type_infoE
                0x0000000080037ce8        0xc /usr/local/lib/gcc/mips64-elf/11.2.0/../../../../mips64-elf/lib/libstdc++.a(class_type_info.o)
                0x0000000080037ce8                _ZTIN10__cxxabiv117__class_type_infoE
 .rodata._ZTVN10__cxxabiv117__class_type_infoE
                0x0000000080037cf4       0x2c /usr/local/lib/gcc/mips64-elf/11.2.0/../../../../mips64-elf/lib/libstdc++.a(class_type_info.o)
                0x0000000080037cf4                _ZTVN10__cxxabiv117__class_type_infoE
 .rodata._ZTSN10__cxxabiv120__si_class_type_infoE
                0x0000000080037d20       0x25 /usr/local/lib/gcc/mips64-elf/11.2.0/../../../../mips64-elf/lib/libstdc++.a(si_class_type_info.o)
                0x0000000080037d20                _ZTSN10__cxxabiv120__si_class_type_infoE
 *fill*         0x0000000080037d45        0x3 
 .rodata._ZTIN10__cxxabiv120__si_class_type_infoE
                0x0000000080037d48        0xc /usr/local/lib/gcc/mips64-elf/11.2.0/../../../../mips64-elf/lib/libstdc++.a(si_class_type_info.o)
                0x0000000080037d48                _ZTIN10__cxxabiv120__si_class_type_infoE
 .rodata._ZTVN10__cxxabiv120__si_class_type_infoE
                0x0000000080037d54       0x2c /usr/local/lib/gcc/mips64-elf/11.2.0/../../../../mips64-elf/lib/libstdc++.a(si_class_type_info.o)
                0x0000000080037d54                _ZTVN10__cxxabiv120__si_class_type_infoE
 .rodata._ZTSSt9type_info
                0x0000000080037d80        0xd /usr/local/lib/gcc/mips64-elf/11.2.0/../../../../mips64-elf/lib/libstdc++.a(tinfo.o)
                0x0000000080037d80                _ZTSSt9type_info
 *fill*         0x0000000080037d8d        0x3 
 .rodata._ZNKSt9bad_alloc4whatEv.str1.8
                0x0000000080037d90        0xf /usr/local/lib/gcc/mips64-elf/11.2.0/../../../../mips64-elf/lib/libstdc++.a(bad_alloc.o)
 *fill*         0x0000000080037d9f        0x1 
 .rodata._ZTSSt9bad_alloc
                0x0000000080037da0        0xd /usr/local/lib/gcc/mips64-elf/11.2.0/../../../../mips64-elf/lib/libstdc++.a(bad_alloc.o)
                0x0000000080037da0                _ZTSSt9bad_alloc
 *fill*         0x0000000080037dad        0x3 
 .rodata._ZTISt9bad_alloc
                0x0000000080037db0        0xc /usr/local/lib/gcc/mips64-elf/11.2.0/../../../../mips64-elf/lib/libstdc++.a(bad_alloc.o)
                0x0000000080037db0                _ZTISt9bad_alloc
 .rodata._ZTVSt9bad_alloc
                0x0000000080037dbc       0x14 /usr/local/lib/gcc/mips64-elf/11.2.0/../../../../mips64-elf/lib/libstdc++.a(bad_alloc.o)
                0x0000000080037dbc                _ZTVSt9bad_alloc
 .rodata._ZTSSt9exception
                0x0000000080037dd0        0xd /usr/local/lib/gcc/mips64-elf/11.2.0/../../../../mips64-elf/lib/libstdc++.a(eh_exception.o)
                0x0000000080037dd0                _ZTSSt9exception
 *fill*         0x0000000080037ddd        0x3 
 .rodata._ZTSN10__cxxabiv115__forced_unwindE
                0x0000000080037de0       0x20 /usr/local/lib/gcc/mips64-elf/11.2.0/../../../../mips64-elf/lib/libstdc++.a(eh_exception.o)
                0x0000000080037de0                _ZTSN10__cxxabiv115__forced_unwindE
 .rodata._ZTSN10__cxxabiv119__foreign_exceptionE